Archive member included because of file (symbol)

c:/altera/11.1/nios2eds/bin/gnu/h-i686-mingw32/bin/../lib/gcc/nios2-elf/4.1.2/../../../../nios2-elf/lib/mhw-mulx\libm.a(lib_a-s_round.o)
                              obj/Debug/packet10g.o (round)
c:/altera/11.1/nios2eds/bin/gnu/h-i686-mingw32/bin/../lib/gcc/nios2-elf/4.1.2/mhw-mulx\libgcc.a(_fixunssfsi.o)
                              obj/Debug/main.o (__fixunssfsi)
c:/altera/11.1/nios2eds/bin/gnu/h-i686-mingw32/bin/../lib/gcc/nios2-elf/4.1.2/mhw-mulx\libgcc.a(_fixunsdfsi.o)
                              obj/Debug/config10g.o (__fixunsdfsi)
c:/altera/11.1/nios2eds/bin/gnu/h-i686-mingw32/bin/../lib/gcc/nios2-elf/4.1.2/mhw-mulx\libgcc.a(_fixunsdfdi.o)
                              obj/Debug/packet10g.o (__fixunsdfdi)
c:/altera/11.1/nios2eds/bin/gnu/h-i686-mingw32/bin/../lib/gcc/nios2-elf/4.1.2/mhw-mulx\libgcc.a(_floatdidf.o)
                              obj/Debug/packet10g.o (__floatdidf)
c:/altera/11.1/nios2eds/bin/gnu/h-i686-mingw32/bin/../lib/gcc/nios2-elf/4.1.2/mhw-mulx\libgcc.a(_floatundidf.o)
                              obj/Debug/c37dot94bert.o (__floatundidf)
c:/altera/11.1/nios2eds/bin/gnu/h-i686-mingw32/bin/../lib/gcc/nios2-elf/4.1.2/mhw-mulx\libgcc.a(_divdi3.o)
                              obj/Debug/packet10g.o (__divdi3)
c:/altera/11.1/nios2eds/bin/gnu/h-i686-mingw32/bin/../lib/gcc/nios2-elf/4.1.2/mhw-mulx\libgcc.a(_addsub_sf.o)
                              c:/altera/11.1/nios2eds/bin/gnu/h-i686-mingw32/bin/../lib/gcc/nios2-elf/4.1.2/mhw-mulx\libgcc.a(_fixunssfsi.o) (__subsf3)
c:/altera/11.1/nios2eds/bin/gnu/h-i686-mingw32/bin/../lib/gcc/nios2-elf/4.1.2/mhw-mulx\libgcc.a(_mul_sf.o)
                              obj/Debug/packet10g.o (__mulsf3)
c:/altera/11.1/nios2eds/bin/gnu/h-i686-mingw32/bin/../lib/gcc/nios2-elf/4.1.2/mhw-mulx\libgcc.a(_eq_sf.o)
                              obj/Debug/packet10g.o (__eqsf2)
c:/altera/11.1/nios2eds/bin/gnu/h-i686-mingw32/bin/../lib/gcc/nios2-elf/4.1.2/mhw-mulx\libgcc.a(_ge_sf.o)
                              c:/altera/11.1/nios2eds/bin/gnu/h-i686-mingw32/bin/../lib/gcc/nios2-elf/4.1.2/mhw-mulx\libgcc.a(_fixunssfsi.o) (__gesf2)
c:/altera/11.1/nios2eds/bin/gnu/h-i686-mingw32/bin/../lib/gcc/nios2-elf/4.1.2/mhw-mulx\libgcc.a(_sf_to_si.o)
                              obj/Debug/packet10g.o (__fixsfsi)
c:/altera/11.1/nios2eds/bin/gnu/h-i686-mingw32/bin/../lib/gcc/nios2-elf/4.1.2/mhw-mulx\libgcc.a(_sf_to_df.o)
                              obj/Debug/config10g.o (__extendsfdf2)
c:/altera/11.1/nios2eds/bin/gnu/h-i686-mingw32/bin/../lib/gcc/nios2-elf/4.1.2/mhw-mulx\libgcc.a(_thenan_sf.o)
                              c:/altera/11.1/nios2eds/bin/gnu/h-i686-mingw32/bin/../lib/gcc/nios2-elf/4.1.2/mhw-mulx\libgcc.a(_addsub_sf.o) (__thenan_sf)
c:/altera/11.1/nios2eds/bin/gnu/h-i686-mingw32/bin/../lib/gcc/nios2-elf/4.1.2/mhw-mulx\libgcc.a(_usi_to_sf.o)
                              obj/Debug/config10g.o (__floatunsisf)
c:/altera/11.1/nios2eds/bin/gnu/h-i686-mingw32/bin/../lib/gcc/nios2-elf/4.1.2/mhw-mulx\libgcc.a(_addsub_df.o)
                              c:/altera/11.1/nios2eds/bin/gnu/h-i686-mingw32/bin/../lib/gcc/nios2-elf/4.1.2/mhw-mulx\libgcc.a(_fixunsdfsi.o) (__subdf3)
c:/altera/11.1/nios2eds/bin/gnu/h-i686-mingw32/bin/../lib/gcc/nios2-elf/4.1.2/mhw-mulx\libgcc.a(_mul_df.o)
                              obj/Debug/config10g.o (__muldf3)
c:/altera/11.1/nios2eds/bin/gnu/h-i686-mingw32/bin/../lib/gcc/nios2-elf/4.1.2/mhw-mulx\libgcc.a(_div_df.o)
                              obj/Debug/c37dot94bert.o (__divdf3)
c:/altera/11.1/nios2eds/bin/gnu/h-i686-mingw32/bin/../lib/gcc/nios2-elf/4.1.2/mhw-mulx\libgcc.a(_gt_df.o)
                              obj/Debug/packet10g.o (__gtdf2)
c:/altera/11.1/nios2eds/bin/gnu/h-i686-mingw32/bin/../lib/gcc/nios2-elf/4.1.2/mhw-mulx\libgcc.a(_ge_df.o)
                              c:/altera/11.1/nios2eds/bin/gnu/h-i686-mingw32/bin/../lib/gcc/nios2-elf/4.1.2/mhw-mulx\libgcc.a(_fixunsdfsi.o) (__gedf2)
c:/altera/11.1/nios2eds/bin/gnu/h-i686-mingw32/bin/../lib/gcc/nios2-elf/4.1.2/mhw-mulx\libgcc.a(_si_to_df.o)
                              obj/Debug/main.o (__floatsidf)
c:/altera/11.1/nios2eds/bin/gnu/h-i686-mingw32/bin/../lib/gcc/nios2-elf/4.1.2/mhw-mulx\libgcc.a(_df_to_si.o)
                              obj/Debug/packet10g.o (__fixdfsi)
c:/altera/11.1/nios2eds/bin/gnu/h-i686-mingw32/bin/../lib/gcc/nios2-elf/4.1.2/mhw-mulx\libgcc.a(_make_df.o)
                              c:/altera/11.1/nios2eds/bin/gnu/h-i686-mingw32/bin/../lib/gcc/nios2-elf/4.1.2/mhw-mulx\libgcc.a(_sf_to_df.o) (__make_dp)
c:/altera/11.1/nios2eds/bin/gnu/h-i686-mingw32/bin/../lib/gcc/nios2-elf/4.1.2/mhw-mulx\libgcc.a(_df_to_sf.o)
                              obj/Debug/packet10g.o (__truncdfsf2)
c:/altera/11.1/nios2eds/bin/gnu/h-i686-mingw32/bin/../lib/gcc/nios2-elf/4.1.2/mhw-mulx\libgcc.a(_thenan_df.o)
[...]
Memory Configuration

Name             Origin             Length             Attributes
reset            0x00000000         0x00000020
epcs_flash_controller_0 0x00000020         0x000007e0
onchip_mem_BEFORE_EXCEPTION 0x00080000         0x00000020
onchip_mem       0x00080020         0x00049fe0
*default*        0x00000000         0xffffffff

Linker script and memory map

LOAD ../GIGLE10_bsp/obj/HAL/src/crt0.o
LOAD obj/Debug/alt_2_wire.o
LOAD obj/Debug/c37dot94.o
LOAD obj/Debug/c37dot94_task.o
LOAD obj/Debug/c37dot94bert.o
LOAD obj/Debug/cfg10_hw.o
LOAD obj/Debug/cfg_c37.o
LOAD obj/Debug/cfg_frame.o
LOAD obj/Debug/cfg_hw.o
LOAD obj/Debug/config.o
LOAD obj/Debug/config10g.o
LOAD obj/Debug/config_multistream.o
LOAD obj/Debug/flash.o
LOAD obj/Debug/functions.o
LOAD obj/Debug/gui_link.o
LOAD obj/Debug/helpers.o
LOAD obj/Debug/init.o
LOAD obj/Debug/intr.o
LOAD obj/Debug/link_task.o
LOAD obj/Debug/loopback.o
LOAD obj/Debug/main.o
LOAD obj/Debug/onesec_alrm.o
LOAD obj/Debug/onesec_task.o
LOAD obj/Debug/packet10g.o
LOAD obj/Debug/results.o
LOAD obj/Debug/sfp.o
LOAD obj/Debug/status.o
LOAD obj/Debug/update_headers.o
LOAD c:/altera/11.1/nios2eds/bin/gnu/h-i686-mingw32/bin/../lib/gcc/nios2-elf/4.1.2/../../../../nios2-elf/lib/mhw-mulx\libstdc++.a
LOAD c:/altera/11.1/nios2eds/bin/gnu/h-i686-mingw32/bin/../lib/gcc/nios2-elf/4.1.2/../../../../nios2-elf/lib/mhw-mulx\libm.a
LOAD c:/altera/11.1/nios2eds/bin/gnu/h-i686-mingw32/bin/../lib/gcc/nios2-elf/4.1.2/mhw-mulx\libgcc.a
START GROUP
LOAD c:/altera/11.1/nios2eds/bin/gnu/h-i686-mingw32/bin/../lib/gcc/nios2-elf/4.1.2/../../../../nios2-elf/lib/mhw-mulx\libc.a
LOAD c:/altera/11.1/nios2eds/bin/gnu/h-i686-mingw32/bin/../lib/gcc/nios2-elf/4.1.2/mhw-mulx\libgcc.a
LOAD ../GIGLE10_bsp\libucosii_bsp.a
END GROUP
LOAD c:/altera/11.1/nios2eds/bin/gnu/h-i686-mingw32/bin/../lib/gcc/nios2-elf/4.1.2/mhw-mulx\libgcc.a
                0x00000000                __alt_mem_epcs_flash_controller_0 = 0x0
                0x00080000                __alt_mem_onchip_mem = 0x80000

.entry          0x00000000        0x0
 *(.entry)
 .entry         0x00000000        0x0 ../GIGLE10_bsp/obj/HAL/src/crt0.o
                0x00000000                __reset

.exceptions     0x00080020      0x168
                0x00080020                PROVIDE (__ram_exceptions_start, ABSOLUTE (.))
                0x00080020                . = ALIGN (0x20)
 *(.irq)
 *(.exceptions.entry.label)
 .exceptions.entry.label
                0x00080020        0x0 ../GIGLE10_bsp\libucosii_bsp.a(alt_irq_entry.o)
                0x00080020                alt_irq_entry
 .exceptions.entry.label
                0x00080020        0x0 ../GIGLE10_bsp\libucosii_bsp.a(alt_exception_entry.o)
                0x00080020                alt_exception
 *(.exceptions.entry.user)
 *(.exceptions.entry)
 .exceptions.entry
                0x00080020       0x54 ../GIGLE10_bsp\libucosii_bsp.a(alt_exception_entry.o)
 *(.exceptions.irqtest.user)
 *(.exceptions.irqtest)
 .exceptions.irqtest
                0x00080074       0x10 ../GIGLE10_bsp\libucosii_bsp.a(alt_irq_entry.o)
 *(.exceptions.irqhandler.user)
 *(.exceptions.irqhandler)
 .exceptions.irqhandler
                0x00080084        0x4 ../GIGLE10_bsp\libucosii_bsp.a(alt_irq_entry.o)
 *(.exceptions.irqreturn.user)
 *(.exceptions.irqreturn)
 .exceptions.irqreturn
                0x00080088        0x4 ../GIGLE10_bsp\libucosii_bsp.a(alt_irq_entry.o)
 *(.exceptions.notirq.label)
 .exceptions.notirq.label
                0x0008008c        0x0 ../GIGLE10_bsp\libucosii_bsp.a(alt_irq_entry.o)
 *(.exceptions.notirq.user)
 *(.exceptions.notirq)
 .exceptions.notirq
                0x0008008c        0x8 ../GIGLE10_bsp\libucosii_bsp.a(alt_exception_entry.o)
 *(.exceptions.soft.user)
 *(.exceptions.soft)
 *(.exceptions.unknown.user)
 *(.exceptions.unknown)
 .exceptions.unknown
                0x00080094        0x4 ../GIGLE10_bsp\libucosii_bsp.a(alt_exception_entry.o)
 *(.exceptions.exit.label)
 .exceptions.exit.label
                0x00080098        0x0 ../GIGLE10_bsp\libucosii_bsp.a(alt_irq_entry.o)
 .exceptions.exit.label
                0x00080098        0x0 ../GIGLE10_bsp\libucosii_bsp.a(alt_exception_entry.o)
 *(.exceptions.exit.user)
 *(.exceptions.exit)
 .exceptions.exit
                0x00080098       0x54 ../GIGLE10_bsp\libucosii_bsp.a(alt_exception_entry.o)
 *(.exceptions)
 .exceptions    0x000800ec       0x9c ../GIGLE10_bsp\libucosii_bsp.a(alt_irq_handler.o)
                0x000800ec                alt_irq_handler
                0x00080188                PROVIDE (__ram_exceptions_end, ABSOLUTE (.))
                0x00080020                PROVIDE (__flash_exceptions_start, LOADADDR (.exceptions))

.text           0x00080188    0x2b444
                0x00080188                PROVIDE (stext, ABSOLUTE (.))
 *(.interp)
 *(.hash)
 *(.dynsym)
 *(.dynstr)
 *(.gnu.version)
 *(.gnu.version_d)
 *(.gnu.version_r)
 *(.rel.init)
 *(.rela.init)
 *(.rel.text .rel.text.* .rel.gnu.linkonce.t.*)
 *(.rela.text .rela.text.* .rela.gnu.linkonce.t.*)
 *(.rel.fini)
 *(.rela.fini)
 *(.rel.rodata .rel.rodata.* .rel.gnu.linkonce.r.*)
 *(.rela.rodata .rela.rodata.* .rela.gnu.linkonce.r.*)
 *(.rel.data .rel.data.* .rel.gnu.linkonce.d.*)
 *(.rela.data .rela.data.* .rela.gnu.linkonce.d.*)
 *(.rel.tdata .rel.tdata.* .rel.gnu.linkonce.td.*)
 *(.rela.tdata .rela.tdata.* .rela.gnu.linkonce.td.*)
 *(.rel.tbss .rel.tbss.* .rel.gnu.linkonce.tb.*)
 *(.rela.tbss .rela.tbss.* .rela.gnu.linkonce.tb.*)
 *(.rel.ctors)
 *(.rela.ctors)
 *(.rel.dtors)
 *(.rela.dtors)
 *(.rel.got)
 *(.rela.got)
 *(.rel.sdata .rel.sdata.* .rel.gnu.linkonce.s.*)
 *(.rela.sdata .rela.sdata.* .rela.gnu.linkonce.s.*)
 *(.rel.sbss .rel.sbss.* .rel.gnu.linkonce.sb.*)
 *(.rela.sbss .rela.sbss.* .rela.gnu.linkonce.sb.*)
 *(.rel.sdata2 .rel.sdata2.* .rel.gnu.linkonce.s2.*)
 *(.rela.sdata2 .rela.sdata2.* .rela.gnu.linkonce.s2.*)
 *(.rel.sbss2 .rel.sbss2.* .rel.gnu.linkonce.sb2.*)
 *(.rela.sbss2 .rela.sbss2.* .rela.gnu.linkonce.sb2.*)
 *(.rel.bss .rel.bss.* .rel.gnu.linkonce.b.*)
 *(.rela.bss .rela.bss.* .rela.gnu.linkonce.b.*)
 *(.rel.plt)
 *(.rela.plt)
 *(.rel.dyn)
 *(.init)
 *(.plt)
 *(.text .stub .text.* .gnu.linkonce.t.*)
 .text          0x00080188       0x38 ../GIGLE10_bsp/obj/HAL/src/crt0.o
                0x00080188                _start
 .text          0x000801c0      0x5d0 obj/Debug/alt_2_wire.o
                0x000801cc                alt_2_wireInit_B
                0x000801d0                alt_2_wireInit_A
                0x00080280                alt_2_wireStop_B
                0x000802cc                alt_2_wireReadByte_B
                0x000803c4                alt_2_wireTransmitByte_B
                0x00080444                alt_2_wireSendByte_B
                0x000804d0                alt_2_wireStart_B
                0x0008051c                alt_2_wireStop_A
                0x00080568                alt_2_wireReadByte_A
                0x00080660                alt_2_wireTransmitByte_A
                0x000806e0                alt_2_wireSendByte_A
                0x0008076c                alt_2_wireStart_A
 .text          0x00080790      0x46c obj/Debug/c37dot94.o
                0x00080790                dump_C3794_status
                0x00080818                verify_register
                0x0008084c                wait_for_C3794_clk
                0x00080940                wait_for_rcv_clock_locked
                0x000809c4                wait_for_LOS_GOOD
                0x00080a48                gate_C3794_blocks
                0x00080a68                reset_C3794_blocks
                0x00080a98                set_RCV_N_CHANNELS
                0x00080aa8                set_N_CHANNELS
                0x00080ab8                set_IDLE_code
                0x00080ac8                clear_register_bit
                0x00080ae0                set_register_bit
                0x00080af4                set_far_end_loopback
                0x00080b00                set_internal_loopback
                0x00080b0c                transition_register_bit
                0x00080b2c                write_ppm_offset
 .text          0x00080bfc      0x118 obj/Debug/c37dot94_task.o
                0x00080bfc                init_c37dot94
                0x00080c88                c37dot94_task
 .text          0x00080d14      0x5d4 obj/Debug/c37dot94bert.o
                0x00080d14                stop_BERT_test
                0x00080d20                start_BERT_test
                0x00080d2c                load_test_pattern
                0x00080d38                Insert_BERT_biterror
                0x00080d44                restart_bert
                0x00080da0                read_C3794_BERT_counts
                0x00080e78                set_C3794_BER
                0x00080e9c                Invert_BERT_pattern
                0x00080eec                set_test_pattern
                0x00080fa8                run_C3794_BERT_test3
                0x00081098                run_C3794_BERT_test2
                0x00081160                run_C3794_BERT_test1
 .text          0x000812e8     0x160c obj/Debug/cfg10_hw.o
                0x000812e8                config_hardware10G
 .text          0x000828f4      0x24c obj/Debug/cfg_c37.o
                0x000828f4                config_c37_hw
 .text          0x00082b40        0x4 obj/Debug/cfg_frame.o
                0x00082b40                config_frame_structure
 .text          0x00082b44     0x24d0 obj/Debug/cfg_hw.o
                0x00082b44                config_hardware
 .text          0x00085014     0x14dc obj/Debug/config.o
                0x00085014                set_TxClkB_speed
                0x00085040                set_TxClkA_speed
                0x0008506c                tseMacReset
                0x00085088                wait_for_tseMacReset
                0x0008509c                tseMacWriteCommandConfigAndReset
                0x00085168                configure_tse_mac
                0x000855a4                configure_TxClkB_speed
                0x0008562c                configure_TxClkA_speed
                0x000856b4                configure_phyb_fiber
                0x00085868                configure_phya_fiber
                0x000859f4                exit_100FX_operation
                0x00085a10                configure_100FX_operation
                0x00085b04                configure_tse1_to_phyb
                0x00085b7c                configure_tse0_to_phya
                0x00085bf4                configure_phy_rx_aligned_timing
                0x00085c28                configure_phyb_copper
                0x00085fac                configure_phya_copper
                0x00086330                configure_phy_rx_delay_timing
                0x00086364                restart_fiber_auto_negotiation
                0x00086388                restart_copper_auto_negotiation
                0x000863ac                copper_power_down
                0x000863cc                fiber_power_down
                0x000863ec                select_copper_operation
                0x00086464                select_fiber_operation
                0x000864dc                set_10G_clock_source
 .text          0x000864f0     0x1c18 obj/Debug/config10g.o
                0x000864f0                sfp_B_read_10G_block_into_Array
                0x000864f4                read_10GMAC_64bit_stats
                0x00086574                clear_reset_10GMAC_FIFOS
                0x00086594                set_reset_10GMAC_FIFOS
                0x000865b8                set_10G_MAC_line_loopback
                0x000865e4                enable_PHY_clock
                0x0008662c                set_10G_PHY_reset
                0x00086674                read_ext_10G_phy
                0x000866a0                sfp_A_read_10G_block_into_Array
                0x000867b4                read_10G_sfp_power
                0x00086888                write_ext_10G_phy
                0x000868b4                issue_10G_phy_I2C_stop_seq
                0x00086944                reset_10G_MAC_FIFOS
                0x0008699c                set_10G_MAC_self_loopback
                0x000869d8                read_10G_sfp_info
                0x00086a54                CLR_10G_MAC_STATS
                0x00086a9c                dump_MAC_settings
                0x00086c78                SET_10G_MAC_TX_ADDR
                0x00086ca4                SET_10G_MAC_RX_ADDR
                0x00086cd0                init_10G_SC_FIFO
                0x00086d3c                XAUI_SERIAL_SELFLPBK
                0x00086dc0                init_10G_xaui
                0x00086fd8                loopback_pma_sys_10G_external_phy
                0x00087070                loopback_xgxs_sys_10G_external_phy
                0x00087108                sfp10G_transmit_laser
                0x000871b4                config_10G_external_phy
                0x000872d0                read_10G_MAC_Stats
                0x00087aa4                init_10G_MAC
                0x00087d28                init_10G_external_phy
 .text          0x00088108       0x98 obj/Debug/config_multistream.o
                0x00088108                config_multistream
 .text          0x000881a0      0xc08 obj/Debug/flash.o
                0x000881a0                save_systemvars_to_flashparameters
                0x000882a0                load_flashparameters_into_systemvars
                0x00088434                read_flash_qtx_block_and_write_phy
                0x0008868c                write_flash_parameter_block
                0x0008884c                read_flash_parameters
                0x000889cc                read_flash_qtx_block
                0x00088b68                erase_flash_block
 .text          0x00088da8      0x1b8 obj/Debug/functions.o
                0x00088da8                BytesToLong
                0x00088ddc                BytesToInt
                0x00088dfc                SaveBytesLong
                0x00088e24                SaveBytesInt
                0x00088e3c                CalcChecksum
                0x00088e78                read_traffic_reg
                0x00088ea0                _putchar
                0x00088f38                write_traffic_reg
 .text          0x00088f60     0x1384 obj/Debug/gui_link.o
                0x00088f60                config_gui_link
 .text          0x0008a2e4      0x38c obj/Debug/helpers.o
                0x0008a2e4                littleEndianizeWord
                0x0008a310                bigEndianizeWord
                0x0008a33c                convertHexToString
                0x0008a41c                stripLeadingHex
                0x0008a468                validateHexString
                0x0008a50c                convertStringToHex
 .text          0x0008a670      0x6d8 obj/Debug/init.o
                0x0008a670                init_gige
 .text          0x0008ad48     0x1d40 obj/Debug/intr.o
                0x0008ad48                handle_sfp_ISR
                0x0008ae70                timer1_ISR
                0x0008af1c                serial_ISR
                0x0008b260                handle_aggr_ISR
 .text          0x0008ca88       0xa0 obj/Debug/link_task.o
                0x0008ca88                link_task
 .text          0x0008cb28     0x14c4 obj/Debug/loopback.o
                0x0008cb28                EXIT_LOOPBACK
                0x0008cef0                ENTER_LOOPBACK
                0x0008d2a4                loopback_event_processing
                0x0008d494                SEND_HELLO_PACKET
                0x0008d984                SEND_LOOPBACK_PACKET
 .text          0x0008dfec     0x1634 obj/Debug/main.o
                0x0008dfec                main
                0x0008e0c8                GET_EMIX_AVG_PKTLEN
                0x0008e518                SET_LINE_LOAD_RATE
                0x0008e738                SET_GEN_PACKET_LENGTH
                0x0008e818                SET_TEST_PARAMS
                0x0008e924                CONFIGURE_TEST_STREAMS
                0x0008ea30                main_task
 .text          0x0008f620      0x19c obj/Debug/onesec_alrm.o
                0x0008f620                handle_one_sec_alarm
 .text          0x0008f7bc      0x148 obj/Debug/onesec_task.o
                0x0008f7bc                onesec_task
 .text          0x0008f904     0x5394 obj/Debug/packet10g.o
                0x0008f904                clearTotalResults
                0x0008fa30                set_num_test_packets_by_secs_precision
                0x0008fc18                StartTest
                0x0008fd14                set_num_test_packets_by_secs
                0x0008ffe0                Write_Mon_Mask
                0x00090138                DISABLE_MON_MASK
                0x00090148                SET_MON_IP_ADDR_BY_STREAM
                0x00090428                DEBUG_MON_ERRMSG
                0x000904f8                DUMP_GEN_HDRS_BY_STREAM
                0x000906d4                DUMP_MON_MASK_BY_STREAM
                0x000908bc                DUMP_MON_HDRS_BY_STREAM
                0x00090ae8                DUMP_GEN_CONFIGS
                0x00090b84                SET_EMIX_OFFSET
                0x00090c10                SETMON_MAC_SOURCE_DEST_ADDR
                0x00090cb8                SET_TRAFFIC_GEN_GBLCONFIG
                0x00090d40                DBG_MON_STATS
                0x00091130                SET_GEN_EMIX_BY_STREAM
                0x00091650                CLR_MON_HEADER_BY_STREAM
                0x0009166c                CLR_GEN_HEADER_BY_STREAM
                0x00091688                CLR_GEN_MON_HDRS_BY_STREAM
                0x000916b0                CLR_MON_MASK_BY_STREAM
                0x000916cc                SET_MON_BY_STREAM
                0x0009173c                SETMON_CLEAR_CNTS_AND_START
                0x00091778                SETMON_START
                0x000917b4                SETMON_STOP
                0x000917e4                SETMON_TOTALNUMPKTS
                0x00091838                SETGEN_TSEMAC_SOURCE_ADDR
                0x000918b4                SETGEN_TSEMAC_DEST_ADDR
                0x00091930                SETMON_MAC_DEST_ADDR
                0x000919ac                SETMON_TSEMAC_SOURCE_ADDR
                0x00091a28                SETMONHDR_10GMAC_DEST_ADDR
                0x00091ad0                SETGENMONHDR_10GMAC_SOURCE_ADDR
                0x00091b7c                SETGENMONHDR_10GMAC_DEST_ADDR
                0x00091bf0                SET_GENMON_MAC_ADDR_BY_STREAM
                0x00091c94                Write_Gen_Traffic
                0x00091e14                SETMON_L2_HEADER_MASK_MACFRAME
                0x00091e5c                SET_GEN_MON_TO_STREAM
                0x00091e78                DEBUG_MON_STAT_BY_STREAM
                0x00091f00                DEBUG_GEN_MSG
                0x00091f6c                CLRGEN_STOP
                0x00091f7c                SETGEN_STOP
                0x00091f90                SETGEN_START
                0x00091fc0                SETGEN_STREAM_NUMPKTS
                0x00091fe8                SET_NUMPKTS_BY_STREAM
                0x00092098                SETGEN_TRAFFIC_GENMON_RNDSEED_BY_STREAM
                0x000920fc                SET_GEN_MON_TEST_BY_STREAM
                0x00092870                SETGEN_TRAFFIC_GEN_PKTPERCENT
                0x0009293c                set_generator_tse_load
                0x00092c4c                SET_FPSLOAD_BY_STREAM
                0x00092c54                GetTotalResults
                0x000931e4                read_mon_status
                0x000940a4                test_complete
                0x000942d4                wait_for_packets
                0x00094ae4                collect_TSE_MAC_test_stats
                0x00094b00                collect_10G_MAC_test_stats
                0x00094b18                run_packet_test
 .text          0x00094c98      0xe94 obj/Debug/results.o
                0x00094c98                getEtherStatsOctets_64
                0x00094d20                getOctetsReceivedOK_64
                0x00094da8                getOctetsTransmittedOK_64
                0x00094e30                read_tse_stat_counters_debug
                0x00095230                read_tse_stat_counters
                0x00095aac                snap_tse_a_frame_counters
 .text          0x00095b2c      0x864 obj/Debug/sfp.o
                0x00095b2c                sfp_B_read_block_into_Array
                0x00095c04                sfp_read_field_B
                0x00095ca4                sfp_A_read_block_into_Array
                0x00095d7c                read_sfp_info
                0x00095e2c                read_sfp_name
                0x00095efc                sfp_read_field_A
                0x00095f9c                sfp_reg_read_one_byte
                0x0009604c                read_sfp_power
                0x000961e8                sfp_reg_write_diag_word
                0x00096278                sfp_reg_write_diag_byte
                0x000962f8                sfp_transmit_laser
 .text          0x00096390      0x838 obj/Debug/status.o
                0x00096390                set_PortB_LED
                0x000963c8                set_PortA_LED
                0x00096400                update_link_actv_leds
                0x0009646c                read_phy_operating_mode
                0x00096624                read_phy_operating_mode_printf
                0x00096b24                read_10G_phy_operating_mode
 .text          0x00096bc8     0x1f58 obj/Debug/update_headers.o
                0x00096bc8                update_headers
 .text          0x00098b20      0x10c c:/altera/11.1/nios2eds/bin/gnu/h-i686-mingw32/bin/../lib/gcc/nios2-elf/4.1.2/../../../../nios2-elf/lib/mhw-mulx\libm.a(lib_a-s_round.o)
                0x00098b20                round
 .text          0x00098c2c       0x70 c:/altera/11.1/nios2eds/bin/gnu/h-i686-mingw32/bin/../lib/gcc/nios2-elf/4.1.2/mhw-mulx\libgcc.a(_fixunssfsi.o)
                0x00098c2c                __fixunssfsi
 .text          0x00098c9c       0xa4 c:/altera/11.1/nios2eds/bin/gnu/h-i686-mingw32/bin/../lib/gcc/nios2-elf/4.1.2/mhw-mulx\libgcc.a(_fixunsdfsi.o)
                0x00098c9c                __fixunsdfsi
 .text          0x00098d40       0xbc c:/altera/11.1/nios2eds/bin/gnu/h-i686-mingw32/bin/../lib/gcc/nios2-elf/4.1.2/mhw-mulx\libgcc.a(_fixunsdfdi.o)
                0x00098d40                __fixunsdfdi
 .text          0x00098dfc       0x88 c:/altera/11.1/nios2eds/bin/gnu/h-i686-mingw32/bin/../lib/gcc/nios2-elf/4.1.2/mhw-mulx\libgcc.a(_floatdidf.o)
                0x00098dfc                __floatdidf
 .text          0x00098e84       0x88 c:/altera/11.1/nios2eds/bin/gnu/h-i686-mingw32/bin/../lib/gcc/nios2-elf/4.1.2/mhw-mulx\libgcc.a(_floatundidf.o)
                0x00098e84                __floatundidf
 .text          0x00098f0c      0x680 c:/altera/11.1/nios2eds/bin/gnu/h-i686-mingw32/bin/../lib/gcc/nios2-elf/4.1.2/mhw-mulx\libgcc.a(_divdi3.o)
                0x00098f0c                __divdi3
 .text          0x0009958c      0x2b8 c:/altera/11.1/nios2eds/bin/gnu/h-i686-mingw32/bin/../lib/gcc/nios2-elf/4.1.2/mhw-mulx\libgcc.a(_addsub_sf.o)
                0x00099770                __subsf3
                0x000997e0                __addsf3
 .text          0x00099844      0x1c8 c:/altera/11.1/nios2eds/bin/gnu/h-i686-mingw32/bin/../lib/gcc/nios2-elf/4.1.2/mhw-mulx\libgcc.a(_mul_sf.o)
                0x00099844                __mulsf3
 .text          0x00099a0c       0x78 c:/altera/11.1/nios2eds/bin/gnu/h-i686-mingw32/bin/../lib/gcc/nios2-elf/4.1.2/mhw-mulx\libgcc.a(_eq_sf.o)
                0x00099a0c                __eqsf2
 .text          0x00099a84       0x78 c:/altera/11.1/nios2eds/bin/gnu/h-i686-mingw32/bin/../lib/gcc/nios2-elf/4.1.2/mhw-mulx\libgcc.a(_ge_sf.o)
                0x00099a84                __gesf2
 .text          0x00099afc       0x94 c:/altera/11.1/nios2eds/bin/gnu/h-i686-mingw32/bin/../lib/gcc/nios2-elf/4.1.2/mhw-mulx\libgcc.a(_sf_to_si.o)
                0x00099afc                __fixsfsi
 .text          0x00099b90       0x54 c:/altera/11.1/nios2eds/bin/gnu/h-i686-mingw32/bin/../lib/gcc/nios2-elf/4.1.2/mhw-mulx\libgcc.a(_sf_to_df.o)
                0x00099b90                __extendsfdf2
 .text          0x00099be4        0x0 c:/altera/11.1/nios2eds/bin/gnu/h-i686-mingw32/bin/../lib/gcc/nios2-elf/4.1.2/mhw-mulx\libgcc.a(_thenan_sf.o)
 .text          0x00099be4       0xc0 c:/altera/11.1/nios2eds/bin/gnu/h-i686-mingw32/bin/../lib/gcc/nios2-elf/4.1.2/mhw-mulx\libgcc.a(_usi_to_sf.o)
                0x00099be4                __floatunsisf
 .text          0x00099ca4      0x504 c:/altera/11.1/nios2eds/bin/gnu/h-i686-mingw32/bin/../lib/gcc/nios2-elf/4.1.2/mhw-mulx\libgcc.a(_addsub_df.o)
                0x0009a0b4                __subdf3
                0x0009a134                __adddf3
 .text          0x0009a1a8      0x3b4 c:/altera/11.1/nios2eds/bin/gnu/h-i686-mingw32/bin/../lib/gcc/nios2-elf/4.1.2/mhw-mulx\libgcc.a(_mul_df.o)
                0x0009a1a8                __muldf3
 .text          0x0009a55c      0x258 c:/altera/11.1/nios2eds/bin/gnu/h-i686-mingw32/bin/../lib/gcc/nios2-elf/4.1.2/mhw-mulx\libgcc.a(_div_df.o)
                0x0009a55c                __divdf3
 .text          0x0009a7b4       0x88 c:/altera/11.1/nios2eds/bin/gnu/h-i686-mingw32/bin/../lib/gcc/nios2-elf/4.1.2/mhw-mulx\libgcc.a(_gt_df.o)
                0x0009a7b4                __gtdf2
 .text          0x0009a83c       0x88 c:/altera/11.1/nios2eds/bin/gnu/h-i686-mingw32/bin/../lib/gcc/nios2-elf/4.1.2/mhw-mulx\libgcc.a(_ge_df.o)
                0x0009a83c                __gedf2
 .text          0x0009a8c4       0xf8 c:/altera/11.1/nios2eds/bin/gnu/h-i686-mingw32/bin/../lib/gcc/nios2-elf/4.1.2/mhw-mulx\libgcc.a(_si_to_df.o)
                0x0009a8c4                __floatsidf
 .text          0x0009a9bc       0xd8 c:/altera/11.1/nios2eds/bin/gnu/h-i686-mingw32/bin/../lib/gcc/nios2-elf/4.1.2/mhw-mulx\libgcc.a(_df_to_si.o)
                0x0009a9bc                __fixdfsi
 .text          0x0009aa94       0x38 c:/altera/11.1/nios2eds/bin/gnu/h-i686-mingw32/bin/../lib/gcc/nios2-elf/4.1.2/mhw-mulx\libgcc.a(_make_df.o)
                0x0009aa94                __make_dp
 .text          0x0009aacc       0x74 c:/altera/11.1/nios2eds/bin/gnu/h-i686-mingw32/bin/../lib/gcc/nios2-elf/4.1.2/mhw-mulx\libgcc.a(_df_to_sf.o)
                0x0009aacc                __truncdfsf2
 .text          0x0009ab40        0x0 c:/altera/11.1/nios2eds/bin/gnu/h-i686-mingw32/bin/../lib/gcc/nios2-elf/4.1.2/mhw-mulx\libgcc.a(_thenan_df.o)
 .text          0x0009ab40      0x194 c:/altera/11.1/nios2eds/bin/gnu/h-i686-mingw32/bin/../lib/gcc/nios2-elf/4.1.2/mhw-mulx\libgcc.a(_usi_to_df.o)
                0x0009ab40                __floatunsidf
 .text          0x0009acd4      0x14c c:/altera/11.1/nios2eds/bin/gnu/h-i686-mingw32/bin/../lib/gcc/nios2-elf/4.1.2/mhw-mulx\libgcc.a(lib2-divmod.o)
                0x0009ad50                __divsi3
                0x0009adb0                __modsi3
                0x0009ae10                __udivsi3
                0x0009ae18                __umodsi3
 .text          0x0009ae20        0x0 c:/altera/11.1/nios2eds/bin/gnu/h-i686-mingw32/bin/../lib/gcc/nios2-elf/4.1.2/mhw-mulx\libgcc.a(_clz.o)
 .text          0x0009ae20       0x80 c:/altera/11.1/nios2eds/bin/gnu/h-i686-mingw32/bin/../lib/gcc/nios2-elf/4.1.2/mhw-mulx\libgcc.a(_clzsi2.o)
                0x0009ae20                __clzsi2
 .text          0x0009aea0      0x160 c:/altera/11.1/nios2eds/bin/gnu/h-i686-mingw32/bin/../lib/gcc/nios2-elf/4.1.2/mhw-mulx\libgcc.a(_pack_sf.o)
                0x0009aea0                __pack_f
 .text          0x0009b000       0xc8 c:/altera/11.1/nios2eds/bin/gnu/h-i686-mingw32/bin/../lib/gcc/nios2-elf/4.1.2/mhw-mulx\libgcc.a(_unpack_sf.o)
                0x0009b000                __unpack_f
 .text          0x0009b0c8       0xa8 c:/altera/11.1/nios2eds/bin/gnu/h-i686-mingw32/bin/../lib/gcc/nios2-elf/4.1.2/mhw-mulx\libgcc.a(_fpcmp_parts_sf.o)
                0x0009b0c8                __fpcmp_parts_f
 .text          0x0009b170       0x2c c:/altera/11.1/nios2eds/bin/gnu/h-i686-mingw32/bin/../lib/gcc/nios2-elf/4.1.2/mhw-mulx\libgcc.a(_make_sf.o)
                0x0009b170                __make_fp
 .text          0x0009b19c      0x314 c:/altera/11.1/nios2eds/bin/gnu/h-i686-mingw32/bin/../lib/gcc/nios2-elf/4.1.2/mhw-mulx\libgcc.a(_pack_df.o)
                0x0009b19c                __pack_d
 .text          0x0009b4b0      0x138 c:/altera/11.1/nios2eds/bin/gnu/h-i686-mingw32/bin/../lib/gcc/nios2-elf/4.1.2/mhw-mulx\libgcc.a(_unpack_df.o)
                0x0009b4b0                __unpack_d
 .text          0x0009b5e8       0xc8 c:/altera/11.1/nios2eds/bin/gnu/h-i686-mingw32/bin/../lib/gcc/nios2-elf/4.1.2/mhw-mulx\libgcc.a(_fpcmp_parts_df.o)
                0x0009b5e8                __fpcmp_parts_d
 .text          0x0009b6b0       0x78 c:/altera/11.1/nios2eds/bin/gnu/h-i686-mingw32/bin/../lib/gcc/nios2-elf/4.1.2/../../../../nios2-elf/lib/mhw-mulx\libc.a(lib_a-printf.o)
                0x0009b6b0                printf
                0x0009b6f4                _printf_r
 .text          0x0009b728       0x24 c:/altera/11.1/nios2eds/bin/gnu/h-i686-mingw32/bin/../lib/gcc/nios2-elf/4.1.2/../../../../nios2-elf/lib/mhw-mulx\libc.a(lib_a-putchar.o)
                0x0009b728                putchar
                0x0009b744                _putchar_r
 .text          0x0009b74c       0xb4 c:/altera/11.1/nios2eds/bin/gnu/h-i686-mingw32/bin/../lib/gcc/nios2-elf/4.1.2/../../../../nios2-elf/lib/mhw-mulx\libc.a(lib_a-puts.o)
                0x0009b74c                _puts_r
                0x0009b7ec                puts
 .text          0x0009b800       0x74 c:/altera/11.1/nios2eds/bin/gnu/h-i686-mingw32/bin/../lib/gcc/nios2-elf/4.1.2/../../../../nios2-elf/lib/mhw-mulx\libc.a(lib_a-strlen.o)
                0x0009b800                strlen
 .text          0x0009b874       0xf0 c:/altera/11.1/nios2eds/bin/gnu/h-i686-mingw32/bin/../lib/gcc/nios2-elf/4.1.2/../../../../nios2-elf/lib/mhw-mulx\libc.a(lib_a-strncmp.o)
                0x0009b874                strncmp
 .text          0x0009b964     0x1f28 c:/altera/11.1/nios2eds/bin/gnu/h-i686-mingw32/bin/../lib/gcc/nios2-elf/4.1.2/../../../../nios2-elf/lib/mhw-mulx\libc.a(lib_a-vfprintf.o)
                0x0009b9bc                ___vfprintf_internal_r
                0x0009d868                __vfprintf_internal
 .text          0x0009d88c      0x13c c:/altera/11.1/nios2eds/bin/gnu/h-i686-mingw32/bin/../lib/gcc/nios2-elf/4.1.2/../../../../nios2-elf/lib/mhw-mulx\libc.a(lib_a-wsetup.o)
                0x0009d88c                __swsetup_r
 .text          0x0009d9c8     0x17cc c:/altera/11.1/nios2eds/bin/gnu/h-i686-mingw32/bin/../lib/gcc/nios2-elf/4.1.2/../../../../nios2-elf/lib/mhw-mulx\libc.a(lib_a-dtoa.o)
                0x0009dbe0                _dtoa_r
 .text          0x0009f194      0x230 c:/altera/11.1/nios2eds/bin/gnu/h-i686-mingw32/bin/../lib/gcc/nios2-elf/4.1.2/../../../../nios2-elf/lib/mhw-mulx\libc.a(lib_a-fflush.o)
                0x0009f194                _fflush_r
                0x0009f390                fflush
 .text          0x0009f3c4      0x2c0 c:/altera/11.1/nios2eds/bin/gnu/h-i686-mingw32/bin/../lib/gcc/nios2-elf/4.1.2/../../../../nios2-elf/lib/mhw-mulx\libc.a(lib_a-findfp.o)
                0x0009f41c                __sfp_lock_acquire
                0x0009f420                __sfp_lock_release
                0x0009f424                __sinit_lock_acquire
                0x0009f428                __sinit_lock_release
                0x0009f42c                __sinit
                0x0009f4e0                __fp_unlock_all
                0x0009f4f8                __fp_lock_all
                0x0009f510                _cleanup_r
                0x0009f51c                _cleanup
                0x0009f52c                __sfmoreglue
                0x0009f594                __sfp
 .text          0x0009f684      0x440 c:/altera/11.1/nios2eds/bin/gnu/h-i686-mingw32/bin/../lib/gcc/nios2-elf/4.1.2/../../../../nios2-elf/lib/mhw-mulx\libc.a(lib_a-freer.o)
                0x0009f684                _malloc_trim_r
                0x0009f7b0                _free_r
 .text          0x0009fac4      0x49c c:/altera/11.1/nios2eds/bin/gnu/h-i686-mingw32/bin/../lib/gcc/nios2-elf/4.1.2/../../../../nios2-elf/lib/mhw-mulx\libc.a(lib_a-fvwrite.o)
                0x0009fac4                __sfvwrite_r
 .text          0x0009ff60      0x180 c:/altera/11.1/nios2eds/bin/gnu/h-i686-mingw32/bin/../lib/gcc/nios2-elf/4.1.2/../../../../nios2-elf/lib/mhw-mulx\libc.a(lib_a-fwalk.o)
                0x0009ff60                _fwalk_reent
                0x000a0028                _fwalk
 .text          0x000a00e0        0x0 c:/altera/11.1/nios2eds/bin/gnu/h-i686-mingw32/bin/../lib/gcc/nios2-elf/4.1.2/../../../../nios2-elf/lib/mhw-mulx\libc.a(lib_a-impure.o)
 .text          0x000a00e0       0xc4 c:/altera/11.1/nios2eds/bin/gnu/h-i686-mingw32/bin/../lib/gcc/nios2-elf/4.1.2/../../../../nios2-elf/lib/mhw-mulx\libc.a(lib_a-locale.o)
                0x000a00e0                __locale_charset
                0x000a00e8                _localeconv_r
                0x000a00f4                localeconv
                0x000a0104                _setlocale_r
                0x000a0188                setlocale
 .text          0x000a01a4      0x194 c:/altera/11.1/nios2eds/bin/gnu/h-i686-mingw32/bin/../lib/gcc/nios2-elf/4.1.2/../../../../nios2-elf/lib/mhw-mulx\libc.a(lib_a-makebuf.o)
                0x000a01a4                __smakebuf_r
 .text          0x000a0338      0x740 c:/altera/11.1/nios2eds/bin/gnu/h-i686-mingw32/bin/../lib/gcc/nios2-elf/4.1.2/../../../../nios2-elf/lib/mhw-mulx\libc.a(lib_a-mallocr.o)
                0x000a0338                _malloc_r
 .text          0x000a0a78       0xe4 c:/altera/11.1/nios2eds/bin/gnu/h-i686-mingw32/bin/../lib/gcc/nios2-elf/4.1.2/../../../../nios2-elf/lib/mhw-mulx\libc.a(lib_a-memchr.o)
                0x000a0a78                memchr
 .text          0x000a0b5c       0xa0 c:/altera/11.1/nios2eds/bin/gnu/h-i686-mingw32/bin/../lib/gcc/nios2-elf/4.1.2/../../../../nios2-elf/lib/mhw-mulx\libc.a(lib_a-memcpy.o)
                0x000a0b5c                memcpy
 .text          0x000a0bfc       0xe0 c:/altera/11.1/nios2eds/bin/gnu/h-i686-mingw32/bin/../lib/gcc/nios2-elf/4.1.2/../../../../nios2-elf/lib/mhw-mulx\libc.a(lib_a-memmove.o)
                0x000a0bfc                memmove
 .text          0x000a0cdc       0x98 c:/altera/11.1/nios2eds/bin/gnu/h-i686-mingw32/bin/../lib/gcc/nios2-elf/4.1.2/../../../../nios2-elf/lib/mhw-mulx\libc.a(lib_a-memset.o)
                0x000a0cdc                memset
 .text          0x000a0d74      0xff4 c:/altera/11.1/nios2eds/bin/gnu/h-i686-mingw32/bin/../lib/gcc/nios2-elf/4.1.2/../../../../nios2-elf/lib/mhw-mulx\libc.a(lib_a-mprec.o)
                0x000a0d74                _Bfree
                0x000a0d9c                __hi0bits
                0x000a0e0c                __lo0bits
                0x000a0ed0                __mcmp
                0x000a0f30                __ulp
                0x000a0fb0                __b2d
                0x000a10d0                __ratio
                0x000a1180                _mprec_log10
                0x000a1214                __copybits
                0x000a126c                __any_on
                0x000a12f4                _Balloc
                0x000a13b0                __d2b
                0x000a152c                __mdiff
                0x000a16b8                __lshift
                0x000a1804                __multiply
                0x000a19ec                __i2b
                0x000a1a28                __multadd
                0x000a1b28                __pow5mult
                0x000a1c48                __s2b
 .text          0x000a1d68      0x1ec c:/altera/11.1/nios2eds/bin/gnu/h-i686-mingw32/bin/../lib/gcc/nios2-elf/4.1.2/../../../../nios2-elf/lib/mhw-mulx\libc.a(lib_a-putc.o)
                0x000a1d68                putc
                0x000a1e6c                _putc_r
 .text          0x000a1f54      0x5f4 c:/altera/11.1/nios2eds/bin/gnu/h-i686-mingw32/bin/../lib/gcc/nios2-elf/4.1.2/../../../../nios2-elf/lib/mhw-mulx\libc.a(lib_a-reallocr.o)
                0x000a1f54                _realloc_r
 .text          0x000a2548       0x40 c:/altera/11.1/nios2eds/bin/gnu/h-i686-mingw32/bin/../lib/gcc/nios2-elf/4.1.2/../../../../nios2-elf/lib/mhw-mulx\libc.a(lib_a-s_isinfd.o)
                0x000a2548                __isinfd
 .text          0x000a2588       0x30 c:/altera/11.1/nios2eds/bin/gnu/h-i686-mingw32/bin/../lib/gcc/nios2-elf/4.1.2/../../../../nios2-elf/lib/mhw-mulx\libc.a(lib_a-s_isnand.o)
                0x000a2588                __isnand
 .text          0x000a25b8       0x70 c:/altera/11.1/nios2eds/bin/gnu/h-i686-mingw32/bin/../lib/gcc/nios2-elf/4.1.2/../../../../nios2-elf/lib/mhw-mulx\libc.a(lib_a-sbrkr.o)
                0x000a25b8                _sbrk_r
 .text          0x000a2628      0x14c c:/altera/11.1/nios2eds/bin/gnu/h-i686-mingw32/bin/../lib/gcc/nios2-elf/4.1.2/../../../../nios2-elf/lib/mhw-mulx\libc.a(lib_a-stdio.o)
                0x000a2628                __sclose
                0x000a2630                __sseek
                0x000a2698                __swrite
                0x000a2714                __sread
 .text          0x000a2774       0xbc c:/altera/11.1/nios2eds/bin/gnu/h-i686-mingw32/bin/../lib/gcc/nios2-elf/4.1.2/../../../../nios2-elf/lib/mhw-mulx\libc.a(lib_a-strcmp.o)
                0x000a2774                strcmp
 .text          0x000a2830      0x14c c:/altera/11.1/nios2eds/bin/gnu/h-i686-mingw32/bin/../lib/gcc/nios2-elf/4.1.2/../../../../nios2-elf/lib/mhw-mulx\libc.a(lib_a-wbuf.o)
                0x000a2830                __swbuf_r
                0x000a2960                __swbuf
 .text          0x000a297c       0x78 c:/altera/11.1/nios2eds/bin/gnu/h-i686-mingw32/bin/../lib/gcc/nios2-elf/4.1.2/../../../../nios2-elf/lib/mhw-mulx\libc.a(lib_a-writer.o)
                0x000a297c                _write_r
 .text          0x000a29f4       0xb4 c:/altera/11.1/nios2eds/bin/gnu/h-i686-mingw32/bin/../lib/gcc/nios2-elf/4.1.2/../../../../nios2-elf/lib/mhw-mulx\libc.a(lib_a-callocr.o)
                0x000a29f4                _calloc_r
 .text          0x000a2aa8       0x70 c:/altera/11.1/nios2eds/bin/gnu/h-i686-mingw32/bin/../lib/gcc/nios2-elf/4.1.2/../../../../nios2-elf/lib/mhw-mulx\libc.a(lib_a-closer.o)
                0x000a2aa8                _close_r
 .text          0x000a2b18      0x124 c:/altera/11.1/nios2eds/bin/gnu/h-i686-mingw32/bin/../lib/gcc/nios2-elf/4.1.2/../../../../nios2-elf/lib/mhw-mulx\libc.a(lib_a-fclose.o)
                0x000a2b18                _fclose_r
                0x000a2c28                fclose
 .text          0x000a2c3c       0x74 c:/altera/11.1/nios2eds/bin/gnu/h-i686-mingw32/bin/../lib/gcc/nios2-elf/4.1.2/../../../../nios2-elf/lib/mhw-mulx\libc.a(lib_a-fstatr.o)
                0x000a2c3c                _fstat_r
 .text          0x000a2cb0        0x0 c:/altera/11.1/nios2eds/bin/gnu/h-i686-mingw32/bin/../lib/gcc/nios2-elf/4.1.2/../../../../nios2-elf/lib/mhw-mulx\libc.a(lib_a-int_errno.o)
 .text          0x000a2cb0       0x70 c:/altera/11.1/nios2eds/bin/gnu/h-i686-mingw32/bin/../lib/gcc/nios2-elf/4.1.2/../../../../nios2-elf/lib/mhw-mulx\libc.a(lib_a-isattyr.o)
                0x000a2cb0                _isatty_r
 .text          0x000a2d20       0x78 c:/altera/11.1/nios2eds/bin/gnu/h-i686-mingw32/bin/../lib/gcc/nios2-elf/4.1.2/../../../../nios2-elf/lib/mhw-mulx\libc.a(lib_a-lseekr.o)
                0x000a2d20                _lseek_r
 .text          0x000a2d98       0x78 c:/altera/11.1/nios2eds/bin/gnu/h-i686-mingw32/bin/../lib/gcc/nios2-elf/4.1.2/../../../../nios2-elf/lib/mhw-mulx\libc.a(lib_a-readr.o)
                0x000a2d98                _read_r
 .text          0x000a2e10      0x5dc c:/altera/11.1/nios2eds/bin/gnu/h-i686-mingw32/bin/../lib/gcc/nios2-elf/4.1.2/mhw-mulx\libgcc.a(_udivdi3.o)
                0x000a2e10                __udivdi3
 .text          0x000a33ec      0x5b0 c:/altera/11.1/nios2eds/bin/gnu/h-i686-mingw32/bin/../lib/gcc/nios2-elf/4.1.2/mhw-mulx\libgcc.a(_umoddi3.o)
                0x000a33ec                __umoddi3
 .text          0x000a399c       0x88 c:/altera/11.1/nios2eds/bin/gnu/h-i686-mingw32/bin/../lib/gcc/nios2-elf/4.1.2/mhw-mulx\libgcc.a(_eq_df.o)
                0x000a399c                __eqdf2
 .text          0x000a3a24       0x88 c:/altera/11.1/nios2eds/bin/gnu/h-i686-mingw32/bin/../lib/gcc/nios2-elf/4.1.2/mhw-mulx\libgcc.a(_ne_df.o)
                0x000a3a24                __nedf2
 .text          0x000a3aac       0x88 c:/altera/11.1/nios2eds/bin/gnu/h-i686-mingw32/bin/../lib/gcc/nios2-elf/4.1.2/mhw-mulx\libgcc.a(_lt_df.o)
                0x000a3aac                __ltdf2
 .text          0x000a3b34       0x94 ../GIGLE10_bsp\libucosii_bsp.a(alt_alarm_start.o)
                0x000a3b34                alt_alarm_start
 .text          0x000a3bc8       0xf0 ../GIGLE10_bsp\libucosii_bsp.a(alt_close.o)
                0x000a3bc8                close
 .text          0x000a3cb8        0x4 ../GIGLE10_bsp\libucosii_bsp.a(alt_dcache_flush.o)
                0x000a3cb8                alt_dcache_flush
 .text          0x000a3cbc        0x8 ../GIGLE10_bsp\libucosii_bsp.a(alt_dev.o)
 .text          0x000a3cc4        0x0 ../GIGLE10_bsp\libucosii_bsp.a(alt_errno.o)
 .text          0x000a3cc4       0x60 ../GIGLE10_bsp\libucosii_bsp.a(alt_flash_dev.o)
                0x000a3cc4                alt_flash_close_dev
                0x000a3cd8                alt_flash_open_dev
 .text          0x000a3d24       0x90 ../GIGLE10_bsp\libucosii_bsp.a(alt_fstat.o)
                0x000a3d24                fstat
 .text          0x000a3db4       0x9c ../GIGLE10_bsp\libucosii_bsp.a(alt_iic.o)
                0x000a3db4                alt_ic_irq_enabled
                0x000a3dcc                alt_ic_irq_enable
                0x000a3e0c                alt_ic_irq_disable
                0x000a3e4c                alt_ic_isr_register
 .text          0x000a3e50       0x88 ../GIGLE10_bsp\libucosii_bsp.a(alt_iic_isr_register.o)
                0x000a3e50                alt_iic_isr_register
 .text          0x000a3ed8        0x0 ../GIGLE10_bsp\libucosii_bsp.a(alt_irq_entry.o)
 .text          0x000a3ed8        0x0 ../GIGLE10_bsp\libucosii_bsp.a(alt_irq_handler.o)
 .text          0x000a3ed8        0x0 ../GIGLE10_bsp\libucosii_bsp.a(alt_irq_vars.o)
 .text          0x000a3ed8       0x84 ../GIGLE10_bsp\libucosii_bsp.a(alt_isatty.o)
                0x000a3ed8                isatty
 .text          0x000a3f5c       0x9c ../GIGLE10_bsp\libucosii_bsp.a(alt_lseek.o)
                0x000a3f5c                lseek
 .text          0x000a3ff8       0x98 ../GIGLE10_bsp\libucosii_bsp.a(alt_main.o)
                0x000a3ff8                alt_main
 .text          0x000a4090      0x11c ../GIGLE10_bsp\libucosii_bsp.a(alt_read.o)
                0x000a4090                read
 .text          0x000a41ac       0x24 ../GIGLE10_bsp\libucosii_bsp.a(alt_release_fd.o)
                0x000a41ac                alt_release_fd
 .text          0x000a41d0       0x54 ../GIGLE10_bsp\libucosii_bsp.a(alt_sbrk.o)
                0x000a41d0                sbrk
 .text          0x000a4224       0xf4 ../GIGLE10_bsp\libucosii_bsp.a(alt_tick.o)
                0x000a4224                alt_alarm_stop
                0x000a4258                alt_tick
 .text          0x000a4318      0x168 ../GIGLE10_bsp\libucosii_bsp.a(alt_usleep.o)
                0x000a4318                usleep
 .text          0x000a4480      0x118 ../GIGLE10_bsp\libucosii_bsp.a(alt_write.o)
                0x000a4480                write
 .text          0x000a4598       0xb8 ../GIGLE10_bsp\libucosii_bsp.a(alt_env_lock.o)
                0x000a4598                __env_unlock
                0x000a45c0                __env_lock
 .text          0x000a4650      0x128 ../GIGLE10_bsp\libucosii_bsp.a(alt_malloc_lock.o)
                0x000a4650                __malloc_unlock
                0x000a46b0                __malloc_lock
 .text          0x000a4778     0x12b4 ../GIGLE10_bsp\libucosii_bsp.a(os_core.o)
                0x000a4778                OSVersion
                0x000a4780                OS_Dummy
                0x000a4784                OS_EventTaskWait
                0x000a4808                OS_EventTaskWaitMulti
                0x000a48b0                OS_EventTaskRemove
                0x000a4900                OS_EventTaskRemoveMulti
                0x000a4960                OS_EventTaskRdy
                0x000a4a54                OS_EventWaitListInit
                0x000a4a70                OS_MemClr
                0x000a4a90                OS_MemCopy
                0x000a4af0                OS_StrCopy
                0x000a4b24                OS_StrLen
                0x000a4b48                OS_TaskStatStkChk
                0x000a4bdc                OS_Sched
                0x000a4c78                OSStart
                0x000a4ccc                OSInit
                0x000a4ea8                OSEventNameGet
                0x000a4fd0                OSEventNameSet
                0x000a510c                OSEventPendMulti
                0x000a5498                OSIntEnter
                0x000a54d8                OSIntExit
                0x000a55a8                OSSchedLock
                0x000a55f0                OSSchedUnlock
                0x000a5648                OSStatInit
                0x000a56ac                OSTimeTick
                0x000a57c0                OS_TaskIdle
                0x000a57f4                OS_TaskStat
                0x000a5890                OS_TCBInit
 .text          0x000a5a2c        0x4 ../GIGLE10_bsp\libucosii_bsp.a(os_dbg.o)
                0x000a5a2c                OSDebugInit
 .text          0x000a5a30      0xe18 ../GIGLE10_bsp\libucosii_bsp.a(os_flag.o)
                0x000a5ae4                OS_FlagUnlink
                0x000a5bb4                OS_FlagInit
                0x000a5c24                OSFlagQuery
                0x000a5c8c                OSFlagAccept
                0x000a5e30                OSFlagCreate
                0x000a5ec0                OSFlagDel
                0x000a6074                OSFlagNameGet
                0x000a6190                OSFlagNameSet
                0x000a62bc                OSFlagPend
                0x000a65fc                OSFlagPendGetFlagsRdy
                0x000a6628                OSFlagPost
 .text          0x000a6848      0x440 ../GIGLE10_bsp\libucosii_bsp.a(os_mem.o)
                0x000a6848                OS_MemInit
                0x000a68b0                OSMemQuery
                0x000a6914                OSMemCreate
                0x000a69f8                OSMemGet
                0x000a6a64                OSMemNameGet
                0x000a6b38                OSMemNameSet
                0x000a6c30                OSMemPut
 .text          0x000a6c88      0xb24 ../GIGLE10_bsp\libucosii_bsp.a(os_q.o)
                0x000a6c88                OS_QInit
                0x000a6cd8                OSQQuery
                0x000a6d88                OSQAccept
                0x000a6e38                OSQCreate
                0x000a6f40                OSQDel
                0x000a712c                OSQFlush
                0x000a7184                OSQPend
                0x000a7348                OSQPendAbort
                0x000a7470                OSQPost
                0x000a754c                OSQPostFront
                0x000a762c                OSQPostOpt
 .text          0x000a77ac      0x6f8 ../GIGLE10_bsp\libucosii_bsp.a(os_sem.o)
                0x000a77ac                OSSemSet
                0x000a7818                OSSemAccept
                0x000a7864                OSSemCreate
                0x000a7904                OSSemDel
                0x000a7aa8                OSSemPend
                0x000a7c50                OSSemPendAbort
                0x000a7d7c                OSSemPost
                0x000a7e30                OSSemQuery
 .text          0x000a7ea4     0x100c ../GIGLE10_bsp\libucosii_bsp.a(os_task.o)
                0x000a7ea4                OS_TaskStkClr
                0x000a7ed4                OSTaskQuery
                0x000a7fd8                OSTaskChangePrio
                0x000a82b0                OSTaskCreate
                0x000a83d8                OSTaskCreateExt
                0x000a8554                OSTaskDel
                0x000a87d4                OSTaskDelReq
                0x000a888c                OSTaskNameGet
                0x000a89d8                OSTaskNameSet
                0x000a8b28                OSTaskResume
                0x000a8c40                OSTaskStkChk
                0x000a8d5c                OSTaskSuspend
 .text          0x000a8eb0      0x314 ../GIGLE10_bsp\libucosii_bsp.a(os_time.o)
                0x000a8eb0                OSTimeSet
                0x000a8ed4                OSTimeDly
                0x000a8f78                OSTimeDlyHMSM
                0x000a909c                OSTimeDlyResume
                0x000a91a0                OSTimeGet
 .text          0x000a91c4       0xd4 ../GIGLE10_bsp\libucosii_bsp.a(alt_sys_init.o)
                0x000a91c4                alt_irq_init
                0x000a91e4                alt_sys_init
 .text          0x000a9298      0x52c ../GIGLE10_bsp\libucosii_bsp.a(altera_avalon_epcs_flash_controller.o)
                0x000a9298                alt_epcs_flash_get_info
                0x000a92d0                alt_epcs_flash_read
                0x000a9348                alt_epcs_flash_write_block
                0x000a9418                alt_epcs_flash_write
                0x000a95e8                alt_epcs_flash_init
                0x000a9754                alt_epcs_flash_erase_block
 .text          0x000a97c4       0x3c ../GIGLE10_bsp\libucosii_bsp.a(altera_avalon_jtag_uart_fd.o)
                0x000a97c4                altera_avalon_jtag_uart_ioctl_fd
                0x000a97d0                altera_avalon_jtag_uart_close_fd
                0x000a97e0                altera_avalon_jtag_uart_write_fd
                0x000a97f0                altera_avalon_jtag_uart_read_fd
 .text          0x000a9800      0x350 ../GIGLE10_bsp\libucosii_bsp.a(altera_avalon_jtag_uart_init.o)
                0x000a9800                altera_avalon_jtag_uart_close
                0x000a98e8                altera_avalon_jtag_uart_init
 .text          0x000a9b50       0x88 ../GIGLE10_bsp\libucosii_bsp.a(altera_avalon_jtag_uart_ioctl.o)
                0x000a9b50                altera_avalon_jtag_uart_ioctl
 .text          0x000a9bd8      0x1c8 ../GIGLE10_bsp\libucosii_bsp.a(altera_avalon_jtag_uart_read.o)
                0x000a9bd8                altera_avalon_jtag_uart_read
 .text          0x000a9da0      0x1d8 ../GIGLE10_bsp\libucosii_bsp.a(altera_avalon_jtag_uart_write.o)
                0x000a9da0                altera_avalon_jtag_uart_write
 .text          0x000a9f78       0x8c ../GIGLE10_bsp\libucosii_bsp.a(altera_avalon_timer_sc.o)
                0x000a9f78                alt_avalon_timer_sc_init
 .text          0x000aa004       0x30 ../GIGLE10_bsp\libucosii_bsp.a(altera_avalon_uart_fd.o)
                0x000aa004                altera_avalon_uart_close_fd
                0x000aa014                altera_avalon_uart_write_fd
                0x000aa024                altera_avalon_uart_read_fd
 .text          0x000aa034      0x2b0 ../GIGLE10_bsp\libucosii_bsp.a(altera_avalon_uart_init.o)
                0x000aa034                altera_avalon_uart_close
                0x000aa224                altera_avalon_uart_init
 .text          0x000aa2e4      0x18c ../GIGLE10_bsp\libucosii_bsp.a(altera_avalon_uart_read.o)
                0x000aa2e4                altera_avalon_uart_read
 .text          0x000aa470      0x1ac ../GIGLE10_bsp\libucosii_bsp.a(altera_avalon_uart_write.o)
                0x000aa470                altera_avalon_uart_write
 .text          0x000aa61c      0x320 ../GIGLE10_bsp\libucosii_bsp.a(epcs_commands.o)
                0x000aa61c                epcs_read_device_id
                0x000aa66c                epcs_read_electronic_signature
                0x000aa6c0                epcs_write_enable
                0x000aa6f8                epcs_read_status_register
                0x000aa740                epcs_sector_erase
                0x000aa7ac                epcs_write_buffer
                0x000aa85c                epcs_read_buffer
                0x000aa8e4                epcs_write_status_register
 .text          0x000aa93c       0x6c ../GIGLE10_bsp\libucosii_bsp.a(alt_busy_sleep.o)
                0x000aa93c                alt_busy_sleep
 .text          0x000aa9a8       0x7c ../GIGLE10_bsp\libucosii_bsp.a(alt_dev_llist_insert.o)
                0x000aa9a8                alt_dev_llist_insert
 .text          0x000aaa24        0x0 ../GIGLE10_bsp\libucosii_bsp.a(alt_exception_entry.o)
 .text          0x000aaa24       0x94 ../GIGLE10_bsp\libucosii_bsp.a(alt_find_dev.o)
                0x000aaa24                alt_find_dev
 .text          0x000aaab8       0xfc ../GIGLE10_bsp\libucosii_bsp.a(alt_io_redirect.o)
                0x000aab28                alt_io_redirect
 .text          0x000aabb4      0x180 ../GIGLE10_bsp\libucosii_bsp.a(alt_open.o)
                0x000aabb4                open
 .text          0x000aad34        0x8 ../GIGLE10_bsp\libucosii_bsp.a(altera_nios2_qsys_irq.o)
                0x000aad34                altera_nios2_qsys_irq_init
 .text          0x000aad3c       0xd0 ../GIGLE10_bsp\libucosii_bsp.a(os_cpu_a.o)
                0x000aad3c                OSCtxSw
                0x000aad3c                OSIntCtxSw
                0x000aadc8                OSStartHighRdy
                0x000aade8                OSStartTsk
 .text          0x000aae0c      0x1f0 ../GIGLE10_bsp\libucosii_bsp.a(os_cpu_c.o)
                0x000aae0c                OSTaskCreateHook
                0x000aae10                OSTaskDelHook
                0x000aae14                OSTaskSwHook
                0x000aae18                OSTaskStatHook
                0x000aae1c                OSTimeTickHook
                0x000aae20                OSInitHookBegin
                0x000aae24                OSInitHookEnd
                0x000aae28                OSTaskIdleHook
                0x000aae2c                OSTCBInitHook
                0x000aae30                OSTaskStkInit
 .text          0x000aaffc      0x124 ../GIGLE10_bsp\libucosii_bsp.a(altera_avalon_spi.o)
                0x000aaffc                alt_avalon_spi_command
 .text          0x000ab120       0xb0 ../GIGLE10_bsp\libucosii_bsp.a(alt_find_file.o)
                0x000ab120                alt_find_file
 .text          0x000ab1d0       0xe0 ../GIGLE10_bsp\libucosii_bsp.a(alt_get_fd.o)
                0x000ab1d0                alt_get_fd
 .text          0x000ab2b0       0x38 c:/altera/11.1/nios2eds/bin/gnu/h-i686-mingw32/bin/../lib/gcc/nios2-elf/4.1.2/../../../../nios2-elf/lib/mhw-mulx\libc.a(lib_a-exit.o)
                0x000ab2b0                exit
 .text          0x000ab2e8       0x74 c:/altera/11.1/nios2eds/bin/gnu/h-i686-mingw32/bin/../lib/gcc/nios2-elf/4.1.2/../../../../nios2-elf/lib/mhw-mulx\libc.a(lib_a-memcmp.o)
                0x000ab2e8                memcmp
 .text          0x000ab35c      0x1b4 c:/altera/11.1/nios2eds/bin/gnu/h-i686-mingw32/bin/../lib/gcc/nios2-elf/4.1.2/../../../../nios2-elf/lib/mhw-mulx\libc.a(lib_a-__call_atexit.o)
                0x000ab360                __call_exitprocs
 .text          0x000ab510       0x20 ../GIGLE10_bsp\libucosii_bsp.a(alt_exit.o)
                0x000ab510                _exit
 *(.gnu.warning.*)
 *(.fini)
                0x000ab530                PROVIDE (__etext, ABSOLUTE (.))
                0x000ab530                PROVIDE (_etext, ABSOLUTE (.))
                0x000ab530                PROVIDE (etext, ABSOLUTE (.))
 *(.eh_frame_hdr)
                0x000ab530                . = ALIGN (0x4)
                0x000ab530                PROVIDE (__preinit_array_start, ABSOLUTE (.))
 *(.preinit_array)
                0x000ab530                PROVIDE (__preinit_array_end, ABSOLUTE (.))
                0x000ab530                PROVIDE (__init_array_start, ABSOLUTE (.))
 *(.init_array)
                0x000ab530                PROVIDE (__init_array_end, ABSOLUTE (.))
                0x000ab530                PROVIDE (__fini_array_start, ABSOLUTE (.))
 *(.fini_array)
                0x000ab530                PROVIDE (__fini_array_end, ABSOLUTE (.))
 *(.eh_frame)
 .eh_frame      0x000ab530       0x40 c:/altera/11.1/nios2eds/bin/gnu/h-i686-mingw32/bin/../lib/gcc/nios2-elf/4.1.2/mhw-mulx\libgcc.a(_divdi3.o)
 .eh_frame      0x000ab570       0x2c c:/altera/11.1/nios2eds/bin/gnu/h-i686-mingw32/bin/../lib/gcc/nios2-elf/4.1.2/mhw-mulx\libgcc.a(_udivdi3.o)
                                 0x40 (size before relaxing)
 .eh_frame      0x000ab59c       0x2c c:/altera/11.1/nios2eds/bin/gnu/h-i686-mingw32/bin/../lib/gcc/nios2-elf/4.1.2/mhw-mulx\libgcc.a(_umoddi3.o)
                                 0x40 (size before relaxing)
 *(.gcc_except_table)
 *(.dynamic)
                0x000ab5c8                PROVIDE (__CTOR_LIST__, ABSOLUTE (.))
 *(.ctors)
 *(SORT(.ctors.*))
 .ctors.65535   0x000ab5c8        0x4 c:/altera/11.1/nios2eds/bin/gnu/h-i686-mingw32/bin/../lib/gcc/nios2-elf/4.1.2/../../../../nios2-elf/lib/mhw-mulx\libc.a(lib_a-__call_atexit.o)
                0x000ab5cc                PROVIDE (__CTOR_END__, ABSOLUTE (.))
                0x000ab5cc                PROVIDE (__DTOR_LIST__, ABSOLUTE (.))
 *(.dtors)
 *(SORT(.dtors.*))
                0x000ab5cc                PROVIDE (__DTOR_END__, ABSOLUTE (.))
 *(.jcr)
                0x000ab5cc                . = ALIGN (0x4)

.rodata         0x000ab5cc     0x7fe0
                0x000ab5cc                PROVIDE (__ram_rodata_start, ABSOLUTE (.))
                0x000ab5cc                . = ALIGN (0x4)
 *(.rodata .rodata.* .gnu.linkonce.r.*)
 .rodata.str1.4
                0x000ab5cc      0x246 obj/Debug/c37dot94.o
                                0x25c (size before relaxing)
 *fill*         0x000ab812        0x2 00
 .rodata.str1.4
                0x000ab814       0xa7 obj/Debug/c37dot94_task.o
                                 0xa8 (size before relaxing)
 *fill*         0x000ab8bb        0x1 00
 .rodata.str1.4
                0x000ab8bc      0x1a6 obj/Debug/c37dot94bert.o
                                0x1a8 (size before relaxing)
 *fill*         0x000aba62        0x2 00
 .rodata        0x000aba64      0x1c0 obj/Debug/c37dot94bert.o
 .rodata.str1.4
                0x000abc24      0xadc obj/Debug/cfg10_hw.o
                                0xb78 (size before relaxing)
 .rodata.str1.4
                0x000ac700      0xa9c obj/Debug/cfg_hw.o
                                0xf6c (size before relaxing)
 .rodata.str1.4
                0x000ad19c     0x1073 obj/Debug/config.o
                               0x1074 (size before relaxing)
 *fill*         0x000ae20f        0x1 00
 .rodata.str1.4
                0x000ae210     0x12e1 obj/Debug/config10g.o
                               0x12f4 (size before relaxing)
 *fill*         0x000af4f1        0x3 00
 .rodata.str1.4
                0x000af4f4       0x41 obj/Debug/config_multistream.o
                                 0x44 (size before relaxing)
 *fill*         0x000af535        0x3 00
 .rodata.str1.4
                0x000af538      0x6b2 obj/Debug/flash.o
                                0x6b4 (size before relaxing)
 *fill*         0x000afbea        0x2 00
 .rodata.str1.4
                0x000afbec      0x599 obj/Debug/gui_link.o
                                0x5e8 (size before relaxing)
 *fill*         0x000b0185        0x3 00
 .rodata.str1.4
                0x000b0188        0x3 obj/Debug/helpers.o
                                  0x4 (size before relaxing)
 *fill*         0x000b018b        0x1 00
 .rodata.str1.4
                0x000b018c      0x100 obj/Debug/init.o
 .rodata.str1.4
                0x000b028c      0x35c obj/Debug/intr.o
 .rodata.str1.4
                0x000b05e8       0x16 obj/Debug/link_task.o
                                 0x18 (size before relaxing)
 *fill*         0x000b05fe        0x2 00
 .rodata.str1.4
                0x000b0600      0x339 obj/Debug/loopback.o
                                0x6b0 (size before relaxing)
 *fill*         0x000b0939        0x3 00
 .rodata.str1.4
                0x000b093c      0x623 obj/Debug/main.o
                                0x688 (size before relaxing)
 *fill*         0x000b0f5f        0x1 00
 .rodata.str1.4
                0x000b0f60       0x18 obj/Debug/onesec_task.o
 .rodata.str1.4
                0x000b0f78     0x159d obj/Debug/packet10g.o
                               0x15cc (size before relaxing)
 *fill*         0x000b2515        0x3 00
 .rodata.str1.4
                0x000b2518      0xa48 obj/Debug/results.o
 .rodata.str1.4
                0x000b2f60       0x3e obj/Debug/sfp.o
                                 0x40 (size before relaxing)
 *fill*         0x000b2f9e        0x2 00
 .rodata.str1.4
                0x000b2fa0      0x19f obj/Debug/status.o
                                0x1a0 (size before relaxing)
 *fill*         0x000b313f        0x1 00
 .rodata        0x000b3140       0x10 c:/altera/11.1/nios2eds/bin/gnu/h-i686-mingw32/bin/../lib/gcc/nios2-elf/4.1.2/mhw-mulx\libgcc.a(_thenan_sf.o)
                0x000b3140                __thenan_sf
 .rodata        0x000b3150       0x14 c:/altera/11.1/nios2eds/bin/gnu/h-i686-mingw32/bin/../lib/gcc/nios2-elf/4.1.2/mhw-mulx\libgcc.a(_thenan_df.o)
                0x000b3150                __thenan_df
 .rodata        0x000b3164      0x100 c:/altera/11.1/nios2eds/bin/gnu/h-i686-mingw32/bin/../lib/gcc/nios2-elf/4.1.2/mhw-mulx\libgcc.a(_clz.o)
                0x000b3164                __clz_tab
 .rodata.str1.4
                0x00000000      0x19f c:/altera/11.1/nios2eds/bin/gnu/h-i686-mingw32/bin/../lib/gcc/nios2-elf/4.1.2/../../../../nios2-elf/lib/mhw-mulx\libc.a(lib_a-puts.o)
                                  0x4 (size before relaxing)
 .rodata.str1.4
                0x000b3264       0x5e c:/altera/11.1/nios2eds/bin/gnu/h-i686-mingw32/bin/../lib/gcc/nios2-elf/4.1.2/../../../../nios2-elf/lib/mhw-mulx\libc.a(lib_a-vfprintf.o)
                                 0x60 (size before relaxing)
 .rodata        0x000b32c2       0x20 c:/altera/11.1/nios2eds/bin/gnu/h-i686-mingw32/bin/../lib/gcc/nios2-elf/4.1.2/../../../../nios2-elf/lib/mhw-mulx\libc.a(lib_a-vfprintf.o)
 *fill*         0x000b32e2        0x2 00
 .rodata.str1.4
                0x000b32e4       0x10 c:/altera/11.1/nios2eds/bin/gnu/h-i686-mingw32/bin/../lib/gcc/nios2-elf/4.1.2/../../../../nios2-elf/lib/mhw-mulx\libc.a(lib_a-dtoa.o)
                                 0x14 (size before relaxing)
 .rodata.str1.4
                0x00000000       0x10 c:/altera/11.1/nios2eds/bin/gnu/h-i686-mingw32/bin/../lib/gcc/nios2-elf/4.1.2/../../../../nios2-elf/lib/mhw-mulx\libc.a(lib_a-impure.o)
                                  0x4 (size before relaxing)
 .rodata.str1.4
                0x000b32f4        0xb c:/altera/11.1/nios2eds/bin/gnu/h-i686-mingw32/bin/../lib/gcc/nios2-elf/4.1.2/../../../../nios2-elf/lib/mhw-mulx\libc.a(lib_a-locale.o)
                                 0x18 (size before relaxing)
 *fill*         0x000b32ff        0x1 00
 .rodata        0x000b3300       0x30 c:/altera/11.1/nios2eds/bin/gnu/h-i686-mingw32/bin/../lib/gcc/nios2-elf/4.1.2/../../../../nios2-elf/lib/mhw-mulx\libc.a(lib_a-locale.o)
 .rodata        0x000b3330      0x124 c:/altera/11.1/nios2eds/bin/gnu/h-i686-mingw32/bin/../lib/gcc/nios2-elf/4.1.2/../../../../nios2-elf/lib/mhw-mulx\libc.a(lib_a-mprec.o)
                0x000b3330                __mprec_tens
                0x000b33f8                __mprec_bigtens
                0x000b3420                __mprec_tinytens
 .rodata.str1.4
                0x000b3454        0xa ../GIGLE10_bsp\libucosii_bsp.a(alt_dev.o)
                                  0xc (size before relaxing)
 *fill*         0x000b345e        0x2 00
 .rodata.str1.4
                0x000b3460        0xf ../GIGLE10_bsp\libucosii_bsp.a(alt_main.o)
                                 0x10 (size before relaxing)
 *fill*         0x000b346f        0x1 00
 .rodata.str1.4
                0x000b3470       0x1e ../GIGLE10_bsp\libucosii_bsp.a(os_core.o)
                                 0x20 (size before relaxing)
 .rodata        0x000b348e      0x100 ../GIGLE10_bsp\libucosii_bsp.a(os_core.o)
                0x000b348e                OSUnMapTbl
 *fill*         0x000b358e        0x2 00
 .rodata.str1.4
                0x000b3590       0x1c ../GIGLE10_bsp\libucosii_bsp.a(alt_sys_init.o)
                                 0x4c (size before relaxing)
 .rodata.str1.4
                0x00000000        0x4 ../GIGLE10_bsp\libucosii_bsp.a(os_cpu_c.o)
 *(.rodata1)
                0x000b35ac                . = ALIGN (0x4)
                0x000b35ac                PROVIDE (__ram_rodata_end, ABSOLUTE (.))
                0x000ab5cc                PROVIDE (__flash_rodata_start, LOADADDR (.rodata))

.rwdata         0x000b35ac     0x2314
                0x000b35ac                PROVIDE (__ram_rwdata_start, ABSOLUTE (.))
                0x000b35ac                . = ALIGN (0x4)
 *(.got.plt)
 *(.got)
 *(.data1)
 *(.data .data.* .gnu.linkonce.d.*)
 .data          0x000b35ac        0x0 ../GIGLE10_bsp/obj/HAL/src/crt0.o
 .data          0x000b35ac        0x0 obj/Debug/alt_2_wire.o
 .data          0x000b35ac        0x0 obj/Debug/c37dot94.o
 .data          0x000b35ac        0x0 obj/Debug/c37dot94_task.o
 .data          0x000b35ac        0x0 obj/Debug/c37dot94bert.o
 .data          0x000b35ac        0x0 obj/Debug/cfg10_hw.o
 .data          0x000b35ac        0x0 obj/Debug/cfg_c37.o
 .data          0x000b35ac        0x0 obj/Debug/cfg_frame.o
 .data          0x000b35ac        0x0 obj/Debug/cfg_hw.o
 .data          0x000b35ac        0x0 obj/Debug/config.o
 .data          0x000b35ac        0x0 obj/Debug/config10g.o
 .data          0x000b35ac        0x0 obj/Debug/config_multistream.o
 .data          0x000b35ac        0x0 obj/Debug/flash.o
 .data          0x000b35ac        0x0 obj/Debug/functions.o
 .data          0x000b35ac        0x0 obj/Debug/gui_link.o
 .data          0x000b35ac        0x0 obj/Debug/helpers.o
 .data          0x000b35ac        0x0 obj/Debug/init.o
 .data          0x000b35ac        0x0 obj/Debug/intr.o
 .data          0x000b35ac        0x0 obj/Debug/link_task.o
 .data          0x000b35ac        0x0 obj/Debug/loopback.o
 .data          0x000b35ac        0x0 obj/Debug/main.o
 .data          0x000b35ac        0x0 obj/Debug/onesec_alrm.o
 .data          0x000b35ac        0x0 obj/Debug/onesec_task.o
 .data          0x000b35ac      0x280 obj/Debug/packet10g.o
                0x000b35ac                TRAFFIC_GEN_HDR
                0x000b362c                TRAFFIC_MON_MASK
                0x000b372c                TRAFFIC_MON_HDR
 .data          0x000b382c        0x0 obj/Debug/results.o
 .data          0x000b382c        0x0 obj/Debug/sfp.o
 .data          0x000b382c        0x0 obj/Debug/status.o
 .data          0x000b382c        0x0 obj/Debug/update_headers.o
 .data          0x000b382c        0x0 c:/altera/11.1/nios2eds/bin/gnu/h-i686-mingw32/bin/../lib/gcc/nios2-elf/4.1.2/../../../../nios2-elf/lib/mhw-mulx\libm.a(lib_a-s_round.o)
 .data          0x000b382c        0x0 c:/altera/11.1/nios2eds/bin/gnu/h-i686-mingw32/bin/../lib/gcc/nios2-elf/4.1.2/mhw-mulx\libgcc.a(_fixunssfsi.o)
 .data          0x000b382c        0x0 c:/altera/11.1/nios2eds/bin/gnu/h-i686-mingw32/bin/../lib/gcc/nios2-elf/4.1.2/mhw-mulx\libgcc.a(_fixunsdfsi.o)
 .data          0x000b382c        0x0 c:/altera/11.1/nios2eds/bin/gnu/h-i686-mingw32/bin/../lib/gcc/nios2-elf/4.1.2/mhw-mulx\libgcc.a(_fixunsdfdi.o)
 .data          0x000b382c        0x0 c:/altera/11.1/nios2eds/bin/gnu/h-i686-mingw32/bin/../lib/gcc/nios2-elf/4.1.2/mhw-mulx\libgcc.a(_floatdidf.o)
 .data          0x000b382c        0x0 c:/altera/11.1/nios2eds/bin/gnu/h-i686-mingw32/bin/../lib/gcc/nios2-elf/4.1.2/mhw-mulx\libgcc.a(_floatundidf.o)
 .data          0x000b382c        0x0 c:/altera/11.1/nios2eds/bin/gnu/h-i686-mingw32/bin/../lib/gcc/nios2-elf/4.1.2/mhw-mulx\libgcc.a(_divdi3.o)
 .data          0x000b382c        0x0 c:/altera/11.1/nios2eds/bin/gnu/h-i686-mingw32/bin/../lib/gcc/nios2-elf/4.1.2/mhw-mulx\libgcc.a(_addsub_sf.o)
 .data          0x000b382c        0x0 c:/altera/11.1/nios2eds/bin/gnu/h-i686-mingw32/bin/../lib/gcc/nios2-elf/4.1.2/mhw-mulx\libgcc.a(_mul_sf.o)
 .data          0x000b382c        0x0 c:/altera/11.1/nios2eds/bin/gnu/h-i686-mingw32/bin/../lib/gcc/nios2-elf/4.1.2/mhw-mulx\libgcc.a(_eq_sf.o)
 .data          0x000b382c        0x0 c:/altera/11.1/nios2eds/bin/gnu/h-i686-mingw32/bin/../lib/gcc/nios2-elf/4.1.2/mhw-mulx\libgcc.a(_ge_sf.o)
 .data          0x000b382c        0x0 c:/altera/11.1/nios2eds/bin/gnu/h-i686-mingw32/bin/../lib/gcc/nios2-elf/4.1.2/mhw-mulx\libgcc.a(_sf_to_si.o)
 .data          0x000b382c        0x0 c:/altera/11.1/nios2eds/bin/gnu/h-i686-mingw32/bin/../lib/gcc/nios2-elf/4.1.2/mhw-mulx\libgcc.a(_sf_to_df.o)
 .data          0x000b382c        0x0 c:/altera/11.1/nios2eds/bin/gnu/h-i686-mingw32/bin/../lib/gcc/nios2-elf/4.1.2/mhw-mulx\libgcc.a(_thenan_sf.o)
 .data          0x000b382c        0x0 c:/altera/11.1/nios2eds/bin/gnu/h-i686-mingw32/bin/../lib/gcc/nios2-elf/4.1.2/mhw-mulx\libgcc.a(_usi_to_sf.o)
 .data          0x000b382c        0x0 c:/altera/11.1/nios2eds/bin/gnu/h-i686-mingw32/bin/../lib/gcc/nios2-elf/4.1.2/mhw-mulx\libgcc.a(_addsub_df.o)
 .data          0x000b382c        0x0 c:/altera/11.1/nios2eds/bin/gnu/h-i686-mingw32/bin/../lib/gcc/nios2-elf/4.1.2/mhw-mulx\libgcc.a(_mul_df.o)
 .data          0x000b382c        0x0 c:/altera/11.1/nios2eds/bin/gnu/h-i686-mingw32/bin/../lib/gcc/nios2-elf/4.1.2/mhw-mulx\libgcc.a(_div_df.o)
 .data          0x000b382c        0x0 c:/altera/11.1/nios2eds/bin/gnu/h-i686-mingw32/bin/../lib/gcc/nios2-elf/4.1.2/mhw-mulx\libgcc.a(_gt_df.o)
 .data          0x000b382c        0x0 c:/altera/11.1/nios2eds/bin/gnu/h-i686-mingw32/bin/../lib/gcc/nios2-elf/4.1.2/mhw-mulx\libgcc.a(_ge_df.o)
 .data          0x000b382c        0x0 c:/altera/11.1/nios2eds/bin/gnu/h-i686-mingw32/bin/../lib/gcc/nios2-elf/4.1.2/mhw-mulx\libgcc.a(_si_to_df.o)
 .data          0x000b382c        0x0 c:/altera/11.1/nios2eds/bin/gnu/h-i686-mingw32/bin/../lib/gcc/nios2-elf/4.1.2/mhw-mulx\libgcc.a(_df_to_si.o)
 .data          0x000b382c        0x0 c:/altera/11.1/nios2eds/bin/gnu/h-i686-mingw32/bin/../lib/gcc/nios2-elf/4.1.2/mhw-mulx\libgcc.a(_make_df.o)
 .data          0x000b382c        0x0 c:/altera/11.1/nios2eds/bin/gnu/h-i686-mingw32/bin/../lib/gcc/nios2-elf/4.1.2/mhw-mulx\libgcc.a(_df_to_sf.o)
 .data          0x000b382c        0x0 c:/altera/11.1/nios2eds/bin/gnu/h-i686-mingw32/bin/../lib/gcc/nios2-elf/4.1.2/mhw-mulx\libgcc.a(_thenan_df.o)
 .data          0x000b382c        0x0 c:/altera/11.1/nios2eds/bin/gnu/h-i686-mingw32/bin/../lib/gcc/nios2-elf/4.1.2/mhw-mulx\libgcc.a(_usi_to_df.o)
 .data          0x000b382c        0x0 c:/altera/11.1/nios2eds/bin/gnu/h-i686-mingw32/bin/../lib/gcc/nios2-elf/4.1.2/mhw-mulx\libgcc.a(lib2-divmod.o)
 .data          0x000b382c        0x0 c:/altera/11.1/nios2eds/bin/gnu/h-i686-mingw32/bin/../lib/gcc/nios2-elf/4.1.2/mhw-mulx\libgcc.a(_clz.o)
 .data          0x000b382c        0x0 c:/altera/11.1/nios2eds/bin/gnu/h-i686-mingw32/bin/../lib/gcc/nios2-elf/4.1.2/mhw-mulx\libgcc.a(_clzsi2.o)
 .data          0x000b382c        0x0 c:/altera/11.1/nios2eds/bin/gnu/h-i686-mingw32/bin/../lib/gcc/nios2-elf/4.1.2/mhw-mulx\libgcc.a(_pack_sf.o)
 .data          0x000b382c        0x0 c:/altera/11.1/nios2eds/bin/gnu/h-i686-mingw32/bin/../lib/gcc/nios2-elf/4.1.2/mhw-mulx\libgcc.a(_unpack_sf.o)
 .data          0x000b382c        0x0 c:/altera/11.1/nios2eds/bin/gnu/h-i686-mingw32/bin/../lib/gcc/nios2-elf/4.1.2/mhw-mulx\libgcc.a(_fpcmp_parts_sf.o)
 .data          0x000b382c        0x0 c:/altera/11.1/nios2eds/bin/gnu/h-i686-mingw32/bin/../lib/gcc/nios2-elf/4.1.2/mhw-mulx\libgcc.a(_make_sf.o)
 .data          0x000b382c        0x0 c:/altera/11.1/nios2eds/bin/gnu/h-i686-mingw32/bin/../lib/gcc/nios2-elf/4.1.2/mhw-mulx\libgcc.a(_pack_df.o)
 .data          0x000b382c        0x0 c:/altera/11.1/nios2eds/bin/gnu/h-i686-mingw32/bin/../lib/gcc/nios2-elf/4.1.2/mhw-mulx\libgcc.a(_unpack_df.o)
 .data          0x000b382c        0x0 c:/altera/11.1/nios2eds/bin/gnu/h-i686-mingw32/bin/../lib/gcc/nios2-elf/4.1.2/mhw-mulx\libgcc.a(_fpcmp_parts_df.o)
 .data          0x000b382c        0x0 c:/altera/11.1/nios2eds/bin/gnu/h-i686-mingw32/bin/../lib/gcc/nios2-elf/4.1.2/../../../../nios2-elf/lib/mhw-mulx\libc.a(lib_a-printf.o)
 .data          0x000b382c        0x0 c:/altera/11.1/nios2eds/bin/gnu/h-i686-mingw32/bin/../lib/gcc/nios2-elf/4.1.2/../../../../nios2-elf/lib/mhw-mulx\libc.a(lib_a-putchar.o)
 .data          0x000b382c        0x0 c:/altera/11.1/nios2eds/bin/gnu/h-i686-mingw32/bin/../lib/gcc/nios2-elf/4.1.2/../../../../nios2-elf/lib/mhw-mulx\libc.a(lib_a-puts.o)
 .data          0x000b382c        0x0 c:/altera/11.1/nios2eds/bin/gnu/h-i686-mingw32/bin/../lib/gcc/nios2-elf/4.1.2/../../../../nios2-elf/lib/mhw-mulx\libc.a(lib_a-strlen.o)
 .data          0x000b382c        0x0 c:/altera/11.1/nios2eds/bin/gnu/h-i686-mingw32/bin/../lib/gcc/nios2-elf/4.1.2/../../../../nios2-elf/lib/mhw-mulx\libc.a(lib_a-strncmp.o)
 .data          0x000b382c        0x0 c:/altera/11.1/nios2eds/bin/gnu/h-i686-mingw32/bin/../lib/gcc/nios2-elf/4.1.2/../../../../nios2-elf/lib/mhw-mulx\libc.a(lib_a-vfprintf.o)
 .data          0x000b382c        0x0 c:/altera/11.1/nios2eds/bin/gnu/h-i686-mingw32/bin/../lib/gcc/nios2-elf/4.1.2/../../../../nios2-elf/lib/mhw-mulx\libc.a(lib_a-wsetup.o)
 .data          0x000b382c        0x0 c:/altera/11.1/nios2eds/bin/gnu/h-i686-mingw32/bin/../lib/gcc/nios2-elf/4.1.2/../../../../nios2-elf/lib/mhw-mulx\libc.a(lib_a-dtoa.o)
 .data          0x000b382c        0x0 c:/altera/11.1/nios2eds/bin/gnu/h-i686-mingw32/bin/../lib/gcc/nios2-elf/4.1.2/../../../../nios2-elf/lib/mhw-mulx\libc.a(lib_a-fflush.o)
 .data          0x000b382c        0x0 c:/altera/11.1/nios2eds/bin/gnu/h-i686-mingw32/bin/../lib/gcc/nios2-elf/4.1.2/../../../../nios2-elf/lib/mhw-mulx\libc.a(lib_a-findfp.o)
 .data          0x000b382c        0x0 c:/altera/11.1/nios2eds/bin/gnu/h-i686-mingw32/bin/../lib/gcc/nios2-elf/4.1.2/../../../../nios2-elf/lib/mhw-mulx\libc.a(lib_a-freer.o)
 .data          0x000b382c        0x0 c:/altera/11.1/nios2eds/bin/gnu/h-i686-mingw32/bin/../lib/gcc/nios2-elf/4.1.2/../../../../nios2-elf/lib/mhw-mulx\libc.a(lib_a-fvwrite.o)
 .data          0x000b382c        0x0 c:/altera/11.1/nios2eds/bin/gnu/h-i686-mingw32/bin/../lib/gcc/nios2-elf/4.1.2/../../../../nios2-elf/lib/mhw-mulx\libc.a(lib_a-fwalk.o)
 .data          0x000b382c      0x400 c:/altera/11.1/nios2eds/bin/gnu/h-i686-mingw32/bin/../lib/gcc/nios2-elf/4.1.2/../../../../nios2-elf/lib/mhw-mulx\libc.a(lib_a-impure.o)
 .data          0x000b3c2c        0xc c:/altera/11.1/nios2eds/bin/gnu/h-i686-mingw32/bin/../lib/gcc/nios2-elf/4.1.2/../../../../nios2-elf/lib/mhw-mulx\libc.a(lib_a-locale.o)
                0x000b3c2c                __lc_ctype
 .data          0x000b3c38        0x0 c:/altera/11.1/nios2eds/bin/gnu/h-i686-mingw32/bin/../lib/gcc/nios2-elf/4.1.2/../../../../nios2-elf/lib/mhw-mulx\libc.a(lib_a-makebuf.o)
 .data          0x000b3c38      0x408 c:/altera/11.1/nios2eds/bin/gnu/h-i686-mingw32/bin/../lib/gcc/nios2-elf/4.1.2/../../../../nios2-elf/lib/mhw-mulx\libc.a(lib_a-mallocr.o)
                0x000b3c38                __malloc_av_
 .data          0x000b4040        0x0 c:/altera/11.1/nios2eds/bin/gnu/h-i686-mingw32/bin/../lib/gcc/nios2-elf/4.1.2/../../../../nios2-elf/lib/mhw-mulx\libc.a(lib_a-memchr.o)
 .data          0x000b4040        0x0 c:/altera/11.1/nios2eds/bin/gnu/h-i686-mingw32/bin/../lib/gcc/nios2-elf/4.1.2/../../../../nios2-elf/lib/mhw-mulx\libc.a(lib_a-memcpy.o)
 .data          0x000b4040        0x0 c:/altera/11.1/nios2eds/bin/gnu/h-i686-mingw32/bin/../lib/gcc/nios2-elf/4.1.2/../../../../nios2-elf/lib/mhw-mulx\libc.a(lib_a-memmove.o)
 .data          0x000b4040        0x0 c:/altera/11.1/nios2eds/bin/gnu/h-i686-mingw32/bin/../lib/gcc/nios2-elf/4.1.2/../../../../nios2-elf/lib/mhw-mulx\libc.a(lib_a-memset.o)
 .data          0x000b4040        0x0 c:/altera/11.1/nios2eds/bin/gnu/h-i686-mingw32/bin/../lib/gcc/nios2-elf/4.1.2/../../../../nios2-elf/lib/mhw-mulx\libc.a(lib_a-mprec.o)
 .data          0x000b4040        0x0 c:/altera/11.1/nios2eds/bin/gnu/h-i686-mingw32/bin/../lib/gcc/nios2-elf/4.1.2/../../../../nios2-elf/lib/mhw-mulx\libc.a(lib_a-putc.o)
 .data          0x000b4040        0x0 c:/altera/11.1/nios2eds/bin/gnu/h-i686-mingw32/bin/../lib/gcc/nios2-elf/4.1.2/../../../../nios2-elf/lib/mhw-mulx\libc.a(lib_a-reallocr.o)
 .data          0x000b4040        0x0 c:/altera/11.1/nios2eds/bin/gnu/h-i686-mingw32/bin/../lib/gcc/nios2-elf/4.1.2/../../../../nios2-elf/lib/mhw-mulx\libc.a(lib_a-s_isinfd.o)
 .data          0x000b4040        0x0 c:/altera/11.1/nios2eds/bin/gnu/h-i686-mingw32/bin/../lib/gcc/nios2-elf/4.1.2/../../../../nios2-elf/lib/mhw-mulx\libc.a(lib_a-s_isnand.o)
 .data          0x000b4040        0x0 c:/altera/11.1/nios2eds/bin/gnu/h-i686-mingw32/bin/../lib/gcc/nios2-elf/4.1.2/../../../../nios2-elf/lib/mhw-mulx\libc.a(lib_a-sbrkr.o)
 .data          0x000b4040        0x0 c:/altera/11.1/nios2eds/bin/gnu/h-i686-mingw32/bin/../lib/gcc/nios2-elf/4.1.2/../../../../nios2-elf/lib/mhw-mulx\libc.a(lib_a-stdio.o)
 .data          0x000b4040        0x0 c:/altera/11.1/nios2eds/bin/gnu/h-i686-mingw32/bin/../lib/gcc/nios2-elf/4.1.2/../../../../nios2-elf/lib/mhw-mulx\libc.a(lib_a-strcmp.o)
 .data          0x000b4040        0x0 c:/altera/11.1/nios2eds/bin/gnu/h-i686-mingw32/bin/../lib/gcc/nios2-elf/4.1.2/../../../../nios2-elf/lib/mhw-mulx\libc.a(lib_a-wbuf.o)
 .data          0x000b4040        0x0 c:/altera/11.1/nios2eds/bin/gnu/h-i686-mingw32/bin/../lib/gcc/nios2-elf/4.1.2/../../../../nios2-elf/lib/mhw-mulx\libc.a(lib_a-writer.o)
 .data          0x000b4040        0x0 c:/altera/11.1/nios2eds/bin/gnu/h-i686-mingw32/bin/../lib/gcc/nios2-elf/4.1.2/../../../../nios2-elf/lib/mhw-mulx\libc.a(lib_a-callocr.o)
 .data          0x000b4040        0x0 c:/altera/11.1/nios2eds/bin/gnu/h-i686-mingw32/bin/../lib/gcc/nios2-elf/4.1.2/../../../../nios2-elf/lib/mhw-mulx\libc.a(lib_a-closer.o)
 .data          0x000b4040        0x0 c:/altera/11.1/nios2eds/bin/gnu/h-i686-mingw32/bin/../lib/gcc/nios2-elf/4.1.2/../../../../nios2-elf/lib/mhw-mulx\libc.a(lib_a-fclose.o)
 .data          0x000b4040        0x0 c:/altera/11.1/nios2eds/bin/gnu/h-i686-mingw32/bin/../lib/gcc/nios2-elf/4.1.2/../../../../nios2-elf/lib/mhw-mulx\libc.a(lib_a-fstatr.o)
 .data          0x000b4040        0x0 c:/altera/11.1/nios2eds/bin/gnu/h-i686-mingw32/bin/../lib/gcc/nios2-elf/4.1.2/../../../../nios2-elf/lib/mhw-mulx\libc.a(lib_a-int_errno.o)
 .data          0x000b4040        0x0 c:/altera/11.1/nios2eds/bin/gnu/h-i686-mingw32/bin/../lib/gcc/nios2-elf/4.1.2/../../../../nios2-elf/lib/mhw-mulx\libc.a(lib_a-isattyr.o)
 .data          0x000b4040        0x0 c:/altera/11.1/nios2eds/bin/gnu/h-i686-mingw32/bin/../lib/gcc/nios2-elf/4.1.2/../../../../nios2-elf/lib/mhw-mulx\libc.a(lib_a-lseekr.o)
 .data          0x000b4040        0x0 c:/altera/11.1/nios2eds/bin/gnu/h-i686-mingw32/bin/../lib/gcc/nios2-elf/4.1.2/../../../../nios2-elf/lib/mhw-mulx\libc.a(lib_a-readr.o)
 .data          0x000b4040        0x0 c:/altera/11.1/nios2eds/bin/gnu/h-i686-mingw32/bin/../lib/gcc/nios2-elf/4.1.2/mhw-mulx\libgcc.a(_udivdi3.o)
 .data          0x000b4040        0x0 c:/altera/11.1/nios2eds/bin/gnu/h-i686-mingw32/bin/../lib/gcc/nios2-elf/4.1.2/mhw-mulx\libgcc.a(_umoddi3.o)
 .data          0x000b4040        0x0 c:/altera/11.1/nios2eds/bin/gnu/h-i686-mingw32/bin/../lib/gcc/nios2-elf/4.1.2/mhw-mulx\libgcc.a(_eq_df.o)
 .data          0x000b4040        0x0 c:/altera/11.1/nios2eds/bin/gnu/h-i686-mingw32/bin/../lib/gcc/nios2-elf/4.1.2/mhw-mulx\libgcc.a(_ne_df.o)
 .data          0x000b4040        0x0 c:/altera/11.1/nios2eds/bin/gnu/h-i686-mingw32/bin/../lib/gcc/nios2-elf/4.1.2/mhw-mulx\libgcc.a(_lt_df.o)
 .data          0x000b4040        0x0 ../GIGLE10_bsp\libucosii_bsp.a(alt_alarm_start.o)
 .data          0x000b4040        0x0 ../GIGLE10_bsp\libucosii_bsp.a(alt_close.o)
 .data          0x000b4040        0x0 ../GIGLE10_bsp\libucosii_bsp.a(alt_dcache_flush.o)
 .data          0x000b4040      0x1a8 ../GIGLE10_bsp\libucosii_bsp.a(alt_dev.o)
                0x000b4040                alt_dev_null
                0x000b4068                alt_fd_list
 .data          0x000b41e8        0x0 ../GIGLE10_bsp\libucosii_bsp.a(alt_errno.o)
 .data          0x000b41e8        0x0 ../GIGLE10_bsp\libucosii_bsp.a(alt_flash_dev.o)
 .data          0x000b41e8        0x0 ../GIGLE10_bsp\libucosii_bsp.a(alt_fstat.o)
 .data          0x000b41e8        0x0 ../GIGLE10_bsp\libucosii_bsp.a(alt_iic.o)
 .data          0x000b41e8        0x0 ../GIGLE10_bsp\libucosii_bsp.a(alt_iic_isr_register.o)
 .data          0x000b41e8        0x0 ../GIGLE10_bsp\libucosii_bsp.a(alt_irq_entry.o)
 .data          0x000b41e8        0x0 ../GIGLE10_bsp\libucosii_bsp.a(alt_irq_handler.o)
 .data          0x000b41e8        0x0 ../GIGLE10_bsp\libucosii_bsp.a(alt_irq_vars.o)
 .data          0x000b41e8        0x0 ../GIGLE10_bsp\libucosii_bsp.a(alt_isatty.o)
 .data          0x000b41e8        0x0 ../GIGLE10_bsp\libucosii_bsp.a(alt_lseek.o)
 .data          0x000b41e8        0x0 ../GIGLE10_bsp\libucosii_bsp.a(alt_main.o)
 .data          0x000b41e8        0x0 ../GIGLE10_bsp\libucosii_bsp.a(alt_read.o)
 .data          0x000b41e8        0x0 ../GIGLE10_bsp\libucosii_bsp.a(alt_release_fd.o)
 .data          0x000b41e8        0x0 ../GIGLE10_bsp\libucosii_bsp.a(alt_sbrk.o)
 .data          0x000b41e8        0x0 ../GIGLE10_bsp\libucosii_bsp.a(alt_tick.o)
 .data          0x000b41e8        0x0 ../GIGLE10_bsp\libucosii_bsp.a(alt_usleep.o)
 .data          0x000b41e8        0x0 ../GIGLE10_bsp\libucosii_bsp.a(alt_write.o)
 .data          0x000b41e8        0x0 ../GIGLE10_bsp\libucosii_bsp.a(alt_env_lock.o)
 .data          0x000b41e8        0x0 ../GIGLE10_bsp\libucosii_bsp.a(alt_malloc_lock.o)
 .data          0x000b41e8        0x0 ../GIGLE10_bsp\libucosii_bsp.a(os_core.o)
 .data          0x000b41e8        0x0 ../GIGLE10_bsp\libucosii_bsp.a(os_dbg.o)
 .data          0x000b41e8        0x0 ../GIGLE10_bsp\libucosii_bsp.a(os_flag.o)
 .data          0x000b41e8        0x0 ../GIGLE10_bsp\libucosii_bsp.a(os_mem.o)
 .data          0x000b41e8        0x0 ../GIGLE10_bsp\libucosii_bsp.a(os_q.o)
 .data          0x000b41e8        0x0 ../GIGLE10_bsp\libucosii_bsp.a(os_sem.o)
 .data          0x000b41e8        0x0 ../GIGLE10_bsp\libucosii_bsp.a(os_task.o)
 .data          0x000b41e8        0x0 ../GIGLE10_bsp\libucosii_bsp.a(os_time.o)
 .data          0x000b41e8     0x12d0 ../GIGLE10_bsp\libucosii_bsp.a(alt_sys_init.o)
 .data          0x000b54b8        0x0 ../GIGLE10_bsp\libucosii_bsp.a(altera_avalon_epcs_flash_controller.o)
 .data          0x000b54b8        0x0 ../GIGLE10_bsp\libucosii_bsp.a(altera_avalon_jtag_uart_fd.o)
 .data          0x000b54b8        0x0 ../GIGLE10_bsp\libucosii_bsp.a(altera_avalon_jtag_uart_init.o)
 .data          0x000b54b8        0x0 ../GIGLE10_bsp\libucosii_bsp.a(altera_avalon_jtag_uart_ioctl.o)
 .data          0x000b54b8        0x0 ../GIGLE10_bsp\libucosii_bsp.a(altera_avalon_jtag_uart_read.o)
 .data          0x000b54b8        0x0 ../GIGLE10_bsp\libucosii_bsp.a(altera_avalon_jtag_uart_write.o)
 .data          0x000b54b8        0x0 ../GIGLE10_bsp\libucosii_bsp.a(altera_avalon_timer_sc.o)
 .data          0x000b54b8        0x0 ../GIGLE10_bsp\libucosii_bsp.a(altera_avalon_uart_fd.o)
 .data          0x000b54b8        0x0 ../GIGLE10_bsp\libucosii_bsp.a(altera_avalon_uart_init.o)
 .data          0x000b54b8        0x0 ../GIGLE10_bsp\libucosii_bsp.a(altera_avalon_uart_read.o)
 .data          0x000b54b8        0x0 ../GIGLE10_bsp\libucosii_bsp.a(altera_avalon_uart_write.o)
 .data          0x000b54b8        0x0 ../GIGLE10_bsp\libucosii_bsp.a(epcs_commands.o)
 .data          0x000b54b8        0x0 ../GIGLE10_bsp\libucosii_bsp.a(alt_busy_sleep.o)
 .data          0x000b54b8        0x0 ../GIGLE10_bsp\libucosii_bsp.a(alt_dev_llist_insert.o)
 .data          0x000b54b8        0x0 ../GIGLE10_bsp\libucosii_bsp.a(alt_exception_entry.o)
 .data          0x000b54b8        0x0 ../GIGLE10_bsp\libucosii_bsp.a(alt_find_dev.o)
 .data          0x000b54b8        0x0 ../GIGLE10_bsp\libucosii_bsp.a(alt_io_redirect.o)
 .data          0x000b54b8        0x0 ../GIGLE10_bsp\libucosii_bsp.a(alt_open.o)
 .data          0x000b54b8        0x0 ../GIGLE10_bsp\libucosii_bsp.a(altera_nios2_qsys_irq.o)
 .data          0x000b54b8        0x0 ../GIGLE10_bsp\libucosii_bsp.a(os_cpu_a.o)
 .data          0x000b54b8        0x0 ../GIGLE10_bsp\libucosii_bsp.a(os_cpu_c.o)
 .data          0x000b54b8        0x0 ../GIGLE10_bsp\libucosii_bsp.a(altera_avalon_spi.o)
 .data          0x000b54b8        0x0 ../GIGLE10_bsp\libucosii_bsp.a(alt_find_file.o)
 .data          0x000b54b8        0x0 ../GIGLE10_bsp\libucosii_bsp.a(alt_get_fd.o)
 .data          0x000b54b8        0x0 c:/altera/11.1/nios2eds/bin/gnu/h-i686-mingw32/bin/../lib/gcc/nios2-elf/4.1.2/../../../../nios2-elf/lib/mhw-mulx\libc.a(lib_a-exit.o)
 .data          0x000b54b8        0x0 c:/altera/11.1/nios2eds/bin/gnu/h-i686-mingw32/bin/../lib/gcc/nios2-elf/4.1.2/../../../../nios2-elf/lib/mhw-mulx\libc.a(lib_a-memcmp.o)
 .data          0x000b54b8        0x0 c:/altera/11.1/nios2eds/bin/gnu/h-i686-mingw32/bin/../lib/gcc/nios2-elf/4.1.2/../../../../nios2-elf/lib/mhw-mulx\libc.a(lib_a-__call_atexit.o)
 .data          0x000b54b8        0x0 ../GIGLE10_bsp\libucosii_bsp.a(alt_exit.o)
                0x000bd4b8                _gp = ABSOLUTE ((. + 0x8000))
                0x000bd4b8                PROVIDE (gp, _gp)
 *(.rwdata .rwdata.*)
 *(.sdata .sdata.* .gnu.linkonce.s.*)
 .sdata         0x000b54b8        0x4 obj/Debug/alt_2_wire.o
                0x000b54b8                alt_2_wireDelay
 .sdata         0x000b54bc        0x8 obj/Debug/c37dot94.o
                0x000b54bc                LOS_WATCHDOG_LIMIT
                0x000b54c0                RCV_CLOCK_WATCHDOG_LIMIT
 .sdata         0x000b54c4      0x338 obj/Debug/main.o
                0x000b54c4                GIGE_A
                0x000b54c5                EMON_TIMEOUT
                0x000b54c6                Rx_PACKET_ID
                0x000b54c8                PIO3_Content
                0x000b54cc                gen_number_seconds
                0x000b54d0                number_packet_lsb
                0x000b54d8                MACA_COMMAND_CONFIG
                0x000b54dc                MACB_COMMAND_CONFIG
                0x000b54e0                OPTIONS_INSTALLED
                0x000b54e1                OPTIONS_ENABLED
                0x000b54e2                PHYA_ETH_SPEED
                0x000b54e3                PHYB_ETH_SPEED
                0x000b54e4                PHYA_COPPER_ENABLE_AN
                0x000b54e5                PHYA_FIBER_ENABLE_AN
                0x000b54e6                PHYA_COPPER_FULLDUPLEX
                0x000b54e7                PHYA_FIBER_FULLDUPLEX
                0x000b54e8                PHYB_COPPER_ENABLE_AN
                0x000b54e9                PHYB_FIBER_ENABLE_AN
                0x000b54ea                PHYB_COPPER_FULLDUPLEX
                0x000b54eb                PHYB_FIBER_FULLDUPLEX
                0x000b54ec                PHYA_CONFIG
                0x000b54ee                PHYB_CONFIG
                0x000b54f0                MAC_FRM_LENGTH
                0x000b54f2                traffic_gen_pkt_length
                0x000b54f4                egen_line_load_rate
                0x000b54f8                traffic_gen_config
                0x000b54fc                traffic_gen_config2
                0x000b5500                traffic_gen_config3
                0x000b5504                traffic_gen_config4
                0x000b5508                SET_SWAP_B_TOGGLE
                0x000b550a                requestTimer
                0x000b550c                loopbackStatPtr
                0x000b550d                stream_offset
                0x000b550e                size_offset
                0x000b5510                num_of_streams
                0x000b5512                TRAFFIC_GEN_PKT_EMIXUSERSIZE5_ptr
                0x000b5514                TRAFFIC_GEN_PKT_EMIXUSERSIZE4_ptr
                0x000b5516                TRAFFIC_MON_STREAM_CNTL3_ptr
                0x000b5518                TRAFFIC_MON_STREAM_CNTL2_ptr
                0x000b551a                TRAFFIC_MON_STREAM_CNTL1_ptr
                0x000b551c                TRAFFIC_MON_STREAM_CNTL0_ptr
                0x000b551e                TRAFFIC_RATE_TYPE
                0x000b5520                TRAFFIC_RATE3_ptr
                0x000b5522                TRAFFIC_RATE2_ptr
                0x000b5524                TRAFFIC_RATE1_ptr
                0x000b5526                TRAFFIC_RATE0_ptr
                0x000b5528                TRAFFIC_GEN_PKTPERCENT11_ptr
                0x000b552a                TRAFFIC_GEN_PKTPERCENT10_ptr
                0x000b552c                TRAFFIC_GEN_PKTPERCENT03_ptr
                0x000b552e                TRAFFIC_GEN_PKTPERCENT02_ptr
                0x000b5530                TRAFFIC_GEN_PKTPERCENT01_ptr
                0x000b5532                TRAFFIC_GEN_PKTPERCENT00_ptr
                0x000b5534                EGEN_PKT_TYPE_ptr
                0x000b5536                EGEN_PKT_TYPE_ptr_1
                0x000b5538                EGEN_PKT_TYPE_ptr_2
                0x000b553a                TRAFFIC_GEN_CONFIG33_ptr
                0x000b553c                TRAFFIC_GEN_CONFIG32_ptr
                0x000b553e                TRAFFIC_GEN_CONFIG31_ptr
                0x000b5540                TRAFFIC_GEN_CONFIG30_ptr
                0x000b5542                TRAFFIC_GEN_CONFIG23_ptr
                0x000b5544                TRAFFIC_GEN_CONFIG22_ptr
                0x000b5546                TRAFFIC_GEN_CONFIG21_ptr
                0x000b5548                TRAFFIC_GEN_CONFIG20_ptr
                0x000b554a                TRAFFIC_GEN_CONFIG13_ptr
                0x000b554c                TRAFFIC_GEN_CONFIG12_ptr
                0x000b554e                TRAFFIC_GEN_CONFIG11_ptr
                0x000b5550                TRAFFIC_GEN_CONFIG10_ptr
                0x000b5552                TRAFFIC_GEN_CONFIG03_ptr
                0x000b5554                TRAFFIC_GEN_CONFIG02_ptr
                0x000b5556                TRAFFIC_GEN_CONFIG01_ptr
                0x000b5558                TRAFFIC_GEN_CONFIG00_ptr
                0x000b555c                DEF_EMIX_RANDOM
                0x000b5564                DEF_GEN_EMIXSEQ0
                0x000b556c                DEF_GEN_EMIXSEQ1
                0x000b5574                DEF_GEN_EMIXSEQ2
                0x000b557c                DEF_GEN_EMIXSEQ3
                0x000b5584                DEF_GEN_EMIXUSER
                0x000b558c                DEF_GEN_EMIXUSER1
                0x000b5594                TRAFFIC_GEN_PKT_EMIXUSERSIZE3_ptr
                0x000b5596                TRAFFIC_GEN_PKT_EMIXUSERSIZE2_ptr
                0x000b5598                TRAFFIC_GEN_PKT_EMIXUSERSIZE1_ptr
                0x000b559a                TRAFFIC_GEN_PKT_EMIXUSERSIZE0_ptr
                0x000b559c                TRAFFIC_GEN_EMIXSEQ33_ptr
                0x000b559e                TRAFFIC_GEN_EMIXSEQ32_ptr
                0x000b55a0                TRAFFIC_GEN_EMIXSEQ31_ptr
                0x000b55a2                TRAFFIC_GEN_EMIXSEQ30_ptr
                0x000b55a4                TRAFFIC_GEN_EMIXSEQ23_ptr
                0x000b55a6                TRAFFIC_GEN_EMIXSEQ22_ptr
                0x000b55a8                TRAFFIC_GEN_EMIXSEQ21_ptr
                0x000b55aa                TRAFFIC_GEN_EMIXSEQ20_ptr
                0x000b55ac                TRAFFIC_GEN_EMIXSEQ13_ptr
                0x000b55ae                TRAFFIC_GEN_EMIXSEQ12_ptr
                0x000b55b0                TRAFFIC_GEN_EMIXSEQ11_ptr
                0x000b55b2                TRAFFIC_GEN_EMIXSEQ10_ptr
                0x000b55b4                TRAFFIC_GEN_EMIXSEQ03_ptr
                0x000b55b6                TRAFFIC_GEN_EMIXSEQ02_ptr
                0x000b55b8                TRAFFIC_GEN_EMIXSEQ01_ptr
                0x000b55ba                TRAFFIC_GEN_EMIXSEQ00_ptr
                0x000b55bc                Y1564_CIR_3_ptr
                0x000b55be                Y1564_CIR_2_ptr
                0x000b55c0                Y1564_CIR_1_ptr
                0x000b55c2                Y1564_CIR_0_ptr
                0x000b55c4                Y1564_EIR_3_ptr
                0x000b55c6                Y1564_EIR_2_ptr
                0x000b55c8                Y1564_EIR_1_ptr