Archive member included because of file (symbol)

c:/altera/11.1/nios2eds/bin/gnu/h-i686-mingw32/bin/../lib/gcc/nios2-elf/4.1.2/../../../../nios2-elf/lib/mhw-mulx\libm.a(lib_a-s_round.o)
                              obj/Debug/packet10g.o (round)
c:/altera/11.1/nios2eds/bin/gnu/h-i686-mingw32/bin/../lib/gcc/nios2-elf/4.1.2/mhw-mulx\libgcc.a(_fixunssfsi.o)
                              obj/Debug/main.o (__fixunssfsi)
c:/altera/11.1/nios2eds/bin/gnu/h-i686-mingw32/bin/../lib/gcc/nios2-elf/4.1.2/mhw-mulx\libgcc.a(_fixunsdfsi.o)
                              obj/Debug/config10g.o (__fixunsdfsi)
c:/altera/11.1/nios2eds/bin/gnu/h-i686-mingw32/bin/../lib/gcc/nios2-elf/4.1.2/mhw-mulx\libgcc.a(_fixunsdfdi.o)
                              obj/Debug/packet10g.o (__fixunsdfdi)
c:/altera/11.1/nios2eds/bin/gnu/h-i686-mingw32/bin/../lib/gcc/nios2-elf/4.1.2/mhw-mulx\libgcc.a(_floatdidf.o)
                              obj/Debug/packet10g.o (__floatdidf)
c:/altera/11.1/nios2eds/bin/gnu/h-i686-mingw32/bin/../lib/gcc/nios2-elf/4.1.2/mhw-mulx\libgcc.a(_floatundidf.o)
                              obj/Debug/c37dot94bert.o (__floatundidf)
c:/altera/11.1/nios2eds/bin/gnu/h-i686-mingw32/bin/../lib/gcc/nios2-elf/4.1.2/mhw-mulx\libgcc.a(_divdi3.o)
                              obj/Debug/packet10g.o (__divdi3)
c:/altera/11.1/nios2eds/bin/gnu/h-i686-mingw32/bin/../lib/gcc/nios2-elf/4.1.2/mhw-mulx\libgcc.a(_addsub_sf.o)
                              c:/altera/11.1/nios2eds/bin/gnu/h-i686-mingw32/bin/../lib/gcc/nios2-elf/4.1.2/mhw-mulx\libgcc.a(_fixunssfsi.o) (__subsf3)
c:/altera/11.1/nios2eds/bin/gnu/h-i686-mingw32/bin/../lib/gcc/nios2-elf/4.1.2/mhw-mulx\libgcc.a(_mul_sf.o)
                              obj/Debug/packet10g.o (__mulsf3)
c:/altera/11.1/nios2eds/bin/gnu/h-i686-mingw32/bin/../lib/gcc/nios2-elf/4.1.2/mhw-mulx\libgcc.a(_eq_sf.o)
                              obj/Debug/packet10g.o (__eqsf2)
c:/altera/11.1/nios2eds/bin/gnu/h-i686-mingw32/bin/../lib/gcc/nios2-elf/4.1.2/mhw-mulx\libgcc.a(_ge_sf.o)
                              c:/altera/11.1/nios2eds/bin/gnu/h-i686-mingw32/bin/../lib/gcc/nios2-elf/4.1.2/mhw-mulx\libgcc.a(_fixunssfsi.o) (__gesf2)
c:/altera/11.1/nios2eds/bin/gnu/h-i686-mingw32/bin/../lib/gcc/nios2-elf/4.1.2/mhw-mulx\libgcc.a(_sf_to_si.o)
                              obj/Debug/packet10g.o (__fixsfsi)
c:/altera/11.1/nios2eds/bin/gnu/h-i686-mingw32/bin/../lib/gcc/nios2-elf/4.1.2/mhw-mulx\libgcc.a(_sf_to_df.o)
                              obj/Debug/config10g.o (__extendsfdf2)
c:/altera/11.1/nios2eds/bin/gnu/h-i686-mingw32/bin/../lib/gcc/nios2-elf/4.1.2/mhw-mulx\libgcc.a(_thenan_sf.o)
                              c:/altera/11.1/nios2eds/bin/gnu/h-i686-mingw32/bin/../lib/gcc/nios2-elf/4.1.2/mhw-mulx\libgcc.a(_addsub_sf.o) (__thenan_sf)
c:/altera/11.1/nios2eds/bin/gnu/h-i686-mingw32/bin/../lib/gcc/nios2-elf/4.1.2/mhw-mulx\libgcc.a(_usi_to_sf.o)
                              obj/Debug/config10g.o (__floatunsisf)
c:/altera/11.1/nios2eds/bin/gnu/h-i686-mingw32/bin/../lib/gcc/nios2-elf/4.1.2/mhw-mulx\libgcc.a(_addsub_df.o)
                              c:/altera/11.1/nios2eds/bin/gnu/h-i686-mingw32/bin/../lib/gcc/nios2-elf/4.1.2/mhw-mulx\libgcc.a(_fixunsdfsi.o) (__subdf3)
c:/altera/11.1/nios2eds/bin/gnu/h-i686-mingw32/bin/../lib/gcc/nios2-elf/4.1.2/mhw-mulx\libgcc.a(_mul_df.o)
                              obj/Debug/config10g.o (__muldf3)
c:/altera/11.1/nios2eds/bin/gnu/h-i686-mingw32/bin/../lib/gcc/nios2-elf/4.1.2/mhw-mulx\libgcc.a(_div_df.o)
                              obj/Debug/c37dot94bert.o (__divdf3)
c:/altera/11.1/nios2eds/bin/gnu/h-i686-mingw32/bin/../lib/gcc/nios2-elf/4.1.2/mhw-mulx\libgcc.a(_gt_df.o)
                              obj/Debug/packet10g.o (__gtdf2)
c:/altera/11.1/nios2eds/bin/gnu/h-i686-mingw32/bin/../lib/gcc/nios2-elf/4.1.2/mhw-mulx\libgcc.a(_ge_df.o)
                              c:/altera/11.1/nios2eds/bin/gnu/h-i686-mingw32/bin/../lib/gcc/nios2-elf/4.1.2/mhw-mulx\libgcc.a(_fixunsdfsi.o) (__gedf2)
c:/altera/11.1/nios2eds/bin/gnu/h-i686-mingw32/bin/../lib/gcc/nios2-elf/4.1.2/mhw-mulx\libgcc.a(_si_to_df.o)
                              obj/Debug/main.o (__floatsidf)
c:/altera/11.1/nios2eds/bin/gnu/h-i686-mingw32/bin/../lib/gcc/nios2-elf/4.1.2/mhw-mulx\libgcc.a(_df_to_si.o)
                              obj/Debug/packet10g.o (__fixdfsi)
c:/altera/11.1/nios2eds/bin/gnu/h-i686-mingw32/bin/../lib/gcc/nios2-elf/4.1.2/mhw-mulx\libgcc.a(_make_df.o)
                              c:/altera/11.1/nios2eds/bin/gnu/h-i686-mingw32/bin/../lib/gcc/nios2-elf/4.1.2/mhw-mulx\libgcc.a(_sf_to_df.o) (__make_dp)
c:/altera/11.1/nios2eds/bin/gnu/h-i686-mingw32/bin/../lib/gcc/nios2-elf/4.1.2/mhw-mulx\libgcc.a(_df_to_sf.o)
                              obj/Debug/packet10g.o (__truncdfsf2)
c:/altera/11.1/nios2eds/bin/gnu/h-i686-mingw32/bin/../lib/gcc/nios2-elf/4.1.2/mhw-mulx\libgcc.a(_thenan_df.o)
[...]
Memory Configuration

Name             Origin             Length             Attributes
reset            0x00000000         0x00000020
epcs_flash_controller_0 0x00000020         0x000007e0
onchip_mem_BEFORE_EXCEPTION 0x00080000         0x00000020
onchip_mem       0x00080020         0x00049fe0
*default*        0x00000000         0xffffffff

Linker script and memory map

LOAD ../GIGLE10_bsp/obj/HAL/src/crt0.o
LOAD obj/Debug/alt_2_wire.o
LOAD obj/Debug/c37dot94.o
LOAD obj/Debug/c37dot94_task.o
LOAD obj/Debug/c37dot94bert.o
LOAD obj/Debug/cfg10_hw.o
LOAD obj/Debug/cfg_c37.o
LOAD obj/Debug/cfg_frame.o
LOAD obj/Debug/cfg_hw.o
LOAD obj/Debug/config.o
LOAD obj/Debug/config10g.o
LOAD obj/Debug/config_multistream.o
LOAD obj/Debug/flash.o
LOAD obj/Debug/functions.o
LOAD obj/Debug/gui_link.o
LOAD obj/Debug/helpers.o
LOAD obj/Debug/init.o
LOAD obj/Debug/intr.o
LOAD obj/Debug/link_task.o
LOAD obj/Debug/loopback.o
LOAD obj/Debug/main.o
LOAD obj/Debug/onesec_alrm.o
LOAD obj/Debug/packet10g.o
LOAD obj/Debug/results.o
LOAD obj/Debug/sfp.o
LOAD obj/Debug/status.o
LOAD obj/Debug/update_headers.o
LOAD c:/altera/11.1/nios2eds/bin/gnu/h-i686-mingw32/bin/../lib/gcc/nios2-elf/4.1.2/../../../../nios2-elf/lib/mhw-mulx\libstdc++.a
LOAD c:/altera/11.1/nios2eds/bin/gnu/h-i686-mingw32/bin/../lib/gcc/nios2-elf/4.1.2/../../../../nios2-elf/lib/mhw-mulx\libm.a
LOAD c:/altera/11.1/nios2eds/bin/gnu/h-i686-mingw32/bin/../lib/gcc/nios2-elf/4.1.2/mhw-mulx\libgcc.a
START GROUP
LOAD c:/altera/11.1/nios2eds/bin/gnu/h-i686-mingw32/bin/../lib/gcc/nios2-elf/4.1.2/../../../../nios2-elf/lib/mhw-mulx\libc.a
LOAD c:/altera/11.1/nios2eds/bin/gnu/h-i686-mingw32/bin/../lib/gcc/nios2-elf/4.1.2/mhw-mulx\libgcc.a
LOAD ../GIGLE10_bsp\libucosii_bsp.a
END GROUP
LOAD c:/altera/11.1/nios2eds/bin/gnu/h-i686-mingw32/bin/../lib/gcc/nios2-elf/4.1.2/mhw-mulx\libgcc.a
                0x00000000                __alt_mem_epcs_flash_controller_0 = 0x0
                0x00080000                __alt_mem_onchip_mem = 0x80000

.entry          0x00000000        0x0
 *(.entry)
 .entry         0x00000000        0x0 ../GIGLE10_bsp/obj/HAL/src/crt0.o
                0x00000000                __reset

.exceptions     0x00080020      0x168
                0x00080020                PROVIDE (__ram_exceptions_start, ABSOLUTE (.))
                0x00080020                . = ALIGN (0x20)
 *(.irq)
 *(.exceptions.entry.label)
 .exceptions.entry.label
                0x00080020        0x0 ../GIGLE10_bsp\libucosii_bsp.a(alt_irq_entry.o)
                0x00080020                alt_irq_entry
 .exceptions.entry.label
                0x00080020        0x0 ../GIGLE10_bsp\libucosii_bsp.a(alt_exception_entry.o)
                0x00080020                alt_exception
 *(.exceptions.entry.user)
 *(.exceptions.entry)
 .exceptions.entry
                0x00080020       0x54 ../GIGLE10_bsp\libucosii_bsp.a(alt_exception_entry.o)
 *(.exceptions.irqtest.user)
 *(.exceptions.irqtest)
 .exceptions.irqtest
                0x00080074       0x10 ../GIGLE10_bsp\libucosii_bsp.a(alt_irq_entry.o)
 *(.exceptions.irqhandler.user)
 *(.exceptions.irqhandler)
 .exceptions.irqhandler
                0x00080084        0x4 ../GIGLE10_bsp\libucosii_bsp.a(alt_irq_entry.o)
 *(.exceptions.irqreturn.user)
 *(.exceptions.irqreturn)
 .exceptions.irqreturn
                0x00080088        0x4 ../GIGLE10_bsp\libucosii_bsp.a(alt_irq_entry.o)
 *(.exceptions.notirq.label)
 .exceptions.notirq.label
                0x0008008c        0x0 ../GIGLE10_bsp\libucosii_bsp.a(alt_irq_entry.o)
 *(.exceptions.notirq.user)
 *(.exceptions.notirq)
 .exceptions.notirq
                0x0008008c        0x8 ../GIGLE10_bsp\libucosii_bsp.a(alt_exception_entry.o)
 *(.exceptions.soft.user)
 *(.exceptions.soft)
 *(.exceptions.unknown.user)
 *(.exceptions.unknown)
 .exceptions.unknown
                0x00080094        0x4 ../GIGLE10_bsp\libucosii_bsp.a(alt_exception_entry.o)
 *(.exceptions.exit.label)
 .exceptions.exit.label
                0x00080098        0x0 ../GIGLE10_bsp\libucosii_bsp.a(alt_irq_entry.o)
 .exceptions.exit.label
                0x00080098        0x0 ../GIGLE10_bsp\libucosii_bsp.a(alt_exception_entry.o)
 *(.exceptions.exit.user)
 *(.exceptions.exit)
 .exceptions.exit
                0x00080098       0x54 ../GIGLE10_bsp\libucosii_bsp.a(alt_exception_entry.o)
 *(.exceptions)
 .exceptions    0x000800ec       0x9c ../GIGLE10_bsp\libucosii_bsp.a(alt_irq_handler.o)
                0x000800ec                alt_irq_handler
                0x00080188                PROVIDE (__ram_exceptions_end, ABSOLUTE (.))
                0x00080020                PROVIDE (__flash_exceptions_start, LOADADDR (.exceptions))

.text           0x00080188    0x2bb48
                0x00080188                PROVIDE (stext, ABSOLUTE (.))
 *(.interp)
 *(.hash)
 *(.dynsym)
 *(.dynstr)
 *(.gnu.version)
 *(.gnu.version_d)
 *(.gnu.version_r)
 *(.rel.init)
 *(.rela.init)
 *(.rel.text .rel.text.* .rel.gnu.linkonce.t.*)
 *(.rela.text .rela.text.* .rela.gnu.linkonce.t.*)
 *(.rel.fini)
 *(.rela.fini)
 *(.rel.rodata .rel.rodata.* .rel.gnu.linkonce.r.*)
 *(.rela.rodata .rela.rodata.* .rela.gnu.linkonce.r.*)
 *(.rel.data .rel.data.* .rel.gnu.linkonce.d.*)
 *(.rela.data .rela.data.* .rela.gnu.linkonce.d.*)
 *(.rel.tdata .rel.tdata.* .rel.gnu.linkonce.td.*)
 *(.rela.tdata .rela.tdata.* .rela.gnu.linkonce.td.*)
 *(.rel.tbss .rel.tbss.* .rel.gnu.linkonce.tb.*)
 *(.rela.tbss .rela.tbss.* .rela.gnu.linkonce.tb.*)
 *(.rel.ctors)
 *(.rela.ctors)
 *(.rel.dtors)
 *(.rela.dtors)
 *(.rel.got)
 *(.rela.got)
 *(.rel.sdata .rel.sdata.* .rel.gnu.linkonce.s.*)
 *(.rela.sdata .rela.sdata.* .rela.gnu.linkonce.s.*)
 *(.rel.sbss .rel.sbss.* .rel.gnu.linkonce.sb.*)
 *(.rela.sbss .rela.sbss.* .rela.gnu.linkonce.sb.*)
 *(.rel.sdata2 .rel.sdata2.* .rel.gnu.linkonce.s2.*)
 *(.rela.sdata2 .rela.sdata2.* .rela.gnu.linkonce.s2.*)
 *(.rel.sbss2 .rel.sbss2.* .rel.gnu.linkonce.sb2.*)
 *(.rela.sbss2 .rela.sbss2.* .rela.gnu.linkonce.sb2.*)
 *(.rel.bss .rel.bss.* .rel.gnu.linkonce.b.*)
 *(.rela.bss .rela.bss.* .rela.gnu.linkonce.b.*)
 *(.rel.plt)
 *(.rela.plt)
 *(.rel.dyn)
 *(.init)
 *(.plt)
 *(.text .stub .text.* .gnu.linkonce.t.*)
 .text          0x00080188       0x38 ../GIGLE10_bsp/obj/HAL/src/crt0.o
                0x00080188                _start
 .text          0x000801c0      0x5d0 obj/Debug/alt_2_wire.o
                0x000801cc                alt_2_wireInit_B
                0x000801d0                alt_2_wireInit_A
                0x00080280                alt_2_wireStop_B
                0x000802cc                alt_2_wireReadByte_B
                0x000803c4                alt_2_wireTransmitByte_B
                0x00080444                alt_2_wireSendByte_B
                0x000804d0                alt_2_wireStart_B
                0x0008051c                alt_2_wireStop_A
                0x00080568                alt_2_wireReadByte_A
                0x00080660                alt_2_wireTransmitByte_A
                0x000806e0                alt_2_wireSendByte_A
                0x0008076c                alt_2_wireStart_A
 .text          0x00080790      0x6b8 obj/Debug/c37dot94.o
                0x00080790                dump_C3794_status
                0x00080870                verify_register
                0x000808a4                wait_for_C3794_clk
                0x00080998                gate_C3794_blocks
                0x000809b8                reset_C3794_blocks
                0x000809e8                clear_C3794_counters
                0x00080a1c                set_RCV_N_CHANNELS
                0x00080a2c                set_XMT_N_CHANNELS
                0x00080a3c                set_IDLE_code
                0x00080a4c                clear_register_bit
                0x00080a64                clear_far_end_loopback
                0x00080a70                clear_internal_loopback
                0x00080a7c                set_register_bit
                0x00080a90                set_far_end_loopback
                0x00080a9c                set_internal_loopback
                0x00080aa8                transition_register_bit
                0x00080ac8                write_ppm_offset
                0x00080b98                wait_for_rcv_clock_locked
                0x00080cf0                wait_for_LOS_GOOD
 .text          0x00080e48      0x204 obj/Debug/c37dot94_task.o
                0x00080e48                init_c37dot94
                0x00080ed4                issue_UI_command
                0x00080eec                init_debug_test
                0x00080f44                c37dot94_task
 .text          0x0008104c      0x6f4 obj/Debug/c37dot94bert.o
                0x0008104c                stop_BERT_test
                0x00081058                start_BERT_test
                0x00081064                load_test_pattern
                0x00081070                Insert_BERT_biterror
                0x0008107c                read_C3794_BERT_counts
                0x00081154                restart_bert
                0x000811b0                process_bert_sync
                0x000812bc                set_C3794_BER
                0x000812e0                Invert_BERT_pattern
                0x00081330                set_test_pattern
                0x00081400                run_C3794_BERT_test3
                0x000814f0                run_C3794_BERT_test2
                0x000815b8                run_C3794_BERT_test1
 .text          0x00081740     0x160c obj/Debug/cfg10_hw.o
                0x00081740                config_hardware10G
 .text          0x00082d4c      0x2a0 obj/Debug/cfg_c37.o
                0x00082d4c                config_c37_hw
 .text          0x00082fec        0x4 obj/Debug/cfg_frame.o
                0x00082fec                config_frame_structure
 .text          0x00082ff0     0x24d0 obj/Debug/cfg_hw.o
                0x00082ff0                config_hardware
 .text          0x000854c0     0x14dc obj/Debug/config.o
                0x000854c0                set_TxClkB_speed
                0x000854ec                set_TxClkA_speed
                0x00085518                tseMacReset
                0x00085534                wait_for_tseMacReset
                0x00085548                tseMacWriteCommandConfigAndReset
                0x00085614                configure_tse_mac
                0x00085a50                configure_TxClkB_speed
                0x00085ad8                configure_TxClkA_speed
                0x00085b60                configure_phyb_fiber
                0x00085d14                configure_phya_fiber
                0x00085ea0                exit_100FX_operation
                0x00085ebc                configure_100FX_operation
                0x00085fb0                configure_tse1_to_phyb
                0x00086028                configure_tse0_to_phya
                0x000860a0                configure_phy_rx_aligned_timing
                0x000860d4                configure_phyb_copper
                0x00086458                configure_phya_copper
                0x000867dc                configure_phy_rx_delay_timing
                0x00086810                restart_fiber_auto_negotiation
                0x00086834                restart_copper_auto_negotiation
                0x00086858                copper_power_down
                0x00086878                fiber_power_down
                0x00086898                select_copper_operation
                0x00086910                select_fiber_operation
                0x00086988                set_10G_clock_source
 .text          0x0008699c     0x1c18 obj/Debug/config10g.o
                0x0008699c                sfp_B_read_10G_block_into_Array
                0x000869a0                read_10GMAC_64bit_stats
                0x00086a20                clear_reset_10GMAC_FIFOS
                0x00086a40                set_reset_10GMAC_FIFOS
                0x00086a64                set_10G_MAC_line_loopback
                0x00086a90                enable_PHY_clock
                0x00086ad8                set_10G_PHY_reset
                0x00086b20                read_ext_10G_phy
                0x00086b4c                sfp_A_read_10G_block_into_Array
                0x00086c60                read_10G_sfp_power
                0x00086d34                write_ext_10G_phy
                0x00086d60                issue_10G_phy_I2C_stop_seq
                0x00086df0                reset_10G_MAC_FIFOS
                0x00086e48                set_10G_MAC_self_loopback
                0x00086e84                read_10G_sfp_info
                0x00086f00                CLR_10G_MAC_STATS
                0x00086f48                dump_MAC_settings
                0x00087124                SET_10G_MAC_TX_ADDR
                0x00087150                SET_10G_MAC_RX_ADDR
                0x0008717c                init_10G_SC_FIFO
                0x000871e8                XAUI_SERIAL_SELFLPBK
                0x0008726c                init_10G_xaui
                0x00087484                loopback_pma_sys_10G_external_phy
                0x0008751c                loopback_xgxs_sys_10G_external_phy
                0x000875b4                sfp10G_transmit_laser
                0x00087660                config_10G_external_phy
                0x0008777c                read_10G_MAC_Stats
                0x00087f50                init_10G_MAC
                0x000881d4                init_10G_external_phy
 .text          0x000885b4       0x98 obj/Debug/config_multistream.o
                0x000885b4                config_multistream
 .text          0x0008864c      0xc08 obj/Debug/flash.o
                0x0008864c                save_systemvars_to_flashparameters
                0x0008874c                load_flashparameters_into_systemvars
                0x000888e0                read_flash_qtx_block_and_write_phy
                0x00088b38                write_flash_parameter_block
                0x00088cf8                read_flash_parameters
                0x00088e78                read_flash_qtx_block
                0x00089014                erase_flash_block
 .text          0x00089254      0x1b8 obj/Debug/functions.o
                0x00089254                BytesToLong
                0x00089288                BytesToInt
                0x000892a8                SaveBytesLong
                0x000892d0                SaveBytesInt
                0x000892e8                CalcChecksum
                0x00089324                read_traffic_reg
                0x0008934c                _putchar
                0x000893e4                write_traffic_reg
 .text          0x0008940c     0x1384 obj/Debug/gui_link.o
                0x0008940c                config_gui_link
 .text          0x0008a790      0x38c obj/Debug/helpers.o
                0x0008a790                littleEndianizeWord
                0x0008a7bc                bigEndianizeWord
                0x0008a7e8                convertHexToString
                0x0008a8c8                stripLeadingHex
                0x0008a914                validateHexString
                0x0008a9b8                convertStringToHex
 .text          0x0008ab1c      0x6d8 obj/Debug/init.o
                0x0008ab1c                init_gige
 .text          0x0008b1f4     0x1d40 obj/Debug/intr.o
                0x0008b1f4                handle_sfp_ISR
                0x0008b31c                timer1_ISR
                0x0008b3c8                serial_ISR
                0x0008b70c                handle_aggr_ISR
 .text          0x0008cf34       0xa0 obj/Debug/link_task.o
                0x0008cf34                link_task
 .text          0x0008cfd4     0x14c4 obj/Debug/loopback.o
                0x0008cfd4                EXIT_LOOPBACK
                0x0008d39c                ENTER_LOOPBACK
                0x0008d750                loopback_event_processing
                0x0008d940                SEND_HELLO_PACKET
                0x0008de30                SEND_LOOPBACK_PACKET
 .text          0x0008e498     0x1628 obj/Debug/main.o
                0x0008e498                main
                0x0008e574                GET_EMIX_AVG_PKTLEN
                0x0008e9c4                SET_LINE_LOAD_RATE
                0x0008ebe4                SET_GEN_PACKET_LENGTH
                0x0008ecc4                SET_TEST_PARAMS
                0x0008edd0                CONFIGURE_TEST_STREAMS
                0x0008eedc                main_task
 .text          0x0008fac0      0x548 obj/Debug/onesec_alrm.o
                0x0008fac0                update_history
                0x0008fb24                process_alarms_events
                0x0008fc38                update_alarms_event_status
                0x0008fc50                process_bert_errors
                0x0008fd9c                handle_one_sec_alarm
 .text          0x00090008     0x5394 obj/Debug/packet10g.o
                0x00090008                clearTotalResults
                0x00090134                set_num_test_packets_by_secs_precision
                0x0009031c                StartTest
                0x00090418                set_num_test_packets_by_secs
                0x000906e4                Write_Mon_Mask
                0x0009083c                DISABLE_MON_MASK
                0x0009084c                SET_MON_IP_ADDR_BY_STREAM
                0x00090b2c                DEBUG_MON_ERRMSG
                0x00090bfc                DUMP_GEN_HDRS_BY_STREAM
                0x00090dd8                DUMP_MON_MASK_BY_STREAM
                0x00090fc0                DUMP_MON_HDRS_BY_STREAM
                0x000911ec                DUMP_GEN_CONFIGS
                0x00091288                SET_EMIX_OFFSET
                0x00091314                SETMON_MAC_SOURCE_DEST_ADDR
                0x000913bc                SET_TRAFFIC_GEN_GBLCONFIG
                0x00091444                DBG_MON_STATS
                0x00091834                SET_GEN_EMIX_BY_STREAM
                0x00091d54                CLR_MON_HEADER_BY_STREAM
                0x00091d70                CLR_GEN_HEADER_BY_STREAM
                0x00091d8c                CLR_GEN_MON_HDRS_BY_STREAM
                0x00091db4                CLR_MON_MASK_BY_STREAM
                0x00091dd0                SET_MON_BY_STREAM
                0x00091e40                SETMON_CLEAR_CNTS_AND_START
                0x00091e7c                SETMON_START
                0x00091eb8                SETMON_STOP
                0x00091ee8                SETMON_TOTALNUMPKTS
                0x00091f3c                SETGEN_TSEMAC_SOURCE_ADDR
                0x00091fb8                SETGEN_TSEMAC_DEST_ADDR
                0x00092034                SETMON_MAC_DEST_ADDR
                0x000920b0                SETMON_TSEMAC_SOURCE_ADDR
                0x0009212c                SETMONHDR_10GMAC_DEST_ADDR
                0x000921d4                SETGENMONHDR_10GMAC_SOURCE_ADDR
                0x00092280                SETGENMONHDR_10GMAC_DEST_ADDR
                0x000922f4                SET_GENMON_MAC_ADDR_BY_STREAM
                0x00092398                Write_Gen_Traffic
                0x00092518                SETMON_L2_HEADER_MASK_MACFRAME
                0x00092560                SET_GEN_MON_TO_STREAM
                0x0009257c                DEBUG_MON_STAT_BY_STREAM
                0x00092604                DEBUG_GEN_MSG
                0x00092670                CLRGEN_STOP
                0x00092680                SETGEN_STOP
                0x00092694                SETGEN_START
                0x000926c4                SETGEN_STREAM_NUMPKTS
                0x000926ec                SET_NUMPKTS_BY_STREAM
                0x0009279c                SETGEN_TRAFFIC_GENMON_RNDSEED_BY_STREAM
                0x00092800                SET_GEN_MON_TEST_BY_STREAM
                0x00092f74                SETGEN_TRAFFIC_GEN_PKTPERCENT
                0x00093040                set_generator_tse_load
                0x00093350                SET_FPSLOAD_BY_STREAM
                0x00093358                GetTotalResults
                0x000938e8                read_mon_status
                0x000947a8                test_complete
                0x000949d8                wait_for_packets
                0x000951e8                collect_TSE_MAC_test_stats
                0x00095204                collect_10G_MAC_test_stats
                0x0009521c                run_packet_test
 .text          0x0009539c      0xe94 obj/Debug/results.o
                0x0009539c                getEtherStatsOctets_64
                0x00095424                getOctetsReceivedOK_64
                0x000954ac                getOctetsTransmittedOK_64
                0x00095534                read_tse_stat_counters_debug
                0x00095934                read_tse_stat_counters
                0x000961b0                snap_tse_a_frame_counters
 .text          0x00096230      0x864 obj/Debug/sfp.o
                0x00096230                sfp_B_read_block_into_Array
                0x00096308                sfp_read_field_B
                0x000963a8                sfp_A_read_block_into_Array
                0x00096480                read_sfp_info
                0x00096530                read_sfp_name
                0x00096600                sfp_read_field_A
                0x000966a0                sfp_reg_read_one_byte
                0x00096750                read_sfp_power
                0x000968ec                sfp_reg_write_diag_word
                0x0009697c                sfp_reg_write_diag_byte
                0x000969fc                sfp_transmit_laser
 .text          0x00096a94      0x838 obj/Debug/status.o
                0x00096a94                set_PortB_LED
                0x00096acc                set_PortA_LED
                0x00096b04                update_link_actv_leds
                0x00096b70                read_phy_operating_mode
                0x00096d28                read_phy_operating_mode_printf
                0x00097228                read_10G_phy_operating_mode
 .text          0x000972cc     0x1f58 obj/Debug/update_headers.o
                0x000972cc                update_headers
 .text          0x00099224      0x10c c:/altera/11.1/nios2eds/bin/gnu/h-i686-mingw32/bin/../lib/gcc/nios2-elf/4.1.2/../../../../nios2-elf/lib/mhw-mulx\libm.a(lib_a-s_round.o)
                0x00099224                round
 .text          0x00099330       0x70 c:/altera/11.1/nios2eds/bin/gnu/h-i686-mingw32/bin/../lib/gcc/nios2-elf/4.1.2/mhw-mulx\libgcc.a(_fixunssfsi.o)
                0x00099330                __fixunssfsi
 .text          0x000993a0       0xa4 c:/altera/11.1/nios2eds/bin/gnu/h-i686-mingw32/bin/../lib/gcc/nios2-elf/4.1.2/mhw-mulx\libgcc.a(_fixunsdfsi.o)
                0x000993a0                __fixunsdfsi
 .text          0x00099444       0xbc c:/altera/11.1/nios2eds/bin/gnu/h-i686-mingw32/bin/../lib/gcc/nios2-elf/4.1.2/mhw-mulx\libgcc.a(_fixunsdfdi.o)
                0x00099444                __fixunsdfdi
 .text          0x00099500       0x88 c:/altera/11.1/nios2eds/bin/gnu/h-i686-mingw32/bin/../lib/gcc/nios2-elf/4.1.2/mhw-mulx\libgcc.a(_floatdidf.o)
                0x00099500                __floatdidf
 .text          0x00099588       0x88 c:/altera/11.1/nios2eds/bin/gnu/h-i686-mingw32/bin/../lib/gcc/nios2-elf/4.1.2/mhw-mulx\libgcc.a(_floatundidf.o)
                0x00099588                __floatundidf
 .text          0x00099610      0x680 c:/altera/11.1/nios2eds/bin/gnu/h-i686-mingw32/bin/../lib/gcc/nios2-elf/4.1.2/mhw-mulx\libgcc.a(_divdi3.o)
                0x00099610                __divdi3
 .text          0x00099c90      0x2b8 c:/altera/11.1/nios2eds/bin/gnu/h-i686-mingw32/bin/../lib/gcc/nios2-elf/4.1.2/mhw-mulx\libgcc.a(_addsub_sf.o)
                0x00099e74                __subsf3
                0x00099ee4                __addsf3
 .text          0x00099f48      0x1c8 c:/altera/11.1/nios2eds/bin/gnu/h-i686-mingw32/bin/../lib/gcc/nios2-elf/4.1.2/mhw-mulx\libgcc.a(_mul_sf.o)
                0x00099f48                __mulsf3
 .text          0x0009a110       0x78 c:/altera/11.1/nios2eds/bin/gnu/h-i686-mingw32/bin/../lib/gcc/nios2-elf/4.1.2/mhw-mulx\libgcc.a(_eq_sf.o)
                0x0009a110                __eqsf2
 .text          0x0009a188       0x78 c:/altera/11.1/nios2eds/bin/gnu/h-i686-mingw32/bin/../lib/gcc/nios2-elf/4.1.2/mhw-mulx\libgcc.a(_ge_sf.o)
                0x0009a188                __gesf2
 .text          0x0009a200       0x94 c:/altera/11.1/nios2eds/bin/gnu/h-i686-mingw32/bin/../lib/gcc/nios2-elf/4.1.2/mhw-mulx\libgcc.a(_sf_to_si.o)
                0x0009a200                __fixsfsi
 .text          0x0009a294       0x54 c:/altera/11.1/nios2eds/bin/gnu/h-i686-mingw32/bin/../lib/gcc/nios2-elf/4.1.2/mhw-mulx\libgcc.a(_sf_to_df.o)
                0x0009a294                __extendsfdf2
 .text          0x0009a2e8        0x0 c:/altera/11.1/nios2eds/bin/gnu/h-i686-mingw32/bin/../lib/gcc/nios2-elf/4.1.2/mhw-mulx\libgcc.a(_thenan_sf.o)
 .text          0x0009a2e8       0xc0 c:/altera/11.1/nios2eds/bin/gnu/h-i686-mingw32/bin/../lib/gcc/nios2-elf/4.1.2/mhw-mulx\libgcc.a(_usi_to_sf.o)
                0x0009a2e8                __floatunsisf
 .text          0x0009a3a8      0x504 c:/altera/11.1/nios2eds/bin/gnu/h-i686-mingw32/bin/../lib/gcc/nios2-elf/4.1.2/mhw-mulx\libgcc.a(_addsub_df.o)
                0x0009a7b8                __subdf3
                0x0009a838                __adddf3
 .text          0x0009a8ac      0x3b4 c:/altera/11.1/nios2eds/bin/gnu/h-i686-mingw32/bin/../lib/gcc/nios2-elf/4.1.2/mhw-mulx\libgcc.a(_mul_df.o)
                0x0009a8ac                __muldf3
 .text          0x0009ac60      0x258 c:/altera/11.1/nios2eds/bin/gnu/h-i686-mingw32/bin/../lib/gcc/nios2-elf/4.1.2/mhw-mulx\libgcc.a(_div_df.o)
                0x0009ac60                __divdf3
 .text          0x0009aeb8       0x88 c:/altera/11.1/nios2eds/bin/gnu/h-i686-mingw32/bin/../lib/gcc/nios2-elf/4.1.2/mhw-mulx\libgcc.a(_gt_df.o)
                0x0009aeb8                __gtdf2
 .text          0x0009af40       0x88 c:/altera/11.1/nios2eds/bin/gnu/h-i686-mingw32/bin/../lib/gcc/nios2-elf/4.1.2/mhw-mulx\libgcc.a(_ge_df.o)
                0x0009af40                __gedf2
 .text          0x0009afc8       0xf8 c:/altera/11.1/nios2eds/bin/gnu/h-i686-mingw32/bin/../lib/gcc/nios2-elf/4.1.2/mhw-mulx\libgcc.a(_si_to_df.o)
                0x0009afc8                __floatsidf
 .text          0x0009b0c0       0xd8 c:/altera/11.1/nios2eds/bin/gnu/h-i686-mingw32/bin/../lib/gcc/nios2-elf/4.1.2/mhw-mulx\libgcc.a(_df_to_si.o)
                0x0009b0c0                __fixdfsi
 .text          0x0009b198       0x38 c:/altera/11.1/nios2eds/bin/gnu/h-i686-mingw32/bin/../lib/gcc/nios2-elf/4.1.2/mhw-mulx\libgcc.a(_make_df.o)
                0x0009b198                __make_dp
 .text          0x0009b1d0       0x74 c:/altera/11.1/nios2eds/bin/gnu/h-i686-mingw32/bin/../lib/gcc/nios2-elf/4.1.2/mhw-mulx\libgcc.a(_df_to_sf.o)
                0x0009b1d0                __truncdfsf2
 .text          0x0009b244        0x0 c:/altera/11.1/nios2eds/bin/gnu/h-i686-mingw32/bin/../lib/gcc/nios2-elf/4.1.2/mhw-mulx\libgcc.a(_thenan_df.o)
 .text          0x0009b244      0x194 c:/altera/11.1/nios2eds/bin/gnu/h-i686-mingw32/bin/../lib/gcc/nios2-elf/4.1.2/mhw-mulx\libgcc.a(_usi_to_df.o)
                0x0009b244                __floatunsidf
 .text          0x0009b3d8      0x14c c:/altera/11.1/nios2eds/bin/gnu/h-i686-mingw32/bin/../lib/gcc/nios2-elf/4.1.2/mhw-mulx\libgcc.a(lib2-divmod.o)
                0x0009b454                __divsi3
                0x0009b4b4                __modsi3
                0x0009b514                __udivsi3
                0x0009b51c                __umodsi3
 .text          0x0009b524        0x0 c:/altera/11.1/nios2eds/bin/gnu/h-i686-mingw32/bin/../lib/gcc/nios2-elf/4.1.2/mhw-mulx\libgcc.a(_clz.o)
 .text          0x0009b524       0x80 c:/altera/11.1/nios2eds/bin/gnu/h-i686-mingw32/bin/../lib/gcc/nios2-elf/4.1.2/mhw-mulx\libgcc.a(_clzsi2.o)
                0x0009b524                __clzsi2
 .text          0x0009b5a4      0x160 c:/altera/11.1/nios2eds/bin/gnu/h-i686-mingw32/bin/../lib/gcc/nios2-elf/4.1.2/mhw-mulx\libgcc.a(_pack_sf.o)
                0x0009b5a4                __pack_f
 .text          0x0009b704       0xc8 c:/altera/11.1/nios2eds/bin/gnu/h-i686-mingw32/bin/../lib/gcc/nios2-elf/4.1.2/mhw-mulx\libgcc.a(_unpack_sf.o)
                0x0009b704                __unpack_f
 .text          0x0009b7cc       0xa8 c:/altera/11.1/nios2eds/bin/gnu/h-i686-mingw32/bin/../lib/gcc/nios2-elf/4.1.2/mhw-mulx\libgcc.a(_fpcmp_parts_sf.o)
                0x0009b7cc                __fpcmp_parts_f
 .text          0x0009b874       0x2c c:/altera/11.1/nios2eds/bin/gnu/h-i686-mingw32/bin/../lib/gcc/nios2-elf/4.1.2/mhw-mulx\libgcc.a(_make_sf.o)
                0x0009b874                __make_fp
 .text          0x0009b8a0      0x314 c:/altera/11.1/nios2eds/bin/gnu/h-i686-mingw32/bin/../lib/gcc/nios2-elf/4.1.2/mhw-mulx\libgcc.a(_pack_df.o)
                0x0009b8a0                __pack_d
 .text          0x0009bbb4      0x138 c:/altera/11.1/nios2eds/bin/gnu/h-i686-mingw32/bin/../lib/gcc/nios2-elf/4.1.2/mhw-mulx\libgcc.a(_unpack_df.o)
                0x0009bbb4                __unpack_d
 .text          0x0009bcec       0xc8 c:/altera/11.1/nios2eds/bin/gnu/h-i686-mingw32/bin/../lib/gcc/nios2-elf/4.1.2/mhw-mulx\libgcc.a(_fpcmp_parts_df.o)
                0x0009bcec                __fpcmp_parts_d
 .text          0x0009bdb4       0x78 c:/altera/11.1/nios2eds/bin/gnu/h-i686-mingw32/bin/../lib/gcc/nios2-elf/4.1.2/../../../../nios2-elf/lib/mhw-mulx\libc.a(lib_a-printf.o)
                0x0009bdb4                printf
                0x0009bdf8                _printf_r
 .text          0x0009be2c       0x24 c:/altera/11.1/nios2eds/bin/gnu/h-i686-mingw32/bin/../lib/gcc/nios2-elf/4.1.2/../../../../nios2-elf/lib/mhw-mulx\libc.a(lib_a-putchar.o)
                0x0009be2c                putchar
                0x0009be48                _putchar_r
 .text          0x0009be50       0xb4 c:/altera/11.1/nios2eds/bin/gnu/h-i686-mingw32/bin/../lib/gcc/nios2-elf/4.1.2/../../../../nios2-elf/lib/mhw-mulx\libc.a(lib_a-puts.o)
                0x0009be50                _puts_r
                0x0009bef0                puts
 .text          0x0009bf04       0x74 c:/altera/11.1/nios2eds/bin/gnu/h-i686-mingw32/bin/../lib/gcc/nios2-elf/4.1.2/../../../../nios2-elf/lib/mhw-mulx\libc.a(lib_a-strlen.o)
                0x0009bf04                strlen
 .text          0x0009bf78       0xf0 c:/altera/11.1/nios2eds/bin/gnu/h-i686-mingw32/bin/../lib/gcc/nios2-elf/4.1.2/../../../../nios2-elf/lib/mhw-mulx\libc.a(lib_a-strncmp.o)
                0x0009bf78                strncmp
 .text          0x0009c068     0x1f28 c:/altera/11.1/nios2eds/bin/gnu/h-i686-mingw32/bin/../lib/gcc/nios2-elf/4.1.2/../../../../nios2-elf/lib/mhw-mulx\libc.a(lib_a-vfprintf.o)
                0x0009c0c0                ___vfprintf_internal_r
                0x0009df6c                __vfprintf_internal
 .text          0x0009df90      0x13c c:/altera/11.1/nios2eds/bin/gnu/h-i686-mingw32/bin/../lib/gcc/nios2-elf/4.1.2/../../../../nios2-elf/lib/mhw-mulx\libc.a(lib_a-wsetup.o)
                0x0009df90                __swsetup_r
 .text          0x0009e0cc     0x17cc c:/altera/11.1/nios2eds/bin/gnu/h-i686-mingw32/bin/../lib/gcc/nios2-elf/4.1.2/../../../../nios2-elf/lib/mhw-mulx\libc.a(lib_a-dtoa.o)
                0x0009e2e4                _dtoa_r
 .text          0x0009f898      0x230 c:/altera/11.1/nios2eds/bin/gnu/h-i686-mingw32/bin/../lib/gcc/nios2-elf/4.1.2/../../../../nios2-elf/lib/mhw-mulx\libc.a(lib_a-fflush.o)
                0x0009f898                _fflush_r
                0x0009fa94                fflush
 .text          0x0009fac8      0x2c0 c:/altera/11.1/nios2eds/bin/gnu/h-i686-mingw32/bin/../lib/gcc/nios2-elf/4.1.2/../../../../nios2-elf/lib/mhw-mulx\libc.a(lib_a-findfp.o)
                0x0009fb20                __sfp_lock_acquire
                0x0009fb24                __sfp_lock_release
                0x0009fb28                __sinit_lock_acquire
                0x0009fb2c                __sinit_lock_release
                0x0009fb30                __sinit
                0x0009fbe4                __fp_unlock_all
                0x0009fbfc                __fp_lock_all
                0x0009fc14                _cleanup_r
                0x0009fc20                _cleanup
                0x0009fc30                __sfmoreglue
                0x0009fc98                __sfp
 .text          0x0009fd88      0x440 c:/altera/11.1/nios2eds/bin/gnu/h-i686-mingw32/bin/../lib/gcc/nios2-elf/4.1.2/../../../../nios2-elf/lib/mhw-mulx\libc.a(lib_a-freer.o)
                0x0009fd88                _malloc_trim_r
                0x0009feb4                _free_r
 .text          0x000a01c8      0x49c c:/altera/11.1/nios2eds/bin/gnu/h-i686-mingw32/bin/../lib/gcc/nios2-elf/4.1.2/../../../../nios2-elf/lib/mhw-mulx\libc.a(lib_a-fvwrite.o)
                0x000a01c8                __sfvwrite_r
 .text          0x000a0664      0x180 c:/altera/11.1/nios2eds/bin/gnu/h-i686-mingw32/bin/../lib/gcc/nios2-elf/4.1.2/../../../../nios2-elf/lib/mhw-mulx\libc.a(lib_a-fwalk.o)
                0x000a0664                _fwalk_reent
                0x000a072c                _fwalk
 .text          0x000a07e4        0x0 c:/altera/11.1/nios2eds/bin/gnu/h-i686-mingw32/bin/../lib/gcc/nios2-elf/4.1.2/../../../../nios2-elf/lib/mhw-mulx\libc.a(lib_a-impure.o)
 .text          0x000a07e4       0xc4 c:/altera/11.1/nios2eds/bin/gnu/h-i686-mingw32/bin/../lib/gcc/nios2-elf/4.1.2/../../../../nios2-elf/lib/mhw-mulx\libc.a(lib_a-locale.o)
                0x000a07e4                __locale_charset
                0x000a07ec                _localeconv_r
                0x000a07f8                localeconv
                0x000a0808                _setlocale_r
                0x000a088c                setlocale
 .text          0x000a08a8      0x194 c:/altera/11.1/nios2eds/bin/gnu/h-i686-mingw32/bin/../lib/gcc/nios2-elf/4.1.2/../../../../nios2-elf/lib/mhw-mulx\libc.a(lib_a-makebuf.o)
                0x000a08a8                __smakebuf_r
 .text          0x000a0a3c      0x740 c:/altera/11.1/nios2eds/bin/gnu/h-i686-mingw32/bin/../lib/gcc/nios2-elf/4.1.2/../../../../nios2-elf/lib/mhw-mulx\libc.a(lib_a-mallocr.o)
                0x000a0a3c                _malloc_r
 .text          0x000a117c       0xe4 c:/altera/11.1/nios2eds/bin/gnu/h-i686-mingw32/bin/../lib/gcc/nios2-elf/4.1.2/../../../../nios2-elf/lib/mhw-mulx\libc.a(lib_a-memchr.o)
                0x000a117c                memchr
 .text          0x000a1260       0xa0 c:/altera/11.1/nios2eds/bin/gnu/h-i686-mingw32/bin/../lib/gcc/nios2-elf/4.1.2/../../../../nios2-elf/lib/mhw-mulx\libc.a(lib_a-memcpy.o)
                0x000a1260                memcpy
 .text          0x000a1300       0xe0 c:/altera/11.1/nios2eds/bin/gnu/h-i686-mingw32/bin/../lib/gcc/nios2-elf/4.1.2/../../../../nios2-elf/lib/mhw-mulx\libc.a(lib_a-memmove.o)
                0x000a1300                memmove
 .text          0x000a13e0       0x98 c:/altera/11.1/nios2eds/bin/gnu/h-i686-mingw32/bin/../lib/gcc/nios2-elf/4.1.2/../../../../nios2-elf/lib/mhw-mulx\libc.a(lib_a-memset.o)
                0x000a13e0                memset
 .text          0x000a1478      0xff4 c:/altera/11.1/nios2eds/bin/gnu/h-i686-mingw32/bin/../lib/gcc/nios2-elf/4.1.2/../../../../nios2-elf/lib/mhw-mulx\libc.a(lib_a-mprec.o)
                0x000a1478                _Bfree
                0x000a14a0                __hi0bits
                0x000a1510                __lo0bits
                0x000a15d4                __mcmp
                0x000a1634                __ulp
                0x000a16b4                __b2d
                0x000a17d4                __ratio
                0x000a1884                _mprec_log10
                0x000a1918                __copybits
                0x000a1970                __any_on
                0x000a19f8                _Balloc
                0x000a1ab4                __d2b
                0x000a1c30                __mdiff
                0x000a1dbc                __lshift
                0x000a1f08                __multiply
                0x000a20f0                __i2b
                0x000a212c                __multadd
                0x000a222c                __pow5mult
                0x000a234c                __s2b
 .text          0x000a246c      0x1ec c:/altera/11.1/nios2eds/bin/gnu/h-i686-mingw32/bin/../lib/gcc/nios2-elf/4.1.2/../../../../nios2-elf/lib/mhw-mulx\libc.a(lib_a-putc.o)
                0x000a246c                putc
                0x000a2570                _putc_r
 .text          0x000a2658      0x5f4 c:/altera/11.1/nios2eds/bin/gnu/h-i686-mingw32/bin/../lib/gcc/nios2-elf/4.1.2/../../../../nios2-elf/lib/mhw-mulx\libc.a(lib_a-reallocr.o)
                0x000a2658                _realloc_r
 .text          0x000a2c4c       0x40 c:/altera/11.1/nios2eds/bin/gnu/h-i686-mingw32/bin/../lib/gcc/nios2-elf/4.1.2/../../../../nios2-elf/lib/mhw-mulx\libc.a(lib_a-s_isinfd.o)
                0x000a2c4c                __isinfd
 .text          0x000a2c8c       0x30 c:/altera/11.1/nios2eds/bin/gnu/h-i686-mingw32/bin/../lib/gcc/nios2-elf/4.1.2/../../../../nios2-elf/lib/mhw-mulx\libc.a(lib_a-s_isnand.o)
                0x000a2c8c                __isnand
 .text          0x000a2cbc       0x70 c:/altera/11.1/nios2eds/bin/gnu/h-i686-mingw32/bin/../lib/gcc/nios2-elf/4.1.2/../../../../nios2-elf/lib/mhw-mulx\libc.a(lib_a-sbrkr.o)
                0x000a2cbc                _sbrk_r
 .text          0x000a2d2c      0x14c c:/altera/11.1/nios2eds/bin/gnu/h-i686-mingw32/bin/../lib/gcc/nios2-elf/4.1.2/../../../../nios2-elf/lib/mhw-mulx\libc.a(lib_a-stdio.o)
                0x000a2d2c                __sclose
                0x000a2d34                __sseek
                0x000a2d9c                __swrite
                0x000a2e18                __sread
 .text          0x000a2e78       0xbc c:/altera/11.1/nios2eds/bin/gnu/h-i686-mingw32/bin/../lib/gcc/nios2-elf/4.1.2/../../../../nios2-elf/lib/mhw-mulx\libc.a(lib_a-strcmp.o)
                0x000a2e78                strcmp
 .text          0x000a2f34      0x14c c:/altera/11.1/nios2eds/bin/gnu/h-i686-mingw32/bin/../lib/gcc/nios2-elf/4.1.2/../../../../nios2-elf/lib/mhw-mulx\libc.a(lib_a-wbuf.o)
                0x000a2f34                __swbuf_r
                0x000a3064                __swbuf
 .text          0x000a3080       0x78 c:/altera/11.1/nios2eds/bin/gnu/h-i686-mingw32/bin/../lib/gcc/nios2-elf/4.1.2/../../../../nios2-elf/lib/mhw-mulx\libc.a(lib_a-writer.o)
                0x000a3080                _write_r
 .text          0x000a30f8       0xb4 c:/altera/11.1/nios2eds/bin/gnu/h-i686-mingw32/bin/../lib/gcc/nios2-elf/4.1.2/../../../../nios2-elf/lib/mhw-mulx\libc.a(lib_a-callocr.o)
                0x000a30f8                _calloc_r
 .text          0x000a31ac       0x70 c:/altera/11.1/nios2eds/bin/gnu/h-i686-mingw32/bin/../lib/gcc/nios2-elf/4.1.2/../../../../nios2-elf/lib/mhw-mulx\libc.a(lib_a-closer.o)
                0x000a31ac                _close_r
 .text          0x000a321c      0x124 c:/altera/11.1/nios2eds/bin/gnu/h-i686-mingw32/bin/../lib/gcc/nios2-elf/4.1.2/../../../../nios2-elf/lib/mhw-mulx\libc.a(lib_a-fclose.o)
                0x000a321c                _fclose_r
                0x000a332c                fclose
 .text          0x000a3340       0x74 c:/altera/11.1/nios2eds/bin/gnu/h-i686-mingw32/bin/../lib/gcc/nios2-elf/4.1.2/../../../../nios2-elf/lib/mhw-mulx\libc.a(lib_a-fstatr.o)
                0x000a3340                _fstat_r
 .text          0x000a33b4        0x0 c:/altera/11.1/nios2eds/bin/gnu/h-i686-mingw32/bin/../lib/gcc/nios2-elf/4.1.2/../../../../nios2-elf/lib/mhw-mulx\libc.a(lib_a-int_errno.o)
 .text          0x000a33b4       0x70 c:/altera/11.1/nios2eds/bin/gnu/h-i686-mingw32/bin/../lib/gcc/nios2-elf/4.1.2/../../../../nios2-elf/lib/mhw-mulx\libc.a(lib_a-isattyr.o)
                0x000a33b4                _isatty_r
 .text          0x000a3424       0x78 c:/altera/11.1/nios2eds/bin/gnu/h-i686-mingw32/bin/../lib/gcc/nios2-elf/4.1.2/../../../../nios2-elf/lib/mhw-mulx\libc.a(lib_a-lseekr.o)
                0x000a3424                _lseek_r
 .text          0x000a349c       0x78 c:/altera/11.1/nios2eds/bin/gnu/h-i686-mingw32/bin/../lib/gcc/nios2-elf/4.1.2/../../../../nios2-elf/lib/mhw-mulx\libc.a(lib_a-readr.o)
                0x000a349c                _read_r
 .text          0x000a3514      0x5dc c:/altera/11.1/nios2eds/bin/gnu/h-i686-mingw32/bin/../lib/gcc/nios2-elf/4.1.2/mhw-mulx\libgcc.a(_udivdi3.o)
                0x000a3514                __udivdi3
 .text          0x000a3af0      0x5b0 c:/altera/11.1/nios2eds/bin/gnu/h-i686-mingw32/bin/../lib/gcc/nios2-elf/4.1.2/mhw-mulx\libgcc.a(_umoddi3.o)
                0x000a3af0                __umoddi3
 .text          0x000a40a0       0x88 c:/altera/11.1/nios2eds/bin/gnu/h-i686-mingw32/bin/../lib/gcc/nios2-elf/4.1.2/mhw-mulx\libgcc.a(_eq_df.o)
                0x000a40a0                __eqdf2
 .text          0x000a4128       0x88 c:/altera/11.1/nios2eds/bin/gnu/h-i686-mingw32/bin/../lib/gcc/nios2-elf/4.1.2/mhw-mulx\libgcc.a(_ne_df.o)
                0x000a4128                __nedf2
 .text          0x000a41b0       0x88 c:/altera/11.1/nios2eds/bin/gnu/h-i686-mingw32/bin/../lib/gcc/nios2-elf/4.1.2/mhw-mulx\libgcc.a(_lt_df.o)
                0x000a41b0                __ltdf2
 .text          0x000a4238       0x94 ../GIGLE10_bsp\libucosii_bsp.a(alt_alarm_start.o)
                0x000a4238                alt_alarm_start
 .text          0x000a42cc       0xf0 ../GIGLE10_bsp\libucosii_bsp.a(alt_close.o)
                0x000a42cc                close
 .text          0x000a43bc        0x4 ../GIGLE10_bsp\libucosii_bsp.a(alt_dcache_flush.o)
                0x000a43bc                alt_dcache_flush
 .text          0x000a43c0        0x8 ../GIGLE10_bsp\libucosii_bsp.a(alt_dev.o)
 .text          0x000a43c8        0x0 ../GIGLE10_bsp\libucosii_bsp.a(alt_errno.o)
 .text          0x000a43c8       0x60 ../GIGLE10_bsp\libucosii_bsp.a(alt_flash_dev.o)
                0x000a43c8                alt_flash_close_dev
                0x000a43dc                alt_flash_open_dev
 .text          0x000a4428       0x90 ../GIGLE10_bsp\libucosii_bsp.a(alt_fstat.o)
                0x000a4428                fstat
 .text          0x000a44b8       0x9c ../GIGLE10_bsp\libucosii_bsp.a(alt_iic.o)
                0x000a44b8                alt_ic_irq_enabled
                0x000a44d0                alt_ic_irq_enable
                0x000a4510                alt_ic_irq_disable
                0x000a4550                alt_ic_isr_register
 .text          0x000a4554       0x88 ../GIGLE10_bsp\libucosii_bsp.a(alt_iic_isr_register.o)
                0x000a4554                alt_iic_isr_register
 .text          0x000a45dc        0x0 ../GIGLE10_bsp\libucosii_bsp.a(alt_irq_entry.o)
 .text          0x000a45dc        0x0 ../GIGLE10_bsp\libucosii_bsp.a(alt_irq_handler.o)
 .text          0x000a45dc        0x0 ../GIGLE10_bsp\libucosii_bsp.a(alt_irq_vars.o)
 .text          0x000a45dc       0x84 ../GIGLE10_bsp\libucosii_bsp.a(alt_isatty.o)
                0x000a45dc                isatty
 .text          0x000a4660       0x9c ../GIGLE10_bsp\libucosii_bsp.a(alt_lseek.o)
                0x000a4660                lseek
 .text          0x000a46fc       0x98 ../GIGLE10_bsp\libucosii_bsp.a(alt_main.o)
                0x000a46fc                alt_main
 .text          0x000a4794      0x11c ../GIGLE10_bsp\libucosii_bsp.a(alt_read.o)
                0x000a4794                read
 .text          0x000a48b0       0x24 ../GIGLE10_bsp\libucosii_bsp.a(alt_release_fd.o)
                0x000a48b0                alt_release_fd
 .text          0x000a48d4       0x54 ../GIGLE10_bsp\libucosii_bsp.a(alt_sbrk.o)
                0x000a48d4                sbrk
 .text          0x000a4928       0xf4 ../GIGLE10_bsp\libucosii_bsp.a(alt_tick.o)
                0x000a4928                alt_alarm_stop
                0x000a495c                alt_tick
 .text          0x000a4a1c      0x168 ../GIGLE10_bsp\libucosii_bsp.a(alt_usleep.o)
                0x000a4a1c                usleep
 .text          0x000a4b84      0x118 ../GIGLE10_bsp\libucosii_bsp.a(alt_write.o)
                0x000a4b84                write
 .text          0x000a4c9c       0xb8 ../GIGLE10_bsp\libucosii_bsp.a(alt_env_lock.o)
                0x000a4c9c                __env_unlock
                0x000a4cc4                __env_lock
 .text          0x000a4d54      0x128 ../GIGLE10_bsp\libucosii_bsp.a(alt_malloc_lock.o)
                0x000a4d54                __malloc_unlock
                0x000a4db4                __malloc_lock
 .text          0x000a4e7c     0x12b4 ../GIGLE10_bsp\libucosii_bsp.a(os_core.o)
                0x000a4e7c                OSVersion
                0x000a4e84                OS_Dummy
                0x000a4e88                OS_EventTaskWait
                0x000a4f0c                OS_EventTaskWaitMulti
                0x000a4fb4                OS_EventTaskRemove
                0x000a5004                OS_EventTaskRemoveMulti
                0x000a5064                OS_EventTaskRdy
                0x000a5158                OS_EventWaitListInit
                0x000a5174                OS_MemClr
                0x000a5194                OS_MemCopy
                0x000a51f4                OS_StrCopy
                0x000a5228                OS_StrLen
                0x000a524c                OS_TaskStatStkChk
                0x000a52e0                OS_Sched
                0x000a537c                OSStart
                0x000a53d0                OSInit
                0x000a55ac                OSEventNameGet
                0x000a56d4                OSEventNameSet
                0x000a5810                OSEventPendMulti
                0x000a5b9c                OSIntEnter
                0x000a5bdc                OSIntExit
                0x000a5cac                OSSchedLock
                0x000a5cf4                OSSchedUnlock
                0x000a5d4c                OSStatInit
                0x000a5db0                OSTimeTick
                0x000a5ec4                OS_TaskIdle
                0x000a5ef8                OS_TaskStat
                0x000a5f94                OS_TCBInit
 .text          0x000a6130        0x4 ../GIGLE10_bsp\libucosii_bsp.a(os_dbg.o)
                0x000a6130                OSDebugInit
 .text          0x000a6134      0xe18 ../GIGLE10_bsp\libucosii_bsp.a(os_flag.o)
                0x000a61e8                OS_FlagUnlink
                0x000a62b8                OS_FlagInit
                0x000a6328                OSFlagQuery
                0x000a6390                OSFlagAccept
                0x000a6534                OSFlagCreate
                0x000a65c4                OSFlagDel
                0x000a6778                OSFlagNameGet
                0x000a6894                OSFlagNameSet
                0x000a69c0                OSFlagPend
                0x000a6d00                OSFlagPendGetFlagsRdy
                0x000a6d2c                OSFlagPost
 .text          0x000a6f4c      0x440 ../GIGLE10_bsp\libucosii_bsp.a(os_mem.o)
                0x000a6f4c                OS_MemInit
                0x000a6fb4                OSMemQuery
                0x000a7018                OSMemCreate
                0x000a70fc                OSMemGet
                0x000a7168                OSMemNameGet
                0x000a723c                OSMemNameSet
                0x000a7334                OSMemPut
 .text          0x000a738c      0xb24 ../GIGLE10_bsp\libucosii_bsp.a(os_q.o)
                0x000a738c                OS_QInit
                0x000a73dc                OSQQuery
                0x000a748c                OSQAccept
                0x000a753c                OSQCreate
                0x000a7644                OSQDel
                0x000a7830                OSQFlush
                0x000a7888                OSQPend
                0x000a7a4c                OSQPendAbort
                0x000a7b74                OSQPost
                0x000a7c50                OSQPostFront
                0x000a7d30                OSQPostOpt
 .text          0x000a7eb0      0x6f8 ../GIGLE10_bsp\libucosii_bsp.a(os_sem.o)
                0x000a7eb0                OSSemSet
                0x000a7f1c                OSSemAccept
                0x000a7f68                OSSemCreate
                0x000a8008                OSSemDel
                0x000a81ac                OSSemPend
                0x000a8354                OSSemPendAbort
                0x000a8480                OSSemPost
                0x000a8534                OSSemQuery
 .text          0x000a85a8     0x100c ../GIGLE10_bsp\libucosii_bsp.a(os_task.o)
                0x000a85a8                OS_TaskStkClr
                0x000a85d8                OSTaskQuery
                0x000a86dc                OSTaskChangePrio
                0x000a89b4                OSTaskCreate
                0x000a8adc                OSTaskCreateExt
                0x000a8c58                OSTaskDel
                0x000a8ed8                OSTaskDelReq
                0x000a8f90                OSTaskNameGet
                0x000a90dc                OSTaskNameSet
                0x000a922c                OSTaskResume
                0x000a9344                OSTaskStkChk
                0x000a9460                OSTaskSuspend
 .text          0x000a95b4      0x314 ../GIGLE10_bsp\libucosii_bsp.a(os_time.o)
                0x000a95b4                OSTimeSet
                0x000a95d8                OSTimeDly
                0x000a967c                OSTimeDlyHMSM
                0x000a97a0                OSTimeDlyResume
                0x000a98a4                OSTimeGet
 .text          0x000a98c8       0xd4 ../GIGLE10_bsp\libucosii_bsp.a(alt_sys_init.o)
                0x000a98c8                alt_irq_init
                0x000a98e8                alt_sys_init
 .text          0x000a999c      0x52c ../GIGLE10_bsp\libucosii_bsp.a(altera_avalon_epcs_flash_controller.o)
                0x000a999c                alt_epcs_flash_get_info
                0x000a99d4                alt_epcs_flash_read
                0x000a9a4c                alt_epcs_flash_write_block
                0x000a9b1c                alt_epcs_flash_write
                0x000a9cec                alt_epcs_flash_init
                0x000a9e58                alt_epcs_flash_erase_block
 .text          0x000a9ec8       0x3c ../GIGLE10_bsp\libucosii_bsp.a(altera_avalon_jtag_uart_fd.o)
                0x000a9ec8                altera_avalon_jtag_uart_ioctl_fd
                0x000a9ed4                altera_avalon_jtag_uart_close_fd
                0x000a9ee4                altera_avalon_jtag_uart_write_fd
                0x000a9ef4                altera_avalon_jtag_uart_read_fd
 .text          0x000a9f04      0x350 ../GIGLE10_bsp\libucosii_bsp.a(altera_avalon_jtag_uart_init.o)
                0x000a9f04                altera_avalon_jtag_uart_close
                0x000a9fec                altera_avalon_jtag_uart_init
 .text          0x000aa254       0x88 ../GIGLE10_bsp\libucosii_bsp.a(altera_avalon_jtag_uart_ioctl.o)
                0x000aa254                altera_avalon_jtag_uart_ioctl
 .text          0x000aa2dc      0x1c8 ../GIGLE10_bsp\libucosii_bsp.a(altera_avalon_jtag_uart_read.o)
                0x000aa2dc                altera_avalon_jtag_uart_read
 .text          0x000aa4a4      0x1d8 ../GIGLE10_bsp\libucosii_bsp.a(altera_avalon_jtag_uart_write.o)
                0x000aa4a4                altera_avalon_jtag_uart_write
 .text          0x000aa67c       0x8c ../GIGLE10_bsp\libucosii_bsp.a(altera_avalon_timer_sc.o)
                0x000aa67c                alt_avalon_timer_sc_init
 .text          0x000aa708       0x30 ../GIGLE10_bsp\libucosii_bsp.a(altera_avalon_uart_fd.o)
                0x000aa708                altera_avalon_uart_close_fd
                0x000aa718                altera_avalon_uart_write_fd
                0x000aa728                altera_avalon_uart_read_fd
 .text          0x000aa738      0x2b0 ../GIGLE10_bsp\libucosii_bsp.a(altera_avalon_uart_init.o)
                0x000aa738                altera_avalon_uart_close
                0x000aa928                altera_avalon_uart_init
 .text          0x000aa9e8      0x18c ../GIGLE10_bsp\libucosii_bsp.a(altera_avalon_uart_read.o)
                0x000aa9e8                altera_avalon_uart_read
 .text          0x000aab74      0x1ac ../GIGLE10_bsp\libucosii_bsp.a(altera_avalon_uart_write.o)
                0x000aab74                altera_avalon_uart_write
 .text          0x000aad20      0x320 ../GIGLE10_bsp\libucosii_bsp.a(epcs_commands.o)
                0x000aad20                epcs_read_device_id
                0x000aad70                epcs_read_electronic_signature
                0x000aadc4                epcs_write_enable
                0x000aadfc                epcs_read_status_register
                0x000aae44                epcs_sector_erase
                0x000aaeb0                epcs_write_buffer
                0x000aaf60                epcs_read_buffer
                0x000aafe8                epcs_write_status_register
 .text          0x000ab040       0x6c ../GIGLE10_bsp\libucosii_bsp.a(alt_busy_sleep.o)
                0x000ab040                alt_busy_sleep
 .text          0x000ab0ac       0x7c ../GIGLE10_bsp\libucosii_bsp.a(alt_dev_llist_insert.o)
                0x000ab0ac                alt_dev_llist_insert
 .text          0x000ab128        0x0 ../GIGLE10_bsp\libucosii_bsp.a(alt_exception_entry.o)
 .text          0x000ab128       0x94 ../GIGLE10_bsp\libucosii_bsp.a(alt_find_dev.o)
                0x000ab128                alt_find_dev
 .text          0x000ab1bc       0xfc ../GIGLE10_bsp\libucosii_bsp.a(alt_io_redirect.o)
                0x000ab22c                alt_io_redirect
 .text          0x000ab2b8      0x180 ../GIGLE10_bsp\libucosii_bsp.a(alt_open.o)
                0x000ab2b8                open
 .text          0x000ab438        0x8 ../GIGLE10_bsp\libucosii_bsp.a(altera_nios2_qsys_irq.o)
                0x000ab438                altera_nios2_qsys_irq_init
 .text          0x000ab440       0xd0 ../GIGLE10_bsp\libucosii_bsp.a(os_cpu_a.o)
                0x000ab440                OSCtxSw
                0x000ab440                OSIntCtxSw
                0x000ab4cc                OSStartHighRdy
                0x000ab4ec                OSStartTsk
 .text          0x000ab510      0x1f0 ../GIGLE10_bsp\libucosii_bsp.a(os_cpu_c.o)
                0x000ab510                OSTaskCreateHook
                0x000ab514                OSTaskDelHook
                0x000ab518                OSTaskSwHook
                0x000ab51c                OSTaskStatHook
                0x000ab520                OSTimeTickHook
                0x000ab524                OSInitHookBegin
                0x000ab528                OSInitHookEnd
                0x000ab52c                OSTaskIdleHook
                0x000ab530                OSTCBInitHook
                0x000ab534                OSTaskStkInit
 .text          0x000ab700      0x124 ../GIGLE10_bsp\libucosii_bsp.a(altera_avalon_spi.o)
                0x000ab700                alt_avalon_spi_command
 .text          0x000ab824       0xb0 ../GIGLE10_bsp\libucosii_bsp.a(alt_find_file.o)
                0x000ab824                alt_find_file
 .text          0x000ab8d4       0xe0 ../GIGLE10_bsp\libucosii_bsp.a(alt_get_fd.o)
                0x000ab8d4                alt_get_fd
 .text          0x000ab9b4       0x38 c:/altera/11.1/nios2eds/bin/gnu/h-i686-mingw32/bin/../lib/gcc/nios2-elf/4.1.2/../../../../nios2-elf/lib/mhw-mulx\libc.a(lib_a-exit.o)
                0x000ab9b4                exit
 .text          0x000ab9ec       0x74 c:/altera/11.1/nios2eds/bin/gnu/h-i686-mingw32/bin/../lib/gcc/nios2-elf/4.1.2/../../../../nios2-elf/lib/mhw-mulx\libc.a(lib_a-memcmp.o)
                0x000ab9ec                memcmp
 .text          0x000aba60      0x1b4 c:/altera/11.1/nios2eds/bin/gnu/h-i686-mingw32/bin/../lib/gcc/nios2-elf/4.1.2/../../../../nios2-elf/lib/mhw-mulx\libc.a(lib_a-__call_atexit.o)
                0x000aba64                __call_exitprocs
 .text          0x000abc14       0x20 ../GIGLE10_bsp\libucosii_bsp.a(alt_exit.o)
                0x000abc14                _exit
 *(.gnu.warning.*)
 *(.fini)
                0x000abc34                PROVIDE (__etext, ABSOLUTE (.))
                0x000abc34                PROVIDE (_etext, ABSOLUTE (.))
                0x000abc34                PROVIDE (etext, ABSOLUTE (.))
 *(.eh_frame_hdr)
                0x000abc34                . = ALIGN (0x4)
                0x000abc34                PROVIDE (__preinit_array_start, ABSOLUTE (.))
 *(.preinit_array)
                0x000abc34                PROVIDE (__preinit_array_end, ABSOLUTE (.))
                0x000abc34                PROVIDE (__init_array_start, ABSOLUTE (.))
 *(.init_array)
                0x000abc34                PROVIDE (__init_array_end, ABSOLUTE (.))
                0x000abc34                PROVIDE (__fini_array_start, ABSOLUTE (.))
 *(.fini_array)
                0x000abc34                PROVIDE (__fini_array_end, ABSOLUTE (.))
 *(.eh_frame)
 .eh_frame      0x000abc34       0x40 c:/altera/11.1/nios2eds/bin/gnu/h-i686-mingw32/bin/../lib/gcc/nios2-elf/4.1.2/mhw-mulx\libgcc.a(_divdi3.o)
 .eh_frame      0x000abc74       0x2c c:/altera/11.1/nios2eds/bin/gnu/h-i686-mingw32/bin/../lib/gcc/nios2-elf/4.1.2/mhw-mulx\libgcc.a(_udivdi3.o)
                                 0x40 (size before relaxing)
 .eh_frame      0x000abca0       0x2c c:/altera/11.1/nios2eds/bin/gnu/h-i686-mingw32/bin/../lib/gcc/nios2-elf/4.1.2/mhw-mulx\libgcc.a(_umoddi3.o)
                                 0x40 (size before relaxing)
 *(.gcc_except_table)
 *(.dynamic)
                0x000abccc                PROVIDE (__CTOR_LIST__, ABSOLUTE (.))
 *(.ctors)
 *(SORT(.ctors.*))
 .ctors.65535   0x000abccc        0x4 c:/altera/11.1/nios2eds/bin/gnu/h-i686-mingw32/bin/../lib/gcc/nios2-elf/4.1.2/../../../../nios2-elf/lib/mhw-mulx\libc.a(lib_a-__call_atexit.o)
                0x000abcd0                PROVIDE (__CTOR_END__, ABSOLUTE (.))
                0x000abcd0                PROVIDE (__DTOR_LIST__, ABSOLUTE (.))
 *(.dtors)
 *(SORT(.dtors.*))
                0x000abcd0                PROVIDE (__DTOR_END__, ABSOLUTE (.))
 *(.jcr)
                0x000abcd0                . = ALIGN (0x4)

.rodata         0x000abcd0     0x82e8
                0x000abcd0                PROVIDE (__ram_rodata_start, ABSOLUTE (.))
                0x000abcd0                . = ALIGN (0x4)
 *(.rodata .rodata.* .gnu.linkonce.r.*)
 .rodata.str1.4
                0x000abcd0      0x334 obj/Debug/c37dot94.o
                                0x348 (size before relaxing)
 .rodata.str1.4
                0x000ac004      0x18c obj/Debug/c37dot94_task.o
 .rodata.str1.4
                0x000ac190      0x226 obj/Debug/c37dot94bert.o
                                0x228 (size before relaxing)
 *fill*         0x000ac3b6        0x2 00
 .rodata        0x000ac3b8      0x1dc obj/Debug/c37dot94bert.o
 .rodata.str1.4
                0x000ac594      0xadc obj/Debug/cfg10_hw.o
                                0xb78 (size before relaxing)
 .rodata.str1.4
                0x000ad070       0x4f obj/Debug/cfg_c37.o
                                 0x50 (size before relaxing)
 *fill*         0x000ad0bf        0x1 00
 .rodata.str1.4
                0x000ad0c0      0xa9c obj/Debug/cfg_hw.o
                                0xf6c (size before relaxing)
 .rodata.str1.4
                0x000adb5c     0x1073 obj/Debug/config.o
                               0x1074 (size before relaxing)
 *fill*         0x000aebcf        0x1 00
 .rodata.str1.4
                0x000aebd0     0x12e1 obj/Debug/config10g.o
                               0x12f4 (size before relaxing)
 *fill*         0x000afeb1        0x3 00
 .rodata.str1.4
                0x000afeb4       0x41 obj/Debug/config_multistream.o
                                 0x44 (size before relaxing)
 *fill*         0x000afef5        0x3 00
 .rodata.str1.4
                0x000afef8      0x6b2 obj/Debug/flash.o
                                0x6b4 (size before relaxing)
 *fill*         0x000b05aa        0x2 00
 .rodata.str1.4
                0x000b05ac      0x599 obj/Debug/gui_link.o
                                0x5e8 (size before relaxing)
 *fill*         0x000b0b45        0x3 00
 .rodata.str1.4
                0x000b0b48        0x3 obj/Debug/helpers.o
                                  0x4 (size before relaxing)
 *fill*         0x000b0b4b        0x1 00
 .rodata.str1.4
                0x000b0b4c      0x100 obj/Debug/init.o
 .rodata.str1.4
                0x000b0c4c      0x35c obj/Debug/intr.o
 .rodata.str1.4
                0x000b0fa8       0x16 obj/Debug/link_task.o
                                 0x18 (size before relaxing)
 *fill*         0x000b0fbe        0x2 00
 .rodata.str1.4
                0x000b0fc0      0x339 obj/Debug/loopback.o
                                0x6b0 (size before relaxing)
 *fill*         0x000b12f9        0x3 00
 .rodata.str1.4
                0x000b12fc      0x623 obj/Debug/main.o
                                0x688 (size before relaxing)
 *fill*         0x000b191f        0x1 00
 .rodata.str1.4
                0x000b1920       0x64 obj/Debug/onesec_alrm.o
 .rodata.str1.4
                0x000b1984     0x159d obj/Debug/packet10g.o
                               0x15cc (size before relaxing)
 *fill*         0x000b2f21        0x3 00
 .rodata.str1.4
                0x000b2f24      0xa48 obj/Debug/results.o
 .rodata.str1.4
                0x000b396c       0x3e obj/Debug/sfp.o
                                 0x40 (size before relaxing)
 *fill*         0x000b39aa        0x2 00
 .rodata.str1.4
                0x000b39ac      0x19f obj/Debug/status.o
                                0x1a0 (size before relaxing)
 *fill*         0x000b3b4b        0x1 00
 .rodata        0x000b3b4c       0x10 c:/altera/11.1/nios2eds/bin/gnu/h-i686-mingw32/bin/../lib/gcc/nios2-elf/4.1.2/mhw-mulx\libgcc.a(_thenan_sf.o)
                0x000b3b4c                __thenan_sf
 .rodata        0x000b3b5c       0x14 c:/altera/11.1/nios2eds/bin/gnu/h-i686-mingw32/bin/../lib/gcc/nios2-elf/4.1.2/mhw-mulx\libgcc.a(_thenan_df.o)
                0x000b3b5c                __thenan_df
 .rodata        0x000b3b70      0x100 c:/altera/11.1/nios2eds/bin/gnu/h-i686-mingw32/bin/../lib/gcc/nios2-elf/4.1.2/mhw-mulx\libgcc.a(_clz.o)
                0x000b3b70                __clz_tab
 .rodata.str1.4
                0x00000000      0x19f c:/altera/11.1/nios2eds/bin/gnu/h-i686-mingw32/bin/../lib/gcc/nios2-elf/4.1.2/../../../../nios2-elf/lib/mhw-mulx\libc.a(lib_a-puts.o)
                                  0x4 (size before relaxing)
 .rodata.str1.4
                0x000b3c70       0x5e c:/altera/11.1/nios2eds/bin/gnu/h-i686-mingw32/bin/../lib/gcc/nios2-elf/4.1.2/../../../../nios2-elf/lib/mhw-mulx\libc.a(lib_a-vfprintf.o)
                                 0x60 (size before relaxing)
 .rodata        0x000b3cce       0x20 c:/altera/11.1/nios2eds/bin/gnu/h-i686-mingw32/bin/../lib/gcc/nios2-elf/4.1.2/../../../../nios2-elf/lib/mhw-mulx\libc.a(lib_a-vfprintf.o)
 *fill*         0x000b3cee        0x2 00
 .rodata.str1.4
                0x000b3cf0       0x10 c:/altera/11.1/nios2eds/bin/gnu/h-i686-mingw32/bin/../lib/gcc/nios2-elf/4.1.2/../../../../nios2-elf/lib/mhw-mulx\libc.a(lib_a-dtoa.o)
                                 0x14 (size before relaxing)
 .rodata.str1.4
                0x00000000       0x10 c:/altera/11.1/nios2eds/bin/gnu/h-i686-mingw32/bin/../lib/gcc/nios2-elf/4.1.2/../../../../nios2-elf/lib/mhw-mulx\libc.a(lib_a-impure.o)
                                  0x4 (size before relaxing)
 .rodata.str1.4
                0x000b3d00        0xb c:/altera/11.1/nios2eds/bin/gnu/h-i686-mingw32/bin/../lib/gcc/nios2-elf/4.1.2/../../../../nios2-elf/lib/mhw-mulx\libc.a(lib_a-locale.o)
                                 0x18 (size before relaxing)
 *fill*         0x000b3d0b        0x1 00
 .rodata        0x000b3d0c       0x30 c:/altera/11.1/nios2eds/bin/gnu/h-i686-mingw32/bin/../lib/gcc/nios2-elf/4.1.2/../../../../nios2-elf/lib/mhw-mulx\libc.a(lib_a-locale.o)
 .rodata        0x000b3d3c      0x124 c:/altera/11.1/nios2eds/bin/gnu/h-i686-mingw32/bin/../lib/gcc/nios2-elf/4.1.2/../../../../nios2-elf/lib/mhw-mulx\libc.a(lib_a-mprec.o)
                0x000b3d3c                __mprec_tens
                0x000b3e04                __mprec_bigtens
                0x000b3e2c                __mprec_tinytens
 .rodata.str1.4
                0x000b3e60        0xa ../GIGLE10_bsp\libucosii_bsp.a(alt_dev.o)
                                  0xc (size before relaxing)
 *fill*         0x000b3e6a        0x2 00
 .rodata.str1.4
                0x000b3e6c        0xf ../GIGLE10_bsp\libucosii_bsp.a(alt_main.o)
                                 0x10 (size before relaxing)
 *fill*         0x000b3e7b        0x1 00
 .rodata.str1.4
                0x000b3e7c       0x1e ../GIGLE10_bsp\libucosii_bsp.a(os_core.o)
                                 0x20 (size before relaxing)
 .rodata        0x000b3e9a      0x100 ../GIGLE10_bsp\libucosii_bsp.a(os_core.o)
                0x000b3e9a                OSUnMapTbl
 *fill*         0x000b3f9a        0x2 00
 .rodata.str1.4
                0x000b3f9c       0x1c ../GIGLE10_bsp\libucosii_bsp.a(alt_sys_init.o)
                                 0x4c (size before relaxing)
 .rodata.str1.4
                0x00000000        0x4 ../GIGLE10_bsp\libucosii_bsp.a(os_cpu_c.o)
 *(.rodata1)
                0x000b3fb8                . = ALIGN (0x4)
                0x000b3fb8                PROVIDE (__ram_rodata_end, ABSOLUTE (.))
                0x000abcd0                PROVIDE (__flash_rodata_start, LOADADDR (.rodata))

.rwdata         0x000b3fb8     0x23e0
                0x000b3fb8                PROVIDE (__ram_rwdata_start, ABSOLUTE (.))
                0x000b3fb8                . = ALIGN (0x4)
 *(.got.plt)
 *(.got)
 *(.data1)
 *(.data .data.* .gnu.linkonce.d.*)
 .data          0x000b3fb8        0x0 ../GIGLE10_bsp/obj/HAL/src/crt0.o
 .data          0x000b3fb8        0x0 obj/Debug/alt_2_wire.o
 .data          0x000b3fb8        0x0 obj/Debug/c37dot94.o
 .data          0x000b3fb8        0x0 obj/Debug/c37dot94_task.o
 .data          0x000b3fb8        0x0 obj/Debug/c37dot94bert.o
 .data          0x000b3fb8        0x0 obj/Debug/cfg10_hw.o
 .data          0x000b3fb8       0xcc obj/Debug/cfg_c37.o
                0x000b3fb8                bert_str
 .data          0x000b4084        0x0 obj/Debug/cfg_frame.o
 .data          0x000b4084        0x0 obj/Debug/cfg_hw.o
 .data          0x000b4084        0x0 obj/Debug/config.o
 .data          0x000b4084        0x0 obj/Debug/config10g.o
 .data          0x000b4084        0x0 obj/Debug/config_multistream.o
 .data          0x000b4084        0x0 obj/Debug/flash.o
 .data          0x000b4084        0x0 obj/Debug/functions.o
 .data          0x000b4084        0x0 obj/Debug/gui_link.o
 .data          0x000b4084        0x0 obj/Debug/helpers.o
 .data          0x000b4084        0x0 obj/Debug/init.o
 .data          0x000b4084        0x0 obj/Debug/intr.o
 .data          0x000b4084        0x0 obj/Debug/link_task.o
 .data          0x000b4084        0x0 obj/Debug/loopback.o
 .data          0x000b4084        0x0 obj/Debug/main.o
 .data          0x000b4084        0x0 obj/Debug/onesec_alrm.o
 .data          0x000b4084      0x280 obj/Debug/packet10g.o
                0x000b4084                TRAFFIC_GEN_HDR
                0x000b4104                TRAFFIC_MON_MASK
                0x000b4204                TRAFFIC_MON_HDR
 .data          0x000b4304        0x0 obj/Debug/results.o
 .data          0x000b4304        0x0 obj/Debug/sfp.o
 .data          0x000b4304        0x0 obj/Debug/status.o
 .data          0x000b4304        0x0 obj/Debug/update_headers.o
 .data          0x000b4304        0x0 c:/altera/11.1/nios2eds/bin/gnu/h-i686-mingw32/bin/../lib/gcc/nios2-elf/4.1.2/../../../../nios2-elf/lib/mhw-mulx\libm.a(lib_a-s_round.o)
 .data          0x000b4304        0x0 c:/altera/11.1/nios2eds/bin/gnu/h-i686-mingw32/bin/../lib/gcc/nios2-elf/4.1.2/mhw-mulx\libgcc.a(_fixunssfsi.o)
 .data          0x000b4304        0x0 c:/altera/11.1/nios2eds/bin/gnu/h-i686-mingw32/bin/../lib/gcc/nios2-elf/4.1.2/mhw-mulx\libgcc.a(_fixunsdfsi.o)
 .data          0x000b4304        0x0 c:/altera/11.1/nios2eds/bin/gnu/h-i686-mingw32/bin/../lib/gcc/nios2-elf/4.1.2/mhw-mulx\libgcc.a(_fixunsdfdi.o)
 .data          0x000b4304        0x0 c:/altera/11.1/nios2eds/bin/gnu/h-i686-mingw32/bin/../lib/gcc/nios2-elf/4.1.2/mhw-mulx\libgcc.a(_floatdidf.o)
 .data          0x000b4304        0x0 c:/altera/11.1/nios2eds/bin/gnu/h-i686-mingw32/bin/../lib/gcc/nios2-elf/4.1.2/mhw-mulx\libgcc.a(_floatundidf.o)
 .data          0x000b4304        0x0 c:/altera/11.1/nios2eds/bin/gnu/h-i686-mingw32/bin/../lib/gcc/nios2-elf/4.1.2/mhw-mulx\libgcc.a(_divdi3.o)
 .data          0x000b4304        0x0 c:/altera/11.1/nios2eds/bin/gnu/h-i686-mingw32/bin/../lib/gcc/nios2-elf/4.1.2/mhw-mulx\libgcc.a(_addsub_sf.o)
 .data          0x000b4304        0x0 c:/altera/11.1/nios2eds/bin/gnu/h-i686-mingw32/bin/../lib/gcc/nios2-elf/4.1.2/mhw-mulx\libgcc.a(_mul_sf.o)
 .data          0x000b4304        0x0 c:/altera/11.1/nios2eds/bin/gnu/h-i686-mingw32/bin/../lib/gcc/nios2-elf/4.1.2/mhw-mulx\libgcc.a(_eq_sf.o)
 .data          0x000b4304        0x0 c:/altera/11.1/nios2eds/bin/gnu/h-i686-mingw32/bin/../lib/gcc/nios2-elf/4.1.2/mhw-mulx\libgcc.a(_ge_sf.o)
 .data          0x000b4304        0x0 c:/altera/11.1/nios2eds/bin/gnu/h-i686-mingw32/bin/../lib/gcc/nios2-elf/4.1.2/mhw-mulx\libgcc.a(_sf_to_si.o)
 .data          0x000b4304        0x0 c:/altera/11.1/nios2eds/bin/gnu/h-i686-mingw32/bin/../lib/gcc/nios2-elf/4.1.2/mhw-mulx\libgcc.a(_sf_to_df.o)
 .data          0x000b4304        0x0 c:/altera/11.1/nios2eds/bin/gnu/h-i686-mingw32/bin/../lib/gcc/nios2-elf/4.1.2/mhw-mulx\libgcc.a(_thenan_sf.o)
 .data          0x000b4304        0x0 c:/altera/11.1/nios2eds/bin/gnu/h-i686-mingw32/bin/../lib/gcc/nios2-elf/4.1.2/mhw-mulx\libgcc.a(_usi_to_sf.o)
 .data          0x000b4304        0x0 c:/altera/11.1/nios2eds/bin/gnu/h-i686-mingw32/bin/../lib/gcc/nios2-elf/4.1.2/mhw-mulx\libgcc.a(_addsub_df.o)
 .data          0x000b4304        0x0 c:/altera/11.1/nios2eds/bin/gnu/h-i686-mingw32/bin/../lib/gcc/nios2-elf/4.1.2/mhw-mulx\libgcc.a(_mul_df.o)
 .data          0x000b4304        0x0 c:/altera/11.1/nios2eds/bin/gnu/h-i686-mingw32/bin/../lib/gcc/nios2-elf/4.1.2/mhw-mulx\libgcc.a(_div_df.o)
 .data          0x000b4304        0x0 c:/altera/11.1/nios2eds/bin/gnu/h-i686-mingw32/bin/../lib/gcc/nios2-elf/4.1.2/mhw-mulx\libgcc.a(_gt_df.o)
 .data          0x000b4304        0x0 c:/altera/11.1/nios2eds/bin/gnu/h-i686-mingw32/bin/../lib/gcc/nios2-elf/4.1.2/mhw-mulx\libgcc.a(_ge_df.o)
 .data          0x000b4304        0x0 c:/altera/11.1/nios2eds/bin/gnu/h-i686-mingw32/bin/../lib/gcc/nios2-elf/4.1.2/mhw-mulx\libgcc.a(_si_to_df.o)
 .data          0x000b4304        0x0 c:/altera/11.1/nios2eds/bin/gnu/h-i686-mingw32/bin/../lib/gcc/nios2-elf/4.1.2/mhw-mulx\libgcc.a(_df_to_si.o)
 .data          0x000b4304        0x0 c:/altera/11.1/nios2eds/bin/gnu/h-i686-mingw32/bin/../lib/gcc/nios2-elf/4.1.2/mhw-mulx\libgcc.a(_make_df.o)
 .data          0x000b4304        0x0 c:/altera/11.1/nios2eds/bin/gnu/h-i686-mingw32/bin/../lib/gcc/nios2-elf/4.1.2/mhw-mulx\libgcc.a(_df_to_sf.o)
 .data          0x000b4304        0x0 c:/altera/11.1/nios2eds/bin/gnu/h-i686-mingw32/bin/../lib/gcc/nios2-elf/4.1.2/mhw-mulx\libgcc.a(_thenan_df.o)
 .data          0x000b4304        0x0 c:/altera/11.1/nios2eds/bin/gnu/h-i686-mingw32/bin/../lib/gcc/nios2-elf/4.1.2/mhw-mulx\libgcc.a(_usi_to_df.o)
 .data          0x000b4304        0x0 c:/altera/11.1/nios2eds/bin/gnu/h-i686-mingw32/bin/../lib/gcc/nios2-elf/4.1.2/mhw-mulx\libgcc.a(lib2-divmod.o)
 .data          0x000b4304        0x0 c:/altera/11.1/nios2eds/bin/gnu/h-i686-mingw32/bin/../lib/gcc/nios2-elf/4.1.2/mhw-mulx\libgcc.a(_clz.o)
 .data          0x000b4304        0x0 c:/altera/11.1/nios2eds/bin/gnu/h-i686-mingw32/bin/../lib/gcc/nios2-elf/4.1.2/mhw-mulx\libgcc.a(_clzsi2.o)
 .data          0x000b4304        0x0 c:/altera/11.1/nios2eds/bin/gnu/h-i686-mingw32/bin/../lib/gcc/nios2-elf/4.1.2/mhw-mulx\libgcc.a(_pack_sf.o)
 .data          0x000b4304        0x0 c:/altera/11.1/nios2eds/bin/gnu/h-i686-mingw32/bin/../lib/gcc/nios2-elf/4.1.2/mhw-mulx\libgcc.a(_unpack_sf.o)
 .data          0x000b4304        0x0 c:/altera/11.1/nios2eds/bin/gnu/h-i686-mingw32/bin/../lib/gcc/nios2-elf/4.1.2/mhw-mulx\libgcc.a(_fpcmp_parts_sf.o)
 .data          0x000b4304        0x0 c:/altera/11.1/nios2eds/bin/gnu/h-i686-mingw32/bin/../lib/gcc/nios2-elf/4.1.2/mhw-mulx\libgcc.a(_make_sf.o)
 .data          0x000b4304        0x0 c:/altera/11.1/nios2eds/bin/gnu/h-i686-mingw32/bin/../lib/gcc/nios2-elf/4.1.2/mhw-mulx\libgcc.a(_pack_df.o)
 .data          0x000b4304        0x0 c:/altera/11.1/nios2eds/bin/gnu/h-i686-mingw32/bin/../lib/gcc/nios2-elf/4.1.2/mhw-mulx\libgcc.a(_unpack_df.o)
 .data          0x000b4304        0x0 c:/altera/11.1/nios2eds/bin/gnu/h-i686-mingw32/bin/../lib/gcc/nios2-elf/4.1.2/mhw-mulx\libgcc.a(_fpcmp_parts_df.o)
 .data          0x000b4304        0x0 c:/altera/11.1/nios2eds/bin/gnu/h-i686-mingw32/bin/../lib/gcc/nios2-elf/4.1.2/../../../../nios2-elf/lib/mhw-mulx\libc.a(lib_a-printf.o)
 .data          0x000b4304        0x0 c:/altera/11.1/nios2eds/bin/gnu/h-i686-mingw32/bin/../lib/gcc/nios2-elf/4.1.2/../../../../nios2-elf/lib/mhw-mulx\libc.a(lib_a-putchar.o)
 .data          0x000b4304        0x0 c:/altera/11.1/nios2eds/bin/gnu/h-i686-mingw32/bin/../lib/gcc/nios2-elf/4.1.2/../../../../nios2-elf/lib/mhw-mulx\libc.a(lib_a-puts.o)
 .data          0x000b4304        0x0 c:/altera/11.1/nios2eds/bin/gnu/h-i686-mingw32/bin/../lib/gcc/nios2-elf/4.1.2/../../../../nios2-elf/lib/mhw-mulx\libc.a(lib_a-strlen.o)
 .data          0x000b4304        0x0 c:/altera/11.1/nios2eds/bin/gnu/h-i686-mingw32/bin/../lib/gcc/nios2-elf/4.1.2/../../../../nios2-elf/lib/mhw-mulx\libc.a(lib_a-strncmp.o)
 .data          0x000b4304        0x0 c:/altera/11.1/nios2eds/bin/gnu/h-i686-mingw32/bin/../lib/gcc/nios2-elf/4.1.2/../../../../nios2-elf/lib/mhw-mulx\libc.a(lib_a-vfprintf.o)
 .data          0x000b4304        0x0 c:/altera/11.1/nios2eds/bin/gnu/h-i686-mingw32/bin/../lib/gcc/nios2-elf/4.1.2/../../../../nios2-elf/lib/mhw-mulx\libc.a(lib_a-wsetup.o)
 .data          0x000b4304        0x0 c:/altera/11.1/nios2eds/bin/gnu/h-i686-mingw32/bin/../lib/gcc/nios2-elf/4.1.2/../../../../nios2-elf/lib/mhw-mulx\libc.a(lib_a-dtoa.o)
 .data          0x000b4304        0x0 c:/altera/11.1/nios2eds/bin/gnu/h-i686-mingw32/bin/../lib/gcc/nios2-elf/4.1.2/../../../../nios2-elf/lib/mhw-mulx\libc.a(lib_a-fflush.o)
 .data          0x000b4304        0x0 c:/altera/11.1/nios2eds/bin/gnu/h-i686-mingw32/bin/../lib/gcc/nios2-elf/4.1.2/../../../../nios2-elf/lib/mhw-mulx\libc.a(lib_a-findfp.o)
 .data          0x000b4304        0x0 c:/altera/11.1/nios2eds/bin/gnu/h-i686-mingw32/bin/../lib/gcc/nios2-elf/4.1.2/../../../../nios2-elf/lib/mhw-mulx\libc.a(lib_a-freer.o)
 .data          0x000b4304        0x0 c:/altera/11.1/nios2eds/bin/gnu/h-i686-mingw32/bin/../lib/gcc/nios2-elf/4.1.2/../../../../nios2-elf/lib/mhw-mulx\libc.a(lib_a-fvwrite.o)
 .data          0x000b4304        0x0 c:/altera/11.1/nios2eds/bin/gnu/h-i686-mingw32/bin/../lib/gcc/nios2-elf/4.1.2/../../../../nios2-elf/lib/mhw-mulx\libc.a(lib_a-fwalk.o)
 .data          0x000b4304      0x400 c:/altera/11.1/nios2eds/bin/gnu/h-i686-mingw32/bin/../lib/gcc/nios2-elf/4.1.2/../../../../nios2-elf/lib/mhw-mulx\libc.a(lib_a-impure.o)
 .data          0x000b4704        0xc c:/altera/11.1/nios2eds/bin/gnu/h-i686-mingw32/bin/../lib/gcc/nios2-elf/4.1.2/../../../../nios2-elf/lib/mhw-mulx\libc.a(lib_a-locale.o)
                0x000b4704                __lc_ctype
 .data          0x000b4710        0x0 c:/altera/11.1/nios2eds/bin/gnu/h-i686-mingw32/bin/../lib/gcc/nios2-elf/4.1.2/../../../../nios2-elf/lib/mhw-mulx\libc.a(lib_a-makebuf.o)
 .data          0x000b4710      0x408 c:/altera/11.1/nios2eds/bin/gnu/h-i686-mingw32/bin/../lib/gcc/nios2-elf/4.1.2/../../../../nios2-elf/lib/mhw-mulx\libc.a(lib_a-mallocr.o)
                0x000b4710                __malloc_av_
 .data          0x000b4b18        0x0 c:/altera/11.1/nios2eds/bin/gnu/h-i686-mingw32/bin/../lib/gcc/nios2-elf/4.1.2/../../../../nios2-elf/lib/mhw-mulx\libc.a(lib_a-memchr.o)
 .data          0x000b4b18        0x0 c:/altera/11.1/nios2eds/bin/gnu/h-i686-mingw32/bin/../lib/gcc/nios2-elf/4.1.2/../../../../nios2-elf/lib/mhw-mulx\libc.a(lib_a-memcpy.o)
 .data          0x000b4b18        0x0 c:/altera/11.1/nios2eds/bin/gnu/h-i686-mingw32/bin/../lib/gcc/nios2-elf/4.1.2/../../../../nios2-elf/lib/mhw-mulx\libc.a(lib_a-memmove.o)
 .data          0x000b4b18        0x0 c:/altera/11.1/nios2eds/bin/gnu/h-i686-mingw32/bin/../lib/gcc/nios2-elf/4.1.2/../../../../nios2-elf/lib/mhw-mulx\libc.a(lib_a-memset.o)
 .data          0x000b4b18        0x0 c:/altera/11.1/nios2eds/bin/gnu/h-i686-mingw32/bin/../lib/gcc/nios2-elf/4.1.2/../../../../nios2-elf/lib/mhw-mulx\libc.a(lib_a-mprec.o)
 .data          0x000b4b18        0x0 c:/altera/11.1/nios2eds/bin/gnu/h-i686-mingw32/bin/../lib/gcc/nios2-elf/4.1.2/../../../../nios2-elf/lib/mhw-mulx\libc.a(lib_a-putc.o)
 .data          0x000b4b18        0x0 c:/altera/11.1/nios2eds/bin/gnu/h-i686-mingw32/bin/../lib/gcc/nios2-elf/4.1.2/../../../../nios2-elf/lib/mhw-mulx\libc.a(lib_a-reallocr.o)
 .data          0x000b4b18        0x0 c:/altera/11.1/nios2eds/bin/gnu/h-i686-mingw32/bin/../lib/gcc/nios2-elf/4.1.2/../../../../nios2-elf/lib/mhw-mulx\libc.a(lib_a-s_isinfd.o)
 .data          0x000b4b18        0x0 c:/altera/11.1/nios2eds/bin/gnu/h-i686-mingw32/bin/../lib/gcc/nios2-elf/4.1.2/../../../../nios2-elf/lib/mhw-mulx\libc.a(lib_a-s_isnand.o)
 .data          0x000b4b18        0x0 c:/altera/11.1/nios2eds/bin/gnu/h-i686-mingw32/bin/../lib/gcc/nios2-elf/4.1.2/../../../../nios2-elf/lib/mhw-mulx\libc.a(lib_a-sbrkr.o)
 .data          0x000b4b18        0x0 c:/altera/11.1/nios2eds/bin/gnu/h-i686-mingw32/bin/../lib/gcc/nios2-elf/4.1.2/../../../../nios2-elf/lib/mhw-mulx\libc.a(lib_a-stdio.o)
 .data          0x000b4b18        0x0 c:/altera/11.1/nios2eds/bin/gnu/h-i686-mingw32/bin/../lib/gcc/nios2-elf/4.1.2/../../../../nios2-elf/lib/mhw-mulx\libc.a(lib_a-strcmp.o)
 .data          0x000b4b18        0x0 c:/altera/11.1/nios2eds/bin/gnu/h-i686-mingw32/bin/../lib/gcc/nios2-elf/4.1.2/../../../../nios2-elf/lib/mhw-mulx\libc.a(lib_a-wbuf.o)
 .data          0x000b4b18        0x0 c:/altera/11.1/nios2eds/bin/gnu/h-i686-mingw32/bin/../lib/gcc/nios2-elf/4.1.2/../../../../nios2-elf/lib/mhw-mulx\libc.a(lib_a-writer.o)
 .data          0x000b4b18        0x0 c:/altera/11.1/nios2eds/bin/gnu/h-i686-mingw32/bin/../lib/gcc/nios2-elf/4.1.2/../../../../nios2-elf/lib/mhw-mulx\libc.a(lib_a-callocr.o)
 .data          0x000b4b18        0x0 c:/altera/11.1/nios2eds/bin/gnu/h-i686-mingw32/bin/../lib/gcc/nios2-elf/4.1.2/../../../../nios2-elf/lib/mhw-mulx\libc.a(lib_a-closer.o)
 .data          0x000b4b18        0x0 c:/altera/11.1/nios2eds/bin/gnu/h-i686-mingw32/bin/../lib/gcc/nios2-elf/4.1.2/../../../../nios2-elf/lib/mhw-mulx\libc.a(lib_a-fclose.o)
 .data          0x000b4b18        0x0 c:/altera/11.1/nios2eds/bin/gnu/h-i686-mingw32/bin/../lib/gcc/nios2-elf/4.1.2/../../../../nios2-elf/lib/mhw-mulx\libc.a(lib_a-fstatr.o)
 .data          0x000b4b18        0x0 c:/altera/11.1/nios2eds/bin/gnu/h-i686-mingw32/bin/../lib/gcc/nios2-elf/4.1.2/../../../../nios2-elf/lib/mhw-mulx\libc.a(lib_a-int_errno.o)
 .data          0x000b4b18        0x0 c:/altera/11.1/nios2eds/bin/gnu/h-i686-mingw32/bin/../lib/gcc/nios2-elf/4.1.2/../../../../nios2-elf/lib/mhw-mulx\libc.a(lib_a-isattyr.o)
 .data          0x000b4b18        0x0 c:/altera/11.1/nios2eds/bin/gnu/h-i686-mingw32/bin/../lib/gcc/nios2-elf/4.1.2/../../../../nios2-elf/lib/mhw-mulx\libc.a(lib_a-lseekr.o)
 .data          0x000b4b18        0x0 c:/altera/11.1/nios2eds/bin/gnu/h-i686-mingw32/bin/../lib/gcc/nios2-elf/4.1.2/../../../../nios2-elf/lib/mhw-mulx\libc.a(lib_a-readr.o)
 .data          0x000b4b18        0x0 c:/altera/11.1/nios2eds/bin/gnu/h-i686-mingw32/bin/../lib/gcc/nios2-elf/4.1.2/mhw-mulx\libgcc.a(_udivdi3.o)
 .data          0x000b4b18        0x0 c:/altera/11.1/nios2eds/bin/gnu/h-i686-mingw32/bin/../lib/gcc/nios2-elf/4.1.2/mhw-mulx\libgcc.a(_umoddi3.o)
 .data          0x000b4b18        0x0 c:/altera/11.1/nios2eds/bin/gnu/h-i686-mingw32/bin/../lib/gcc/nios2-elf/4.1.2/mhw-mulx\libgcc.a(_eq_df.o)
 .data          0x000b4b18        0x0 c:/altera/11.1/nios2eds/bin/gnu/h-i686-mingw32/bin/../lib/gcc/nios2-elf/4.1.2/mhw-mulx\libgcc.a(_ne_df.o)
 .data          0x000b4b18        0x0 c:/altera/11.1/nios2eds/bin/gnu/h-i686-mingw32/bin/../lib/gcc/nios2-elf/4.1.2/mhw-mulx\libgcc.a(_lt_df.o)
 .data          0x000b4b18        0x0 ../GIGLE10_bsp\libucosii_bsp.a(alt_alarm_start.o)
 .data          0x000b4b18        0x0 ../GIGLE10_bsp\libucosii_bsp.a(alt_close.o)
 .data          0x000b4b18        0x0 ../GIGLE10_bsp\libucosii_bsp.a(alt_dcache_flush.o)
 .data          0x000b4b18      0x1a8 ../GIGLE10_bsp\libucosii_bsp.a(alt_dev.o)
                0x000b4b18                alt_dev_null
                0x000b4b40                alt_fd_list
 .data          0x000b4cc0        0x0 ../GIGLE10_bsp\libucosii_bsp.a(alt_errno.o)
 .data          0x000b4cc0        0x0 ../GIGLE10_bsp\libucosii_bsp.a(alt_flash_dev.o)
 .data          0x000b4cc0        0x0 ../GIGLE10_bsp\libucosii_bsp.a(alt_fstat.o)
 .data          0x000b4cc0        0x0 ../GIGLE10_bsp\libucosii_bsp.a(alt_iic.o)
 .data          0x000b4cc0        0x0 ../GIGLE10_bsp\libucosii_bsp.a(alt_iic_isr_register.o)
 .data          0x000b4cc0        0x0 ../GIGLE10_bsp\libucosii_bsp.a(alt_irq_entry.o)
 .data          0x000b4cc0        0x0 ../GIGLE10_bsp\libucosii_bsp.a(alt_irq_handler.o)
 .data          0x000b4cc0        0x0 ../GIGLE10_bsp\libucosii_bsp.a(alt_irq_vars.o)
 .data          0x000b4cc0        0x0 ../GIGLE10_bsp\libucosii_bsp.a(alt_isatty.o)
 .data          0x000b4cc0        0x0 ../GIGLE10_bsp\libucosii_bsp.a(alt_lseek.o)
 .data          0x000b4cc0        0x0 ../GIGLE10_bsp\libucosii_bsp.a(alt_main.o)
 .data          0x000b4cc0        0x0 ../GIGLE10_bsp\libucosii_bsp.a(alt_read.o)
 .data          0x000b4cc0        0x0 ../GIGLE10_bsp\libucosii_bsp.a(alt_release_fd.o)
 .data          0x000b4cc0        0x0 ../GIGLE10_bsp\libucosii_bsp.a(alt_sbrk.o)
 .data          0x000b4cc0        0x0 ../GIGLE10_bsp\libucosii_bsp.a(alt_tick.o)
 .data          0x000b4cc0        0x0 ../GIGLE10_bsp\libucosii_bsp.a(alt_usleep.o)
 .data          0x000b4cc0        0x0 ../GIGLE10_bsp\libucosii_bsp.a(alt_write.o)
 .data          0x000b4cc0        0x0 ../GIGLE10_bsp\libucosii_bsp.a(alt_env_lock.o)
 .data          0x000b4cc0        0x0 ../GIGLE10_bsp\libucosii_bsp.a(alt_malloc_lock.o)
 .data          0x000b4cc0        0x0 ../GIGLE10_bsp\libucosii_bsp.a(os_core.o)
 .data          0x000b4cc0        0x0 ../GIGLE10_bsp\libucosii_bsp.a(os_dbg.o)
 .data          0x000b4cc0        0x0 ../GIGLE10_bsp\libucosii_bsp.a(os_flag.o)
 .data          0x000b4cc0        0x0 ../GIGLE10_bsp\libucosii_bsp.a(os_mem.o)
 .data          0x000b4cc0        0x0 ../GIGLE10_bsp\libucosii_bsp.a(os_q.o)
 .data          0x000b4cc0        0x0 ../GIGLE10_bsp\libucosii_bsp.a(os_sem.o)
 .data          0x000b4cc0        0x0 ../GIGLE10_bsp\libucosii_bsp.a(os_task.o)
 .data          0x000b4cc0        0x0 ../GIGLE10_bsp\libucosii_bsp.a(os_time.o)
 .data          0x000b4cc0     0x12d0 ../GIGLE10_bsp\libucosii_bsp.a(alt_sys_init.o)
 .data          0x000b5f90        0x0 ../GIGLE10_bsp\libucosii_bsp.a(altera_avalon_epcs_flash_controller.o)
 .data          0x000b5f90        0x0 ../GIGLE10_bsp\libucosii_bsp.a(altera_avalon_jtag_uart_fd.o)
 .data          0x000b5f90        0x0 ../GIGLE10_bsp\libucosii_bsp.a(altera_avalon_jtag_uart_init.o)
 .data          0x000b5f90        0x0 ../GIGLE10_bsp\libucosii_bsp.a(altera_avalon_jtag_uart_ioctl.o)
 .data          0x000b5f90        0x0 ../GIGLE10_bsp\libucosii_bsp.a(altera_avalon_jtag_uart_read.o)
 .data          0x000b5f90        0x0 ../GIGLE10_bsp\libucosii_bsp.a(altera_avalon_jtag_uart_write.o)
 .data          0x000b5f90        0x0 ../GIGLE10_bsp\libucosii_bsp.a(altera_avalon_timer_sc.o)
 .data          0x000b5f90        0x0 ../GIGLE10_bsp\libucosii_bsp.a(altera_avalon_uart_fd.o)
 .data          0x000b5f90        0x0 ../GIGLE10_bsp\libucosii_bsp.a(altera_avalon_uart_init.o)
 .data          0x000b5f90        0x0 ../GIGLE10_bsp\libucosii_bsp.a(altera_avalon_uart_read.o)
 .data          0x000b5f90        0x0 ../GIGLE10_bsp\libucosii_bsp.a(altera_avalon_uart_write.o)
 .data          0x000b5f90        0x0 ../GIGLE10_bsp\libucosii_bsp.a(epcs_commands.o)
 .data          0x000b5f90        0x0 ../GIGLE10_bsp\libucosii_bsp.a(alt_busy_sleep.o)
 .data          0x000b5f90        0x0 ../GIGLE10_bsp\libucosii_bsp.a(alt_dev_llist_insert.o)
 .data          0x000b5f90        0x0 ../GIGLE10_bsp\libucosii_bsp.a(alt_exception_entry.o)
 .data          0x000b5f90        0x0 ../GIGLE10_bsp\libucosii_bsp.a(alt_find_dev.o)
 .data          0x000b5f90        0x0 ../GIGLE10_bsp\libucosii_bsp.a(alt_io_redirect.o)
 .data          0x000b5f90        0x0 ../GIGLE10_bsp\libucosii_bsp.a(alt_open.o)
 .data          0x000b5f90        0x0 ../GIGLE10_bsp\libucosii_bsp.a(altera_nios2_qsys_irq.o)
 .data          0x000b5f90        0x0 ../GIGLE10_bsp\libucosii_bsp.a(os_cpu_a.o)
 .data          0x000b5f90        0x0 ../GIGLE10_bsp\libucosii_bsp.a(os_cpu_c.o)
 .data          0x000b5f90        0x0 ../GIGLE10_bsp\libucosii_bsp.a(altera_avalon_spi.o)
 .data          0x000b5f90        0x0 ../GIGLE10_bsp\libucosii_bsp.a(alt_find_file.o)
 .data          0x000b5f90        0x0 ../GIGLE10_bsp\libucosii_bsp.a(alt_get_fd.o)
 .data          0x000b5f90        0x0 c:/altera/11.1/nios2eds/bin/gnu/h-i686-mingw32/bin/../lib/gcc/nios2-elf/4.1.2/../../../../nios2-elf/lib/mhw-mulx\libc.a(lib_a-exit.o)
 .data          0x000b5f90        0x0 c:/altera/11.1/nios2eds/bin/gnu/h-i686-mingw32/bin/../lib/gcc/nios2-elf/4.1.2/../../../../nios2-elf/lib/mhw-mulx\libc.a(lib_a-memcmp.o)
 .data          0x000b5f90        0x0 c:/altera/11.1/nios2eds/bin/gnu/h-i686-mingw32/bin/../lib/gcc/nios2-elf/4.1.2/../../../../nios2-elf/lib/mhw-mulx\libc.a(lib_a-__call_atexit.o)
 .data          0x000b5f90        0x0 ../GIGLE10_bsp\libucosii_bsp.a(alt_exit.o)
                0x000bdf90                _gp = ABSOLUTE ((. + 0x8000))
                0x000bdf90                PROVIDE (gp, _gp)
 *(.rwdata .rwdata.*)
 *(.sdata .sdata.* .gnu.linkonce.s.*)
 .sdata         0x000b5f90        0x4 obj/Debug/alt_2_wire.o
                0x000b5f90                alt_2_wireDelay
 .sdata         0x000b5f94        0x8 obj/Debug/c37dot94.o
                0x000b5f94                LOS_WATCHDOG_LIMIT
                0x000b5f98                RCV_CLOCK_WATCHDOG_LIMIT
 .sdata         0x000b5f9c      0x338 obj/Debug/main.o
                0x000b5f9c                GIGE_A
                0x000b5f9d                EMON_TIMEOUT
                0x000b5f9e                Rx_PACKET_ID
                0x000b5fa0                PIO3_Content
                0x000b5fa4                gen_number_seconds
                0x000b5fa8                number_packet_lsb
                0x000b5fb0                MACA_COMMAND_CONFIG
                0x000b5fb4                MACB_COMMAND_CONFIG
                0x000b5fb8                OPTIONS_INSTALLED
                0x000b5fb9                OPTIONS_ENABLED
                0x000b5fba                PHYA_ETH_SPEED
                0x000b5fbb                PHYB_ETH_SPEED
                0x000b5fbc                PHYA_COPPER_ENABLE_AN
                0x000b5fbd                PHYA_FIBER_ENABLE_AN
                0x000b5fbe                PHYA_COPPER_FULLDUPLEX
                0x000b5fbf                PHYA_FIBER_FULLDUPLEX
                0x000b5fc0                PHYB_COPPER_ENABLE_AN
                0x000b5fc1                PHYB_FIBER_ENABLE_AN
                0x000b5fc2                PHYB_COPPER_FULLDUPLEX
                0x000b5fc3                PHYB_FIBER_FULLDUPLEX
                0x000b5fc4                PHYA_CONFIG
                0x000b5fc6                PHYB_CONFIG
                0x000b5fc8                MAC_FRM_LENGTH
                0x000b5fca                traffic_gen_pkt_length
                0x000b5fcc                egen_line_load_rate
                0x000b5fd0                traffic_gen_config
                0x000b5fd4                traffic_gen_config2
                0x000b5fd8                traffic_gen_config3
                0x000b5fdc                traffic_gen_config4
                0x000b5fe0                SET_SWAP_B_TOGGLE
                0x000b5fe2                requestTimer
                0x000b5fe4                loopbackStatPtr
                0x000b5fe5                stream_offset
                0x000b5fe6                size_offset
                0x000b5fe8                num_of_streams
                0x000b5fea                TRAFFIC_GEN_PKT_EMIXUSERSIZE5_ptr
                0x000b5fec                TRAFFIC_GEN_PKT_EMIXUSERSIZE4_ptr
                0x000b5fee                TRAFFIC_MON_STREAM_CNTL3_ptr
                0x000b5ff0                TRAFFIC_MON_STREAM_CNTL2_ptr
                0x000b5ff2                TRAFFIC_MON_STREAM_CNTL1_ptr
                0x000b5ff4                TRAFFIC_MON_STREAM_CNTL0_ptr
                0x000b5ff6                TRAFFIC_RATE_TYPE
                0x000b5ff8                TRAFFIC_RATE3_ptr
                0x000b5ffa                TRAFFIC_RATE2_ptr
                0x000b5ffc                TRAFFIC_RATE1_ptr
                0x000b5ffe                TRAFFIC_RATE0_ptr
                0x000b6000                TRAFFIC_GEN_PKTPERCENT11_ptr
                0x000b6002                TRAFFIC_GEN_PKTPERCENT10_ptr
                0x000b6004                TRAFFIC_GEN_PKTPERCENT03_ptr
                0x000b6006                TRAFFIC_GEN_PKTPERCENT02_ptr
                0x000b6008                TRAFFIC_GEN_PKTPERCENT01_ptr
                0x000b600a                TRAFFIC_GEN_PKTPERCENT00_ptr
                0x000b600c                EGEN_PKT_TYPE_ptr
                0x000b600e                EGEN_PKT_TYPE_ptr_1
                0x000b6010                EGEN_PKT_TYPE_ptr_2
                0x000b6012                TRAFFIC_GEN_CONFIG33_ptr
                0x000b6014                TRAFFIC_GEN_CONFIG32_ptr
                0x000b6016                TRAFFIC_GEN_CONFIG31_ptr
                0x000b6018                TRAFFIC_GEN_CONFIG30_ptr
                0x000b601a                TRAFFIC_GEN_CONFIG23_ptr
                0x000b601c                TRAFFIC_GEN_CONFIG22_ptr
                0x000b601e                TRAFFIC_GEN_CONFIG21_ptr
                0x000b6020                TRAFFIC_GEN_CONFIG20_ptr
                0x000b6022                TRAFFIC_GEN_CONFIG13_ptr
                0x000b6024                TRAFFIC_GEN_CONFIG12_ptr
                0x000b6026                TRAFFIC_GEN_CONFIG11_ptr
                0x000b6028                TRAFFIC_GEN_CONFIG10_ptr
                0x000b602a                TRAFFIC_GEN_CONFIG03_ptr
                0x000b602c                TRAFFIC_GEN_CONFIG02_ptr
                0x000b602e                TRAFFIC_GEN_CONFIG01_ptr
                0x000b6030                TRAFFIC_GEN_CONFIG00_ptr
                0x000b6034                DEF_EMIX_RANDOM
                0x000b603c                DEF_GEN_EMIXSEQ0
                0x000b6044                DEF_GEN_EMIXSEQ1
                0x000b604c                DEF_GEN_EMIXSEQ2
                0x000b6054                DEF_GEN_EMIXSEQ3
                0x000b605c                DEF_GEN_EMIXUSER
                0x000b6064                DEF_GEN_EMIXUSER1
                0x000b606c                TRAFFIC_GEN_PKT_EMIXUSERSIZE3_ptr
                0x000b606e                TRAFFIC_GEN_PKT_EMIXUSERSIZE2_ptr
                0x000b6070                TRAFFIC_GEN_PKT_EMIXUSERSIZE1_ptr
                0x000b6072                TRAFFIC_GEN_PKT_EMIXUSERSIZE0_ptr
                0x000b6074                TRAFFIC_GEN_EMIXSEQ33_ptr
                0x000b6076                TRAFFIC_GEN_EMIXSEQ32_ptr
                0x000b6078                TRAFFIC_GEN_EMIXSEQ31_ptr
                0x000b607a                TRAFFIC_GEN_EMIXSEQ30_ptr
                0x000b607c                TRAFFIC_GEN_EMIXSEQ23_ptr
                0x000b607e                TRAFFIC_GEN_EMIXSEQ22_ptr
                0x000b6080                TRAFFIC_GEN_EMIXSEQ21_ptr
                0x000b6082                TRAFFIC_GEN_EMIXSEQ20_ptr
                0x000b6084                TRAFFIC_GEN_EMIXSEQ13_ptr
                0x000b6086                TRAFFIC_GEN_EMIXSEQ12_ptr
                0x000b6088                TRAFFIC_GEN_EMIXSEQ11_ptr
                0x000b608a                TRAFFIC_GEN_EMIXSEQ10_ptr
                0x000b608c                TRAFFIC_GEN_EMIXSEQ03_ptr
                0x000b608e                TRAFFIC_GEN_EMIXSEQ02_ptr