Archive member included because of file (symbol)

c:/altera/11.1/nios2eds/bin/gnu/h-i686-mingw32/bin/../lib/gcc/nios2-elf/4.1.2/../../../../nios2-elf/lib/mhw-mulx\libm.a(lib_a-s_round.o)
                              obj/Debug/packet10g.o (round)
c:/altera/11.1/nios2eds/bin/gnu/h-i686-mingw32/bin/../lib/gcc/nios2-elf/4.1.2/mhw-mulx\libgcc.a(_fixunssfsi.o)
                              obj/Debug/main.o (__fixunssfsi)
c:/altera/11.1/nios2eds/bin/gnu/h-i686-mingw32/bin/../lib/gcc/nios2-elf/4.1.2/mhw-mulx\libgcc.a(_fixunsdfsi.o)
                              obj/Debug/config10g.o (__fixunsdfsi)
c:/altera/11.1/nios2eds/bin/gnu/h-i686-mingw32/bin/../lib/gcc/nios2-elf/4.1.2/mhw-mulx\libgcc.a(_fixunsdfdi.o)
                              obj/Debug/packet10g.o (__fixunsdfdi)
c:/altera/11.1/nios2eds/bin/gnu/h-i686-mingw32/bin/../lib/gcc/nios2-elf/4.1.2/mhw-mulx\libgcc.a(_floatdidf.o)
                              obj/Debug/packet10g.o (__floatdidf)
c:/altera/11.1/nios2eds/bin/gnu/h-i686-mingw32/bin/../lib/gcc/nios2-elf/4.1.2/mhw-mulx\libgcc.a(_floatundidf.o)
                              obj/Debug/c37dot94bert.o (__floatundidf)
c:/altera/11.1/nios2eds/bin/gnu/h-i686-mingw32/bin/../lib/gcc/nios2-elf/4.1.2/mhw-mulx\libgcc.a(_divdi3.o)
                              obj/Debug/packet10g.o (__divdi3)
c:/altera/11.1/nios2eds/bin/gnu/h-i686-mingw32/bin/../lib/gcc/nios2-elf/4.1.2/mhw-mulx\libgcc.a(_addsub_sf.o)
                              c:/altera/11.1/nios2eds/bin/gnu/h-i686-mingw32/bin/../lib/gcc/nios2-elf/4.1.2/mhw-mulx\libgcc.a(_fixunssfsi.o) (__subsf3)
c:/altera/11.1/nios2eds/bin/gnu/h-i686-mingw32/bin/../lib/gcc/nios2-elf/4.1.2/mhw-mulx\libgcc.a(_mul_sf.o)
                              obj/Debug/packet10g.o (__mulsf3)
c:/altera/11.1/nios2eds/bin/gnu/h-i686-mingw32/bin/../lib/gcc/nios2-elf/4.1.2/mhw-mulx\libgcc.a(_eq_sf.o)
                              obj/Debug/packet10g.o (__eqsf2)
c:/altera/11.1/nios2eds/bin/gnu/h-i686-mingw32/bin/../lib/gcc/nios2-elf/4.1.2/mhw-mulx\libgcc.a(_ge_sf.o)
                              c:/altera/11.1/nios2eds/bin/gnu/h-i686-mingw32/bin/../lib/gcc/nios2-elf/4.1.2/mhw-mulx\libgcc.a(_fixunssfsi.o) (__gesf2)
c:/altera/11.1/nios2eds/bin/gnu/h-i686-mingw32/bin/../lib/gcc/nios2-elf/4.1.2/mhw-mulx\libgcc.a(_sf_to_si.o)
                              obj/Debug/packet10g.o (__fixsfsi)
c:/altera/11.1/nios2eds/bin/gnu/h-i686-mingw32/bin/../lib/gcc/nios2-elf/4.1.2/mhw-mulx\libgcc.a(_sf_to_df.o)
                              obj/Debug/config10g.o (__extendsfdf2)
c:/altera/11.1/nios2eds/bin/gnu/h-i686-mingw32/bin/../lib/gcc/nios2-elf/4.1.2/mhw-mulx\libgcc.a(_thenan_sf.o)
                              c:/altera/11.1/nios2eds/bin/gnu/h-i686-mingw32/bin/../lib/gcc/nios2-elf/4.1.2/mhw-mulx\libgcc.a(_addsub_sf.o) (__thenan_sf)
c:/altera/11.1/nios2eds/bin/gnu/h-i686-mingw32/bin/../lib/gcc/nios2-elf/4.1.2/mhw-mulx\libgcc.a(_usi_to_sf.o)
                              obj/Debug/config10g.o (__floatunsisf)
c:/altera/11.1/nios2eds/bin/gnu/h-i686-mingw32/bin/../lib/gcc/nios2-elf/4.1.2/mhw-mulx\libgcc.a(_addsub_df.o)
                              c:/altera/11.1/nios2eds/bin/gnu/h-i686-mingw32/bin/../lib/gcc/nios2-elf/4.1.2/mhw-mulx\libgcc.a(_fixunsdfsi.o) (__subdf3)
c:/altera/11.1/nios2eds/bin/gnu/h-i686-mingw32/bin/../lib/gcc/nios2-elf/4.1.2/mhw-mulx\libgcc.a(_mul_df.o)
                              obj/Debug/config10g.o (__muldf3)
c:/altera/11.1/nios2eds/bin/gnu/h-i686-mingw32/bin/../lib/gcc/nios2-elf/4.1.2/mhw-mulx\libgcc.a(_div_df.o)
                              obj/Debug/c37dot94bert.o (__divdf3)
c:/altera/11.1/nios2eds/bin/gnu/h-i686-mingw32/bin/../lib/gcc/nios2-elf/4.1.2/mhw-mulx\libgcc.a(_gt_df.o)
                              obj/Debug/packet10g.o (__gtdf2)
c:/altera/11.1/nios2eds/bin/gnu/h-i686-mingw32/bin/../lib/gcc/nios2-elf/4.1.2/mhw-mulx\libgcc.a(_ge_df.o)
                              c:/altera/11.1/nios2eds/bin/gnu/h-i686-mingw32/bin/../lib/gcc/nios2-elf/4.1.2/mhw-mulx\libgcc.a(_fixunsdfsi.o) (__gedf2)
c:/altera/11.1/nios2eds/bin/gnu/h-i686-mingw32/bin/../lib/gcc/nios2-elf/4.1.2/mhw-mulx\libgcc.a(_si_to_df.o)
                              obj/Debug/main.o (__floatsidf)
c:/altera/11.1/nios2eds/bin/gnu/h-i686-mingw32/bin/../lib/gcc/nios2-elf/4.1.2/mhw-mulx\libgcc.a(_df_to_si.o)
                              obj/Debug/packet10g.o (__fixdfsi)
c:/altera/11.1/nios2eds/bin/gnu/h-i686-mingw32/bin/../lib/gcc/nios2-elf/4.1.2/mhw-mulx\libgcc.a(_make_df.o)
                              c:/altera/11.1/nios2eds/bin/gnu/h-i686-mingw32/bin/../lib/gcc/nios2-elf/4.1.2/mhw-mulx\libgcc.a(_sf_to_df.o) (__make_dp)
c:/altera/11.1/nios2eds/bin/gnu/h-i686-mingw32/bin/../lib/gcc/nios2-elf/4.1.2/mhw-mulx\libgcc.a(_df_to_sf.o)
                              obj/Debug/packet10g.o (__truncdfsf2)
c:/altera/11.1/nios2eds/bin/gnu/h-i686-mingw32/bin/../lib/gcc/nios2-elf/4.1.2/mhw-mulx\libgcc.a(_thenan_df.o)
[...]
Memory Configuration

Name             Origin             Length             Attributes
reset            0x00000000         0x00000020
epcs_flash_controller_0 0x00000020         0x000007e0
onchip_mem_BEFORE_EXCEPTION 0x00080000         0x00000020
onchip_mem       0x00080020         0x00049fe0
*default*        0x00000000         0xffffffff

Linker script and memory map

LOAD ../GIGLE10_bsp/obj/HAL/src/crt0.o
LOAD obj/Debug/alt_2_wire.o
LOAD obj/Debug/c37dot94.o
LOAD obj/Debug/c37dot94_task.o
LOAD obj/Debug/c37dot94bert.o
LOAD obj/Debug/cfg10_hw.o
LOAD obj/Debug/cfg_c37.o
LOAD obj/Debug/cfg_frame.o
LOAD obj/Debug/cfg_hw.o
LOAD obj/Debug/config.o
LOAD obj/Debug/config10g.o
LOAD obj/Debug/config_multistream.o
LOAD obj/Debug/flash.o
LOAD obj/Debug/functions.o
LOAD obj/Debug/gui_link.o
LOAD obj/Debug/helpers.o
LOAD obj/Debug/init.o
LOAD obj/Debug/intr.o
LOAD obj/Debug/link_task.o
LOAD obj/Debug/loopback.o
LOAD obj/Debug/main.o
LOAD obj/Debug/onesec_alrm.o
LOAD obj/Debug/packet10g.o
LOAD obj/Debug/results.o
LOAD obj/Debug/sfp.o
LOAD obj/Debug/status.o
LOAD obj/Debug/update_headers.o
LOAD c:/altera/11.1/nios2eds/bin/gnu/h-i686-mingw32/bin/../lib/gcc/nios2-elf/4.1.2/../../../../nios2-elf/lib/mhw-mulx\libstdc++.a
LOAD c:/altera/11.1/nios2eds/bin/gnu/h-i686-mingw32/bin/../lib/gcc/nios2-elf/4.1.2/../../../../nios2-elf/lib/mhw-mulx\libm.a
LOAD c:/altera/11.1/nios2eds/bin/gnu/h-i686-mingw32/bin/../lib/gcc/nios2-elf/4.1.2/mhw-mulx\libgcc.a
START GROUP
LOAD c:/altera/11.1/nios2eds/bin/gnu/h-i686-mingw32/bin/../lib/gcc/nios2-elf/4.1.2/../../../../nios2-elf/lib/mhw-mulx\libc.a
LOAD c:/altera/11.1/nios2eds/bin/gnu/h-i686-mingw32/bin/../lib/gcc/nios2-elf/4.1.2/mhw-mulx\libgcc.a
LOAD ../GIGLE10_bsp\libucosii_bsp.a
END GROUP
LOAD c:/altera/11.1/nios2eds/bin/gnu/h-i686-mingw32/bin/../lib/gcc/nios2-elf/4.1.2/mhw-mulx\libgcc.a
                0x00000000                __alt_mem_epcs_flash_controller_0 = 0x0
                0x00080000                __alt_mem_onchip_mem = 0x80000

.entry          0x00000000        0x0
 *(.entry)
 .entry         0x00000000        0x0 ../GIGLE10_bsp/obj/HAL/src/crt0.o
                0x00000000                __reset

.exceptions     0x00080020      0x168
                0x00080020                PROVIDE (__ram_exceptions_start, ABSOLUTE (.))
                0x00080020                . = ALIGN (0x20)
 *(.irq)
 *(.exceptions.entry.label)
 .exceptions.entry.label
                0x00080020        0x0 ../GIGLE10_bsp\libucosii_bsp.a(alt_irq_entry.o)
                0x00080020                alt_irq_entry
 .exceptions.entry.label
                0x00080020        0x0 ../GIGLE10_bsp\libucosii_bsp.a(alt_exception_entry.o)
                0x00080020                alt_exception
 *(.exceptions.entry.user)
 *(.exceptions.entry)
 .exceptions.entry
                0x00080020       0x54 ../GIGLE10_bsp\libucosii_bsp.a(alt_exception_entry.o)
 *(.exceptions.irqtest.user)
 *(.exceptions.irqtest)
 .exceptions.irqtest
                0x00080074       0x10 ../GIGLE10_bsp\libucosii_bsp.a(alt_irq_entry.o)
 *(.exceptions.irqhandler.user)
 *(.exceptions.irqhandler)
 .exceptions.irqhandler
                0x00080084        0x4 ../GIGLE10_bsp\libucosii_bsp.a(alt_irq_entry.o)
 *(.exceptions.irqreturn.user)
 *(.exceptions.irqreturn)
 .exceptions.irqreturn
                0x00080088        0x4 ../GIGLE10_bsp\libucosii_bsp.a(alt_irq_entry.o)
 *(.exceptions.notirq.label)
 .exceptions.notirq.label
                0x0008008c        0x0 ../GIGLE10_bsp\libucosii_bsp.a(alt_irq_entry.o)
 *(.exceptions.notirq.user)
 *(.exceptions.notirq)
 .exceptions.notirq
                0x0008008c        0x8 ../GIGLE10_bsp\libucosii_bsp.a(alt_exception_entry.o)
 *(.exceptions.soft.user)
 *(.exceptions.soft)
 *(.exceptions.unknown.user)
 *(.exceptions.unknown)
 .exceptions.unknown
                0x00080094        0x4 ../GIGLE10_bsp\libucosii_bsp.a(alt_exception_entry.o)
 *(.exceptions.exit.label)
 .exceptions.exit.label
                0x00080098        0x0 ../GIGLE10_bsp\libucosii_bsp.a(alt_irq_entry.o)
 .exceptions.exit.label
                0x00080098        0x0 ../GIGLE10_bsp\libucosii_bsp.a(alt_exception_entry.o)
 *(.exceptions.exit.user)
 *(.exceptions.exit)
 .exceptions.exit
                0x00080098       0x54 ../GIGLE10_bsp\libucosii_bsp.a(alt_exception_entry.o)
 *(.exceptions)
 .exceptions    0x000800ec       0x9c ../GIGLE10_bsp\libucosii_bsp.a(alt_irq_handler.o)
                0x000800ec                alt_irq_handler
                0x00080188                PROVIDE (__ram_exceptions_end, ABSOLUTE (.))
                0x00080020                PROVIDE (__flash_exceptions_start, LOADADDR (.exceptions))

.text           0x00080188    0x2be74
                0x00080188                PROVIDE (stext, ABSOLUTE (.))
 *(.interp)
 *(.hash)
 *(.dynsym)
 *(.dynstr)
 *(.gnu.version)
 *(.gnu.version_d)
 *(.gnu.version_r)
 *(.rel.init)
 *(.rela.init)
 *(.rel.text .rel.text.* .rel.gnu.linkonce.t.*)
 *(.rela.text .rela.text.* .rela.gnu.linkonce.t.*)
 *(.rel.fini)
 *(.rela.fini)
 *(.rel.rodata .rel.rodata.* .rel.gnu.linkonce.r.*)
 *(.rela.rodata .rela.rodata.* .rela.gnu.linkonce.r.*)
 *(.rel.data .rel.data.* .rel.gnu.linkonce.d.*)
 *(.rela.data .rela.data.* .rela.gnu.linkonce.d.*)
 *(.rel.tdata .rel.tdata.* .rel.gnu.linkonce.td.*)
 *(.rela.tdata .rela.tdata.* .rela.gnu.linkonce.td.*)
 *(.rel.tbss .rel.tbss.* .rel.gnu.linkonce.tb.*)
 *(.rela.tbss .rela.tbss.* .rela.gnu.linkonce.tb.*)
 *(.rel.ctors)
 *(.rela.ctors)
 *(.rel.dtors)
 *(.rela.dtors)
 *(.rel.got)
 *(.rela.got)
 *(.rel.sdata .rel.sdata.* .rel.gnu.linkonce.s.*)
 *(.rela.sdata .rela.sdata.* .rela.gnu.linkonce.s.*)
 *(.rel.sbss .rel.sbss.* .rel.gnu.linkonce.sb.*)
 *(.rela.sbss .rela.sbss.* .rela.gnu.linkonce.sb.*)
 *(.rel.sdata2 .rel.sdata2.* .rel.gnu.linkonce.s2.*)
 *(.rela.sdata2 .rela.sdata2.* .rela.gnu.linkonce.s2.*)
 *(.rel.sbss2 .rel.sbss2.* .rel.gnu.linkonce.sb2.*)
 *(.rela.sbss2 .rela.sbss2.* .rela.gnu.linkonce.sb2.*)
 *(.rel.bss .rel.bss.* .rel.gnu.linkonce.b.*)
 *(.rela.bss .rela.bss.* .rela.gnu.linkonce.b.*)
 *(.rel.plt)
 *(.rela.plt)
 *(.rel.dyn)
 *(.init)
 *(.plt)
 *(.text .stub .text.* .gnu.linkonce.t.*)
 .text          0x00080188       0x38 ../GIGLE10_bsp/obj/HAL/src/crt0.o
                0x00080188                _start
 .text          0x000801c0      0x5d0 obj/Debug/alt_2_wire.o
                0x000801cc                alt_2_wireInit_B
                0x000801d0                alt_2_wireInit_A
                0x00080280                alt_2_wireStop_B
                0x000802cc                alt_2_wireReadByte_B
                0x000803c4                alt_2_wireTransmitByte_B
                0x00080444                alt_2_wireSendByte_B
                0x000804d0                alt_2_wireStart_B
                0x0008051c                alt_2_wireStop_A
                0x00080568                alt_2_wireReadByte_A
                0x00080660                alt_2_wireTransmitByte_A
                0x000806e0                alt_2_wireSendByte_A
                0x0008076c                alt_2_wireStart_A
 .text          0x00080790      0x810 obj/Debug/c37dot94.o
                0x00080790                update_bert_status
                0x000807a8                update_alarms_event_status
                0x000807c0                dump_C3794_status
                0x000808a0                verify_register
                0x000808d4                wait_for_C3794_clk
                0x000809c8                wait_for_rcv_clock_locked
                0x00080b20                wait_for_FrameSync
                0x00080c78                gate_C3794_blocks
                0x00080c98                reset_C3794_blocks
                0x00080cc8                clear_C3794_counters
                0x00080cfc                set_RCV_N_CHANNELS
                0x00080d14                set_XMT_N_CHANNELS
                0x00080d2c                set_IDLE_code
                0x00080d3c                clear_register_bit
                0x00080d54                clear_far_end_loopback
                0x00080d60                clear_internal_loopback
                0x00080d6c                set_register_bit
                0x00080d80                set_far_end_loopback
                0x00080d8c                set_internal_loopback
                0x00080d98                transition_register_bit
                0x00080db8                write_ppm_offset
                0x00080e88                load_RCVD_FRAME
 .text          0x00080fa0      0x210 obj/Debug/c37dot94_task.o
                0x00080fa0                init_c37dot94
                0x0008102c                issue_UI_command
                0x00081044                init_debug_test
                0x000810a4                c37dot94_task
 .text          0x000811b0      0x724 obj/Debug/c37dot94bert.o
                0x000811b0                stop_BERT_test
                0x000811bc                start_BERT_test
                0x000811c8                load_test_pattern
                0x000811d4                latch_BERT_counts
                0x000811e0                Insert_BERT_biterror
                0x000811ec                restart_bert
                0x00081240                process_bert_sync
                0x0008133c                read_C3794_BERT_counts
                0x0008140c                get_BERT_rcv_pattern
                0x00081450                set_C3794_BER
                0x00081474                Invert_BERT_pattern
                0x000814c4                set_test_pattern
                0x00081594                run_C3794_BERT_test3
                0x00081684                run_C3794_BERT_test2
                0x0008174c                run_C3794_BERT_test1
 .text          0x000818d4     0x160c obj/Debug/cfg10_hw.o
                0x000818d4                config_hardware10G
 .text          0x00082ee0      0x2e4 obj/Debug/cfg_c37.o
                0x00082ee0                config_c37_hw
 .text          0x000831c4        0x4 obj/Debug/cfg_frame.o
                0x000831c4                config_frame_structure
 .text          0x000831c8     0x24d0 obj/Debug/cfg_hw.o
                0x000831c8                config_hardware
 .text          0x00085698     0x14dc obj/Debug/config.o
                0x00085698                set_TxClkB_speed
                0x000856c4                set_TxClkA_speed
                0x000856f0                tseMacReset
                0x0008570c                wait_for_tseMacReset
                0x00085720                tseMacWriteCommandConfigAndReset
                0x000857ec                configure_tse_mac
                0x00085c28                configure_TxClkB_speed
                0x00085cb0                configure_TxClkA_speed
                0x00085d38                configure_phyb_fiber
                0x00085eec                configure_phya_fiber
                0x00086078                exit_100FX_operation
                0x00086094                configure_100FX_operation
                0x00086188                configure_tse1_to_phyb
                0x00086200                configure_tse0_to_phya
                0x00086278                configure_phy_rx_aligned_timing
                0x000862ac                configure_phyb_copper
                0x00086630                configure_phya_copper
                0x000869b4                configure_phy_rx_delay_timing
                0x000869e8                restart_fiber_auto_negotiation
                0x00086a0c                restart_copper_auto_negotiation
                0x00086a30                copper_power_down
                0x00086a50                fiber_power_down
                0x00086a70                select_copper_operation
                0x00086ae8                select_fiber_operation
                0x00086b60                set_10G_clock_source
 .text          0x00086b74     0x1c18 obj/Debug/config10g.o
                0x00086b74                sfp_B_read_10G_block_into_Array
                0x00086b78                read_10GMAC_64bit_stats
                0x00086bf8                clear_reset_10GMAC_FIFOS
                0x00086c18                set_reset_10GMAC_FIFOS
                0x00086c3c                set_10G_MAC_line_loopback
                0x00086c68                enable_PHY_clock
                0x00086cb0                set_10G_PHY_reset
                0x00086cf8                read_ext_10G_phy
                0x00086d24                sfp_A_read_10G_block_into_Array
                0x00086e38                read_10G_sfp_power
                0x00086f0c                write_ext_10G_phy
                0x00086f38                issue_10G_phy_I2C_stop_seq
                0x00086fc8                reset_10G_MAC_FIFOS
                0x00087020                set_10G_MAC_self_loopback
                0x0008705c                read_10G_sfp_info
                0x000870d8                CLR_10G_MAC_STATS
                0x00087120                dump_MAC_settings
                0x000872fc                SET_10G_MAC_TX_ADDR
                0x00087328                SET_10G_MAC_RX_ADDR
                0x00087354                init_10G_SC_FIFO
                0x000873c0                XAUI_SERIAL_SELFLPBK
                0x00087444                init_10G_xaui
                0x0008765c                loopback_pma_sys_10G_external_phy
                0x000876f4                loopback_xgxs_sys_10G_external_phy
                0x0008778c                sfp10G_transmit_laser
                0x00087838                config_10G_external_phy
                0x00087954                read_10G_MAC_Stats
                0x00088128                init_10G_MAC
                0x000883ac                init_10G_external_phy
 .text          0x0008878c       0x98 obj/Debug/config_multistream.o
                0x0008878c                config_multistream
 .text          0x00088824      0xc08 obj/Debug/flash.o
                0x00088824                save_systemvars_to_flashparameters
                0x00088924                load_flashparameters_into_systemvars
                0x00088ab8                read_flash_qtx_block_and_write_phy
                0x00088d10                write_flash_parameter_block
                0x00088ed0                read_flash_parameters
                0x00089050                read_flash_qtx_block
                0x000891ec                erase_flash_block
 .text          0x0008942c      0x1b8 obj/Debug/functions.o
                0x0008942c                BytesToLong
                0x00089460                BytesToInt
                0x00089480                SaveBytesLong
                0x000894a8                SaveBytesInt
                0x000894c0                CalcChecksum
                0x000894fc                read_traffic_reg
                0x00089524                _putchar
                0x000895bc                write_traffic_reg
 .text          0x000895e4     0x1384 obj/Debug/gui_link.o
                0x000895e4                config_gui_link
 .text          0x0008a968      0x38c obj/Debug/helpers.o
                0x0008a968                littleEndianizeWord
                0x0008a994                bigEndianizeWord
                0x0008a9c0                convertHexToString
                0x0008aaa0                stripLeadingHex
                0x0008aaec                validateHexString
                0x0008ab90                convertStringToHex
 .text          0x0008acf4      0x6d8 obj/Debug/init.o
                0x0008acf4                init_gige
 .text          0x0008b3cc     0x1d40 obj/Debug/intr.o
                0x0008b3cc                handle_sfp_ISR
                0x0008b4f4                timer1_ISR
                0x0008b5a0                serial_ISR
                0x0008b8e4                handle_aggr_ISR
 .text          0x0008d10c       0xa0 obj/Debug/link_task.o
                0x0008d10c                link_task
 .text          0x0008d1ac     0x14c4 obj/Debug/loopback.o
                0x0008d1ac                EXIT_LOOPBACK
                0x0008d574                ENTER_LOOPBACK
                0x0008d928                loopback_event_processing
                0x0008db18                SEND_HELLO_PACKET
                0x0008e008                SEND_LOOPBACK_PACKET
 .text          0x0008e670     0x1628 obj/Debug/main.o
                0x0008e670                main
                0x0008e74c                GET_EMIX_AVG_PKTLEN
                0x0008eb9c                SET_LINE_LOAD_RATE
                0x0008edbc                SET_GEN_PACKET_LENGTH
                0x0008ee9c                SET_TEST_PARAMS
                0x0008efa8                CONFIGURE_TEST_STREAMS
                0x0008f0b4                main_task
 .text          0x0008fc98      0x69c obj/Debug/onesec_alrm.o
                0x0008fc98                update_history
                0x0008fcfc                process_alarms_events
                0x0008fe10                process_bert_errors
                0x0008ff54                handle_one_sec_alarm
 .text          0x00090334     0x5394 obj/Debug/packet10g.o
                0x00090334                clearTotalResults
                0x00090460                set_num_test_packets_by_secs_precision
                0x00090648                StartTest
                0x00090744                set_num_test_packets_by_secs
                0x00090a10                Write_Mon_Mask
                0x00090b68                DISABLE_MON_MASK
                0x00090b78                SET_MON_IP_ADDR_BY_STREAM
                0x00090e58                DEBUG_MON_ERRMSG
                0x00090f28                DUMP_GEN_HDRS_BY_STREAM
                0x00091104                DUMP_MON_MASK_BY_STREAM
                0x000912ec                DUMP_MON_HDRS_BY_STREAM
                0x00091518                DUMP_GEN_CONFIGS
                0x000915b4                SET_EMIX_OFFSET
                0x00091640                SETMON_MAC_SOURCE_DEST_ADDR
                0x000916e8                SET_TRAFFIC_GEN_GBLCONFIG
                0x00091770                DBG_MON_STATS
                0x00091b60                SET_GEN_EMIX_BY_STREAM
                0x00092080                CLR_MON_HEADER_BY_STREAM
                0x0009209c                CLR_GEN_HEADER_BY_STREAM
                0x000920b8                CLR_GEN_MON_HDRS_BY_STREAM
                0x000920e0                CLR_MON_MASK_BY_STREAM
                0x000920fc                SET_MON_BY_STREAM
                0x0009216c                SETMON_CLEAR_CNTS_AND_START
                0x000921a8                SETMON_START
                0x000921e4                SETMON_STOP
                0x00092214                SETMON_TOTALNUMPKTS
                0x00092268                SETGEN_TSEMAC_SOURCE_ADDR
                0x000922e4                SETGEN_TSEMAC_DEST_ADDR
                0x00092360                SETMON_MAC_DEST_ADDR
                0x000923dc                SETMON_TSEMAC_SOURCE_ADDR
                0x00092458                SETMONHDR_10GMAC_DEST_ADDR
                0x00092500                SETGENMONHDR_10GMAC_SOURCE_ADDR
                0x000925ac                SETGENMONHDR_10GMAC_DEST_ADDR
                0x00092620                SET_GENMON_MAC_ADDR_BY_STREAM
                0x000926c4                Write_Gen_Traffic
                0x00092844                SETMON_L2_HEADER_MASK_MACFRAME
                0x0009288c                SET_GEN_MON_TO_STREAM
                0x000928a8                DEBUG_MON_STAT_BY_STREAM
                0x00092930                DEBUG_GEN_MSG
                0x0009299c                CLRGEN_STOP
                0x000929ac                SETGEN_STOP
                0x000929c0                SETGEN_START
                0x000929f0                SETGEN_STREAM_NUMPKTS
                0x00092a18                SET_NUMPKTS_BY_STREAM
                0x00092ac8                SETGEN_TRAFFIC_GENMON_RNDSEED_BY_STREAM
                0x00092b2c                SET_GEN_MON_TEST_BY_STREAM
                0x000932a0                SETGEN_TRAFFIC_GEN_PKTPERCENT
                0x0009336c                set_generator_tse_load
                0x0009367c                SET_FPSLOAD_BY_STREAM
                0x00093684                GetTotalResults
                0x00093c14                read_mon_status
                0x00094ad4                test_complete
                0x00094d04                wait_for_packets
                0x00095514                collect_TSE_MAC_test_stats
                0x00095530                collect_10G_MAC_test_stats
                0x00095548                run_packet_test
 .text          0x000956c8      0xe94 obj/Debug/results.o
                0x000956c8                getEtherStatsOctets_64
                0x00095750                getOctetsReceivedOK_64
                0x000957d8                getOctetsTransmittedOK_64
                0x00095860                read_tse_stat_counters_debug
                0x00095c60                read_tse_stat_counters
                0x000964dc                snap_tse_a_frame_counters
 .text          0x0009655c      0x864 obj/Debug/sfp.o
                0x0009655c                sfp_B_read_block_into_Array
                0x00096634                sfp_read_field_B
                0x000966d4                sfp_A_read_block_into_Array
                0x000967ac                read_sfp_info
                0x0009685c                read_sfp_name
                0x0009692c                sfp_read_field_A
                0x000969cc                sfp_reg_read_one_byte
                0x00096a7c                read_sfp_power
                0x00096c18                sfp_reg_write_diag_word
                0x00096ca8                sfp_reg_write_diag_byte
                0x00096d28                sfp_transmit_laser
 .text          0x00096dc0      0x838 obj/Debug/status.o
                0x00096dc0                set_PortB_LED
                0x00096df8                set_PortA_LED
                0x00096e30                update_link_actv_leds
                0x00096e9c                read_phy_operating_mode
                0x00097054                read_phy_operating_mode_printf
                0x00097554                read_10G_phy_operating_mode
 .text          0x000975f8     0x1f58 obj/Debug/update_headers.o
                0x000975f8                update_headers
 .text          0x00099550      0x10c c:/altera/11.1/nios2eds/bin/gnu/h-i686-mingw32/bin/../lib/gcc/nios2-elf/4.1.2/../../../../nios2-elf/lib/mhw-mulx\libm.a(lib_a-s_round.o)
                0x00099550                round
 .text          0x0009965c       0x70 c:/altera/11.1/nios2eds/bin/gnu/h-i686-mingw32/bin/../lib/gcc/nios2-elf/4.1.2/mhw-mulx\libgcc.a(_fixunssfsi.o)
                0x0009965c                __fixunssfsi
 .text          0x000996cc       0xa4 c:/altera/11.1/nios2eds/bin/gnu/h-i686-mingw32/bin/../lib/gcc/nios2-elf/4.1.2/mhw-mulx\libgcc.a(_fixunsdfsi.o)
                0x000996cc                __fixunsdfsi
 .text          0x00099770       0xbc c:/altera/11.1/nios2eds/bin/gnu/h-i686-mingw32/bin/../lib/gcc/nios2-elf/4.1.2/mhw-mulx\libgcc.a(_fixunsdfdi.o)
                0x00099770                __fixunsdfdi
 .text          0x0009982c       0x88 c:/altera/11.1/nios2eds/bin/gnu/h-i686-mingw32/bin/../lib/gcc/nios2-elf/4.1.2/mhw-mulx\libgcc.a(_floatdidf.o)
                0x0009982c                __floatdidf
 .text          0x000998b4       0x88 c:/altera/11.1/nios2eds/bin/gnu/h-i686-mingw32/bin/../lib/gcc/nios2-elf/4.1.2/mhw-mulx\libgcc.a(_floatundidf.o)
                0x000998b4                __floatundidf
 .text          0x0009993c      0x680 c:/altera/11.1/nios2eds/bin/gnu/h-i686-mingw32/bin/../lib/gcc/nios2-elf/4.1.2/mhw-mulx\libgcc.a(_divdi3.o)
                0x0009993c                __divdi3
 .text          0x00099fbc      0x2b8 c:/altera/11.1/nios2eds/bin/gnu/h-i686-mingw32/bin/../lib/gcc/nios2-elf/4.1.2/mhw-mulx\libgcc.a(_addsub_sf.o)
                0x0009a1a0                __subsf3
                0x0009a210                __addsf3
 .text          0x0009a274      0x1c8 c:/altera/11.1/nios2eds/bin/gnu/h-i686-mingw32/bin/../lib/gcc/nios2-elf/4.1.2/mhw-mulx\libgcc.a(_mul_sf.o)
                0x0009a274                __mulsf3
 .text          0x0009a43c       0x78 c:/altera/11.1/nios2eds/bin/gnu/h-i686-mingw32/bin/../lib/gcc/nios2-elf/4.1.2/mhw-mulx\libgcc.a(_eq_sf.o)
                0x0009a43c                __eqsf2
 .text          0x0009a4b4       0x78 c:/altera/11.1/nios2eds/bin/gnu/h-i686-mingw32/bin/../lib/gcc/nios2-elf/4.1.2/mhw-mulx\libgcc.a(_ge_sf.o)
                0x0009a4b4                __gesf2
 .text          0x0009a52c       0x94 c:/altera/11.1/nios2eds/bin/gnu/h-i686-mingw32/bin/../lib/gcc/nios2-elf/4.1.2/mhw-mulx\libgcc.a(_sf_to_si.o)
                0x0009a52c                __fixsfsi
 .text          0x0009a5c0       0x54 c:/altera/11.1/nios2eds/bin/gnu/h-i686-mingw32/bin/../lib/gcc/nios2-elf/4.1.2/mhw-mulx\libgcc.a(_sf_to_df.o)
                0x0009a5c0                __extendsfdf2
 .text          0x0009a614        0x0 c:/altera/11.1/nios2eds/bin/gnu/h-i686-mingw32/bin/../lib/gcc/nios2-elf/4.1.2/mhw-mulx\libgcc.a(_thenan_sf.o)
 .text          0x0009a614       0xc0 c:/altera/11.1/nios2eds/bin/gnu/h-i686-mingw32/bin/../lib/gcc/nios2-elf/4.1.2/mhw-mulx\libgcc.a(_usi_to_sf.o)
                0x0009a614                __floatunsisf
 .text          0x0009a6d4      0x504 c:/altera/11.1/nios2eds/bin/gnu/h-i686-mingw32/bin/../lib/gcc/nios2-elf/4.1.2/mhw-mulx\libgcc.a(_addsub_df.o)
                0x0009aae4                __subdf3
                0x0009ab64                __adddf3
 .text          0x0009abd8      0x3b4 c:/altera/11.1/nios2eds/bin/gnu/h-i686-mingw32/bin/../lib/gcc/nios2-elf/4.1.2/mhw-mulx\libgcc.a(_mul_df.o)
                0x0009abd8                __muldf3
 .text          0x0009af8c      0x258 c:/altera/11.1/nios2eds/bin/gnu/h-i686-mingw32/bin/../lib/gcc/nios2-elf/4.1.2/mhw-mulx\libgcc.a(_div_df.o)
                0x0009af8c                __divdf3
 .text          0x0009b1e4       0x88 c:/altera/11.1/nios2eds/bin/gnu/h-i686-mingw32/bin/../lib/gcc/nios2-elf/4.1.2/mhw-mulx\libgcc.a(_gt_df.o)
                0x0009b1e4                __gtdf2
 .text          0x0009b26c       0x88 c:/altera/11.1/nios2eds/bin/gnu/h-i686-mingw32/bin/../lib/gcc/nios2-elf/4.1.2/mhw-mulx\libgcc.a(_ge_df.o)
                0x0009b26c                __gedf2
 .text          0x0009b2f4       0xf8 c:/altera/11.1/nios2eds/bin/gnu/h-i686-mingw32/bin/../lib/gcc/nios2-elf/4.1.2/mhw-mulx\libgcc.a(_si_to_df.o)
                0x0009b2f4                __floatsidf
 .text          0x0009b3ec       0xd8 c:/altera/11.1/nios2eds/bin/gnu/h-i686-mingw32/bin/../lib/gcc/nios2-elf/4.1.2/mhw-mulx\libgcc.a(_df_to_si.o)
                0x0009b3ec                __fixdfsi
 .text          0x0009b4c4       0x38 c:/altera/11.1/nios2eds/bin/gnu/h-i686-mingw32/bin/../lib/gcc/nios2-elf/4.1.2/mhw-mulx\libgcc.a(_make_df.o)
                0x0009b4c4                __make_dp
 .text          0x0009b4fc       0x74 c:/altera/11.1/nios2eds/bin/gnu/h-i686-mingw32/bin/../lib/gcc/nios2-elf/4.1.2/mhw-mulx\libgcc.a(_df_to_sf.o)
                0x0009b4fc                __truncdfsf2
 .text          0x0009b570        0x0 c:/altera/11.1/nios2eds/bin/gnu/h-i686-mingw32/bin/../lib/gcc/nios2-elf/4.1.2/mhw-mulx\libgcc.a(_thenan_df.o)
 .text          0x0009b570      0x194 c:/altera/11.1/nios2eds/bin/gnu/h-i686-mingw32/bin/../lib/gcc/nios2-elf/4.1.2/mhw-mulx\libgcc.a(_usi_to_df.o)
                0x0009b570                __floatunsidf
 .text          0x0009b704      0x14c c:/altera/11.1/nios2eds/bin/gnu/h-i686-mingw32/bin/../lib/gcc/nios2-elf/4.1.2/mhw-mulx\libgcc.a(lib2-divmod.o)
                0x0009b780                __divsi3
                0x0009b7e0                __modsi3
                0x0009b840                __udivsi3
                0x0009b848                __umodsi3
 .text          0x0009b850        0x0 c:/altera/11.1/nios2eds/bin/gnu/h-i686-mingw32/bin/../lib/gcc/nios2-elf/4.1.2/mhw-mulx\libgcc.a(_clz.o)
 .text          0x0009b850       0x80 c:/altera/11.1/nios2eds/bin/gnu/h-i686-mingw32/bin/../lib/gcc/nios2-elf/4.1.2/mhw-mulx\libgcc.a(_clzsi2.o)
                0x0009b850                __clzsi2
 .text          0x0009b8d0      0x160 c:/altera/11.1/nios2eds/bin/gnu/h-i686-mingw32/bin/../lib/gcc/nios2-elf/4.1.2/mhw-mulx\libgcc.a(_pack_sf.o)
                0x0009b8d0                __pack_f
 .text          0x0009ba30       0xc8 c:/altera/11.1/nios2eds/bin/gnu/h-i686-mingw32/bin/../lib/gcc/nios2-elf/4.1.2/mhw-mulx\libgcc.a(_unpack_sf.o)
                0x0009ba30                __unpack_f
 .text          0x0009baf8       0xa8 c:/altera/11.1/nios2eds/bin/gnu/h-i686-mingw32/bin/../lib/gcc/nios2-elf/4.1.2/mhw-mulx\libgcc.a(_fpcmp_parts_sf.o)
                0x0009baf8                __fpcmp_parts_f
 .text          0x0009bba0       0x2c c:/altera/11.1/nios2eds/bin/gnu/h-i686-mingw32/bin/../lib/gcc/nios2-elf/4.1.2/mhw-mulx\libgcc.a(_make_sf.o)
                0x0009bba0                __make_fp
 .text          0x0009bbcc      0x314 c:/altera/11.1/nios2eds/bin/gnu/h-i686-mingw32/bin/../lib/gcc/nios2-elf/4.1.2/mhw-mulx\libgcc.a(_pack_df.o)
                0x0009bbcc                __pack_d
 .text          0x0009bee0      0x138 c:/altera/11.1/nios2eds/bin/gnu/h-i686-mingw32/bin/../lib/gcc/nios2-elf/4.1.2/mhw-mulx\libgcc.a(_unpack_df.o)
                0x0009bee0                __unpack_d
 .text          0x0009c018       0xc8 c:/altera/11.1/nios2eds/bin/gnu/h-i686-mingw32/bin/../lib/gcc/nios2-elf/4.1.2/mhw-mulx\libgcc.a(_fpcmp_parts_df.o)
                0x0009c018                __fpcmp_parts_d
 .text          0x0009c0e0       0x78 c:/altera/11.1/nios2eds/bin/gnu/h-i686-mingw32/bin/../lib/gcc/nios2-elf/4.1.2/../../../../nios2-elf/lib/mhw-mulx\libc.a(lib_a-printf.o)
                0x0009c0e0                printf
                0x0009c124                _printf_r
 .text          0x0009c158       0x24 c:/altera/11.1/nios2eds/bin/gnu/h-i686-mingw32/bin/../lib/gcc/nios2-elf/4.1.2/../../../../nios2-elf/lib/mhw-mulx\libc.a(lib_a-putchar.o)
                0x0009c158                putchar
                0x0009c174                _putchar_r
 .text          0x0009c17c       0xb4 c:/altera/11.1/nios2eds/bin/gnu/h-i686-mingw32/bin/../lib/gcc/nios2-elf/4.1.2/../../../../nios2-elf/lib/mhw-mulx\libc.a(lib_a-puts.o)
                0x0009c17c                _puts_r
                0x0009c21c                puts
 .text          0x0009c230       0x74 c:/altera/11.1/nios2eds/bin/gnu/h-i686-mingw32/bin/../lib/gcc/nios2-elf/4.1.2/../../../../nios2-elf/lib/mhw-mulx\libc.a(lib_a-strlen.o)
                0x0009c230                strlen
 .text          0x0009c2a4       0xf0 c:/altera/11.1/nios2eds/bin/gnu/h-i686-mingw32/bin/../lib/gcc/nios2-elf/4.1.2/../../../../nios2-elf/lib/mhw-mulx\libc.a(lib_a-strncmp.o)
                0x0009c2a4                strncmp
 .text          0x0009c394     0x1f28 c:/altera/11.1/nios2eds/bin/gnu/h-i686-mingw32/bin/../lib/gcc/nios2-elf/4.1.2/../../../../nios2-elf/lib/mhw-mulx\libc.a(lib_a-vfprintf.o)
                0x0009c3ec                ___vfprintf_internal_r
                0x0009e298                __vfprintf_internal
 .text          0x0009e2bc      0x13c c:/altera/11.1/nios2eds/bin/gnu/h-i686-mingw32/bin/../lib/gcc/nios2-elf/4.1.2/../../../../nios2-elf/lib/mhw-mulx\libc.a(lib_a-wsetup.o)
                0x0009e2bc                __swsetup_r
 .text          0x0009e3f8     0x17cc c:/altera/11.1/nios2eds/bin/gnu/h-i686-mingw32/bin/../lib/gcc/nios2-elf/4.1.2/../../../../nios2-elf/lib/mhw-mulx\libc.a(lib_a-dtoa.o)
                0x0009e610                _dtoa_r
 .text          0x0009fbc4      0x230 c:/altera/11.1/nios2eds/bin/gnu/h-i686-mingw32/bin/../lib/gcc/nios2-elf/4.1.2/../../../../nios2-elf/lib/mhw-mulx\libc.a(lib_a-fflush.o)
                0x0009fbc4                _fflush_r
                0x0009fdc0                fflush
 .text          0x0009fdf4      0x2c0 c:/altera/11.1/nios2eds/bin/gnu/h-i686-mingw32/bin/../lib/gcc/nios2-elf/4.1.2/../../../../nios2-elf/lib/mhw-mulx\libc.a(lib_a-findfp.o)
                0x0009fe4c                __sfp_lock_acquire
                0x0009fe50                __sfp_lock_release
                0x0009fe54                __sinit_lock_acquire
                0x0009fe58                __sinit_lock_release
                0x0009fe5c                __sinit
                0x0009ff10                __fp_unlock_all
                0x0009ff28                __fp_lock_all
                0x0009ff40                _cleanup_r
                0x0009ff4c                _cleanup
                0x0009ff5c                __sfmoreglue
                0x0009ffc4                __sfp
 .text          0x000a00b4      0x440 c:/altera/11.1/nios2eds/bin/gnu/h-i686-mingw32/bin/../lib/gcc/nios2-elf/4.1.2/../../../../nios2-elf/lib/mhw-mulx\libc.a(lib_a-freer.o)
                0x000a00b4                _malloc_trim_r
                0x000a01e0                _free_r
 .text          0x000a04f4      0x49c c:/altera/11.1/nios2eds/bin/gnu/h-i686-mingw32/bin/../lib/gcc/nios2-elf/4.1.2/../../../../nios2-elf/lib/mhw-mulx\libc.a(lib_a-fvwrite.o)
                0x000a04f4                __sfvwrite_r
 .text          0x000a0990      0x180 c:/altera/11.1/nios2eds/bin/gnu/h-i686-mingw32/bin/../lib/gcc/nios2-elf/4.1.2/../../../../nios2-elf/lib/mhw-mulx\libc.a(lib_a-fwalk.o)
                0x000a0990                _fwalk_reent
                0x000a0a58                _fwalk
 .text          0x000a0b10        0x0 c:/altera/11.1/nios2eds/bin/gnu/h-i686-mingw32/bin/../lib/gcc/nios2-elf/4.1.2/../../../../nios2-elf/lib/mhw-mulx\libc.a(lib_a-impure.o)
 .text          0x000a0b10       0xc4 c:/altera/11.1/nios2eds/bin/gnu/h-i686-mingw32/bin/../lib/gcc/nios2-elf/4.1.2/../../../../nios2-elf/lib/mhw-mulx\libc.a(lib_a-locale.o)
                0x000a0b10                __locale_charset
                0x000a0b18                _localeconv_r
                0x000a0b24                localeconv
                0x000a0b34                _setlocale_r
                0x000a0bb8                setlocale
 .text          0x000a0bd4      0x194 c:/altera/11.1/nios2eds/bin/gnu/h-i686-mingw32/bin/../lib/gcc/nios2-elf/4.1.2/../../../../nios2-elf/lib/mhw-mulx\libc.a(lib_a-makebuf.o)
                0x000a0bd4                __smakebuf_r
 .text          0x000a0d68      0x740 c:/altera/11.1/nios2eds/bin/gnu/h-i686-mingw32/bin/../lib/gcc/nios2-elf/4.1.2/../../../../nios2-elf/lib/mhw-mulx\libc.a(lib_a-mallocr.o)
                0x000a0d68                _malloc_r
 .text          0x000a14a8       0xe4 c:/altera/11.1/nios2eds/bin/gnu/h-i686-mingw32/bin/../lib/gcc/nios2-elf/4.1.2/../../../../nios2-elf/lib/mhw-mulx\libc.a(lib_a-memchr.o)
                0x000a14a8                memchr
 .text          0x000a158c       0xa0 c:/altera/11.1/nios2eds/bin/gnu/h-i686-mingw32/bin/../lib/gcc/nios2-elf/4.1.2/../../../../nios2-elf/lib/mhw-mulx\libc.a(lib_a-memcpy.o)
                0x000a158c                memcpy
 .text          0x000a162c       0xe0 c:/altera/11.1/nios2eds/bin/gnu/h-i686-mingw32/bin/../lib/gcc/nios2-elf/4.1.2/../../../../nios2-elf/lib/mhw-mulx\libc.a(lib_a-memmove.o)
                0x000a162c                memmove
 .text          0x000a170c       0x98 c:/altera/11.1/nios2eds/bin/gnu/h-i686-mingw32/bin/../lib/gcc/nios2-elf/4.1.2/../../../../nios2-elf/lib/mhw-mulx\libc.a(lib_a-memset.o)
                0x000a170c                memset
 .text          0x000a17a4      0xff4 c:/altera/11.1/nios2eds/bin/gnu/h-i686-mingw32/bin/../lib/gcc/nios2-elf/4.1.2/../../../../nios2-elf/lib/mhw-mulx\libc.a(lib_a-mprec.o)
                0x000a17a4                _Bfree
                0x000a17cc                __hi0bits
                0x000a183c                __lo0bits
                0x000a1900                __mcmp
                0x000a1960                __ulp
                0x000a19e0                __b2d
                0x000a1b00                __ratio
                0x000a1bb0                _mprec_log10
                0x000a1c44                __copybits
                0x000a1c9c                __any_on
                0x000a1d24                _Balloc
                0x000a1de0                __d2b
                0x000a1f5c                __mdiff
                0x000a20e8                __lshift
                0x000a2234                __multiply
                0x000a241c                __i2b
                0x000a2458                __multadd
                0x000a2558                __pow5mult
                0x000a2678                __s2b
 .text          0x000a2798      0x1ec c:/altera/11.1/nios2eds/bin/gnu/h-i686-mingw32/bin/../lib/gcc/nios2-elf/4.1.2/../../../../nios2-elf/lib/mhw-mulx\libc.a(lib_a-putc.o)
                0x000a2798                putc
                0x000a289c                _putc_r
 .text          0x000a2984      0x5f4 c:/altera/11.1/nios2eds/bin/gnu/h-i686-mingw32/bin/../lib/gcc/nios2-elf/4.1.2/../../../../nios2-elf/lib/mhw-mulx\libc.a(lib_a-reallocr.o)
                0x000a2984                _realloc_r
 .text          0x000a2f78       0x40 c:/altera/11.1/nios2eds/bin/gnu/h-i686-mingw32/bin/../lib/gcc/nios2-elf/4.1.2/../../../../nios2-elf/lib/mhw-mulx\libc.a(lib_a-s_isinfd.o)
                0x000a2f78                __isinfd
 .text          0x000a2fb8       0x30 c:/altera/11.1/nios2eds/bin/gnu/h-i686-mingw32/bin/../lib/gcc/nios2-elf/4.1.2/../../../../nios2-elf/lib/mhw-mulx\libc.a(lib_a-s_isnand.o)
                0x000a2fb8                __isnand
 .text          0x000a2fe8       0x70 c:/altera/11.1/nios2eds/bin/gnu/h-i686-mingw32/bin/../lib/gcc/nios2-elf/4.1.2/../../../../nios2-elf/lib/mhw-mulx\libc.a(lib_a-sbrkr.o)
                0x000a2fe8                _sbrk_r
 .text          0x000a3058      0x14c c:/altera/11.1/nios2eds/bin/gnu/h-i686-mingw32/bin/../lib/gcc/nios2-elf/4.1.2/../../../../nios2-elf/lib/mhw-mulx\libc.a(lib_a-stdio.o)
                0x000a3058                __sclose
                0x000a3060                __sseek
                0x000a30c8                __swrite
                0x000a3144                __sread
 .text          0x000a31a4       0xbc c:/altera/11.1/nios2eds/bin/gnu/h-i686-mingw32/bin/../lib/gcc/nios2-elf/4.1.2/../../../../nios2-elf/lib/mhw-mulx\libc.a(lib_a-strcmp.o)
                0x000a31a4                strcmp
 .text          0x000a3260      0x14c c:/altera/11.1/nios2eds/bin/gnu/h-i686-mingw32/bin/../lib/gcc/nios2-elf/4.1.2/../../../../nios2-elf/lib/mhw-mulx\libc.a(lib_a-wbuf.o)
                0x000a3260                __swbuf_r
                0x000a3390                __swbuf
 .text          0x000a33ac       0x78 c:/altera/11.1/nios2eds/bin/gnu/h-i686-mingw32/bin/../lib/gcc/nios2-elf/4.1.2/../../../../nios2-elf/lib/mhw-mulx\libc.a(lib_a-writer.o)
                0x000a33ac                _write_r
 .text          0x000a3424       0xb4 c:/altera/11.1/nios2eds/bin/gnu/h-i686-mingw32/bin/../lib/gcc/nios2-elf/4.1.2/../../../../nios2-elf/lib/mhw-mulx\libc.a(lib_a-callocr.o)
                0x000a3424                _calloc_r
 .text          0x000a34d8       0x70 c:/altera/11.1/nios2eds/bin/gnu/h-i686-mingw32/bin/../lib/gcc/nios2-elf/4.1.2/../../../../nios2-elf/lib/mhw-mulx\libc.a(lib_a-closer.o)
                0x000a34d8                _close_r
 .text          0x000a3548      0x124 c:/altera/11.1/nios2eds/bin/gnu/h-i686-mingw32/bin/../lib/gcc/nios2-elf/4.1.2/../../../../nios2-elf/lib/mhw-mulx\libc.a(lib_a-fclose.o)
                0x000a3548                _fclose_r
                0x000a3658                fclose
 .text          0x000a366c       0x74 c:/altera/11.1/nios2eds/bin/gnu/h-i686-mingw32/bin/../lib/gcc/nios2-elf/4.1.2/../../../../nios2-elf/lib/mhw-mulx\libc.a(lib_a-fstatr.o)
                0x000a366c                _fstat_r
 .text          0x000a36e0        0x0 c:/altera/11.1/nios2eds/bin/gnu/h-i686-mingw32/bin/../lib/gcc/nios2-elf/4.1.2/../../../../nios2-elf/lib/mhw-mulx\libc.a(lib_a-int_errno.o)
 .text          0x000a36e0       0x70 c:/altera/11.1/nios2eds/bin/gnu/h-i686-mingw32/bin/../lib/gcc/nios2-elf/4.1.2/../../../../nios2-elf/lib/mhw-mulx\libc.a(lib_a-isattyr.o)
                0x000a36e0                _isatty_r
 .text          0x000a3750       0x78 c:/altera/11.1/nios2eds/bin/gnu/h-i686-mingw32/bin/../lib/gcc/nios2-elf/4.1.2/../../../../nios2-elf/lib/mhw-mulx\libc.a(lib_a-lseekr.o)
                0x000a3750                _lseek_r
 .text          0x000a37c8       0x78 c:/altera/11.1/nios2eds/bin/gnu/h-i686-mingw32/bin/../lib/gcc/nios2-elf/4.1.2/../../../../nios2-elf/lib/mhw-mulx\libc.a(lib_a-readr.o)
                0x000a37c8                _read_r
 .text          0x000a3840      0x5dc c:/altera/11.1/nios2eds/bin/gnu/h-i686-mingw32/bin/../lib/gcc/nios2-elf/4.1.2/mhw-mulx\libgcc.a(_udivdi3.o)
                0x000a3840                __udivdi3
 .text          0x000a3e1c      0x5b0 c:/altera/11.1/nios2eds/bin/gnu/h-i686-mingw32/bin/../lib/gcc/nios2-elf/4.1.2/mhw-mulx\libgcc.a(_umoddi3.o)
                0x000a3e1c                __umoddi3
 .text          0x000a43cc       0x88 c:/altera/11.1/nios2eds/bin/gnu/h-i686-mingw32/bin/../lib/gcc/nios2-elf/4.1.2/mhw-mulx\libgcc.a(_eq_df.o)
                0x000a43cc                __eqdf2
 .text          0x000a4454       0x88 c:/altera/11.1/nios2eds/bin/gnu/h-i686-mingw32/bin/../lib/gcc/nios2-elf/4.1.2/mhw-mulx\libgcc.a(_ne_df.o)
                0x000a4454                __nedf2
 .text          0x000a44dc       0x88 c:/altera/11.1/nios2eds/bin/gnu/h-i686-mingw32/bin/../lib/gcc/nios2-elf/4.1.2/mhw-mulx\libgcc.a(_lt_df.o)
                0x000a44dc                __ltdf2
 .text          0x000a4564       0x94 ../GIGLE10_bsp\libucosii_bsp.a(alt_alarm_start.o)
                0x000a4564                alt_alarm_start
 .text          0x000a45f8       0xf0 ../GIGLE10_bsp\libucosii_bsp.a(alt_close.o)
                0x000a45f8                close
 .text          0x000a46e8        0x4 ../GIGLE10_bsp\libucosii_bsp.a(alt_dcache_flush.o)
                0x000a46e8                alt_dcache_flush
 .text          0x000a46ec        0x8 ../GIGLE10_bsp\libucosii_bsp.a(alt_dev.o)
 .text          0x000a46f4        0x0 ../GIGLE10_bsp\libucosii_bsp.a(alt_errno.o)
 .text          0x000a46f4       0x60 ../GIGLE10_bsp\libucosii_bsp.a(alt_flash_dev.o)
                0x000a46f4                alt_flash_close_dev
                0x000a4708                alt_flash_open_dev
 .text          0x000a4754       0x90 ../GIGLE10_bsp\libucosii_bsp.a(alt_fstat.o)
                0x000a4754                fstat
 .text          0x000a47e4       0x9c ../GIGLE10_bsp\libucosii_bsp.a(alt_iic.o)
                0x000a47e4                alt_ic_irq_enabled
                0x000a47fc                alt_ic_irq_enable
                0x000a483c                alt_ic_irq_disable
                0x000a487c                alt_ic_isr_register
 .text          0x000a4880       0x88 ../GIGLE10_bsp\libucosii_bsp.a(alt_iic_isr_register.o)
                0x000a4880                alt_iic_isr_register
 .text          0x000a4908        0x0 ../GIGLE10_bsp\libucosii_bsp.a(alt_irq_entry.o)
 .text          0x000a4908        0x0 ../GIGLE10_bsp\libucosii_bsp.a(alt_irq_handler.o)
 .text          0x000a4908        0x0 ../GIGLE10_bsp\libucosii_bsp.a(alt_irq_vars.o)
 .text          0x000a4908       0x84 ../GIGLE10_bsp\libucosii_bsp.a(alt_isatty.o)
                0x000a4908                isatty
 .text          0x000a498c       0x9c ../GIGLE10_bsp\libucosii_bsp.a(alt_lseek.o)
                0x000a498c                lseek
 .text          0x000a4a28       0x98 ../GIGLE10_bsp\libucosii_bsp.a(alt_main.o)
                0x000a4a28                alt_main
 .text          0x000a4ac0      0x11c ../GIGLE10_bsp\libucosii_bsp.a(alt_read.o)
                0x000a4ac0                read
 .text          0x000a4bdc       0x24 ../GIGLE10_bsp\libucosii_bsp.a(alt_release_fd.o)
                0x000a4bdc                alt_release_fd
 .text          0x000a4c00       0x54 ../GIGLE10_bsp\libucosii_bsp.a(alt_sbrk.o)
                0x000a4c00                sbrk
 .text          0x000a4c54       0xf4 ../GIGLE10_bsp\libucosii_bsp.a(alt_tick.o)
                0x000a4c54                alt_alarm_stop
                0x000a4c88                alt_tick
 .text          0x000a4d48      0x168 ../GIGLE10_bsp\libucosii_bsp.a(alt_usleep.o)
                0x000a4d48                usleep
 .text          0x000a4eb0      0x118 ../GIGLE10_bsp\libucosii_bsp.a(alt_write.o)
                0x000a4eb0                write
 .text          0x000a4fc8       0xb8 ../GIGLE10_bsp\libucosii_bsp.a(alt_env_lock.o)
                0x000a4fc8                __env_unlock
                0x000a4ff0                __env_lock
 .text          0x000a5080      0x128 ../GIGLE10_bsp\libucosii_bsp.a(alt_malloc_lock.o)
                0x000a5080                __malloc_unlock
                0x000a50e0                __malloc_lock
 .text          0x000a51a8     0x12b4 ../GIGLE10_bsp\libucosii_bsp.a(os_core.o)
                0x000a51a8                OSVersion
                0x000a51b0                OS_Dummy
                0x000a51b4                OS_EventTaskWait
                0x000a5238                OS_EventTaskWaitMulti
                0x000a52e0                OS_EventTaskRemove
                0x000a5330                OS_EventTaskRemoveMulti
                0x000a5390                OS_EventTaskRdy
                0x000a5484                OS_EventWaitListInit
                0x000a54a0                OS_MemClr
                0x000a54c0                OS_MemCopy
                0x000a5520                OS_StrCopy
                0x000a5554                OS_StrLen
                0x000a5578                OS_TaskStatStkChk
                0x000a560c                OS_Sched
                0x000a56a8                OSStart
                0x000a56fc                OSInit
                0x000a58d8                OSEventNameGet
                0x000a5a00                OSEventNameSet
                0x000a5b3c                OSEventPendMulti
                0x000a5ec8                OSIntEnter
                0x000a5f08                OSIntExit
                0x000a5fd8                OSSchedLock
                0x000a6020                OSSchedUnlock
                0x000a6078                OSStatInit
                0x000a60dc                OSTimeTick
                0x000a61f0                OS_TaskIdle
                0x000a6224                OS_TaskStat
                0x000a62c0                OS_TCBInit
 .text          0x000a645c        0x4 ../GIGLE10_bsp\libucosii_bsp.a(os_dbg.o)
                0x000a645c                OSDebugInit
 .text          0x000a6460      0xe18 ../GIGLE10_bsp\libucosii_bsp.a(os_flag.o)
                0x000a6514                OS_FlagUnlink
                0x000a65e4                OS_FlagInit
                0x000a6654                OSFlagQuery
                0x000a66bc                OSFlagAccept
                0x000a6860                OSFlagCreate
                0x000a68f0                OSFlagDel
                0x000a6aa4                OSFlagNameGet
                0x000a6bc0                OSFlagNameSet
                0x000a6cec                OSFlagPend
                0x000a702c                OSFlagPendGetFlagsRdy
                0x000a7058                OSFlagPost
 .text          0x000a7278      0x440 ../GIGLE10_bsp\libucosii_bsp.a(os_mem.o)
                0x000a7278                OS_MemInit
                0x000a72e0                OSMemQuery
                0x000a7344                OSMemCreate
                0x000a7428                OSMemGet
                0x000a7494                OSMemNameGet
                0x000a7568                OSMemNameSet
                0x000a7660                OSMemPut
 .text          0x000a76b8      0xb24 ../GIGLE10_bsp\libucosii_bsp.a(os_q.o)
                0x000a76b8                OS_QInit
                0x000a7708                OSQQuery
                0x000a77b8                OSQAccept
                0x000a7868                OSQCreate
                0x000a7970                OSQDel
                0x000a7b5c                OSQFlush
                0x000a7bb4                OSQPend
                0x000a7d78                OSQPendAbort
                0x000a7ea0                OSQPost
                0x000a7f7c                OSQPostFront
                0x000a805c                OSQPostOpt
 .text          0x000a81dc      0x6f8 ../GIGLE10_bsp\libucosii_bsp.a(os_sem.o)
                0x000a81dc                OSSemSet
                0x000a8248                OSSemAccept
                0x000a8294                OSSemCreate
                0x000a8334                OSSemDel
                0x000a84d8                OSSemPend
                0x000a8680                OSSemPendAbort
                0x000a87ac                OSSemPost
                0x000a8860                OSSemQuery
 .text          0x000a88d4     0x100c ../GIGLE10_bsp\libucosii_bsp.a(os_task.o)
                0x000a88d4                OS_TaskStkClr
                0x000a8904                OSTaskQuery
                0x000a8a08                OSTaskChangePrio
                0x000a8ce0                OSTaskCreate
                0x000a8e08                OSTaskCreateExt
                0x000a8f84                OSTaskDel
                0x000a9204                OSTaskDelReq
                0x000a92bc                OSTaskNameGet
                0x000a9408                OSTaskNameSet
                0x000a9558                OSTaskResume
                0x000a9670                OSTaskStkChk
                0x000a978c                OSTaskSuspend
 .text          0x000a98e0      0x314 ../GIGLE10_bsp\libucosii_bsp.a(os_time.o)
                0x000a98e0                OSTimeSet
                0x000a9904                OSTimeDly
                0x000a99a8                OSTimeDlyHMSM
                0x000a9acc                OSTimeDlyResume
                0x000a9bd0                OSTimeGet
 .text          0x000a9bf4       0xd4 ../GIGLE10_bsp\libucosii_bsp.a(alt_sys_init.o)
                0x000a9bf4                alt_irq_init
                0x000a9c14                alt_sys_init
 .text          0x000a9cc8      0x52c ../GIGLE10_bsp\libucosii_bsp.a(altera_avalon_epcs_flash_controller.o)
                0x000a9cc8                alt_epcs_flash_get_info
                0x000a9d00                alt_epcs_flash_read
                0x000a9d78                alt_epcs_flash_write_block
                0x000a9e48                alt_epcs_flash_write
                0x000aa018                alt_epcs_flash_init
                0x000aa184                alt_epcs_flash_erase_block
 .text          0x000aa1f4       0x3c ../GIGLE10_bsp\libucosii_bsp.a(altera_avalon_jtag_uart_fd.o)
                0x000aa1f4                altera_avalon_jtag_uart_ioctl_fd
                0x000aa200                altera_avalon_jtag_uart_close_fd
                0x000aa210                altera_avalon_jtag_uart_write_fd
                0x000aa220                altera_avalon_jtag_uart_read_fd
 .text          0x000aa230      0x350 ../GIGLE10_bsp\libucosii_bsp.a(altera_avalon_jtag_uart_init.o)
                0x000aa230                altera_avalon_jtag_uart_close
                0x000aa318                altera_avalon_jtag_uart_init
 .text          0x000aa580       0x88 ../GIGLE10_bsp\libucosii_bsp.a(altera_avalon_jtag_uart_ioctl.o)
                0x000aa580                altera_avalon_jtag_uart_ioctl
 .text          0x000aa608      0x1c8 ../GIGLE10_bsp\libucosii_bsp.a(altera_avalon_jtag_uart_read.o)
                0x000aa608                altera_avalon_jtag_uart_read
 .text          0x000aa7d0      0x1d8 ../GIGLE10_bsp\libucosii_bsp.a(altera_avalon_jtag_uart_write.o)
                0x000aa7d0                altera_avalon_jtag_uart_write
 .text          0x000aa9a8       0x8c ../GIGLE10_bsp\libucosii_bsp.a(altera_avalon_timer_sc.o)
                0x000aa9a8                alt_avalon_timer_sc_init
 .text          0x000aaa34       0x30 ../GIGLE10_bsp\libucosii_bsp.a(altera_avalon_uart_fd.o)
                0x000aaa34                altera_avalon_uart_close_fd
                0x000aaa44                altera_avalon_uart_write_fd
                0x000aaa54                altera_avalon_uart_read_fd
 .text          0x000aaa64      0x2b0 ../GIGLE10_bsp\libucosii_bsp.a(altera_avalon_uart_init.o)
                0x000aaa64                altera_avalon_uart_close
                0x000aac54                altera_avalon_uart_init
 .text          0x000aad14      0x18c ../GIGLE10_bsp\libucosii_bsp.a(altera_avalon_uart_read.o)
                0x000aad14                altera_avalon_uart_read
 .text          0x000aaea0      0x1ac ../GIGLE10_bsp\libucosii_bsp.a(altera_avalon_uart_write.o)
                0x000aaea0                altera_avalon_uart_write
 .text          0x000ab04c      0x320 ../GIGLE10_bsp\libucosii_bsp.a(epcs_commands.o)
                0x000ab04c                epcs_read_device_id
                0x000ab09c                epcs_read_electronic_signature
                0x000ab0f0                epcs_write_enable
                0x000ab128                epcs_read_status_register
                0x000ab170                epcs_sector_erase
                0x000ab1dc                epcs_write_buffer
                0x000ab28c                epcs_read_buffer
                0x000ab314                epcs_write_status_register
 .text          0x000ab36c       0x6c ../GIGLE10_bsp\libucosii_bsp.a(alt_busy_sleep.o)
                0x000ab36c                alt_busy_sleep
 .text          0x000ab3d8       0x7c ../GIGLE10_bsp\libucosii_bsp.a(alt_dev_llist_insert.o)
                0x000ab3d8                alt_dev_llist_insert
 .text          0x000ab454        0x0 ../GIGLE10_bsp\libucosii_bsp.a(alt_exception_entry.o)
 .text          0x000ab454       0x94 ../GIGLE10_bsp\libucosii_bsp.a(alt_find_dev.o)
                0x000ab454                alt_find_dev
 .text          0x000ab4e8       0xfc ../GIGLE10_bsp\libucosii_bsp.a(alt_io_redirect.o)
                0x000ab558                alt_io_redirect
 .text          0x000ab5e4      0x180 ../GIGLE10_bsp\libucosii_bsp.a(alt_open.o)
                0x000ab5e4                open
 .text          0x000ab764        0x8 ../GIGLE10_bsp\libucosii_bsp.a(altera_nios2_qsys_irq.o)
                0x000ab764                altera_nios2_qsys_irq_init
 .text          0x000ab76c       0xd0 ../GIGLE10_bsp\libucosii_bsp.a(os_cpu_a.o)
                0x000ab76c                OSCtxSw
                0x000ab76c                OSIntCtxSw
                0x000ab7f8                OSStartHighRdy
                0x000ab818                OSStartTsk
 .text          0x000ab83c      0x1f0 ../GIGLE10_bsp\libucosii_bsp.a(os_cpu_c.o)
                0x000ab83c                OSTaskCreateHook
                0x000ab840                OSTaskDelHook
                0x000ab844                OSTaskSwHook
                0x000ab848                OSTaskStatHook
                0x000ab84c                OSTimeTickHook
                0x000ab850                OSInitHookBegin
                0x000ab854                OSInitHookEnd
                0x000ab858                OSTaskIdleHook
                0x000ab85c                OSTCBInitHook
                0x000ab860                OSTaskStkInit
 .text          0x000aba2c      0x124 ../GIGLE10_bsp\libucosii_bsp.a(altera_avalon_spi.o)
                0x000aba2c                alt_avalon_spi_command
 .text          0x000abb50       0xb0 ../GIGLE10_bsp\libucosii_bsp.a(alt_find_file.o)
                0x000abb50                alt_find_file
 .text          0x000abc00       0xe0 ../GIGLE10_bsp\libucosii_bsp.a(alt_get_fd.o)
                0x000abc00                alt_get_fd
 .text          0x000abce0       0x38 c:/altera/11.1/nios2eds/bin/gnu/h-i686-mingw32/bin/../lib/gcc/nios2-elf/4.1.2/../../../../nios2-elf/lib/mhw-mulx\libc.a(lib_a-exit.o)
                0x000abce0                exit
 .text          0x000abd18       0x74 c:/altera/11.1/nios2eds/bin/gnu/h-i686-mingw32/bin/../lib/gcc/nios2-elf/4.1.2/../../../../nios2-elf/lib/mhw-mulx\libc.a(lib_a-memcmp.o)
                0x000abd18                memcmp
 .text          0x000abd8c      0x1b4 c:/altera/11.1/nios2eds/bin/gnu/h-i686-mingw32/bin/../lib/gcc/nios2-elf/4.1.2/../../../../nios2-elf/lib/mhw-mulx\libc.a(lib_a-__call_atexit.o)
                0x000abd90                __call_exitprocs
 .text          0x000abf40       0x20 ../GIGLE10_bsp\libucosii_bsp.a(alt_exit.o)
                0x000abf40                _exit
 *(.gnu.warning.*)
 *(.fini)
                0x000abf60                PROVIDE (__etext, ABSOLUTE (.))
                0x000abf60                PROVIDE (_etext, ABSOLUTE (.))
                0x000abf60                PROVIDE (etext, ABSOLUTE (.))
 *(.eh_frame_hdr)
                0x000abf60                . = ALIGN (0x4)
                0x000abf60                PROVIDE (__preinit_array_start, ABSOLUTE (.))
 *(.preinit_array)
                0x000abf60                PROVIDE (__preinit_array_end, ABSOLUTE (.))
                0x000abf60                PROVIDE (__init_array_start, ABSOLUTE (.))
 *(.init_array)
                0x000abf60                PROVIDE (__init_array_end, ABSOLUTE (.))
                0x000abf60                PROVIDE (__fini_array_start, ABSOLUTE (.))
 *(.fini_array)
                0x000abf60                PROVIDE (__fini_array_end, ABSOLUTE (.))
 *(.eh_frame)
 .eh_frame      0x000abf60       0x40 c:/altera/11.1/nios2eds/bin/gnu/h-i686-mingw32/bin/../lib/gcc/nios2-elf/4.1.2/mhw-mulx\libgcc.a(_divdi3.o)
 .eh_frame      0x000abfa0       0x2c c:/altera/11.1/nios2eds/bin/gnu/h-i686-mingw32/bin/../lib/gcc/nios2-elf/4.1.2/mhw-mulx\libgcc.a(_udivdi3.o)
                                 0x40 (size before relaxing)
 .eh_frame      0x000abfcc       0x2c c:/altera/11.1/nios2eds/bin/gnu/h-i686-mingw32/bin/../lib/gcc/nios2-elf/4.1.2/mhw-mulx\libgcc.a(_umoddi3.o)
                                 0x40 (size before relaxing)
 *(.gcc_except_table)
 *(.dynamic)
                0x000abff8                PROVIDE (__CTOR_LIST__, ABSOLUTE (.))
 *(.ctors)
 *(SORT(.ctors.*))
 .ctors.65535   0x000abff8        0x4 c:/altera/11.1/nios2eds/bin/gnu/h-i686-mingw32/bin/../lib/gcc/nios2-elf/4.1.2/../../../../nios2-elf/lib/mhw-mulx\libc.a(lib_a-__call_atexit.o)
                0x000abffc                PROVIDE (__CTOR_END__, ABSOLUTE (.))
                0x000abffc                PROVIDE (__DTOR_LIST__, ABSOLUTE (.))
 *(.dtors)
 *(SORT(.dtors.*))
                0x000abffc                PROVIDE (__DTOR_END__, ABSOLUTE (.))
 *(.jcr)
                0x000abffc                . = ALIGN (0x4)

.rodata         0x000abffc     0x8444
                0x000abffc                PROVIDE (__ram_rodata_start, ABSOLUTE (.))
                0x000abffc                . = ALIGN (0x4)
 *(.rodata .rodata.* .gnu.linkonce.r.*)
 .rodata.str1.4
                0x000abffc      0x3f3 obj/Debug/c37dot94.o
                                0x408 (size before relaxing)
 *fill*         0x000ac3ef        0x1 00
 .rodata.str1.4
                0x000ac3f0      0x160 obj/Debug/c37dot94_task.o
 .rodata.str1.4
                0x000ac550      0x23a obj/Debug/c37dot94bert.o
                                0x23c (size before relaxing)
 *fill*         0x000ac78a        0x2 00
 .rodata        0x000ac78c      0x1dc obj/Debug/c37dot94bert.o
 .rodata.str1.4
                0x000ac968      0xadc obj/Debug/cfg10_hw.o
                                0xb78 (size before relaxing)
 .rodata.str1.4
                0x000ad444      0x102 obj/Debug/cfg_c37.o
                                0x104 (size before relaxing)
 *fill*         0x000ad546        0x2 00
 .rodata.str1.4
                0x000ad548      0xa9c obj/Debug/cfg_hw.o
                                0xf6c (size before relaxing)
 .rodata.str1.4
                0x000adfe4     0x1073 obj/Debug/config.o
                               0x1074 (size before relaxing)
 *fill*         0x000af057        0x1 00
 .rodata.str1.4
                0x000af058     0x12e1 obj/Debug/config10g.o
                               0x12f4 (size before relaxing)
 *fill*         0x000b0339        0x3 00
 .rodata.str1.4
                0x000b033c       0x41 obj/Debug/config_multistream.o
                                 0x44 (size before relaxing)
 *fill*         0x000b037d        0x3 00
 .rodata.str1.4
                0x000b0380      0x6b2 obj/Debug/flash.o
                                0x6b4 (size before relaxing)
 *fill*         0x000b0a32        0x2 00
 .rodata.str1.4
                0x000b0a34      0x599 obj/Debug/gui_link.o
                                0x5e8 (size before relaxing)
 *fill*         0x000b0fcd        0x3 00
 .rodata.str1.4
                0x000b0fd0        0x3 obj/Debug/helpers.o
                                  0x4 (size before relaxing)
 *fill*         0x000b0fd3        0x1 00
 .rodata.str1.4
                0x000b0fd4      0x100 obj/Debug/init.o
 .rodata.str1.4
                0x000b10d4      0x35c obj/Debug/intr.o
 .rodata.str1.4
                0x000b1430       0x16 obj/Debug/link_task.o
                                 0x18 (size before relaxing)
 *fill*         0x000b1446        0x2 00
 .rodata.str1.4
                0x000b1448      0x339 obj/Debug/loopback.o
                                0x6b0 (size before relaxing)
 *fill*         0x000b1781        0x3 00
 .rodata.str1.4
                0x000b1784      0x623 obj/Debug/main.o
                                0x688 (size before relaxing)
 *fill*         0x000b1da7        0x1 00
 .rodata.str1.4
                0x000b1da8       0x64 obj/Debug/onesec_alrm.o
 .rodata.str1.4
                0x000b1e0c     0x159d obj/Debug/packet10g.o
                               0x15cc (size before relaxing)
 *fill*         0x000b33a9        0x3 00
 .rodata.str1.4
                0x000b33ac      0xa48 obj/Debug/results.o
 .rodata.str1.4
                0x000b3df4       0x3e obj/Debug/sfp.o
                                 0x40 (size before relaxing)
 *fill*         0x000b3e32        0x2 00
 .rodata.str1.4
                0x000b3e34      0x19f obj/Debug/status.o
                                0x1a0 (size before relaxing)
 *fill*         0x000b3fd3        0x1 00
 .rodata        0x000b3fd4       0x10 c:/altera/11.1/nios2eds/bin/gnu/h-i686-mingw32/bin/../lib/gcc/nios2-elf/4.1.2/mhw-mulx\libgcc.a(_thenan_sf.o)
                0x000b3fd4                __thenan_sf
 .rodata        0x000b3fe4       0x14 c:/altera/11.1/nios2eds/bin/gnu/h-i686-mingw32/bin/../lib/gcc/nios2-elf/4.1.2/mhw-mulx\libgcc.a(_thenan_df.o)
                0x000b3fe4                __thenan_df
 .rodata        0x000b3ff8      0x100 c:/altera/11.1/nios2eds/bin/gnu/h-i686-mingw32/bin/../lib/gcc/nios2-elf/4.1.2/mhw-mulx\libgcc.a(_clz.o)
                0x000b3ff8                __clz_tab
 .rodata.str1.4
                0x00000000      0x19f c:/altera/11.1/nios2eds/bin/gnu/h-i686-mingw32/bin/../lib/gcc/nios2-elf/4.1.2/../../../../nios2-elf/lib/mhw-mulx\libc.a(lib_a-puts.o)
                                  0x4 (size before relaxing)
 .rodata.str1.4
                0x000b40f8       0x5e c:/altera/11.1/nios2eds/bin/gnu/h-i686-mingw32/bin/../lib/gcc/nios2-elf/4.1.2/../../../../nios2-elf/lib/mhw-mulx\libc.a(lib_a-vfprintf.o)
                                 0x60 (size before relaxing)
 .rodata        0x000b4156       0x20 c:/altera/11.1/nios2eds/bin/gnu/h-i686-mingw32/bin/../lib/gcc/nios2-elf/4.1.2/../../../../nios2-elf/lib/mhw-mulx\libc.a(lib_a-vfprintf.o)
 *fill*         0x000b4176        0x2 00
 .rodata.str1.4
                0x000b4178       0x10 c:/altera/11.1/nios2eds/bin/gnu/h-i686-mingw32/bin/../lib/gcc/nios2-elf/4.1.2/../../../../nios2-elf/lib/mhw-mulx\libc.a(lib_a-dtoa.o)
                                 0x14 (size before relaxing)
 .rodata.str1.4
                0x00000000       0x10 c:/altera/11.1/nios2eds/bin/gnu/h-i686-mingw32/bin/../lib/gcc/nios2-elf/4.1.2/../../../../nios2-elf/lib/mhw-mulx\libc.a(lib_a-impure.o)
                                  0x4 (size before relaxing)
 .rodata.str1.4
                0x000b4188        0xb c:/altera/11.1/nios2eds/bin/gnu/h-i686-mingw32/bin/../lib/gcc/nios2-elf/4.1.2/../../../../nios2-elf/lib/mhw-mulx\libc.a(lib_a-locale.o)
                                 0x18 (size before relaxing)
 *fill*         0x000b4193        0x1 00
 .rodata        0x000b4194       0x30 c:/altera/11.1/nios2eds/bin/gnu/h-i686-mingw32/bin/../lib/gcc/nios2-elf/4.1.2/../../../../nios2-elf/lib/mhw-mulx\libc.a(lib_a-locale.o)
 .rodata        0x000b41c4      0x124 c:/altera/11.1/nios2eds/bin/gnu/h-i686-mingw32/bin/../lib/gcc/nios2-elf/4.1.2/../../../../nios2-elf/lib/mhw-mulx\libc.a(lib_a-mprec.o)
                0x000b41c4                __mprec_tens
                0x000b428c                __mprec_bigtens
                0x000b42b4                __mprec_tinytens
 .rodata.str1.4
                0x000b42e8        0xa ../GIGLE10_bsp\libucosii_bsp.a(alt_dev.o)
                                  0xc (size before relaxing)
 *fill*         0x000b42f2        0x2 00
 .rodata.str1.4
                0x000b42f4        0xf ../GIGLE10_bsp\libucosii_bsp.a(alt_main.o)
                                 0x10 (size before relaxing)
 *fill*         0x000b4303        0x1 00
 .rodata.str1.4
                0x000b4304       0x1e ../GIGLE10_bsp\libucosii_bsp.a(os_core.o)
                                 0x20 (size before relaxing)
 .rodata        0x000b4322      0x100 ../GIGLE10_bsp\libucosii_bsp.a(os_core.o)
                0x000b4322                OSUnMapTbl
 *fill*         0x000b4422        0x2 00
 .rodata.str1.4
                0x000b4424       0x1c ../GIGLE10_bsp\libucosii_bsp.a(alt_sys_init.o)
                                 0x4c (size before relaxing)
 .rodata.str1.4
                0x00000000        0x4 ../GIGLE10_bsp\libucosii_bsp.a(os_cpu_c.o)
 *(.rodata1)
                0x000b4440                . = ALIGN (0x4)
                0x000b4440                PROVIDE (__ram_rodata_end, ABSOLUTE (.))
                0x000abffc                PROVIDE (__flash_rodata_start, LOADADDR (.rodata))

.rwdata         0x000b4440     0x23e0
                0x000b4440                PROVIDE (__ram_rwdata_start, ABSOLUTE (.))
                0x000b4440                . = ALIGN (0x4)
 *(.got.plt)
 *(.got)
 *(.data1)
 *(.data .data.* .gnu.linkonce.d.*)
 .data          0x000b4440        0x0 ../GIGLE10_bsp/obj/HAL/src/crt0.o
 .data          0x000b4440        0x0 obj/Debug/alt_2_wire.o
 .data          0x000b4440        0x0 obj/Debug/c37dot94.o
 .data          0x000b4440        0x0 obj/Debug/c37dot94_task.o
 .data          0x000b4440        0x0 obj/Debug/c37dot94bert.o
 .data          0x000b4440        0x0 obj/Debug/cfg10_hw.o
 .data          0x000b4440       0xcc obj/Debug/cfg_c37.o
                0x000b4440                bert_str
 .data          0x000b450c        0x0 obj/Debug/cfg_frame.o
 .data          0x000b450c        0x0 obj/Debug/cfg_hw.o
 .data          0x000b450c        0x0 obj/Debug/config.o
 .data          0x000b450c        0x0 obj/Debug/config10g.o
 .data          0x000b450c        0x0 obj/Debug/config_multistream.o
 .data          0x000b450c        0x0 obj/Debug/flash.o
 .data          0x000b450c        0x0 obj/Debug/functions.o
 .data          0x000b450c        0x0 obj/Debug/gui_link.o
 .data          0x000b450c        0x0 obj/Debug/helpers.o
 .data          0x000b450c        0x0 obj/Debug/init.o
 .data          0x000b450c        0x0 obj/Debug/intr.o
 .data          0x000b450c        0x0 obj/Debug/link_task.o
 .data          0x000b450c        0x0 obj/Debug/loopback.o
 .data          0x000b450c        0x0 obj/Debug/main.o
 .data          0x000b450c        0x0 obj/Debug/onesec_alrm.o
 .data          0x000b450c      0x280 obj/Debug/packet10g.o
                0x000b450c                TRAFFIC_GEN_HDR
                0x000b458c                TRAFFIC_MON_MASK
                0x000b468c                TRAFFIC_MON_HDR
 .data          0x000b478c        0x0 obj/Debug/results.o
 .data          0x000b478c        0x0 obj/Debug/sfp.o
 .data          0x000b478c        0x0 obj/Debug/status.o
 .data          0x000b478c        0x0 obj/Debug/update_headers.o
 .data          0x000b478c        0x0 c:/altera/11.1/nios2eds/bin/gnu/h-i686-mingw32/bin/../lib/gcc/nios2-elf/4.1.2/../../../../nios2-elf/lib/mhw-mulx\libm.a(lib_a-s_round.o)
 .data          0x000b478c        0x0 c:/altera/11.1/nios2eds/bin/gnu/h-i686-mingw32/bin/../lib/gcc/nios2-elf/4.1.2/mhw-mulx\libgcc.a(_fixunssfsi.o)
 .data          0x000b478c        0x0 c:/altera/11.1/nios2eds/bin/gnu/h-i686-mingw32/bin/../lib/gcc/nios2-elf/4.1.2/mhw-mulx\libgcc.a(_fixunsdfsi.o)
 .data          0x000b478c        0x0 c:/altera/11.1/nios2eds/bin/gnu/h-i686-mingw32/bin/../lib/gcc/nios2-elf/4.1.2/mhw-mulx\libgcc.a(_fixunsdfdi.o)
 .data          0x000b478c        0x0 c:/altera/11.1/nios2eds/bin/gnu/h-i686-mingw32/bin/../lib/gcc/nios2-elf/4.1.2/mhw-mulx\libgcc.a(_floatdidf.o)
 .data          0x000b478c        0x0 c:/altera/11.1/nios2eds/bin/gnu/h-i686-mingw32/bin/../lib/gcc/nios2-elf/4.1.2/mhw-mulx\libgcc.a(_floatundidf.o)
 .data          0x000b478c        0x0 c:/altera/11.1/nios2eds/bin/gnu/h-i686-mingw32/bin/../lib/gcc/nios2-elf/4.1.2/mhw-mulx\libgcc.a(_divdi3.o)
 .data          0x000b478c        0x0 c:/altera/11.1/nios2eds/bin/gnu/h-i686-mingw32/bin/../lib/gcc/nios2-elf/4.1.2/mhw-mulx\libgcc.a(_addsub_sf.o)
 .data          0x000b478c        0x0 c:/altera/11.1/nios2eds/bin/gnu/h-i686-mingw32/bin/../lib/gcc/nios2-elf/4.1.2/mhw-mulx\libgcc.a(_mul_sf.o)
 .data          0x000b478c        0x0 c:/altera/11.1/nios2eds/bin/gnu/h-i686-mingw32/bin/../lib/gcc/nios2-elf/4.1.2/mhw-mulx\libgcc.a(_eq_sf.o)
 .data          0x000b478c        0x0 c:/altera/11.1/nios2eds/bin/gnu/h-i686-mingw32/bin/../lib/gcc/nios2-elf/4.1.2/mhw-mulx\libgcc.a(_ge_sf.o)
 .data          0x000b478c        0x0 c:/altera/11.1/nios2eds/bin/gnu/h-i686-mingw32/bin/../lib/gcc/nios2-elf/4.1.2/mhw-mulx\libgcc.a(_sf_to_si.o)
 .data          0x000b478c        0x0 c:/altera/11.1/nios2eds/bin/gnu/h-i686-mingw32/bin/../lib/gcc/nios2-elf/4.1.2/mhw-mulx\libgcc.a(_sf_to_df.o)
 .data          0x000b478c        0x0 c:/altera/11.1/nios2eds/bin/gnu/h-i686-mingw32/bin/../lib/gcc/nios2-elf/4.1.2/mhw-mulx\libgcc.a(_thenan_sf.o)
 .data          0x000b478c        0x0 c:/altera/11.1/nios2eds/bin/gnu/h-i686-mingw32/bin/../lib/gcc/nios2-elf/4.1.2/mhw-mulx\libgcc.a(_usi_to_sf.o)
 .data          0x000b478c        0x0 c:/altera/11.1/nios2eds/bin/gnu/h-i686-mingw32/bin/../lib/gcc/nios2-elf/4.1.2/mhw-mulx\libgcc.a(_addsub_df.o)
 .data          0x000b478c        0x0 c:/altera/11.1/nios2eds/bin/gnu/h-i686-mingw32/bin/../lib/gcc/nios2-elf/4.1.2/mhw-mulx\libgcc.a(_mul_df.o)
 .data          0x000b478c        0x0 c:/altera/11.1/nios2eds/bin/gnu/h-i686-mingw32/bin/../lib/gcc/nios2-elf/4.1.2/mhw-mulx\libgcc.a(_div_df.o)
 .data          0x000b478c        0x0 c:/altera/11.1/nios2eds/bin/gnu/h-i686-mingw32/bin/../lib/gcc/nios2-elf/4.1.2/mhw-mulx\libgcc.a(_gt_df.o)
 .data          0x000b478c        0x0 c:/altera/11.1/nios2eds/bin/gnu/h-i686-mingw32/bin/../lib/gcc/nios2-elf/4.1.2/mhw-mulx\libgcc.a(_ge_df.o)
 .data          0x000b478c        0x0 c:/altera/11.1/nios2eds/bin/gnu/h-i686-mingw32/bin/../lib/gcc/nios2-elf/4.1.2/mhw-mulx\libgcc.a(_si_to_df.o)
 .data          0x000b478c        0x0 c:/altera/11.1/nios2eds/bin/gnu/h-i686-mingw32/bin/../lib/gcc/nios2-elf/4.1.2/mhw-mulx\libgcc.a(_df_to_si.o)
 .data          0x000b478c        0x0 c:/altera/11.1/nios2eds/bin/gnu/h-i686-mingw32/bin/../lib/gcc/nios2-elf/4.1.2/mhw-mulx\libgcc.a(_make_df.o)
 .data          0x000b478c        0x0 c:/altera/11.1/nios2eds/bin/gnu/h-i686-mingw32/bin/../lib/gcc/nios2-elf/4.1.2/mhw-mulx\libgcc.a(_df_to_sf.o)
 .data          0x000b478c        0x0 c:/altera/11.1/nios2eds/bin/gnu/h-i686-mingw32/bin/../lib/gcc/nios2-elf/4.1.2/mhw-mulx\libgcc.a(_thenan_df.o)
 .data          0x000b478c        0x0 c:/altera/11.1/nios2eds/bin/gnu/h-i686-mingw32/bin/../lib/gcc/nios2-elf/4.1.2/mhw-mulx\libgcc.a(_usi_to_df.o)
 .data          0x000b478c        0x0 c:/altera/11.1/nios2eds/bin/gnu/h-i686-mingw32/bin/../lib/gcc/nios2-elf/4.1.2/mhw-mulx\libgcc.a(lib2-divmod.o)
 .data          0x000b478c        0x0 c:/altera/11.1/nios2eds/bin/gnu/h-i686-mingw32/bin/../lib/gcc/nios2-elf/4.1.2/mhw-mulx\libgcc.a(_clz.o)
 .data          0x000b478c        0x0 c:/altera/11.1/nios2eds/bin/gnu/h-i686-mingw32/bin/../lib/gcc/nios2-elf/4.1.2/mhw-mulx\libgcc.a(_clzsi2.o)
 .data          0x000b478c        0x0 c:/altera/11.1/nios2eds/bin/gnu/h-i686-mingw32/bin/../lib/gcc/nios2-elf/4.1.2/mhw-mulx\libgcc.a(_pack_sf.o)
 .data          0x000b478c        0x0 c:/altera/11.1/nios2eds/bin/gnu/h-i686-mingw32/bin/../lib/gcc/nios2-elf/4.1.2/mhw-mulx\libgcc.a(_unpack_sf.o)
 .data          0x000b478c        0x0 c:/altera/11.1/nios2eds/bin/gnu/h-i686-mingw32/bin/../lib/gcc/nios2-elf/4.1.2/mhw-mulx\libgcc.a(_fpcmp_parts_sf.o)
 .data          0x000b478c        0x0 c:/altera/11.1/nios2eds/bin/gnu/h-i686-mingw32/bin/../lib/gcc/nios2-elf/4.1.2/mhw-mulx\libgcc.a(_make_sf.o)
 .data          0x000b478c        0x0 c:/altera/11.1/nios2eds/bin/gnu/h-i686-mingw32/bin/../lib/gcc/nios2-elf/4.1.2/mhw-mulx\libgcc.a(_pack_df.o)
 .data          0x000b478c        0x0 c:/altera/11.1/nios2eds/bin/gnu/h-i686-mingw32/bin/../lib/gcc/nios2-elf/4.1.2/mhw-mulx\libgcc.a(_unpack_df.o)
 .data          0x000b478c        0x0 c:/altera/11.1/nios2eds/bin/gnu/h-i686-mingw32/bin/../lib/gcc/nios2-elf/4.1.2/mhw-mulx\libgcc.a(_fpcmp_parts_df.o)
 .data          0x000b478c        0x0 c:/altera/11.1/nios2eds/bin/gnu/h-i686-mingw32/bin/../lib/gcc/nios2-elf/4.1.2/../../../../nios2-elf/lib/mhw-mulx\libc.a(lib_a-printf.o)
 .data          0x000b478c        0x0 c:/altera/11.1/nios2eds/bin/gnu/h-i686-mingw32/bin/../lib/gcc/nios2-elf/4.1.2/../../../../nios2-elf/lib/mhw-mulx\libc.a(lib_a-putchar.o)
 .data          0x000b478c        0x0 c:/altera/11.1/nios2eds/bin/gnu/h-i686-mingw32/bin/../lib/gcc/nios2-elf/4.1.2/../../../../nios2-elf/lib/mhw-mulx\libc.a(lib_a-puts.o)
 .data          0x000b478c        0x0 c:/altera/11.1/nios2eds/bin/gnu/h-i686-mingw32/bin/../lib/gcc/nios2-elf/4.1.2/../../../../nios2-elf/lib/mhw-mulx\libc.a(lib_a-strlen.o)
 .data          0x000b478c        0x0 c:/altera/11.1/nios2eds/bin/gnu/h-i686-mingw32/bin/../lib/gcc/nios2-elf/4.1.2/../../../../nios2-elf/lib/mhw-mulx\libc.a(lib_a-strncmp.o)
 .data          0x000b478c        0x0 c:/altera/11.1/nios2eds/bin/gnu/h-i686-mingw32/bin/../lib/gcc/nios2-elf/4.1.2/../../../../nios2-elf/lib/mhw-mulx\libc.a(lib_a-vfprintf.o)
 .data          0x000b478c        0x0 c:/altera/11.1/nios2eds/bin/gnu/h-i686-mingw32/bin/../lib/gcc/nios2-elf/4.1.2/../../../../nios2-elf/lib/mhw-mulx\libc.a(lib_a-wsetup.o)
 .data          0x000b478c        0x0 c:/altera/11.1/nios2eds/bin/gnu/h-i686-mingw32/bin/../lib/gcc/nios2-elf/4.1.2/../../../../nios2-elf/lib/mhw-mulx\libc.a(lib_a-dtoa.o)
 .data          0x000b478c        0x0 c:/altera/11.1/nios2eds/bin/gnu/h-i686-mingw32/bin/../lib/gcc/nios2-elf/4.1.2/../../../../nios2-elf/lib/mhw-mulx\libc.a(lib_a-fflush.o)
 .data          0x000b478c        0x0 c:/altera/11.1/nios2eds/bin/gnu/h-i686-mingw32/bin/../lib/gcc/nios2-elf/4.1.2/../../../../nios2-elf/lib/mhw-mulx\libc.a(lib_a-findfp.o)
 .data          0x000b478c        0x0 c:/altera/11.1/nios2eds/bin/gnu/h-i686-mingw32/bin/../lib/gcc/nios2-elf/4.1.2/../../../../nios2-elf/lib/mhw-mulx\libc.a(lib_a-freer.o)
 .data          0x000b478c        0x0 c:/altera/11.1/nios2eds/bin/gnu/h-i686-mingw32/bin/../lib/gcc/nios2-elf/4.1.2/../../../../nios2-elf/lib/mhw-mulx\libc.a(lib_a-fvwrite.o)
 .data          0x000b478c        0x0 c:/altera/11.1/nios2eds/bin/gnu/h-i686-mingw32/bin/../lib/gcc/nios2-elf/4.1.2/../../../../nios2-elf/lib/mhw-mulx\libc.a(lib_a-fwalk.o)
 .data          0x000b478c      0x400 c:/altera/11.1/nios2eds/bin/gnu/h-i686-mingw32/bin/../lib/gcc/nios2-elf/4.1.2/../../../../nios2-elf/lib/mhw-mulx\libc.a(lib_a-impure.o)
 .data          0x000b4b8c        0xc c:/altera/11.1/nios2eds/bin/gnu/h-i686-mingw32/bin/../lib/gcc/nios2-elf/4.1.2/../../../../nios2-elf/lib/mhw-mulx\libc.a(lib_a-locale.o)
                0x000b4b8c                __lc_ctype
 .data          0x000b4b98        0x0 c:/altera/11.1/nios2eds/bin/gnu/h-i686-mingw32/bin/../lib/gcc/nios2-elf/4.1.2/../../../../nios2-elf/lib/mhw-mulx\libc.a(lib_a-makebuf.o)
 .data          0x000b4b98      0x408 c:/altera/11.1/nios2eds/bin/gnu/h-i686-mingw32/bin/../lib/gcc/nios2-elf/4.1.2/../../../../nios2-elf/lib/mhw-mulx\libc.a(lib_a-mallocr.o)
                0x000b4b98                __malloc_av_
 .data          0x000b4fa0        0x0 c:/altera/11.1/nios2eds/bin/gnu/h-i686-mingw32/bin/../lib/gcc/nios2-elf/4.1.2/../../../../nios2-elf/lib/mhw-mulx\libc.a(lib_a-memchr.o)
 .data          0x000b4fa0        0x0 c:/altera/11.1/nios2eds/bin/gnu/h-i686-mingw32/bin/../lib/gcc/nios2-elf/4.1.2/../../../../nios2-elf/lib/mhw-mulx\libc.a(lib_a-memcpy.o)
 .data          0x000b4fa0        0x0 c:/altera/11.1/nios2eds/bin/gnu/h-i686-mingw32/bin/../lib/gcc/nios2-elf/4.1.2/../../../../nios2-elf/lib/mhw-mulx\libc.a(lib_a-memmove.o)
 .data          0x000b4fa0        0x0 c:/altera/11.1/nios2eds/bin/gnu/h-i686-mingw32/bin/../lib/gcc/nios2-elf/4.1.2/../../../../nios2-elf/lib/mhw-mulx\libc.a(lib_a-memset.o)
 .data          0x000b4fa0        0x0 c:/altera/11.1/nios2eds/bin/gnu/h-i686-mingw32/bin/../lib/gcc/nios2-elf/4.1.2/../../../../nios2-elf/lib/mhw-mulx\libc.a(lib_a-mprec.o)
 .data          0x000b4fa0        0x0 c:/altera/11.1/nios2eds/bin/gnu/h-i686-mingw32/bin/../lib/gcc/nios2-elf/4.1.2/../../../../nios2-elf/lib/mhw-mulx\libc.a(lib_a-putc.o)
 .data          0x000b4fa0        0x0 c:/altera/11.1/nios2eds/bin/gnu/h-i686-mingw32/bin/../lib/gcc/nios2-elf/4.1.2/../../../../nios2-elf/lib/mhw-mulx\libc.a(lib_a-reallocr.o)
 .data          0x000b4fa0        0x0 c:/altera/11.1/nios2eds/bin/gnu/h-i686-mingw32/bin/../lib/gcc/nios2-elf/4.1.2/../../../../nios2-elf/lib/mhw-mulx\libc.a(lib_a-s_isinfd.o)
 .data          0x000b4fa0        0x0 c:/altera/11.1/nios2eds/bin/gnu/h-i686-mingw32/bin/../lib/gcc/nios2-elf/4.1.2/../../../../nios2-elf/lib/mhw-mulx\libc.a(lib_a-s_isnand.o)
 .data          0x000b4fa0        0x0 c:/altera/11.1/nios2eds/bin/gnu/h-i686-mingw32/bin/../lib/gcc/nios2-elf/4.1.2/../../../../nios2-elf/lib/mhw-mulx\libc.a(lib_a-sbrkr.o)
 .data          0x000b4fa0        0x0 c:/altera/11.1/nios2eds/bin/gnu/h-i686-mingw32/bin/../lib/gcc/nios2-elf/4.1.2/../../../../nios2-elf/lib/mhw-mulx\libc.a(lib_a-stdio.o)
 .data          0x000b4fa0        0x0 c:/altera/11.1/nios2eds/bin/gnu/h-i686-mingw32/bin/../lib/gcc/nios2-elf/4.1.2/../../../../nios2-elf/lib/mhw-mulx\libc.a(lib_a-strcmp.o)
 .data          0x000b4fa0        0x0 c:/altera/11.1/nios2eds/bin/gnu/h-i686-mingw32/bin/../lib/gcc/nios2-elf/4.1.2/../../../../nios2-elf/lib/mhw-mulx\libc.a(lib_a-wbuf.o)
 .data          0x000b4fa0        0x0 c:/altera/11.1/nios2eds/bin/gnu/h-i686-mingw32/bin/../lib/gcc/nios2-elf/4.1.2/../../../../nios2-elf/lib/mhw-mulx\libc.a(lib_a-writer.o)
 .data          0x000b4fa0        0x0 c:/altera/11.1/nios2eds/bin/gnu/h-i686-mingw32/bin/../lib/gcc/nios2-elf/4.1.2/../../../../nios2-elf/lib/mhw-mulx\libc.a(lib_a-callocr.o)
 .data          0x000b4fa0        0x0 c:/altera/11.1/nios2eds/bin/gnu/h-i686-mingw32/bin/../lib/gcc/nios2-elf/4.1.2/../../../../nios2-elf/lib/mhw-mulx\libc.a(lib_a-closer.o)
 .data          0x000b4fa0        0x0 c:/altera/11.1/nios2eds/bin/gnu/h-i686-mingw32/bin/../lib/gcc/nios2-elf/4.1.2/../../../../nios2-elf/lib/mhw-mulx\libc.a(lib_a-fclose.o)
 .data          0x000b4fa0        0x0 c:/altera/11.1/nios2eds/bin/gnu/h-i686-mingw32/bin/../lib/gcc/nios2-elf/4.1.2/../../../../nios2-elf/lib/mhw-mulx\libc.a(lib_a-fstatr.o)
 .data          0x000b4fa0        0x0 c:/altera/11.1/nios2eds/bin/gnu/h-i686-mingw32/bin/../lib/gcc/nios2-elf/4.1.2/../../../../nios2-elf/lib/mhw-mulx\libc.a(lib_a-int_errno.o)
 .data          0x000b4fa0        0x0 c:/altera/11.1/nios2eds/bin/gnu/h-i686-mingw32/bin/../lib/gcc/nios2-elf/4.1.2/../../../../nios2-elf/lib/mhw-mulx\libc.a(lib_a-isattyr.o)
 .data          0x000b4fa0        0x0 c:/altera/11.1/nios2eds/bin/gnu/h-i686-mingw32/bin/../lib/gcc/nios2-elf/4.1.2/../../../../nios2-elf/lib/mhw-mulx\libc.a(lib_a-lseekr.o)
 .data          0x000b4fa0        0x0 c:/altera/11.1/nios2eds/bin/gnu/h-i686-mingw32/bin/../lib/gcc/nios2-elf/4.1.2/../../../../nios2-elf/lib/mhw-mulx\libc.a(lib_a-readr.o)
 .data          0x000b4fa0        0x0 c:/altera/11.1/nios2eds/bin/gnu/h-i686-mingw32/bin/../lib/gcc/nios2-elf/4.1.2/mhw-mulx\libgcc.a(_udivdi3.o)
 .data          0x000b4fa0        0x0 c:/altera/11.1/nios2eds/bin/gnu/h-i686-mingw32/bin/../lib/gcc/nios2-elf/4.1.2/mhw-mulx\libgcc.a(_umoddi3.o)
 .data          0x000b4fa0        0x0 c:/altera/11.1/nios2eds/bin/gnu/h-i686-mingw32/bin/../lib/gcc/nios2-elf/4.1.2/mhw-mulx\libgcc.a(_eq_df.o)
 .data          0x000b4fa0        0x0 c:/altera/11.1/nios2eds/bin/gnu/h-i686-mingw32/bin/../lib/gcc/nios2-elf/4.1.2/mhw-mulx\libgcc.a(_ne_df.o)
 .data          0x000b4fa0        0x0 c:/altera/11.1/nios2eds/bin/gnu/h-i686-mingw32/bin/../lib/gcc/nios2-elf/4.1.2/mhw-mulx\libgcc.a(_lt_df.o)
 .data          0x000b4fa0        0x0 ../GIGLE10_bsp\libucosii_bsp.a(alt_alarm_start.o)
 .data          0x000b4fa0        0x0 ../GIGLE10_bsp\libucosii_bsp.a(alt_close.o)
 .data          0x000b4fa0        0x0 ../GIGLE10_bsp\libucosii_bsp.a(alt_dcache_flush.o)
 .data          0x000b4fa0      0x1a8 ../GIGLE10_bsp\libucosii_bsp.a(alt_dev.o)
                0x000b4fa0                alt_dev_null
                0x000b4fc8                alt_fd_list
 .data          0x000b5148        0x0 ../GIGLE10_bsp\libucosii_bsp.a(alt_errno.o)
 .data          0x000b5148        0x0 ../GIGLE10_bsp\libucosii_bsp.a(alt_flash_dev.o)
 .data          0x000b5148        0x0 ../GIGLE10_bsp\libucosii_bsp.a(alt_fstat.o)
 .data          0x000b5148        0x0 ../GIGLE10_bsp\libucosii_bsp.a(alt_iic.o)
 .data          0x000b5148        0x0 ../GIGLE10_bsp\libucosii_bsp.a(alt_iic_isr_register.o)
 .data          0x000b5148        0x0 ../GIGLE10_bsp\libucosii_bsp.a(alt_irq_entry.o)
 .data          0x000b5148        0x0 ../GIGLE10_bsp\libucosii_bsp.a(alt_irq_handler.o)
 .data          0x000b5148        0x0 ../GIGLE10_bsp\libucosii_bsp.a(alt_irq_vars.o)
 .data          0x000b5148        0x0 ../GIGLE10_bsp\libucosii_bsp.a(alt_isatty.o)
 .data          0x000b5148        0x0 ../GIGLE10_bsp\libucosii_bsp.a(alt_lseek.o)
 .data          0x000b5148        0x0 ../GIGLE10_bsp\libucosii_bsp.a(alt_main.o)
 .data          0x000b5148        0x0 ../GIGLE10_bsp\libucosii_bsp.a(alt_read.o)
 .data          0x000b5148        0x0 ../GIGLE10_bsp\libucosii_bsp.a(alt_release_fd.o)
 .data          0x000b5148        0x0 ../GIGLE10_bsp\libucosii_bsp.a(alt_sbrk.o)
 .data          0x000b5148        0x0 ../GIGLE10_bsp\libucosii_bsp.a(alt_tick.o)
 .data          0x000b5148        0x0 ../GIGLE10_bsp\libucosii_bsp.a(alt_usleep.o)
 .data          0x000b5148        0x0 ../GIGLE10_bsp\libucosii_bsp.a(alt_write.o)
 .data          0x000b5148        0x0 ../GIGLE10_bsp\libucosii_bsp.a(alt_env_lock.o)
 .data          0x000b5148        0x0 ../GIGLE10_bsp\libucosii_bsp.a(alt_malloc_lock.o)
 .data          0x000b5148        0x0 ../GIGLE10_bsp\libucosii_bsp.a(os_core.o)
 .data          0x000b5148        0x0 ../GIGLE10_bsp\libucosii_bsp.a(os_dbg.o)
 .data          0x000b5148        0x0 ../GIGLE10_bsp\libucosii_bsp.a(os_flag.o)
 .data          0x000b5148        0x0 ../GIGLE10_bsp\libucosii_bsp.a(os_mem.o)
 .data          0x000b5148        0x0 ../GIGLE10_bsp\libucosii_bsp.a(os_q.o)
 .data          0x000b5148        0x0 ../GIGLE10_bsp\libucosii_bsp.a(os_sem.o)
 .data          0x000b5148        0x0 ../GIGLE10_bsp\libucosii_bsp.a(os_task.o)
 .data          0x000b5148        0x0 ../GIGLE10_bsp\libucosii_bsp.a(os_time.o)
 .data          0x000b5148     0x12d0 ../GIGLE10_bsp\libucosii_bsp.a(alt_sys_init.o)
 .data          0x000b6418        0x0 ../GIGLE10_bsp\libucosii_bsp.a(altera_avalon_epcs_flash_controller.o)
 .data          0x000b6418        0x0 ../GIGLE10_bsp\libucosii_bsp.a(altera_avalon_jtag_uart_fd.o)
 .data          0x000b6418        0x0 ../GIGLE10_bsp\libucosii_bsp.a(altera_avalon_jtag_uart_init.o)
 .data          0x000b6418        0x0 ../GIGLE10_bsp\libucosii_bsp.a(altera_avalon_jtag_uart_ioctl.o)
 .data          0x000b6418        0x0 ../GIGLE10_bsp\libucosii_bsp.a(altera_avalon_jtag_uart_read.o)
 .data          0x000b6418        0x0 ../GIGLE10_bsp\libucosii_bsp.a(altera_avalon_jtag_uart_write.o)
 .data          0x000b6418        0x0 ../GIGLE10_bsp\libucosii_bsp.a(altera_avalon_timer_sc.o)
 .data          0x000b6418        0x0 ../GIGLE10_bsp\libucosii_bsp.a(altera_avalon_uart_fd.o)
 .data          0x000b6418        0x0 ../GIGLE10_bsp\libucosii_bsp.a(altera_avalon_uart_init.o)
 .data          0x000b6418        0x0 ../GIGLE10_bsp\libucosii_bsp.a(altera_avalon_uart_read.o)
 .data          0x000b6418        0x0 ../GIGLE10_bsp\libucosii_bsp.a(altera_avalon_uart_write.o)
 .data          0x000b6418        0x0 ../GIGLE10_bsp\libucosii_bsp.a(epcs_commands.o)
 .data          0x000b6418        0x0 ../GIGLE10_bsp\libucosii_bsp.a(alt_busy_sleep.o)
 .data          0x000b6418        0x0 ../GIGLE10_bsp\libucosii_bsp.a(alt_dev_llist_insert.o)
 .data          0x000b6418        0x0 ../GIGLE10_bsp\libucosii_bsp.a(alt_exception_entry.o)
 .data          0x000b6418        0x0 ../GIGLE10_bsp\libucosii_bsp.a(alt_find_dev.o)
 .data          0x000b6418        0x0 ../GIGLE10_bsp\libucosii_bsp.a(alt_io_redirect.o)
 .data          0x000b6418        0x0 ../GIGLE10_bsp\libucosii_bsp.a(alt_open.o)
 .data          0x000b6418        0x0 ../GIGLE10_bsp\libucosii_bsp.a(altera_nios2_qsys_irq.o)
 .data          0x000b6418        0x0 ../GIGLE10_bsp\libucosii_bsp.a(os_cpu_a.o)
 .data          0x000b6418        0x0 ../GIGLE10_bsp\libucosii_bsp.a(os_cpu_c.o)
 .data          0x000b6418        0x0 ../GIGLE10_bsp\libucosii_bsp.a(altera_avalon_spi.o)
 .data          0x000b6418        0x0 ../GIGLE10_bsp\libucosii_bsp.a(alt_find_file.o)
 .data          0x000b6418        0x0 ../GIGLE10_bsp\libucosii_bsp.a(alt_get_fd.o)
 .data          0x000b6418        0x0 c:/altera/11.1/nios2eds/bin/gnu/h-i686-mingw32/bin/../lib/gcc/nios2-elf/4.1.2/../../../../nios2-elf/lib/mhw-mulx\libc.a(lib_a-exit.o)
 .data          0x000b6418        0x0 c:/altera/11.1/nios2eds/bin/gnu/h-i686-mingw32/bin/../lib/gcc/nios2-elf/4.1.2/../../../../nios2-elf/lib/mhw-mulx\libc.a(lib_a-memcmp.o)
 .data          0x000b6418        0x0 c:/altera/11.1/nios2eds/bin/gnu/h-i686-mingw32/bin/../lib/gcc/nios2-elf/4.1.2/../../../../nios2-elf/lib/mhw-mulx\libc.a(lib_a-__call_atexit.o)
 .data          0x000b6418        0x0 ../GIGLE10_bsp\libucosii_bsp.a(alt_exit.o)
                0x000be418                _gp = ABSOLUTE ((. + 0x8000))
                0x000be418                PROVIDE (gp, _gp)
 *(.rwdata .rwdata.*)
 *(.sdata .sdata.* .gnu.linkonce.s.*)
 .sdata         0x000b6418        0x4 obj/Debug/alt_2_wire.o
                0x000b6418                alt_2_wireDelay
 .sdata         0x000b641c        0x8 obj/Debug/c37dot94.o
                0x000b641c                LOF_WATCHDOG_LIMIT
                0x000b6420                RCV_CLOCK_WATCHDOG_LIMIT
 .sdata         0x000b6424      0x338 obj/Debug/main.o
                0x000b6424                GIGE_A
                0x000b6425                EMON_TIMEOUT
                0x000b6426                Rx_PACKET_ID
                0x000b6428                PIO3_Content
                0x000b642c                gen_number_seconds
                0x000b6430                number_packet_lsb
                0x000b6438                MACA_COMMAND_CONFIG
                0x000b643c                MACB_COMMAND_CONFIG
                0x000b6440                OPTIONS_INSTALLED
                0x000b6441                OPTIONS_ENABLED
                0x000b6442                PHYA_ETH_SPEED
                0x000b6443                PHYB_ETH_SPEED
                0x000b6444                PHYA_COPPER_ENABLE_AN
                0x000b6445                PHYA_FIBER_ENABLE_AN
                0x000b6446                PHYA_COPPER_FULLDUPLEX
                0x000b6447                PHYA_FIBER_FULLDUPLEX
                0x000b6448                PHYB_COPPER_ENABLE_AN
                0x000b6449                PHYB_FIBER_ENABLE_AN
                0x000b644a                PHYB_COPPER_FULLDUPLEX
                0x000b644b                PHYB_FIBER_FULLDUPLEX
                0x000b644c                PHYA_CONFIG
                0x000b644e                PHYB_CONFIG
                0x000b6450                MAC_FRM_LENGTH
                0x000b6452                traffic_gen_pkt_length
                0x000b6454                egen_line_load_rate
                0x000b6458                traffic_gen_config
                0x000b645c                traffic_gen_config2
                0x000b6460                traffic_gen_config3
                0x000b6464                traffic_gen_config4
                0x000b6468                SET_SWAP_B_TOGGLE
                0x000b646a                requestTimer
                0x000b646c                loopbackStatPtr
                0x000b646d                stream_offset
                0x000b646e                size_offset
                0x000b6470                num_of_streams
                0x000b6472                TRAFFIC_GEN_PKT_EMIXUSERSIZE5_ptr
                0x000b6474                TRAFFIC_GEN_PKT_EMIXUSERSIZE4_ptr
                0x000b6476                TRAFFIC_MON_STREAM_CNTL3_ptr
                0x000b6478                TRAFFIC_MON_STREAM_CNTL2_ptr
                0x000b647a                TRAFFIC_MON_STREAM_CNTL1_ptr
                0x000b647c                TRAFFIC_MON_STREAM_CNTL0_ptr
                0x000b647e                TRAFFIC_RATE_TYPE
                0x000b6480                TRAFFIC_RATE3_ptr
                0x000b6482                TRAFFIC_RATE2_ptr
                0x000b6484                TRAFFIC_RATE1_ptr
                0x000b6486                TRAFFIC_RATE0_ptr
                0x000b6488                TRAFFIC_GEN_PKTPERCENT11_ptr
                0x000b648a                TRAFFIC_GEN_PKTPERCENT10_ptr
                0x000b648c                TRAFFIC_GEN_PKTPERCENT03_ptr
                0x000b648e                TRAFFIC_GEN_PKTPERCENT02_ptr
                0x000b6490                TRAFFIC_GEN_PKTPERCENT01_ptr
                0x000b6492                TRAFFIC_GEN_PKTPERCENT00_ptr
                0x000b6494                EGEN_PKT_TYPE_ptr
                0x000b6496                EGEN_PKT_TYPE_ptr_1
                0x000b6498                EGEN_PKT_TYPE_ptr_2
                0x000b649a                TRAFFIC_GEN_CONFIG33_ptr
                0x000b649c                TRAFFIC_GEN_CONFIG32_ptr
                0x000b649e                TRAFFIC_GEN_CONFIG31_ptr
                0x000b64a0                TRAFFIC_GEN_CONFIG30_ptr
                0x000b64a2                TRAFFIC_GEN_CONFIG23_ptr
                0x000b64a4                TRAFFIC_GEN_CONFIG22_ptr
                0x000b64a6                TRAFFIC_GEN_CONFIG21_ptr
                0x000b64a8                TRAFFIC_GEN_CONFIG20_ptr
                0x000b64aa                TRAFFIC_GEN_CONFIG13_ptr
                0x000b64ac                TRAFFIC_GEN_CONFIG12_ptr
                0x000b64ae                TRAFFIC_GEN_CONFIG11_ptr
                0x000b64b0                TRAFFIC_GEN_CONFIG10_ptr
                0x000b64b2                TRAFFIC_GEN_CONFIG03_ptr
                0x000b64b4                TRAFFIC_GEN_CONFIG02_ptr
                0x000b64b6                TRAFFIC_GEN_CONFIG01_ptr
                0x000b64b8                TRAFFIC_GEN_CONFIG00_ptr
                0x000b64bc                DEF_EMIX_RANDOM
                0x000b64c4                DEF_GEN_EMIXSEQ0
                0x000b64cc                DEF_GEN_EMIXSEQ1
                0x000b64d4                DEF_GEN_EMIXSEQ2
                0x000b64dc                DEF_GEN_EMIXSEQ3
                0x000b64e4                DEF_GEN_EMIXUSER
                0x000b64ec                DEF_GEN_EMIXUSER1
                0x000b64f4                TRAFFIC_GEN_PKT_EMIXUSERSIZE3_ptr
                0x000b64f6                TRAFFIC_GEN_PKT_EMIXUSERSIZE2_ptr
                0x000b64f8                TRAFFIC_GEN_PKT_EMIXUSERSIZE1_ptr
                0x000b64fa                TRAFFIC_GEN_PKT_EMIXUSERSIZE0_ptr
                0x000b64fc                TRAFFIC_GEN_EMIXSEQ33_ptr
                0x000b64fe                TRAFFIC_GEN_EMIXSEQ32_ptr
                0x000b6500                TRAFFIC_GEN_EMIXSEQ31_ptr
                0x000b6502                TRAFFIC_GEN_EMIXSEQ30_ptr
                0x000b6504                TRAFFIC_GEN_EMIXSEQ23_ptr
                0x000b6506                TRAFFIC_GEN_EMIXSEQ22_ptr
                0x000b6508                TRAFFIC_GEN_EMIXSEQ21_ptr
                0x000b650a                TRAFFIC_GEN_EMIXSEQ20_ptr
                0x000b650c                TRAFFIC_GEN_EMIXSEQ13_ptr
                0x000b650e                TRAFFIC_GEN_EMIXSEQ12_ptr