Archive member included because of file (symbol)

c:/altera/11.1/nios2eds/bin/gnu/h-i686-mingw32/bin/../lib/gcc/nios2-elf/4.1.2/../../../../nios2-elf/lib/mhw-mulx\libm.a(lib_a-s_round.o)
                              obj/Debug/packet10g.o (round)
c:/altera/11.1/nios2eds/bin/gnu/h-i686-mingw32/bin/../lib/gcc/nios2-elf/4.1.2/mhw-mulx\libgcc.a(_fixunssfsi.o)
                              obj/Debug/main.o (__fixunssfsi)
c:/altera/11.1/nios2eds/bin/gnu/h-i686-mingw32/bin/../lib/gcc/nios2-elf/4.1.2/mhw-mulx\libgcc.a(_fixunsdfsi.o)
                              obj/Debug/config10g.o (__fixunsdfsi)
c:/altera/11.1/nios2eds/bin/gnu/h-i686-mingw32/bin/../lib/gcc/nios2-elf/4.1.2/mhw-mulx\libgcc.a(_fixunsdfdi.o)
                              obj/Debug/packet10g.o (__fixunsdfdi)
c:/altera/11.1/nios2eds/bin/gnu/h-i686-mingw32/bin/../lib/gcc/nios2-elf/4.1.2/mhw-mulx\libgcc.a(_floatdidf.o)
                              obj/Debug/packet10g.o (__floatdidf)
c:/altera/11.1/nios2eds/bin/gnu/h-i686-mingw32/bin/../lib/gcc/nios2-elf/4.1.2/mhw-mulx\libgcc.a(_floatundidf.o)
                              obj/Debug/c37dot94bert.o (__floatundidf)
c:/altera/11.1/nios2eds/bin/gnu/h-i686-mingw32/bin/../lib/gcc/nios2-elf/4.1.2/mhw-mulx\libgcc.a(_divdi3.o)
                              obj/Debug/packet10g.o (__divdi3)
c:/altera/11.1/nios2eds/bin/gnu/h-i686-mingw32/bin/../lib/gcc/nios2-elf/4.1.2/mhw-mulx\libgcc.a(_addsub_sf.o)
                              c:/altera/11.1/nios2eds/bin/gnu/h-i686-mingw32/bin/../lib/gcc/nios2-elf/4.1.2/mhw-mulx\libgcc.a(_fixunssfsi.o) (__subsf3)
c:/altera/11.1/nios2eds/bin/gnu/h-i686-mingw32/bin/../lib/gcc/nios2-elf/4.1.2/mhw-mulx\libgcc.a(_mul_sf.o)
                              obj/Debug/packet10g.o (__mulsf3)
c:/altera/11.1/nios2eds/bin/gnu/h-i686-mingw32/bin/../lib/gcc/nios2-elf/4.1.2/mhw-mulx\libgcc.a(_eq_sf.o)
                              obj/Debug/packet10g.o (__eqsf2)
c:/altera/11.1/nios2eds/bin/gnu/h-i686-mingw32/bin/../lib/gcc/nios2-elf/4.1.2/mhw-mulx\libgcc.a(_ge_sf.o)
                              c:/altera/11.1/nios2eds/bin/gnu/h-i686-mingw32/bin/../lib/gcc/nios2-elf/4.1.2/mhw-mulx\libgcc.a(_fixunssfsi.o) (__gesf2)
c:/altera/11.1/nios2eds/bin/gnu/h-i686-mingw32/bin/../lib/gcc/nios2-elf/4.1.2/mhw-mulx\libgcc.a(_sf_to_si.o)
                              obj/Debug/packet10g.o (__fixsfsi)
c:/altera/11.1/nios2eds/bin/gnu/h-i686-mingw32/bin/../lib/gcc/nios2-elf/4.1.2/mhw-mulx\libgcc.a(_sf_to_df.o)
                              obj/Debug/config10g.o (__extendsfdf2)
c:/altera/11.1/nios2eds/bin/gnu/h-i686-mingw32/bin/../lib/gcc/nios2-elf/4.1.2/mhw-mulx\libgcc.a(_thenan_sf.o)
                              c:/altera/11.1/nios2eds/bin/gnu/h-i686-mingw32/bin/../lib/gcc/nios2-elf/4.1.2/mhw-mulx\libgcc.a(_addsub_sf.o) (__thenan_sf)
c:/altera/11.1/nios2eds/bin/gnu/h-i686-mingw32/bin/../lib/gcc/nios2-elf/4.1.2/mhw-mulx\libgcc.a(_usi_to_sf.o)
                              obj/Debug/config10g.o (__floatunsisf)
c:/altera/11.1/nios2eds/bin/gnu/h-i686-mingw32/bin/../lib/gcc/nios2-elf/4.1.2/mhw-mulx\libgcc.a(_addsub_df.o)
                              c:/altera/11.1/nios2eds/bin/gnu/h-i686-mingw32/bin/../lib/gcc/nios2-elf/4.1.2/mhw-mulx\libgcc.a(_fixunsdfsi.o) (__subdf3)
c:/altera/11.1/nios2eds/bin/gnu/h-i686-mingw32/bin/../lib/gcc/nios2-elf/4.1.2/mhw-mulx\libgcc.a(_mul_df.o)
                              obj/Debug/config10g.o (__muldf3)
c:/altera/11.1/nios2eds/bin/gnu/h-i686-mingw32/bin/../lib/gcc/nios2-elf/4.1.2/mhw-mulx\libgcc.a(_div_df.o)
                              obj/Debug/c37dot94bert.o (__divdf3)
c:/altera/11.1/nios2eds/bin/gnu/h-i686-mingw32/bin/../lib/gcc/nios2-elf/4.1.2/mhw-mulx\libgcc.a(_gt_df.o)
                              obj/Debug/packet10g.o (__gtdf2)
c:/altera/11.1/nios2eds/bin/gnu/h-i686-mingw32/bin/../lib/gcc/nios2-elf/4.1.2/mhw-mulx\libgcc.a(_ge_df.o)
                              c:/altera/11.1/nios2eds/bin/gnu/h-i686-mingw32/bin/../lib/gcc/nios2-elf/4.1.2/mhw-mulx\libgcc.a(_fixunsdfsi.o) (__gedf2)
c:/altera/11.1/nios2eds/bin/gnu/h-i686-mingw32/bin/../lib/gcc/nios2-elf/4.1.2/mhw-mulx\libgcc.a(_si_to_df.o)
                              obj/Debug/main.o (__floatsidf)
c:/altera/11.1/nios2eds/bin/gnu/h-i686-mingw32/bin/../lib/gcc/nios2-elf/4.1.2/mhw-mulx\libgcc.a(_df_to_si.o)
                              obj/Debug/packet10g.o (__fixdfsi)
c:/altera/11.1/nios2eds/bin/gnu/h-i686-mingw32/bin/../lib/gcc/nios2-elf/4.1.2/mhw-mulx\libgcc.a(_make_df.o)
                              c:/altera/11.1/nios2eds/bin/gnu/h-i686-mingw32/bin/../lib/gcc/nios2-elf/4.1.2/mhw-mulx\libgcc.a(_sf_to_df.o) (__make_dp)
c:/altera/11.1/nios2eds/bin/gnu/h-i686-mingw32/bin/../lib/gcc/nios2-elf/4.1.2/mhw-mulx\libgcc.a(_df_to_sf.o)
                              obj/Debug/packet10g.o (__truncdfsf2)
c:/altera/11.1/nios2eds/bin/gnu/h-i686-mingw32/bin/../lib/gcc/nios2-elf/4.1.2/mhw-mulx\libgcc.a(_thenan_df.o)
[...]
Memory Configuration

Name             Origin             Length             Attributes
reset            0x00000000         0x00000020
epcs_flash_controller_0 0x00000020         0x000007e0
onchip_mem_BEFORE_EXCEPTION 0x00080000         0x00000020
onchip_mem       0x00080020         0x00049fe0
*default*        0x00000000         0xffffffff

Linker script and memory map

LOAD ../GIGLE10_bsp/obj/HAL/src/crt0.o
LOAD obj/Debug/alt_2_wire.o
LOAD obj/Debug/c37dot94.o
LOAD obj/Debug/c37dot94_task.o
LOAD obj/Debug/c37dot94bert.o
LOAD obj/Debug/cfg10_hw.o
LOAD obj/Debug/cfg_c37.o
LOAD obj/Debug/cfg_frame.o
LOAD obj/Debug/cfg_hw.o
LOAD obj/Debug/config.o
LOAD obj/Debug/config10g.o
LOAD obj/Debug/config_multistream.o
LOAD obj/Debug/flash.o
LOAD obj/Debug/functions.o
LOAD obj/Debug/gui_link.o
LOAD obj/Debug/helpers.o
LOAD obj/Debug/init.o
LOAD obj/Debug/intr.o
LOAD obj/Debug/link_task.o
LOAD obj/Debug/loopback.o
LOAD obj/Debug/main.o
LOAD obj/Debug/onesec_alrm.o
LOAD obj/Debug/packet10g.o
LOAD obj/Debug/results.o
LOAD obj/Debug/sfp.o
LOAD obj/Debug/status.o
LOAD obj/Debug/update_headers.o
LOAD c:/altera/11.1/nios2eds/bin/gnu/h-i686-mingw32/bin/../lib/gcc/nios2-elf/4.1.2/../../../../nios2-elf/lib/mhw-mulx\libstdc++.a
LOAD c:/altera/11.1/nios2eds/bin/gnu/h-i686-mingw32/bin/../lib/gcc/nios2-elf/4.1.2/../../../../nios2-elf/lib/mhw-mulx\libm.a
LOAD c:/altera/11.1/nios2eds/bin/gnu/h-i686-mingw32/bin/../lib/gcc/nios2-elf/4.1.2/mhw-mulx\libgcc.a
START GROUP
LOAD c:/altera/11.1/nios2eds/bin/gnu/h-i686-mingw32/bin/../lib/gcc/nios2-elf/4.1.2/../../../../nios2-elf/lib/mhw-mulx\libc.a
LOAD c:/altera/11.1/nios2eds/bin/gnu/h-i686-mingw32/bin/../lib/gcc/nios2-elf/4.1.2/mhw-mulx\libgcc.a
LOAD ../GIGLE10_bsp\libucosii_bsp.a
END GROUP
LOAD c:/altera/11.1/nios2eds/bin/gnu/h-i686-mingw32/bin/../lib/gcc/nios2-elf/4.1.2/mhw-mulx\libgcc.a
                0x00000000                __alt_mem_epcs_flash_controller_0 = 0x0
                0x00080000                __alt_mem_onchip_mem = 0x80000

.entry          0x00000000        0x0
 *(.entry)
 .entry         0x00000000        0x0 ../GIGLE10_bsp/obj/HAL/src/crt0.o
                0x00000000                __reset

.exceptions     0x00080020      0x168
                0x00080020                PROVIDE (__ram_exceptions_start, ABSOLUTE (.))
                0x00080020                . = ALIGN (0x20)
 *(.irq)
 *(.exceptions.entry.label)
 .exceptions.entry.label
                0x00080020        0x0 ../GIGLE10_bsp\libucosii_bsp.a(alt_irq_entry.o)
                0x00080020                alt_irq_entry
 .exceptions.entry.label
                0x00080020        0x0 ../GIGLE10_bsp\libucosii_bsp.a(alt_exception_entry.o)
                0x00080020                alt_exception
 *(.exceptions.entry.user)
 *(.exceptions.entry)
 .exceptions.entry
                0x00080020       0x54 ../GIGLE10_bsp\libucosii_bsp.a(alt_exception_entry.o)
 *(.exceptions.irqtest.user)
 *(.exceptions.irqtest)
 .exceptions.irqtest
                0x00080074       0x10 ../GIGLE10_bsp\libucosii_bsp.a(alt_irq_entry.o)
 *(.exceptions.irqhandler.user)
 *(.exceptions.irqhandler)
 .exceptions.irqhandler
                0x00080084        0x4 ../GIGLE10_bsp\libucosii_bsp.a(alt_irq_entry.o)
 *(.exceptions.irqreturn.user)
 *(.exceptions.irqreturn)
 .exceptions.irqreturn
                0x00080088        0x4 ../GIGLE10_bsp\libucosii_bsp.a(alt_irq_entry.o)
 *(.exceptions.notirq.label)
 .exceptions.notirq.label
                0x0008008c        0x0 ../GIGLE10_bsp\libucosii_bsp.a(alt_irq_entry.o)
 *(.exceptions.notirq.user)
 *(.exceptions.notirq)
 .exceptions.notirq
                0x0008008c        0x8 ../GIGLE10_bsp\libucosii_bsp.a(alt_exception_entry.o)
 *(.exceptions.soft.user)
 *(.exceptions.soft)
 *(.exceptions.unknown.user)
 *(.exceptions.unknown)
 .exceptions.unknown
                0x00080094        0x4 ../GIGLE10_bsp\libucosii_bsp.a(alt_exception_entry.o)
 *(.exceptions.exit.label)
 .exceptions.exit.label
                0x00080098        0x0 ../GIGLE10_bsp\libucosii_bsp.a(alt_irq_entry.o)
 .exceptions.exit.label
                0x00080098        0x0 ../GIGLE10_bsp\libucosii_bsp.a(alt_exception_entry.o)
 *(.exceptions.exit.user)
 *(.exceptions.exit)
 .exceptions.exit
                0x00080098       0x54 ../GIGLE10_bsp\libucosii_bsp.a(alt_exception_entry.o)
 *(.exceptions)
 .exceptions    0x000800ec       0x9c ../GIGLE10_bsp\libucosii_bsp.a(alt_irq_handler.o)
                0x000800ec                alt_irq_handler
                0x00080188                PROVIDE (__ram_exceptions_end, ABSOLUTE (.))
                0x00080020                PROVIDE (__flash_exceptions_start, LOADADDR (.exceptions))

.text           0x00080188    0x2bb10
                0x00080188                PROVIDE (stext, ABSOLUTE (.))
 *(.interp)
 *(.hash)
 *(.dynsym)
 *(.dynstr)
 *(.gnu.version)
 *(.gnu.version_d)
 *(.gnu.version_r)
 *(.rel.init)
 *(.rela.init)
 *(.rel.text .rel.text.* .rel.gnu.linkonce.t.*)
 *(.rela.text .rela.text.* .rela.gnu.linkonce.t.*)
 *(.rel.fini)
 *(.rela.fini)
 *(.rel.rodata .rel.rodata.* .rel.gnu.linkonce.r.*)
 *(.rela.rodata .rela.rodata.* .rela.gnu.linkonce.r.*)
 *(.rel.data .rel.data.* .rel.gnu.linkonce.d.*)
 *(.rela.data .rela.data.* .rela.gnu.linkonce.d.*)
 *(.rel.tdata .rel.tdata.* .rel.gnu.linkonce.td.*)
 *(.rela.tdata .rela.tdata.* .rela.gnu.linkonce.td.*)
 *(.rel.tbss .rel.tbss.* .rel.gnu.linkonce.tb.*)
 *(.rela.tbss .rela.tbss.* .rela.gnu.linkonce.tb.*)
 *(.rel.ctors)
 *(.rela.ctors)
 *(.rel.dtors)
 *(.rela.dtors)
 *(.rel.got)
 *(.rela.got)
 *(.rel.sdata .rel.sdata.* .rel.gnu.linkonce.s.*)
 *(.rela.sdata .rela.sdata.* .rela.gnu.linkonce.s.*)
 *(.rel.sbss .rel.sbss.* .rel.gnu.linkonce.sb.*)
 *(.rela.sbss .rela.sbss.* .rela.gnu.linkonce.sb.*)
 *(.rel.sdata2 .rel.sdata2.* .rel.gnu.linkonce.s2.*)
 *(.rela.sdata2 .rela.sdata2.* .rela.gnu.linkonce.s2.*)
 *(.rel.sbss2 .rel.sbss2.* .rel.gnu.linkonce.sb2.*)
 *(.rela.sbss2 .rela.sbss2.* .rela.gnu.linkonce.sb2.*)
 *(.rel.bss .rel.bss.* .rel.gnu.linkonce.b.*)
 *(.rela.bss .rela.bss.* .rela.gnu.linkonce.b.*)
 *(.rel.plt)
 *(.rela.plt)
 *(.rel.dyn)
 *(.init)
 *(.plt)
 *(.text .stub .text.* .gnu.linkonce.t.*)
 .text          0x00080188       0x38 ../GIGLE10_bsp/obj/HAL/src/crt0.o
                0x00080188                _start
 .text          0x000801c0      0x5d0 obj/Debug/alt_2_wire.o
                0x000801cc                alt_2_wireInit_B
                0x000801d0                alt_2_wireInit_A
                0x00080280                alt_2_wireStop_B
                0x000802cc                alt_2_wireReadByte_B
                0x000803c4                alt_2_wireTransmitByte_B
                0x00080444                alt_2_wireSendByte_B
                0x000804d0                alt_2_wireStart_B
                0x0008051c                alt_2_wireStop_A
                0x00080568                alt_2_wireReadByte_A
                0x00080660                alt_2_wireTransmitByte_A
                0x000806e0                alt_2_wireSendByte_A
                0x0008076c                alt_2_wireStart_A
 .text          0x00080790      0x4dc obj/Debug/c37dot94.o
                0x00080790                dump_C3794_status
                0x00080870                verify_register
                0x000808a4                wait_for_C3794_clk
                0x00080998                wait_for_rcv_clock_locked
                0x00080a1c                wait_for_LOS_GOOD
                0x00080aa0                gate_C3794_blocks
                0x00080ac0                reset_C3794_blocks
                0x00080af0                set_RCV_N_CHANNELS
                0x00080b00                set_XMT_N_CHANNELS
                0x00080b10                set_IDLE_code
                0x00080b20                clear_register_bit
                0x00080b38                clear_far_end_loopback
                0x00080b44                clear_internal_loopback
                0x00080b50                set_register_bit
                0x00080b64                set_far_end_loopback
                0x00080b70                set_internal_loopback
                0x00080b7c                transition_register_bit
                0x00080b9c                write_ppm_offset
 .text          0x00080c6c      0x234 obj/Debug/c37dot94_task.o
                0x00080c6c                init_c37dot94
                0x00080cf8                issue_UI_command
                0x00080d10                init_debug_test
                0x00080d98                c37dot94_task
 .text          0x00080ea0      0x6f4 obj/Debug/c37dot94bert.o
                0x00080ea0                stop_BERT_test
                0x00080eac                start_BERT_test
                0x00080eb8                load_test_pattern
                0x00080ec4                Insert_BERT_biterror
                0x00080ed0                read_C3794_BERT_counts
                0x00080fa8                restart_bert
                0x00081004                process_bert_sync
                0x00081110                set_C3794_BER
                0x00081134                Invert_BERT_pattern
                0x00081184                set_test_pattern
                0x00081254                run_C3794_BERT_test3
                0x00081344                run_C3794_BERT_test2
                0x0008140c                run_C3794_BERT_test1
 .text          0x00081594     0x160c obj/Debug/cfg10_hw.o
                0x00081594                config_hardware10G
 .text          0x00082ba0      0x28c obj/Debug/cfg_c37.o
                0x00082ba0                config_c37_hw
 .text          0x00082e2c        0x4 obj/Debug/cfg_frame.o
                0x00082e2c                config_frame_structure
 .text          0x00082e30     0x24d0 obj/Debug/cfg_hw.o
                0x00082e30                config_hardware
 .text          0x00085300     0x14dc obj/Debug/config.o
                0x00085300                set_TxClkB_speed
                0x0008532c                set_TxClkA_speed
                0x00085358                tseMacReset
                0x00085374                wait_for_tseMacReset
                0x00085388                tseMacWriteCommandConfigAndReset
                0x00085454                configure_tse_mac
                0x00085890                configure_TxClkB_speed
                0x00085918                configure_TxClkA_speed
                0x000859a0                configure_phyb_fiber
                0x00085b54                configure_phya_fiber
                0x00085ce0                exit_100FX_operation
                0x00085cfc                configure_100FX_operation
                0x00085df0                configure_tse1_to_phyb
                0x00085e68                configure_tse0_to_phya
                0x00085ee0                configure_phy_rx_aligned_timing
                0x00085f14                configure_phyb_copper
                0x00086298                configure_phya_copper
                0x0008661c                configure_phy_rx_delay_timing
                0x00086650                restart_fiber_auto_negotiation
                0x00086674                restart_copper_auto_negotiation
                0x00086698                copper_power_down
                0x000866b8                fiber_power_down
                0x000866d8                select_copper_operation
                0x00086750                select_fiber_operation
                0x000867c8                set_10G_clock_source
 .text          0x000867dc     0x1c18 obj/Debug/config10g.o
                0x000867dc                sfp_B_read_10G_block_into_Array
                0x000867e0                read_10GMAC_64bit_stats
                0x00086860                clear_reset_10GMAC_FIFOS
                0x00086880                set_reset_10GMAC_FIFOS
                0x000868a4                set_10G_MAC_line_loopback
                0x000868d0                enable_PHY_clock
                0x00086918                set_10G_PHY_reset
                0x00086960                read_ext_10G_phy
                0x0008698c                sfp_A_read_10G_block_into_Array
                0x00086aa0                read_10G_sfp_power
                0x00086b74                write_ext_10G_phy
                0x00086ba0                issue_10G_phy_I2C_stop_seq
                0x00086c30                reset_10G_MAC_FIFOS
                0x00086c88                set_10G_MAC_self_loopback
                0x00086cc4                read_10G_sfp_info
                0x00086d40                CLR_10G_MAC_STATS
                0x00086d88                dump_MAC_settings
                0x00086f64                SET_10G_MAC_TX_ADDR
                0x00086f90                SET_10G_MAC_RX_ADDR
                0x00086fbc                init_10G_SC_FIFO
                0x00087028                XAUI_SERIAL_SELFLPBK
                0x000870ac                init_10G_xaui
                0x000872c4                loopback_pma_sys_10G_external_phy
                0x0008735c                loopback_xgxs_sys_10G_external_phy
                0x000873f4                sfp10G_transmit_laser
                0x000874a0                config_10G_external_phy
                0x000875bc                read_10G_MAC_Stats
                0x00087d90                init_10G_MAC
                0x00088014                init_10G_external_phy
 .text          0x000883f4       0x98 obj/Debug/config_multistream.o
                0x000883f4                config_multistream
 .text          0x0008848c      0xc08 obj/Debug/flash.o
                0x0008848c                save_systemvars_to_flashparameters
                0x0008858c                load_flashparameters_into_systemvars
                0x00088720                read_flash_qtx_block_and_write_phy
                0x00088978                write_flash_parameter_block
                0x00088b38                read_flash_parameters
                0x00088cb8                read_flash_qtx_block
                0x00088e54                erase_flash_block
 .text          0x00089094      0x1b8 obj/Debug/functions.o
                0x00089094                BytesToLong
                0x000890c8                BytesToInt
                0x000890e8                SaveBytesLong
                0x00089110                SaveBytesInt
                0x00089128                CalcChecksum
                0x00089164                read_traffic_reg
                0x0008918c                _putchar
                0x00089224                write_traffic_reg
 .text          0x0008924c     0x1384 obj/Debug/gui_link.o
                0x0008924c                config_gui_link
 .text          0x0008a5d0      0x38c obj/Debug/helpers.o
                0x0008a5d0                littleEndianizeWord
                0x0008a5fc                bigEndianizeWord
                0x0008a628                convertHexToString
                0x0008a708                stripLeadingHex
                0x0008a754                validateHexString
                0x0008a7f8                convertStringToHex
 .text          0x0008a95c      0x6d8 obj/Debug/init.o
                0x0008a95c                init_gige
 .text          0x0008b034     0x1d40 obj/Debug/intr.o
                0x0008b034                handle_sfp_ISR
                0x0008b15c                timer1_ISR
                0x0008b208                serial_ISR
                0x0008b54c                handle_aggr_ISR
 .text          0x0008cd74       0xa0 obj/Debug/link_task.o
                0x0008cd74                link_task
 .text          0x0008ce14     0x14c4 obj/Debug/loopback.o
                0x0008ce14                EXIT_LOOPBACK
                0x0008d1dc                ENTER_LOOPBACK
                0x0008d590                loopback_event_processing
                0x0008d780                SEND_HELLO_PACKET
                0x0008dc70                SEND_LOOPBACK_PACKET
 .text          0x0008e2d8     0x1628 obj/Debug/main.o
                0x0008e2d8                main
                0x0008e3b4                GET_EMIX_AVG_PKTLEN
                0x0008e804                SET_LINE_LOAD_RATE
                0x0008ea24                SET_GEN_PACKET_LENGTH
                0x0008eb04                SET_TEST_PARAMS
                0x0008ec10                CONFIGURE_TEST_STREAMS
                0x0008ed1c                main_task
 .text          0x0008f900      0x6d0 obj/Debug/onesec_alrm.o
                0x0008f900                update_history
                0x0008f964                process_alarms_events
                0x0008fa78                update_alarms_event_status
                0x0008fa90                process_bert_errors
                0x0008fbe4                handle_one_sec_alarm
 .text          0x0008ffd0     0x5394 obj/Debug/packet10g.o
                0x0008ffd0                clearTotalResults
                0x000900fc                set_num_test_packets_by_secs_precision
                0x000902e4                StartTest
                0x000903e0                set_num_test_packets_by_secs
                0x000906ac                Write_Mon_Mask
                0x00090804                DISABLE_MON_MASK
                0x00090814                SET_MON_IP_ADDR_BY_STREAM
                0x00090af4                DEBUG_MON_ERRMSG
                0x00090bc4                DUMP_GEN_HDRS_BY_STREAM
                0x00090da0                DUMP_MON_MASK_BY_STREAM
                0x00090f88                DUMP_MON_HDRS_BY_STREAM
                0x000911b4                DUMP_GEN_CONFIGS
                0x00091250                SET_EMIX_OFFSET
                0x000912dc                SETMON_MAC_SOURCE_DEST_ADDR
                0x00091384                SET_TRAFFIC_GEN_GBLCONFIG
                0x0009140c                DBG_MON_STATS
                0x000917fc                SET_GEN_EMIX_BY_STREAM
                0x00091d1c                CLR_MON_HEADER_BY_STREAM
                0x00091d38                CLR_GEN_HEADER_BY_STREAM
                0x00091d54                CLR_GEN_MON_HDRS_BY_STREAM
                0x00091d7c                CLR_MON_MASK_BY_STREAM
                0x00091d98                SET_MON_BY_STREAM
                0x00091e08                SETMON_CLEAR_CNTS_AND_START
                0x00091e44                SETMON_START
                0x00091e80                SETMON_STOP
                0x00091eb0                SETMON_TOTALNUMPKTS
                0x00091f04                SETGEN_TSEMAC_SOURCE_ADDR
                0x00091f80                SETGEN_TSEMAC_DEST_ADDR
                0x00091ffc                SETMON_MAC_DEST_ADDR
                0x00092078                SETMON_TSEMAC_SOURCE_ADDR
                0x000920f4                SETMONHDR_10GMAC_DEST_ADDR
                0x0009219c                SETGENMONHDR_10GMAC_SOURCE_ADDR
                0x00092248                SETGENMONHDR_10GMAC_DEST_ADDR
                0x000922bc                SET_GENMON_MAC_ADDR_BY_STREAM
                0x00092360                Write_Gen_Traffic
                0x000924e0                SETMON_L2_HEADER_MASK_MACFRAME
                0x00092528                SET_GEN_MON_TO_STREAM
                0x00092544                DEBUG_MON_STAT_BY_STREAM
                0x000925cc                DEBUG_GEN_MSG
                0x00092638                CLRGEN_STOP
                0x00092648                SETGEN_STOP
                0x0009265c                SETGEN_START
                0x0009268c                SETGEN_STREAM_NUMPKTS
                0x000926b4                SET_NUMPKTS_BY_STREAM
                0x00092764                SETGEN_TRAFFIC_GENMON_RNDSEED_BY_STREAM
                0x000927c8                SET_GEN_MON_TEST_BY_STREAM
                0x00092f3c                SETGEN_TRAFFIC_GEN_PKTPERCENT
                0x00093008                set_generator_tse_load
                0x00093318                SET_FPSLOAD_BY_STREAM
                0x00093320                GetTotalResults
                0x000938b0                read_mon_status
                0x00094770                test_complete
                0x000949a0                wait_for_packets
                0x000951b0                collect_TSE_MAC_test_stats
                0x000951cc                collect_10G_MAC_test_stats
                0x000951e4                run_packet_test
 .text          0x00095364      0xe94 obj/Debug/results.o
                0x00095364                getEtherStatsOctets_64
                0x000953ec                getOctetsReceivedOK_64
                0x00095474                getOctetsTransmittedOK_64
                0x000954fc                read_tse_stat_counters_debug
                0x000958fc                read_tse_stat_counters
                0x00096178                snap_tse_a_frame_counters
 .text          0x000961f8      0x864 obj/Debug/sfp.o
                0x000961f8                sfp_B_read_block_into_Array
                0x000962d0                sfp_read_field_B
                0x00096370                sfp_A_read_block_into_Array
                0x00096448                read_sfp_info
                0x000964f8                read_sfp_name
                0x000965c8                sfp_read_field_A
                0x00096668                sfp_reg_read_one_byte
                0x00096718                read_sfp_power
                0x000968b4                sfp_reg_write_diag_word
                0x00096944                sfp_reg_write_diag_byte
                0x000969c4                sfp_transmit_laser
 .text          0x00096a5c      0x838 obj/Debug/status.o
                0x00096a5c                set_PortB_LED
                0x00096a94                set_PortA_LED
                0x00096acc                update_link_actv_leds
                0x00096b38                read_phy_operating_mode
                0x00096cf0                read_phy_operating_mode_printf
                0x000971f0                read_10G_phy_operating_mode
 .text          0x00097294     0x1f58 obj/Debug/update_headers.o
                0x00097294                update_headers
 .text          0x000991ec      0x10c c:/altera/11.1/nios2eds/bin/gnu/h-i686-mingw32/bin/../lib/gcc/nios2-elf/4.1.2/../../../../nios2-elf/lib/mhw-mulx\libm.a(lib_a-s_round.o)
                0x000991ec                round
 .text          0x000992f8       0x70 c:/altera/11.1/nios2eds/bin/gnu/h-i686-mingw32/bin/../lib/gcc/nios2-elf/4.1.2/mhw-mulx\libgcc.a(_fixunssfsi.o)
                0x000992f8                __fixunssfsi
 .text          0x00099368       0xa4 c:/altera/11.1/nios2eds/bin/gnu/h-i686-mingw32/bin/../lib/gcc/nios2-elf/4.1.2/mhw-mulx\libgcc.a(_fixunsdfsi.o)
                0x00099368                __fixunsdfsi
 .text          0x0009940c       0xbc c:/altera/11.1/nios2eds/bin/gnu/h-i686-mingw32/bin/../lib/gcc/nios2-elf/4.1.2/mhw-mulx\libgcc.a(_fixunsdfdi.o)
                0x0009940c                __fixunsdfdi
 .text          0x000994c8       0x88 c:/altera/11.1/nios2eds/bin/gnu/h-i686-mingw32/bin/../lib/gcc/nios2-elf/4.1.2/mhw-mulx\libgcc.a(_floatdidf.o)
                0x000994c8                __floatdidf
 .text          0x00099550       0x88 c:/altera/11.1/nios2eds/bin/gnu/h-i686-mingw32/bin/../lib/gcc/nios2-elf/4.1.2/mhw-mulx\libgcc.a(_floatundidf.o)
                0x00099550                __floatundidf
 .text          0x000995d8      0x680 c:/altera/11.1/nios2eds/bin/gnu/h-i686-mingw32/bin/../lib/gcc/nios2-elf/4.1.2/mhw-mulx\libgcc.a(_divdi3.o)
                0x000995d8                __divdi3
 .text          0x00099c58      0x2b8 c:/altera/11.1/nios2eds/bin/gnu/h-i686-mingw32/bin/../lib/gcc/nios2-elf/4.1.2/mhw-mulx\libgcc.a(_addsub_sf.o)
                0x00099e3c                __subsf3
                0x00099eac                __addsf3
 .text          0x00099f10      0x1c8 c:/altera/11.1/nios2eds/bin/gnu/h-i686-mingw32/bin/../lib/gcc/nios2-elf/4.1.2/mhw-mulx\libgcc.a(_mul_sf.o)
                0x00099f10                __mulsf3
 .text          0x0009a0d8       0x78 c:/altera/11.1/nios2eds/bin/gnu/h-i686-mingw32/bin/../lib/gcc/nios2-elf/4.1.2/mhw-mulx\libgcc.a(_eq_sf.o)
                0x0009a0d8                __eqsf2
 .text          0x0009a150       0x78 c:/altera/11.1/nios2eds/bin/gnu/h-i686-mingw32/bin/../lib/gcc/nios2-elf/4.1.2/mhw-mulx\libgcc.a(_ge_sf.o)
                0x0009a150                __gesf2
 .text          0x0009a1c8       0x94 c:/altera/11.1/nios2eds/bin/gnu/h-i686-mingw32/bin/../lib/gcc/nios2-elf/4.1.2/mhw-mulx\libgcc.a(_sf_to_si.o)
                0x0009a1c8                __fixsfsi
 .text          0x0009a25c       0x54 c:/altera/11.1/nios2eds/bin/gnu/h-i686-mingw32/bin/../lib/gcc/nios2-elf/4.1.2/mhw-mulx\libgcc.a(_sf_to_df.o)
                0x0009a25c                __extendsfdf2
 .text          0x0009a2b0        0x0 c:/altera/11.1/nios2eds/bin/gnu/h-i686-mingw32/bin/../lib/gcc/nios2-elf/4.1.2/mhw-mulx\libgcc.a(_thenan_sf.o)
 .text          0x0009a2b0       0xc0 c:/altera/11.1/nios2eds/bin/gnu/h-i686-mingw32/bin/../lib/gcc/nios2-elf/4.1.2/mhw-mulx\libgcc.a(_usi_to_sf.o)
                0x0009a2b0                __floatunsisf
 .text          0x0009a370      0x504 c:/altera/11.1/nios2eds/bin/gnu/h-i686-mingw32/bin/../lib/gcc/nios2-elf/4.1.2/mhw-mulx\libgcc.a(_addsub_df.o)
                0x0009a780                __subdf3
                0x0009a800                __adddf3
 .text          0x0009a874      0x3b4 c:/altera/11.1/nios2eds/bin/gnu/h-i686-mingw32/bin/../lib/gcc/nios2-elf/4.1.2/mhw-mulx\libgcc.a(_mul_df.o)
                0x0009a874                __muldf3
 .text          0x0009ac28      0x258 c:/altera/11.1/nios2eds/bin/gnu/h-i686-mingw32/bin/../lib/gcc/nios2-elf/4.1.2/mhw-mulx\libgcc.a(_div_df.o)
                0x0009ac28                __divdf3
 .text          0x0009ae80       0x88 c:/altera/11.1/nios2eds/bin/gnu/h-i686-mingw32/bin/../lib/gcc/nios2-elf/4.1.2/mhw-mulx\libgcc.a(_gt_df.o)
                0x0009ae80                __gtdf2
 .text          0x0009af08       0x88 c:/altera/11.1/nios2eds/bin/gnu/h-i686-mingw32/bin/../lib/gcc/nios2-elf/4.1.2/mhw-mulx\libgcc.a(_ge_df.o)
                0x0009af08                __gedf2
 .text          0x0009af90       0xf8 c:/altera/11.1/nios2eds/bin/gnu/h-i686-mingw32/bin/../lib/gcc/nios2-elf/4.1.2/mhw-mulx\libgcc.a(_si_to_df.o)
                0x0009af90                __floatsidf
 .text          0x0009b088       0xd8 c:/altera/11.1/nios2eds/bin/gnu/h-i686-mingw32/bin/../lib/gcc/nios2-elf/4.1.2/mhw-mulx\libgcc.a(_df_to_si.o)
                0x0009b088                __fixdfsi
 .text          0x0009b160       0x38 c:/altera/11.1/nios2eds/bin/gnu/h-i686-mingw32/bin/../lib/gcc/nios2-elf/4.1.2/mhw-mulx\libgcc.a(_make_df.o)
                0x0009b160                __make_dp
 .text          0x0009b198       0x74 c:/altera/11.1/nios2eds/bin/gnu/h-i686-mingw32/bin/../lib/gcc/nios2-elf/4.1.2/mhw-mulx\libgcc.a(_df_to_sf.o)
                0x0009b198                __truncdfsf2
 .text          0x0009b20c        0x0 c:/altera/11.1/nios2eds/bin/gnu/h-i686-mingw32/bin/../lib/gcc/nios2-elf/4.1.2/mhw-mulx\libgcc.a(_thenan_df.o)
 .text          0x0009b20c      0x194 c:/altera/11.1/nios2eds/bin/gnu/h-i686-mingw32/bin/../lib/gcc/nios2-elf/4.1.2/mhw-mulx\libgcc.a(_usi_to_df.o)
                0x0009b20c                __floatunsidf
 .text          0x0009b3a0      0x14c c:/altera/11.1/nios2eds/bin/gnu/h-i686-mingw32/bin/../lib/gcc/nios2-elf/4.1.2/mhw-mulx\libgcc.a(lib2-divmod.o)
                0x0009b41c                __divsi3
                0x0009b47c                __modsi3
                0x0009b4dc                __udivsi3
                0x0009b4e4                __umodsi3
 .text          0x0009b4ec        0x0 c:/altera/11.1/nios2eds/bin/gnu/h-i686-mingw32/bin/../lib/gcc/nios2-elf/4.1.2/mhw-mulx\libgcc.a(_clz.o)
 .text          0x0009b4ec       0x80 c:/altera/11.1/nios2eds/bin/gnu/h-i686-mingw32/bin/../lib/gcc/nios2-elf/4.1.2/mhw-mulx\libgcc.a(_clzsi2.o)
                0x0009b4ec                __clzsi2
 .text          0x0009b56c      0x160 c:/altera/11.1/nios2eds/bin/gnu/h-i686-mingw32/bin/../lib/gcc/nios2-elf/4.1.2/mhw-mulx\libgcc.a(_pack_sf.o)
                0x0009b56c                __pack_f
 .text          0x0009b6cc       0xc8 c:/altera/11.1/nios2eds/bin/gnu/h-i686-mingw32/bin/../lib/gcc/nios2-elf/4.1.2/mhw-mulx\libgcc.a(_unpack_sf.o)
                0x0009b6cc                __unpack_f
 .text          0x0009b794       0xa8 c:/altera/11.1/nios2eds/bin/gnu/h-i686-mingw32/bin/../lib/gcc/nios2-elf/4.1.2/mhw-mulx\libgcc.a(_fpcmp_parts_sf.o)
                0x0009b794                __fpcmp_parts_f
 .text          0x0009b83c       0x2c c:/altera/11.1/nios2eds/bin/gnu/h-i686-mingw32/bin/../lib/gcc/nios2-elf/4.1.2/mhw-mulx\libgcc.a(_make_sf.o)
                0x0009b83c                __make_fp
 .text          0x0009b868      0x314 c:/altera/11.1/nios2eds/bin/gnu/h-i686-mingw32/bin/../lib/gcc/nios2-elf/4.1.2/mhw-mulx\libgcc.a(_pack_df.o)
                0x0009b868                __pack_d
 .text          0x0009bb7c      0x138 c:/altera/11.1/nios2eds/bin/gnu/h-i686-mingw32/bin/../lib/gcc/nios2-elf/4.1.2/mhw-mulx\libgcc.a(_unpack_df.o)
                0x0009bb7c                __unpack_d
 .text          0x0009bcb4       0xc8 c:/altera/11.1/nios2eds/bin/gnu/h-i686-mingw32/bin/../lib/gcc/nios2-elf/4.1.2/mhw-mulx\libgcc.a(_fpcmp_parts_df.o)
                0x0009bcb4                __fpcmp_parts_d
 .text          0x0009bd7c       0x78 c:/altera/11.1/nios2eds/bin/gnu/h-i686-mingw32/bin/../lib/gcc/nios2-elf/4.1.2/../../../../nios2-elf/lib/mhw-mulx\libc.a(lib_a-printf.o)
                0x0009bd7c                printf
                0x0009bdc0                _printf_r
 .text          0x0009bdf4       0x24 c:/altera/11.1/nios2eds/bin/gnu/h-i686-mingw32/bin/../lib/gcc/nios2-elf/4.1.2/../../../../nios2-elf/lib/mhw-mulx\libc.a(lib_a-putchar.o)
                0x0009bdf4                putchar
                0x0009be10                _putchar_r
 .text          0x0009be18       0xb4 c:/altera/11.1/nios2eds/bin/gnu/h-i686-mingw32/bin/../lib/gcc/nios2-elf/4.1.2/../../../../nios2-elf/lib/mhw-mulx\libc.a(lib_a-puts.o)
                0x0009be18                _puts_r
                0x0009beb8                puts
 .text          0x0009becc       0x74 c:/altera/11.1/nios2eds/bin/gnu/h-i686-mingw32/bin/../lib/gcc/nios2-elf/4.1.2/../../../../nios2-elf/lib/mhw-mulx\libc.a(lib_a-strlen.o)
                0x0009becc                strlen
 .text          0x0009bf40       0xf0 c:/altera/11.1/nios2eds/bin/gnu/h-i686-mingw32/bin/../lib/gcc/nios2-elf/4.1.2/../../../../nios2-elf/lib/mhw-mulx\libc.a(lib_a-strncmp.o)
                0x0009bf40                strncmp
 .text          0x0009c030     0x1f28 c:/altera/11.1/nios2eds/bin/gnu/h-i686-mingw32/bin/../lib/gcc/nios2-elf/4.1.2/../../../../nios2-elf/lib/mhw-mulx\libc.a(lib_a-vfprintf.o)
                0x0009c088                ___vfprintf_internal_r
                0x0009df34                __vfprintf_internal
 .text          0x0009df58      0x13c c:/altera/11.1/nios2eds/bin/gnu/h-i686-mingw32/bin/../lib/gcc/nios2-elf/4.1.2/../../../../nios2-elf/lib/mhw-mulx\libc.a(lib_a-wsetup.o)
                0x0009df58                __swsetup_r
 .text          0x0009e094     0x17cc c:/altera/11.1/nios2eds/bin/gnu/h-i686-mingw32/bin/../lib/gcc/nios2-elf/4.1.2/../../../../nios2-elf/lib/mhw-mulx\libc.a(lib_a-dtoa.o)
                0x0009e2ac                _dtoa_r
 .text          0x0009f860      0x230 c:/altera/11.1/nios2eds/bin/gnu/h-i686-mingw32/bin/../lib/gcc/nios2-elf/4.1.2/../../../../nios2-elf/lib/mhw-mulx\libc.a(lib_a-fflush.o)
                0x0009f860                _fflush_r
                0x0009fa5c                fflush
 .text          0x0009fa90      0x2c0 c:/altera/11.1/nios2eds/bin/gnu/h-i686-mingw32/bin/../lib/gcc/nios2-elf/4.1.2/../../../../nios2-elf/lib/mhw-mulx\libc.a(lib_a-findfp.o)
                0x0009fae8                __sfp_lock_acquire
                0x0009faec                __sfp_lock_release
                0x0009faf0                __sinit_lock_acquire
                0x0009faf4                __sinit_lock_release
                0x0009faf8                __sinit
                0x0009fbac                __fp_unlock_all
                0x0009fbc4                __fp_lock_all
                0x0009fbdc                _cleanup_r
                0x0009fbe8                _cleanup
                0x0009fbf8                __sfmoreglue
                0x0009fc60                __sfp
 .text          0x0009fd50      0x440 c:/altera/11.1/nios2eds/bin/gnu/h-i686-mingw32/bin/../lib/gcc/nios2-elf/4.1.2/../../../../nios2-elf/lib/mhw-mulx\libc.a(lib_a-freer.o)
                0x0009fd50                _malloc_trim_r
                0x0009fe7c                _free_r
 .text          0x000a0190      0x49c c:/altera/11.1/nios2eds/bin/gnu/h-i686-mingw32/bin/../lib/gcc/nios2-elf/4.1.2/../../../../nios2-elf/lib/mhw-mulx\libc.a(lib_a-fvwrite.o)
                0x000a0190                __sfvwrite_r
 .text          0x000a062c      0x180 c:/altera/11.1/nios2eds/bin/gnu/h-i686-mingw32/bin/../lib/gcc/nios2-elf/4.1.2/../../../../nios2-elf/lib/mhw-mulx\libc.a(lib_a-fwalk.o)
                0x000a062c                _fwalk_reent
                0x000a06f4                _fwalk
 .text          0x000a07ac        0x0 c:/altera/11.1/nios2eds/bin/gnu/h-i686-mingw32/bin/../lib/gcc/nios2-elf/4.1.2/../../../../nios2-elf/lib/mhw-mulx\libc.a(lib_a-impure.o)
 .text          0x000a07ac       0xc4 c:/altera/11.1/nios2eds/bin/gnu/h-i686-mingw32/bin/../lib/gcc/nios2-elf/4.1.2/../../../../nios2-elf/lib/mhw-mulx\libc.a(lib_a-locale.o)
                0x000a07ac                __locale_charset
                0x000a07b4                _localeconv_r
                0x000a07c0                localeconv
                0x000a07d0                _setlocale_r
                0x000a0854                setlocale
 .text          0x000a0870      0x194 c:/altera/11.1/nios2eds/bin/gnu/h-i686-mingw32/bin/../lib/gcc/nios2-elf/4.1.2/../../../../nios2-elf/lib/mhw-mulx\libc.a(lib_a-makebuf.o)
                0x000a0870                __smakebuf_r
 .text          0x000a0a04      0x740 c:/altera/11.1/nios2eds/bin/gnu/h-i686-mingw32/bin/../lib/gcc/nios2-elf/4.1.2/../../../../nios2-elf/lib/mhw-mulx\libc.a(lib_a-mallocr.o)
                0x000a0a04                _malloc_r
 .text          0x000a1144       0xe4 c:/altera/11.1/nios2eds/bin/gnu/h-i686-mingw32/bin/../lib/gcc/nios2-elf/4.1.2/../../../../nios2-elf/lib/mhw-mulx\libc.a(lib_a-memchr.o)
                0x000a1144                memchr
 .text          0x000a1228       0xa0 c:/altera/11.1/nios2eds/bin/gnu/h-i686-mingw32/bin/../lib/gcc/nios2-elf/4.1.2/../../../../nios2-elf/lib/mhw-mulx\libc.a(lib_a-memcpy.o)
                0x000a1228                memcpy
 .text          0x000a12c8       0xe0 c:/altera/11.1/nios2eds/bin/gnu/h-i686-mingw32/bin/../lib/gcc/nios2-elf/4.1.2/../../../../nios2-elf/lib/mhw-mulx\libc.a(lib_a-memmove.o)
                0x000a12c8                memmove
 .text          0x000a13a8       0x98 c:/altera/11.1/nios2eds/bin/gnu/h-i686-mingw32/bin/../lib/gcc/nios2-elf/4.1.2/../../../../nios2-elf/lib/mhw-mulx\libc.a(lib_a-memset.o)
                0x000a13a8                memset
 .text          0x000a1440      0xff4 c:/altera/11.1/nios2eds/bin/gnu/h-i686-mingw32/bin/../lib/gcc/nios2-elf/4.1.2/../../../../nios2-elf/lib/mhw-mulx\libc.a(lib_a-mprec.o)
                0x000a1440                _Bfree
                0x000a1468                __hi0bits
                0x000a14d8                __lo0bits
                0x000a159c                __mcmp
                0x000a15fc                __ulp
                0x000a167c                __b2d
                0x000a179c                __ratio
                0x000a184c                _mprec_log10
                0x000a18e0                __copybits
                0x000a1938                __any_on
                0x000a19c0                _Balloc
                0x000a1a7c                __d2b
                0x000a1bf8                __mdiff
                0x000a1d84                __lshift
                0x000a1ed0                __multiply
                0x000a20b8                __i2b
                0x000a20f4                __multadd
                0x000a21f4                __pow5mult
                0x000a2314                __s2b
 .text          0x000a2434      0x1ec c:/altera/11.1/nios2eds/bin/gnu/h-i686-mingw32/bin/../lib/gcc/nios2-elf/4.1.2/../../../../nios2-elf/lib/mhw-mulx\libc.a(lib_a-putc.o)
                0x000a2434                putc
                0x000a2538                _putc_r
 .text          0x000a2620      0x5f4 c:/altera/11.1/nios2eds/bin/gnu/h-i686-mingw32/bin/../lib/gcc/nios2-elf/4.1.2/../../../../nios2-elf/lib/mhw-mulx\libc.a(lib_a-reallocr.o)
                0x000a2620                _realloc_r
 .text          0x000a2c14       0x40 c:/altera/11.1/nios2eds/bin/gnu/h-i686-mingw32/bin/../lib/gcc/nios2-elf/4.1.2/../../../../nios2-elf/lib/mhw-mulx\libc.a(lib_a-s_isinfd.o)
                0x000a2c14                __isinfd
 .text          0x000a2c54       0x30 c:/altera/11.1/nios2eds/bin/gnu/h-i686-mingw32/bin/../lib/gcc/nios2-elf/4.1.2/../../../../nios2-elf/lib/mhw-mulx\libc.a(lib_a-s_isnand.o)
                0x000a2c54                __isnand
 .text          0x000a2c84       0x70 c:/altera/11.1/nios2eds/bin/gnu/h-i686-mingw32/bin/../lib/gcc/nios2-elf/4.1.2/../../../../nios2-elf/lib/mhw-mulx\libc.a(lib_a-sbrkr.o)
                0x000a2c84                _sbrk_r
 .text          0x000a2cf4      0x14c c:/altera/11.1/nios2eds/bin/gnu/h-i686-mingw32/bin/../lib/gcc/nios2-elf/4.1.2/../../../../nios2-elf/lib/mhw-mulx\libc.a(lib_a-stdio.o)
                0x000a2cf4                __sclose
                0x000a2cfc                __sseek
                0x000a2d64                __swrite
                0x000a2de0                __sread
 .text          0x000a2e40       0xbc c:/altera/11.1/nios2eds/bin/gnu/h-i686-mingw32/bin/../lib/gcc/nios2-elf/4.1.2/../../../../nios2-elf/lib/mhw-mulx\libc.a(lib_a-strcmp.o)
                0x000a2e40                strcmp
 .text          0x000a2efc      0x14c c:/altera/11.1/nios2eds/bin/gnu/h-i686-mingw32/bin/../lib/gcc/nios2-elf/4.1.2/../../../../nios2-elf/lib/mhw-mulx\libc.a(lib_a-wbuf.o)
                0x000a2efc                __swbuf_r
                0x000a302c                __swbuf
 .text          0x000a3048       0x78 c:/altera/11.1/nios2eds/bin/gnu/h-i686-mingw32/bin/../lib/gcc/nios2-elf/4.1.2/../../../../nios2-elf/lib/mhw-mulx\libc.a(lib_a-writer.o)
                0x000a3048                _write_r
 .text          0x000a30c0       0xb4 c:/altera/11.1/nios2eds/bin/gnu/h-i686-mingw32/bin/../lib/gcc/nios2-elf/4.1.2/../../../../nios2-elf/lib/mhw-mulx\libc.a(lib_a-callocr.o)
                0x000a30c0                _calloc_r
 .text          0x000a3174       0x70 c:/altera/11.1/nios2eds/bin/gnu/h-i686-mingw32/bin/../lib/gcc/nios2-elf/4.1.2/../../../../nios2-elf/lib/mhw-mulx\libc.a(lib_a-closer.o)
                0x000a3174                _close_r
 .text          0x000a31e4      0x124 c:/altera/11.1/nios2eds/bin/gnu/h-i686-mingw32/bin/../lib/gcc/nios2-elf/4.1.2/../../../../nios2-elf/lib/mhw-mulx\libc.a(lib_a-fclose.o)
                0x000a31e4                _fclose_r
                0x000a32f4                fclose
 .text          0x000a3308       0x74 c:/altera/11.1/nios2eds/bin/gnu/h-i686-mingw32/bin/../lib/gcc/nios2-elf/4.1.2/../../../../nios2-elf/lib/mhw-mulx\libc.a(lib_a-fstatr.o)
                0x000a3308                _fstat_r
 .text          0x000a337c        0x0 c:/altera/11.1/nios2eds/bin/gnu/h-i686-mingw32/bin/../lib/gcc/nios2-elf/4.1.2/../../../../nios2-elf/lib/mhw-mulx\libc.a(lib_a-int_errno.o)
 .text          0x000a337c       0x70 c:/altera/11.1/nios2eds/bin/gnu/h-i686-mingw32/bin/../lib/gcc/nios2-elf/4.1.2/../../../../nios2-elf/lib/mhw-mulx\libc.a(lib_a-isattyr.o)
                0x000a337c                _isatty_r
 .text          0x000a33ec       0x78 c:/altera/11.1/nios2eds/bin/gnu/h-i686-mingw32/bin/../lib/gcc/nios2-elf/4.1.2/../../../../nios2-elf/lib/mhw-mulx\libc.a(lib_a-lseekr.o)
                0x000a33ec                _lseek_r
 .text          0x000a3464       0x78 c:/altera/11.1/nios2eds/bin/gnu/h-i686-mingw32/bin/../lib/gcc/nios2-elf/4.1.2/../../../../nios2-elf/lib/mhw-mulx\libc.a(lib_a-readr.o)
                0x000a3464                _read_r
 .text          0x000a34dc      0x5dc c:/altera/11.1/nios2eds/bin/gnu/h-i686-mingw32/bin/../lib/gcc/nios2-elf/4.1.2/mhw-mulx\libgcc.a(_udivdi3.o)
                0x000a34dc                __udivdi3
 .text          0x000a3ab8      0x5b0 c:/altera/11.1/nios2eds/bin/gnu/h-i686-mingw32/bin/../lib/gcc/nios2-elf/4.1.2/mhw-mulx\libgcc.a(_umoddi3.o)
                0x000a3ab8                __umoddi3
 .text          0x000a4068       0x88 c:/altera/11.1/nios2eds/bin/gnu/h-i686-mingw32/bin/../lib/gcc/nios2-elf/4.1.2/mhw-mulx\libgcc.a(_eq_df.o)
                0x000a4068                __eqdf2
 .text          0x000a40f0       0x88 c:/altera/11.1/nios2eds/bin/gnu/h-i686-mingw32/bin/../lib/gcc/nios2-elf/4.1.2/mhw-mulx\libgcc.a(_ne_df.o)
                0x000a40f0                __nedf2
 .text          0x000a4178       0x88 c:/altera/11.1/nios2eds/bin/gnu/h-i686-mingw32/bin/../lib/gcc/nios2-elf/4.1.2/mhw-mulx\libgcc.a(_lt_df.o)
                0x000a4178                __ltdf2
 .text          0x000a4200       0x94 ../GIGLE10_bsp\libucosii_bsp.a(alt_alarm_start.o)
                0x000a4200                alt_alarm_start
 .text          0x000a4294       0xf0 ../GIGLE10_bsp\libucosii_bsp.a(alt_close.o)
                0x000a4294                close
 .text          0x000a4384        0x4 ../GIGLE10_bsp\libucosii_bsp.a(alt_dcache_flush.o)
                0x000a4384                alt_dcache_flush
 .text          0x000a4388        0x8 ../GIGLE10_bsp\libucosii_bsp.a(alt_dev.o)
 .text          0x000a4390        0x0 ../GIGLE10_bsp\libucosii_bsp.a(alt_errno.o)
 .text          0x000a4390       0x60 ../GIGLE10_bsp\libucosii_bsp.a(alt_flash_dev.o)
                0x000a4390                alt_flash_close_dev
                0x000a43a4                alt_flash_open_dev
 .text          0x000a43f0       0x90 ../GIGLE10_bsp\libucosii_bsp.a(alt_fstat.o)
                0x000a43f0                fstat
 .text          0x000a4480       0x9c ../GIGLE10_bsp\libucosii_bsp.a(alt_iic.o)
                0x000a4480                alt_ic_irq_enabled
                0x000a4498                alt_ic_irq_enable
                0x000a44d8                alt_ic_irq_disable
                0x000a4518                alt_ic_isr_register
 .text          0x000a451c       0x88 ../GIGLE10_bsp\libucosii_bsp.a(alt_iic_isr_register.o)
                0x000a451c                alt_iic_isr_register
 .text          0x000a45a4        0x0 ../GIGLE10_bsp\libucosii_bsp.a(alt_irq_entry.o)
 .text          0x000a45a4        0x0 ../GIGLE10_bsp\libucosii_bsp.a(alt_irq_handler.o)
 .text          0x000a45a4        0x0 ../GIGLE10_bsp\libucosii_bsp.a(alt_irq_vars.o)
 .text          0x000a45a4       0x84 ../GIGLE10_bsp\libucosii_bsp.a(alt_isatty.o)
                0x000a45a4                isatty
 .text          0x000a4628       0x9c ../GIGLE10_bsp\libucosii_bsp.a(alt_lseek.o)
                0x000a4628                lseek
 .text          0x000a46c4       0x98 ../GIGLE10_bsp\libucosii_bsp.a(alt_main.o)
                0x000a46c4                alt_main
 .text          0x000a475c      0x11c ../GIGLE10_bsp\libucosii_bsp.a(alt_read.o)
                0x000a475c                read
 .text          0x000a4878       0x24 ../GIGLE10_bsp\libucosii_bsp.a(alt_release_fd.o)
                0x000a4878                alt_release_fd
 .text          0x000a489c       0x54 ../GIGLE10_bsp\libucosii_bsp.a(alt_sbrk.o)
                0x000a489c                sbrk
 .text          0x000a48f0       0xf4 ../GIGLE10_bsp\libucosii_bsp.a(alt_tick.o)
                0x000a48f0                alt_alarm_stop
                0x000a4924                alt_tick
 .text          0x000a49e4      0x168 ../GIGLE10_bsp\libucosii_bsp.a(alt_usleep.o)
                0x000a49e4                usleep
 .text          0x000a4b4c      0x118 ../GIGLE10_bsp\libucosii_bsp.a(alt_write.o)
                0x000a4b4c                write
 .text          0x000a4c64       0xb8 ../GIGLE10_bsp\libucosii_bsp.a(alt_env_lock.o)
                0x000a4c64                __env_unlock
                0x000a4c8c                __env_lock
 .text          0x000a4d1c      0x128 ../GIGLE10_bsp\libucosii_bsp.a(alt_malloc_lock.o)
                0x000a4d1c                __malloc_unlock
                0x000a4d7c                __malloc_lock
 .text          0x000a4e44     0x12b4 ../GIGLE10_bsp\libucosii_bsp.a(os_core.o)
                0x000a4e44                OSVersion
                0x000a4e4c                OS_Dummy
                0x000a4e50                OS_EventTaskWait
                0x000a4ed4                OS_EventTaskWaitMulti
                0x000a4f7c                OS_EventTaskRemove
                0x000a4fcc                OS_EventTaskRemoveMulti
                0x000a502c                OS_EventTaskRdy
                0x000a5120                OS_EventWaitListInit
                0x000a513c                OS_MemClr
                0x000a515c                OS_MemCopy
                0x000a51bc                OS_StrCopy
                0x000a51f0                OS_StrLen
                0x000a5214                OS_TaskStatStkChk
                0x000a52a8                OS_Sched
                0x000a5344                OSStart
                0x000a5398                OSInit
                0x000a5574                OSEventNameGet
                0x000a569c                OSEventNameSet
                0x000a57d8                OSEventPendMulti
                0x000a5b64                OSIntEnter
                0x000a5ba4                OSIntExit
                0x000a5c74                OSSchedLock
                0x000a5cbc                OSSchedUnlock
                0x000a5d14                OSStatInit
                0x000a5d78                OSTimeTick
                0x000a5e8c                OS_TaskIdle
                0x000a5ec0                OS_TaskStat
                0x000a5f5c                OS_TCBInit
 .text          0x000a60f8        0x4 ../GIGLE10_bsp\libucosii_bsp.a(os_dbg.o)
                0x000a60f8                OSDebugInit
 .text          0x000a60fc      0xe18 ../GIGLE10_bsp\libucosii_bsp.a(os_flag.o)
                0x000a61b0                OS_FlagUnlink
                0x000a6280                OS_FlagInit
                0x000a62f0                OSFlagQuery
                0x000a6358                OSFlagAccept
                0x000a64fc                OSFlagCreate
                0x000a658c                OSFlagDel
                0x000a6740                OSFlagNameGet
                0x000a685c                OSFlagNameSet
                0x000a6988                OSFlagPend
                0x000a6cc8                OSFlagPendGetFlagsRdy
                0x000a6cf4                OSFlagPost
 .text          0x000a6f14      0x440 ../GIGLE10_bsp\libucosii_bsp.a(os_mem.o)
                0x000a6f14                OS_MemInit
                0x000a6f7c                OSMemQuery
                0x000a6fe0                OSMemCreate
                0x000a70c4                OSMemGet
                0x000a7130                OSMemNameGet
                0x000a7204                OSMemNameSet
                0x000a72fc                OSMemPut
 .text          0x000a7354      0xb24 ../GIGLE10_bsp\libucosii_bsp.a(os_q.o)
                0x000a7354                OS_QInit
                0x000a73a4                OSQQuery
                0x000a7454                OSQAccept
                0x000a7504                OSQCreate
                0x000a760c                OSQDel
                0x000a77f8                OSQFlush
                0x000a7850                OSQPend
                0x000a7a14                OSQPendAbort
                0x000a7b3c                OSQPost
                0x000a7c18                OSQPostFront
                0x000a7cf8                OSQPostOpt
 .text          0x000a7e78      0x6f8 ../GIGLE10_bsp\libucosii_bsp.a(os_sem.o)
                0x000a7e78                OSSemSet
                0x000a7ee4                OSSemAccept
                0x000a7f30                OSSemCreate
                0x000a7fd0                OSSemDel
                0x000a8174                OSSemPend
                0x000a831c                OSSemPendAbort
                0x000a8448                OSSemPost
                0x000a84fc                OSSemQuery
 .text          0x000a8570     0x100c ../GIGLE10_bsp\libucosii_bsp.a(os_task.o)
                0x000a8570                OS_TaskStkClr
                0x000a85a0                OSTaskQuery
                0x000a86a4                OSTaskChangePrio
                0x000a897c                OSTaskCreate
                0x000a8aa4                OSTaskCreateExt
                0x000a8c20                OSTaskDel
                0x000a8ea0                OSTaskDelReq
                0x000a8f58                OSTaskNameGet
                0x000a90a4                OSTaskNameSet
                0x000a91f4                OSTaskResume
                0x000a930c                OSTaskStkChk
                0x000a9428                OSTaskSuspend
 .text          0x000a957c      0x314 ../GIGLE10_bsp\libucosii_bsp.a(os_time.o)
                0x000a957c                OSTimeSet
                0x000a95a0                OSTimeDly
                0x000a9644                OSTimeDlyHMSM
                0x000a9768                OSTimeDlyResume
                0x000a986c                OSTimeGet
 .text          0x000a9890       0xd4 ../GIGLE10_bsp\libucosii_bsp.a(alt_sys_init.o)
                0x000a9890                alt_irq_init
                0x000a98b0                alt_sys_init
 .text          0x000a9964      0x52c ../GIGLE10_bsp\libucosii_bsp.a(altera_avalon_epcs_flash_controller.o)
                0x000a9964                alt_epcs_flash_get_info
                0x000a999c                alt_epcs_flash_read
                0x000a9a14                alt_epcs_flash_write_block
                0x000a9ae4                alt_epcs_flash_write
                0x000a9cb4                alt_epcs_flash_init
                0x000a9e20                alt_epcs_flash_erase_block
 .text          0x000a9e90       0x3c ../GIGLE10_bsp\libucosii_bsp.a(altera_avalon_jtag_uart_fd.o)
                0x000a9e90                altera_avalon_jtag_uart_ioctl_fd
                0x000a9e9c                altera_avalon_jtag_uart_close_fd
                0x000a9eac                altera_avalon_jtag_uart_write_fd
                0x000a9ebc                altera_avalon_jtag_uart_read_fd
 .text          0x000a9ecc      0x350 ../GIGLE10_bsp\libucosii_bsp.a(altera_avalon_jtag_uart_init.o)
                0x000a9ecc                altera_avalon_jtag_uart_close
                0x000a9fb4                altera_avalon_jtag_uart_init
 .text          0x000aa21c       0x88 ../GIGLE10_bsp\libucosii_bsp.a(altera_avalon_jtag_uart_ioctl.o)
                0x000aa21c                altera_avalon_jtag_uart_ioctl
 .text          0x000aa2a4      0x1c8 ../GIGLE10_bsp\libucosii_bsp.a(altera_avalon_jtag_uart_read.o)
                0x000aa2a4                altera_avalon_jtag_uart_read
 .text          0x000aa46c      0x1d8 ../GIGLE10_bsp\libucosii_bsp.a(altera_avalon_jtag_uart_write.o)
                0x000aa46c                altera_avalon_jtag_uart_write
 .text          0x000aa644       0x8c ../GIGLE10_bsp\libucosii_bsp.a(altera_avalon_timer_sc.o)
                0x000aa644                alt_avalon_timer_sc_init
 .text          0x000aa6d0       0x30 ../GIGLE10_bsp\libucosii_bsp.a(altera_avalon_uart_fd.o)
                0x000aa6d0                altera_avalon_uart_close_fd
                0x000aa6e0                altera_avalon_uart_write_fd
                0x000aa6f0                altera_avalon_uart_read_fd
 .text          0x000aa700      0x2b0 ../GIGLE10_bsp\libucosii_bsp.a(altera_avalon_uart_init.o)
                0x000aa700                altera_avalon_uart_close
                0x000aa8f0                altera_avalon_uart_init
 .text          0x000aa9b0      0x18c ../GIGLE10_bsp\libucosii_bsp.a(altera_avalon_uart_read.o)
                0x000aa9b0                altera_avalon_uart_read
 .text          0x000aab3c      0x1ac ../GIGLE10_bsp\libucosii_bsp.a(altera_avalon_uart_write.o)
                0x000aab3c                altera_avalon_uart_write
 .text          0x000aace8      0x320 ../GIGLE10_bsp\libucosii_bsp.a(epcs_commands.o)
                0x000aace8                epcs_read_device_id
                0x000aad38                epcs_read_electronic_signature
                0x000aad8c                epcs_write_enable
                0x000aadc4                epcs_read_status_register
                0x000aae0c                epcs_sector_erase
                0x000aae78                epcs_write_buffer
                0x000aaf28                epcs_read_buffer
                0x000aafb0                epcs_write_status_register
 .text          0x000ab008       0x6c ../GIGLE10_bsp\libucosii_bsp.a(alt_busy_sleep.o)
                0x000ab008                alt_busy_sleep
 .text          0x000ab074       0x7c ../GIGLE10_bsp\libucosii_bsp.a(alt_dev_llist_insert.o)
                0x000ab074                alt_dev_llist_insert
 .text          0x000ab0f0        0x0 ../GIGLE10_bsp\libucosii_bsp.a(alt_exception_entry.o)
 .text          0x000ab0f0       0x94 ../GIGLE10_bsp\libucosii_bsp.a(alt_find_dev.o)
                0x000ab0f0                alt_find_dev
 .text          0x000ab184       0xfc ../GIGLE10_bsp\libucosii_bsp.a(alt_io_redirect.o)
                0x000ab1f4                alt_io_redirect
 .text          0x000ab280      0x180 ../GIGLE10_bsp\libucosii_bsp.a(alt_open.o)
                0x000ab280                open
 .text          0x000ab400        0x8 ../GIGLE10_bsp\libucosii_bsp.a(altera_nios2_qsys_irq.o)
                0x000ab400                altera_nios2_qsys_irq_init
 .text          0x000ab408       0xd0 ../GIGLE10_bsp\libucosii_bsp.a(os_cpu_a.o)
                0x000ab408                OSCtxSw
                0x000ab408                OSIntCtxSw
                0x000ab494                OSStartHighRdy
                0x000ab4b4                OSStartTsk
 .text          0x000ab4d8      0x1f0 ../GIGLE10_bsp\libucosii_bsp.a(os_cpu_c.o)
                0x000ab4d8                OSTaskCreateHook
                0x000ab4dc                OSTaskDelHook
                0x000ab4e0                OSTaskSwHook
                0x000ab4e4                OSTaskStatHook
                0x000ab4e8                OSTimeTickHook
                0x000ab4ec                OSInitHookBegin
                0x000ab4f0                OSInitHookEnd
                0x000ab4f4                OSTaskIdleHook
                0x000ab4f8                OSTCBInitHook
                0x000ab4fc                OSTaskStkInit
 .text          0x000ab6c8      0x124 ../GIGLE10_bsp\libucosii_bsp.a(altera_avalon_spi.o)
                0x000ab6c8                alt_avalon_spi_command
 .text          0x000ab7ec       0xb0 ../GIGLE10_bsp\libucosii_bsp.a(alt_find_file.o)
                0x000ab7ec                alt_find_file
 .text          0x000ab89c       0xe0 ../GIGLE10_bsp\libucosii_bsp.a(alt_get_fd.o)
                0x000ab89c                alt_get_fd
 .text          0x000ab97c       0x38 c:/altera/11.1/nios2eds/bin/gnu/h-i686-mingw32/bin/../lib/gcc/nios2-elf/4.1.2/../../../../nios2-elf/lib/mhw-mulx\libc.a(lib_a-exit.o)
                0x000ab97c                exit
 .text          0x000ab9b4       0x74 c:/altera/11.1/nios2eds/bin/gnu/h-i686-mingw32/bin/../lib/gcc/nios2-elf/4.1.2/../../../../nios2-elf/lib/mhw-mulx\libc.a(lib_a-memcmp.o)
                0x000ab9b4                memcmp
 .text          0x000aba28      0x1b4 c:/altera/11.1/nios2eds/bin/gnu/h-i686-mingw32/bin/../lib/gcc/nios2-elf/4.1.2/../../../../nios2-elf/lib/mhw-mulx\libc.a(lib_a-__call_atexit.o)
                0x000aba2c                __call_exitprocs
 .text          0x000abbdc       0x20 ../GIGLE10_bsp\libucosii_bsp.a(alt_exit.o)
                0x000abbdc                _exit
 *(.gnu.warning.*)
 *(.fini)
                0x000abbfc                PROVIDE (__etext, ABSOLUTE (.))
                0x000abbfc                PROVIDE (_etext, ABSOLUTE (.))
                0x000abbfc                PROVIDE (etext, ABSOLUTE (.))
 *(.eh_frame_hdr)
                0x000abbfc                . = ALIGN (0x4)
                0x000abbfc                PROVIDE (__preinit_array_start, ABSOLUTE (.))
 *(.preinit_array)
                0x000abbfc                PROVIDE (__preinit_array_end, ABSOLUTE (.))
                0x000abbfc                PROVIDE (__init_array_start, ABSOLUTE (.))
 *(.init_array)
                0x000abbfc                PROVIDE (__init_array_end, ABSOLUTE (.))
                0x000abbfc                PROVIDE (__fini_array_start, ABSOLUTE (.))
 *(.fini_array)
                0x000abbfc                PROVIDE (__fini_array_end, ABSOLUTE (.))
 *(.eh_frame)
 .eh_frame      0x000abbfc       0x40 c:/altera/11.1/nios2eds/bin/gnu/h-i686-mingw32/bin/../lib/gcc/nios2-elf/4.1.2/mhw-mulx\libgcc.a(_divdi3.o)
 .eh_frame      0x000abc3c       0x2c c:/altera/11.1/nios2eds/bin/gnu/h-i686-mingw32/bin/../lib/gcc/nios2-elf/4.1.2/mhw-mulx\libgcc.a(_udivdi3.o)
                                 0x40 (size before relaxing)
 .eh_frame      0x000abc68       0x2c c:/altera/11.1/nios2eds/bin/gnu/h-i686-mingw32/bin/../lib/gcc/nios2-elf/4.1.2/mhw-mulx\libgcc.a(_umoddi3.o)
                                 0x40 (size before relaxing)
 *(.gcc_except_table)
 *(.dynamic)
                0x000abc94                PROVIDE (__CTOR_LIST__, ABSOLUTE (.))
 *(.ctors)
 *(SORT(.ctors.*))
 .ctors.65535   0x000abc94        0x4 c:/altera/11.1/nios2eds/bin/gnu/h-i686-mingw32/bin/../lib/gcc/nios2-elf/4.1.2/../../../../nios2-elf/lib/mhw-mulx\libc.a(lib_a-__call_atexit.o)
                0x000abc98                PROVIDE (__CTOR_END__, ABSOLUTE (.))
                0x000abc98                PROVIDE (__DTOR_LIST__, ABSOLUTE (.))
 *(.dtors)
 *(SORT(.dtors.*))
                0x000abc98                PROVIDE (__DTOR_END__, ABSOLUTE (.))
 *(.jcr)
                0x000abc98                . = ALIGN (0x4)

.rodata         0x000abc98     0x82dc
                0x000abc98                PROVIDE (__ram_rodata_start, ABSOLUTE (.))
                0x000abc98                . = ALIGN (0x4)
 *(.rodata .rodata.* .gnu.linkonce.r.*)
 .rodata.str1.4
                0x000abc98      0x2a6 obj/Debug/c37dot94.o
                                0x2bc (size before relaxing)
 *fill*         0x000abf3e        0x2 00
 .rodata.str1.4
                0x000abf40      0x1c8 obj/Debug/c37dot94_task.o
 .rodata.str1.4
                0x000ac108      0x226 obj/Debug/c37dot94bert.o
                                0x228 (size before relaxing)
 *fill*         0x000ac32e        0x2 00
 .rodata        0x000ac330      0x1dc obj/Debug/c37dot94bert.o
 .rodata.str1.4
                0x000ac50c      0xadc obj/Debug/cfg10_hw.o
                                0xb78 (size before relaxing)
 .rodata.str1.4
                0x000acfe8       0x4b obj/Debug/cfg_c37.o
                                 0x4c (size before relaxing)
 *fill*         0x000ad033        0x1 00
 .rodata.str1.4
                0x000ad034      0xa9c obj/Debug/cfg_hw.o
                                0xf6c (size before relaxing)
 .rodata.str1.4
                0x000adad0     0x1073 obj/Debug/config.o
                               0x1074 (size before relaxing)
 *fill*         0x000aeb43        0x1 00
 .rodata.str1.4
                0x000aeb44     0x12e1 obj/Debug/config10g.o
                               0x12f4 (size before relaxing)
 *fill*         0x000afe25        0x3 00
 .rodata.str1.4
                0x000afe28       0x41 obj/Debug/config_multistream.o
                                 0x44 (size before relaxing)
 *fill*         0x000afe69        0x3 00
 .rodata.str1.4
                0x000afe6c      0x6b2 obj/Debug/flash.o
                                0x6b4 (size before relaxing)
 *fill*         0x000b051e        0x2 00
 .rodata.str1.4
                0x000b0520      0x599 obj/Debug/gui_link.o
                                0x5e8 (size before relaxing)
 *fill*         0x000b0ab9        0x3 00
 .rodata.str1.4
                0x000b0abc        0x3 obj/Debug/helpers.o
                                  0x4 (size before relaxing)
 *fill*         0x000b0abf        0x1 00
 .rodata.str1.4
                0x000b0ac0      0x100 obj/Debug/init.o
 .rodata.str1.4
                0x000b0bc0      0x35c obj/Debug/intr.o
 .rodata.str1.4
                0x000b0f1c       0x16 obj/Debug/link_task.o
                                 0x18 (size before relaxing)
 *fill*         0x000b0f32        0x2 00
 .rodata.str1.4
                0x000b0f34      0x339 obj/Debug/loopback.o
                                0x6b0 (size before relaxing)
 *fill*         0x000b126d        0x3 00
 .rodata.str1.4
                0x000b1270      0x623 obj/Debug/main.o
                                0x688 (size before relaxing)
 *fill*         0x000b1893        0x1 00
 .rodata.str1.4
                0x000b1894       0xac obj/Debug/onesec_alrm.o
 .rodata.str1.4
                0x000b1940     0x159d obj/Debug/packet10g.o
                               0x15cc (size before relaxing)
 *fill*         0x000b2edd        0x3 00
 .rodata.str1.4
                0x000b2ee0      0xa48 obj/Debug/results.o
 .rodata.str1.4
                0x000b3928       0x3e obj/Debug/sfp.o
                                 0x40 (size before relaxing)
 *fill*         0x000b3966        0x2 00
 .rodata.str1.4
                0x000b3968      0x19f obj/Debug/status.o
                                0x1a0 (size before relaxing)
 *fill*         0x000b3b07        0x1 00
 .rodata        0x000b3b08       0x10 c:/altera/11.1/nios2eds/bin/gnu/h-i686-mingw32/bin/../lib/gcc/nios2-elf/4.1.2/mhw-mulx\libgcc.a(_thenan_sf.o)
                0x000b3b08                __thenan_sf
 .rodata        0x000b3b18       0x14 c:/altera/11.1/nios2eds/bin/gnu/h-i686-mingw32/bin/../lib/gcc/nios2-elf/4.1.2/mhw-mulx\libgcc.a(_thenan_df.o)
                0x000b3b18                __thenan_df
 .rodata        0x000b3b2c      0x100 c:/altera/11.1/nios2eds/bin/gnu/h-i686-mingw32/bin/../lib/gcc/nios2-elf/4.1.2/mhw-mulx\libgcc.a(_clz.o)
                0x000b3b2c                __clz_tab
 .rodata.str1.4
                0x00000000      0x19f c:/altera/11.1/nios2eds/bin/gnu/h-i686-mingw32/bin/../lib/gcc/nios2-elf/4.1.2/../../../../nios2-elf/lib/mhw-mulx\libc.a(lib_a-puts.o)
                                  0x4 (size before relaxing)
 .rodata.str1.4
                0x000b3c2c       0x5e c:/altera/11.1/nios2eds/bin/gnu/h-i686-mingw32/bin/../lib/gcc/nios2-elf/4.1.2/../../../../nios2-elf/lib/mhw-mulx\libc.a(lib_a-vfprintf.o)
                                 0x60 (size before relaxing)
 .rodata        0x000b3c8a       0x20 c:/altera/11.1/nios2eds/bin/gnu/h-i686-mingw32/bin/../lib/gcc/nios2-elf/4.1.2/../../../../nios2-elf/lib/mhw-mulx\libc.a(lib_a-vfprintf.o)
 *fill*         0x000b3caa        0x2 00
 .rodata.str1.4
                0x000b3cac       0x10 c:/altera/11.1/nios2eds/bin/gnu/h-i686-mingw32/bin/../lib/gcc/nios2-elf/4.1.2/../../../../nios2-elf/lib/mhw-mulx\libc.a(lib_a-dtoa.o)
                                 0x14 (size before relaxing)
 .rodata.str1.4
                0x00000000       0x10 c:/altera/11.1/nios2eds/bin/gnu/h-i686-mingw32/bin/../lib/gcc/nios2-elf/4.1.2/../../../../nios2-elf/lib/mhw-mulx\libc.a(lib_a-impure.o)
                                  0x4 (size before relaxing)
 .rodata.str1.4
                0x000b3cbc        0xb c:/altera/11.1/nios2eds/bin/gnu/h-i686-mingw32/bin/../lib/gcc/nios2-elf/4.1.2/../../../../nios2-elf/lib/mhw-mulx\libc.a(lib_a-locale.o)
                                 0x18 (size before relaxing)
 *fill*         0x000b3cc7        0x1 00
 .rodata        0x000b3cc8       0x30 c:/altera/11.1/nios2eds/bin/gnu/h-i686-mingw32/bin/../lib/gcc/nios2-elf/4.1.2/../../../../nios2-elf/lib/mhw-mulx\libc.a(lib_a-locale.o)
 .rodata        0x000b3cf8      0x124 c:/altera/11.1/nios2eds/bin/gnu/h-i686-mingw32/bin/../lib/gcc/nios2-elf/4.1.2/../../../../nios2-elf/lib/mhw-mulx\libc.a(lib_a-mprec.o)
                0x000b3cf8                __mprec_tens
                0x000b3dc0                __mprec_bigtens
                0x000b3de8                __mprec_tinytens
 .rodata.str1.4
                0x000b3e1c        0xa ../GIGLE10_bsp\libucosii_bsp.a(alt_dev.o)
                                  0xc (size before relaxing)
 *fill*         0x000b3e26        0x2 00
 .rodata.str1.4
                0x000b3e28        0xf ../GIGLE10_bsp\libucosii_bsp.a(alt_main.o)
                                 0x10 (size before relaxing)
 *fill*         0x000b3e37        0x1 00
 .rodata.str1.4
                0x000b3e38       0x1e ../GIGLE10_bsp\libucosii_bsp.a(os_core.o)
                                 0x20 (size before relaxing)
 .rodata        0x000b3e56      0x100 ../GIGLE10_bsp\libucosii_bsp.a(os_core.o)
                0x000b3e56                OSUnMapTbl
 *fill*         0x000b3f56        0x2 00
 .rodata.str1.4
                0x000b3f58       0x1c ../GIGLE10_bsp\libucosii_bsp.a(alt_sys_init.o)
                                 0x4c (size before relaxing)
 .rodata.str1.4
                0x00000000        0x4 ../GIGLE10_bsp\libucosii_bsp.a(os_cpu_c.o)
 *(.rodata1)
                0x000b3f74                . = ALIGN (0x4)
                0x000b3f74                PROVIDE (__ram_rodata_end, ABSOLUTE (.))
                0x000abc98                PROVIDE (__flash_rodata_start, LOADADDR (.rodata))

.rwdata         0x000b3f74     0x2314
                0x000b3f74                PROVIDE (__ram_rwdata_start, ABSOLUTE (.))
                0x000b3f74                . = ALIGN (0x4)
 *(.got.plt)
 *(.got)
 *(.data1)
 *(.data .data.* .gnu.linkonce.d.*)
 .data          0x000b3f74        0x0 ../GIGLE10_bsp/obj/HAL/src/crt0.o
 .data          0x000b3f74        0x0 obj/Debug/alt_2_wire.o
 .data          0x000b3f74        0x0 obj/Debug/c37dot94.o
 .data          0x000b3f74        0x0 obj/Debug/c37dot94_task.o
 .data          0x000b3f74        0x0 obj/Debug/c37dot94bert.o
 .data          0x000b3f74        0x0 obj/Debug/cfg10_hw.o
 .data          0x000b3f74        0x0 obj/Debug/cfg_c37.o
 .data          0x000b3f74        0x0 obj/Debug/cfg_frame.o
 .data          0x000b3f74        0x0 obj/Debug/cfg_hw.o
 .data          0x000b3f74        0x0 obj/Debug/config.o
 .data          0x000b3f74        0x0 obj/Debug/config10g.o
 .data          0x000b3f74        0x0 obj/Debug/config_multistream.o
 .data          0x000b3f74        0x0 obj/Debug/flash.o
 .data          0x000b3f74        0x0 obj/Debug/functions.o
 .data          0x000b3f74        0x0 obj/Debug/gui_link.o
 .data          0x000b3f74        0x0 obj/Debug/helpers.o
 .data          0x000b3f74        0x0 obj/Debug/init.o
 .data          0x000b3f74        0x0 obj/Debug/intr.o
 .data          0x000b3f74        0x0 obj/Debug/link_task.o
 .data          0x000b3f74        0x0 obj/Debug/loopback.o
 .data          0x000b3f74        0x0 obj/Debug/main.o
 .data          0x000b3f74        0x0 obj/Debug/onesec_alrm.o
 .data          0x000b3f74      0x280 obj/Debug/packet10g.o
                0x000b3f74                TRAFFIC_GEN_HDR
                0x000b3ff4                TRAFFIC_MON_MASK
                0x000b40f4                TRAFFIC_MON_HDR
 .data          0x000b41f4        0x0 obj/Debug/results.o
 .data          0x000b41f4        0x0 obj/Debug/sfp.o
 .data          0x000b41f4        0x0 obj/Debug/status.o
 .data          0x000b41f4        0x0 obj/Debug/update_headers.o
 .data          0x000b41f4        0x0 c:/altera/11.1/nios2eds/bin/gnu/h-i686-mingw32/bin/../lib/gcc/nios2-elf/4.1.2/../../../../nios2-elf/lib/mhw-mulx\libm.a(lib_a-s_round.o)
 .data          0x000b41f4        0x0 c:/altera/11.1/nios2eds/bin/gnu/h-i686-mingw32/bin/../lib/gcc/nios2-elf/4.1.2/mhw-mulx\libgcc.a(_fixunssfsi.o)
 .data          0x000b41f4        0x0 c:/altera/11.1/nios2eds/bin/gnu/h-i686-mingw32/bin/../lib/gcc/nios2-elf/4.1.2/mhw-mulx\libgcc.a(_fixunsdfsi.o)
 .data          0x000b41f4        0x0 c:/altera/11.1/nios2eds/bin/gnu/h-i686-mingw32/bin/../lib/gcc/nios2-elf/4.1.2/mhw-mulx\libgcc.a(_fixunsdfdi.o)
 .data          0x000b41f4        0x0 c:/altera/11.1/nios2eds/bin/gnu/h-i686-mingw32/bin/../lib/gcc/nios2-elf/4.1.2/mhw-mulx\libgcc.a(_floatdidf.o)
 .data          0x000b41f4        0x0 c:/altera/11.1/nios2eds/bin/gnu/h-i686-mingw32/bin/../lib/gcc/nios2-elf/4.1.2/mhw-mulx\libgcc.a(_floatundidf.o)
 .data          0x000b41f4        0x0 c:/altera/11.1/nios2eds/bin/gnu/h-i686-mingw32/bin/../lib/gcc/nios2-elf/4.1.2/mhw-mulx\libgcc.a(_divdi3.o)
 .data          0x000b41f4        0x0 c:/altera/11.1/nios2eds/bin/gnu/h-i686-mingw32/bin/../lib/gcc/nios2-elf/4.1.2/mhw-mulx\libgcc.a(_addsub_sf.o)
 .data          0x000b41f4        0x0 c:/altera/11.1/nios2eds/bin/gnu/h-i686-mingw32/bin/../lib/gcc/nios2-elf/4.1.2/mhw-mulx\libgcc.a(_mul_sf.o)
 .data          0x000b41f4        0x0 c:/altera/11.1/nios2eds/bin/gnu/h-i686-mingw32/bin/../lib/gcc/nios2-elf/4.1.2/mhw-mulx\libgcc.a(_eq_sf.o)
 .data          0x000b41f4        0x0 c:/altera/11.1/nios2eds/bin/gnu/h-i686-mingw32/bin/../lib/gcc/nios2-elf/4.1.2/mhw-mulx\libgcc.a(_ge_sf.o)
 .data          0x000b41f4        0x0 c:/altera/11.1/nios2eds/bin/gnu/h-i686-mingw32/bin/../lib/gcc/nios2-elf/4.1.2/mhw-mulx\libgcc.a(_sf_to_si.o)
 .data          0x000b41f4        0x0 c:/altera/11.1/nios2eds/bin/gnu/h-i686-mingw32/bin/../lib/gcc/nios2-elf/4.1.2/mhw-mulx\libgcc.a(_sf_to_df.o)
 .data          0x000b41f4        0x0 c:/altera/11.1/nios2eds/bin/gnu/h-i686-mingw32/bin/../lib/gcc/nios2-elf/4.1.2/mhw-mulx\libgcc.a(_thenan_sf.o)
 .data          0x000b41f4        0x0 c:/altera/11.1/nios2eds/bin/gnu/h-i686-mingw32/bin/../lib/gcc/nios2-elf/4.1.2/mhw-mulx\libgcc.a(_usi_to_sf.o)
 .data          0x000b41f4        0x0 c:/altera/11.1/nios2eds/bin/gnu/h-i686-mingw32/bin/../lib/gcc/nios2-elf/4.1.2/mhw-mulx\libgcc.a(_addsub_df.o)
 .data          0x000b41f4        0x0 c:/altera/11.1/nios2eds/bin/gnu/h-i686-mingw32/bin/../lib/gcc/nios2-elf/4.1.2/mhw-mulx\libgcc.a(_mul_df.o)
 .data          0x000b41f4        0x0 c:/altera/11.1/nios2eds/bin/gnu/h-i686-mingw32/bin/../lib/gcc/nios2-elf/4.1.2/mhw-mulx\libgcc.a(_div_df.o)
 .data          0x000b41f4        0x0 c:/altera/11.1/nios2eds/bin/gnu/h-i686-mingw32/bin/../lib/gcc/nios2-elf/4.1.2/mhw-mulx\libgcc.a(_gt_df.o)
 .data          0x000b41f4        0x0 c:/altera/11.1/nios2eds/bin/gnu/h-i686-mingw32/bin/../lib/gcc/nios2-elf/4.1.2/mhw-mulx\libgcc.a(_ge_df.o)
 .data          0x000b41f4        0x0 c:/altera/11.1/nios2eds/bin/gnu/h-i686-mingw32/bin/../lib/gcc/nios2-elf/4.1.2/mhw-mulx\libgcc.a(_si_to_df.o)
 .data          0x000b41f4        0x0 c:/altera/11.1/nios2eds/bin/gnu/h-i686-mingw32/bin/../lib/gcc/nios2-elf/4.1.2/mhw-mulx\libgcc.a(_df_to_si.o)
 .data          0x000b41f4        0x0 c:/altera/11.1/nios2eds/bin/gnu/h-i686-mingw32/bin/../lib/gcc/nios2-elf/4.1.2/mhw-mulx\libgcc.a(_make_df.o)
 .data          0x000b41f4        0x0 c:/altera/11.1/nios2eds/bin/gnu/h-i686-mingw32/bin/../lib/gcc/nios2-elf/4.1.2/mhw-mulx\libgcc.a(_df_to_sf.o)
 .data          0x000b41f4        0x0 c:/altera/11.1/nios2eds/bin/gnu/h-i686-mingw32/bin/../lib/gcc/nios2-elf/4.1.2/mhw-mulx\libgcc.a(_thenan_df.o)
 .data          0x000b41f4        0x0 c:/altera/11.1/nios2eds/bin/gnu/h-i686-mingw32/bin/../lib/gcc/nios2-elf/4.1.2/mhw-mulx\libgcc.a(_usi_to_df.o)
 .data          0x000b41f4        0x0 c:/altera/11.1/nios2eds/bin/gnu/h-i686-mingw32/bin/../lib/gcc/nios2-elf/4.1.2/mhw-mulx\libgcc.a(lib2-divmod.o)
 .data          0x000b41f4        0x0 c:/altera/11.1/nios2eds/bin/gnu/h-i686-mingw32/bin/../lib/gcc/nios2-elf/4.1.2/mhw-mulx\libgcc.a(_clz.o)
 .data          0x000b41f4        0x0 c:/altera/11.1/nios2eds/bin/gnu/h-i686-mingw32/bin/../lib/gcc/nios2-elf/4.1.2/mhw-mulx\libgcc.a(_clzsi2.o)
 .data          0x000b41f4        0x0 c:/altera/11.1/nios2eds/bin/gnu/h-i686-mingw32/bin/../lib/gcc/nios2-elf/4.1.2/mhw-mulx\libgcc.a(_pack_sf.o)
 .data          0x000b41f4        0x0 c:/altera/11.1/nios2eds/bin/gnu/h-i686-mingw32/bin/../lib/gcc/nios2-elf/4.1.2/mhw-mulx\libgcc.a(_unpack_sf.o)
 .data          0x000b41f4        0x0 c:/altera/11.1/nios2eds/bin/gnu/h-i686-mingw32/bin/../lib/gcc/nios2-elf/4.1.2/mhw-mulx\libgcc.a(_fpcmp_parts_sf.o)
 .data          0x000b41f4        0x0 c:/altera/11.1/nios2eds/bin/gnu/h-i686-mingw32/bin/../lib/gcc/nios2-elf/4.1.2/mhw-mulx\libgcc.a(_make_sf.o)
 .data          0x000b41f4        0x0 c:/altera/11.1/nios2eds/bin/gnu/h-i686-mingw32/bin/../lib/gcc/nios2-elf/4.1.2/mhw-mulx\libgcc.a(_pack_df.o)
 .data          0x000b41f4        0x0 c:/altera/11.1/nios2eds/bin/gnu/h-i686-mingw32/bin/../lib/gcc/nios2-elf/4.1.2/mhw-mulx\libgcc.a(_unpack_df.o)
 .data          0x000b41f4        0x0 c:/altera/11.1/nios2eds/bin/gnu/h-i686-mingw32/bin/../lib/gcc/nios2-elf/4.1.2/mhw-mulx\libgcc.a(_fpcmp_parts_df.o)
 .data          0x000b41f4        0x0 c:/altera/11.1/nios2eds/bin/gnu/h-i686-mingw32/bin/../lib/gcc/nios2-elf/4.1.2/../../../../nios2-elf/lib/mhw-mulx\libc.a(lib_a-printf.o)
 .data          0x000b41f4        0x0 c:/altera/11.1/nios2eds/bin/gnu/h-i686-mingw32/bin/../lib/gcc/nios2-elf/4.1.2/../../../../nios2-elf/lib/mhw-mulx\libc.a(lib_a-putchar.o)
 .data          0x000b41f4        0x0 c:/altera/11.1/nios2eds/bin/gnu/h-i686-mingw32/bin/../lib/gcc/nios2-elf/4.1.2/../../../../nios2-elf/lib/mhw-mulx\libc.a(lib_a-puts.o)
 .data          0x000b41f4        0x0 c:/altera/11.1/nios2eds/bin/gnu/h-i686-mingw32/bin/../lib/gcc/nios2-elf/4.1.2/../../../../nios2-elf/lib/mhw-mulx\libc.a(lib_a-strlen.o)
 .data          0x000b41f4        0x0 c:/altera/11.1/nios2eds/bin/gnu/h-i686-mingw32/bin/../lib/gcc/nios2-elf/4.1.2/../../../../nios2-elf/lib/mhw-mulx\libc.a(lib_a-strncmp.o)
 .data          0x000b41f4        0x0 c:/altera/11.1/nios2eds/bin/gnu/h-i686-mingw32/bin/../lib/gcc/nios2-elf/4.1.2/../../../../nios2-elf/lib/mhw-mulx\libc.a(lib_a-vfprintf.o)
 .data          0x000b41f4        0x0 c:/altera/11.1/nios2eds/bin/gnu/h-i686-mingw32/bin/../lib/gcc/nios2-elf/4.1.2/../../../../nios2-elf/lib/mhw-mulx\libc.a(lib_a-wsetup.o)
 .data          0x000b41f4        0x0 c:/altera/11.1/nios2eds/bin/gnu/h-i686-mingw32/bin/../lib/gcc/nios2-elf/4.1.2/../../../../nios2-elf/lib/mhw-mulx\libc.a(lib_a-dtoa.o)
 .data          0x000b41f4        0x0 c:/altera/11.1/nios2eds/bin/gnu/h-i686-mingw32/bin/../lib/gcc/nios2-elf/4.1.2/../../../../nios2-elf/lib/mhw-mulx\libc.a(lib_a-fflush.o)
 .data          0x000b41f4        0x0 c:/altera/11.1/nios2eds/bin/gnu/h-i686-mingw32/bin/../lib/gcc/nios2-elf/4.1.2/../../../../nios2-elf/lib/mhw-mulx\libc.a(lib_a-findfp.o)
 .data          0x000b41f4        0x0 c:/altera/11.1/nios2eds/bin/gnu/h-i686-mingw32/bin/../lib/gcc/nios2-elf/4.1.2/../../../../nios2-elf/lib/mhw-mulx\libc.a(lib_a-freer.o)
 .data          0x000b41f4        0x0 c:/altera/11.1/nios2eds/bin/gnu/h-i686-mingw32/bin/../lib/gcc/nios2-elf/4.1.2/../../../../nios2-elf/lib/mhw-mulx\libc.a(lib_a-fvwrite.o)
 .data          0x000b41f4        0x0 c:/altera/11.1/nios2eds/bin/gnu/h-i686-mingw32/bin/../lib/gcc/nios2-elf/4.1.2/../../../../nios2-elf/lib/mhw-mulx\libc.a(lib_a-fwalk.o)
 .data          0x000b41f4      0x400 c:/altera/11.1/nios2eds/bin/gnu/h-i686-mingw32/bin/../lib/gcc/nios2-elf/4.1.2/../../../../nios2-elf/lib/mhw-mulx\libc.a(lib_a-impure.o)
 .data          0x000b45f4        0xc c:/altera/11.1/nios2eds/bin/gnu/h-i686-mingw32/bin/../lib/gcc/nios2-elf/4.1.2/../../../../nios2-elf/lib/mhw-mulx\libc.a(lib_a-locale.o)
                0x000b45f4                __lc_ctype
 .data          0x000b4600        0x0 c:/altera/11.1/nios2eds/bin/gnu/h-i686-mingw32/bin/../lib/gcc/nios2-elf/4.1.2/../../../../nios2-elf/lib/mhw-mulx\libc.a(lib_a-makebuf.o)
 .data          0x000b4600      0x408 c:/altera/11.1/nios2eds/bin/gnu/h-i686-mingw32/bin/../lib/gcc/nios2-elf/4.1.2/../../../../nios2-elf/lib/mhw-mulx\libc.a(lib_a-mallocr.o)
                0x000b4600                __malloc_av_
 .data          0x000b4a08        0x0 c:/altera/11.1/nios2eds/bin/gnu/h-i686-mingw32/bin/../lib/gcc/nios2-elf/4.1.2/../../../../nios2-elf/lib/mhw-mulx\libc.a(lib_a-memchr.o)
 .data          0x000b4a08        0x0 c:/altera/11.1/nios2eds/bin/gnu/h-i686-mingw32/bin/../lib/gcc/nios2-elf/4.1.2/../../../../nios2-elf/lib/mhw-mulx\libc.a(lib_a-memcpy.o)
 .data          0x000b4a08        0x0 c:/altera/11.1/nios2eds/bin/gnu/h-i686-mingw32/bin/../lib/gcc/nios2-elf/4.1.2/../../../../nios2-elf/lib/mhw-mulx\libc.a(lib_a-memmove.o)
 .data          0x000b4a08        0x0 c:/altera/11.1/nios2eds/bin/gnu/h-i686-mingw32/bin/../lib/gcc/nios2-elf/4.1.2/../../../../nios2-elf/lib/mhw-mulx\libc.a(lib_a-memset.o)
 .data          0x000b4a08        0x0 c:/altera/11.1/nios2eds/bin/gnu/h-i686-mingw32/bin/../lib/gcc/nios2-elf/4.1.2/../../../../nios2-elf/lib/mhw-mulx\libc.a(lib_a-mprec.o)
 .data          0x000b4a08        0x0 c:/altera/11.1/nios2eds/bin/gnu/h-i686-mingw32/bin/../lib/gcc/nios2-elf/4.1.2/../../../../nios2-elf/lib/mhw-mulx\libc.a(lib_a-putc.o)
 .data          0x000b4a08        0x0 c:/altera/11.1/nios2eds/bin/gnu/h-i686-mingw32/bin/../lib/gcc/nios2-elf/4.1.2/../../../../nios2-elf/lib/mhw-mulx\libc.a(lib_a-reallocr.o)
 .data          0x000b4a08        0x0 c:/altera/11.1/nios2eds/bin/gnu/h-i686-mingw32/bin/../lib/gcc/nios2-elf/4.1.2/../../../../nios2-elf/lib/mhw-mulx\libc.a(lib_a-s_isinfd.o)
 .data          0x000b4a08        0x0 c:/altera/11.1/nios2eds/bin/gnu/h-i686-mingw32/bin/../lib/gcc/nios2-elf/4.1.2/../../../../nios2-elf/lib/mhw-mulx\libc.a(lib_a-s_isnand.o)
 .data          0x000b4a08        0x0 c:/altera/11.1/nios2eds/bin/gnu/h-i686-mingw32/bin/../lib/gcc/nios2-elf/4.1.2/../../../../nios2-elf/lib/mhw-mulx\libc.a(lib_a-sbrkr.o)
 .data          0x000b4a08        0x0 c:/altera/11.1/nios2eds/bin/gnu/h-i686-mingw32/bin/../lib/gcc/nios2-elf/4.1.2/../../../../nios2-elf/lib/mhw-mulx\libc.a(lib_a-stdio.o)
 .data          0x000b4a08        0x0 c:/altera/11.1/nios2eds/bin/gnu/h-i686-mingw32/bin/../lib/gcc/nios2-elf/4.1.2/../../../../nios2-elf/lib/mhw-mulx\libc.a(lib_a-strcmp.o)
 .data          0x000b4a08        0x0 c:/altera/11.1/nios2eds/bin/gnu/h-i686-mingw32/bin/../lib/gcc/nios2-elf/4.1.2/../../../../nios2-elf/lib/mhw-mulx\libc.a(lib_a-wbuf.o)
 .data          0x000b4a08        0x0 c:/altera/11.1/nios2eds/bin/gnu/h-i686-mingw32/bin/../lib/gcc/nios2-elf/4.1.2/../../../../nios2-elf/lib/mhw-mulx\libc.a(lib_a-writer.o)
 .data          0x000b4a08        0x0 c:/altera/11.1/nios2eds/bin/gnu/h-i686-mingw32/bin/../lib/gcc/nios2-elf/4.1.2/../../../../nios2-elf/lib/mhw-mulx\libc.a(lib_a-callocr.o)
 .data          0x000b4a08        0x0 c:/altera/11.1/nios2eds/bin/gnu/h-i686-mingw32/bin/../lib/gcc/nios2-elf/4.1.2/../../../../nios2-elf/lib/mhw-mulx\libc.a(lib_a-closer.o)
 .data          0x000b4a08        0x0 c:/altera/11.1/nios2eds/bin/gnu/h-i686-mingw32/bin/../lib/gcc/nios2-elf/4.1.2/../../../../nios2-elf/lib/mhw-mulx\libc.a(lib_a-fclose.o)
 .data          0x000b4a08        0x0 c:/altera/11.1/nios2eds/bin/gnu/h-i686-mingw32/bin/../lib/gcc/nios2-elf/4.1.2/../../../../nios2-elf/lib/mhw-mulx\libc.a(lib_a-fstatr.o)
 .data          0x000b4a08        0x0 c:/altera/11.1/nios2eds/bin/gnu/h-i686-mingw32/bin/../lib/gcc/nios2-elf/4.1.2/../../../../nios2-elf/lib/mhw-mulx\libc.a(lib_a-int_errno.o)
 .data          0x000b4a08        0x0 c:/altera/11.1/nios2eds/bin/gnu/h-i686-mingw32/bin/../lib/gcc/nios2-elf/4.1.2/../../../../nios2-elf/lib/mhw-mulx\libc.a(lib_a-isattyr.o)
 .data          0x000b4a08        0x0 c:/altera/11.1/nios2eds/bin/gnu/h-i686-mingw32/bin/../lib/gcc/nios2-elf/4.1.2/../../../../nios2-elf/lib/mhw-mulx\libc.a(lib_a-lseekr.o)
 .data          0x000b4a08        0x0 c:/altera/11.1/nios2eds/bin/gnu/h-i686-mingw32/bin/../lib/gcc/nios2-elf/4.1.2/../../../../nios2-elf/lib/mhw-mulx\libc.a(lib_a-readr.o)
 .data          0x000b4a08        0x0 c:/altera/11.1/nios2eds/bin/gnu/h-i686-mingw32/bin/../lib/gcc/nios2-elf/4.1.2/mhw-mulx\libgcc.a(_udivdi3.o)
 .data          0x000b4a08        0x0 c:/altera/11.1/nios2eds/bin/gnu/h-i686-mingw32/bin/../lib/gcc/nios2-elf/4.1.2/mhw-mulx\libgcc.a(_umoddi3.o)
 .data          0x000b4a08        0x0 c:/altera/11.1/nios2eds/bin/gnu/h-i686-mingw32/bin/../lib/gcc/nios2-elf/4.1.2/mhw-mulx\libgcc.a(_eq_df.o)
 .data          0x000b4a08        0x0 c:/altera/11.1/nios2eds/bin/gnu/h-i686-mingw32/bin/../lib/gcc/nios2-elf/4.1.2/mhw-mulx\libgcc.a(_ne_df.o)
 .data          0x000b4a08        0x0 c:/altera/11.1/nios2eds/bin/gnu/h-i686-mingw32/bin/../lib/gcc/nios2-elf/4.1.2/mhw-mulx\libgcc.a(_lt_df.o)
 .data          0x000b4a08        0x0 ../GIGLE10_bsp\libucosii_bsp.a(alt_alarm_start.o)
 .data          0x000b4a08        0x0 ../GIGLE10_bsp\libucosii_bsp.a(alt_close.o)
 .data          0x000b4a08        0x0 ../GIGLE10_bsp\libucosii_bsp.a(alt_dcache_flush.o)
 .data          0x000b4a08      0x1a8 ../GIGLE10_bsp\libucosii_bsp.a(alt_dev.o)
                0x000b4a08                alt_dev_null
                0x000b4a30                alt_fd_list
 .data          0x000b4bb0        0x0 ../GIGLE10_bsp\libucosii_bsp.a(alt_errno.o)
 .data          0x000b4bb0        0x0 ../GIGLE10_bsp\libucosii_bsp.a(alt_flash_dev.o)
 .data          0x000b4bb0        0x0 ../GIGLE10_bsp\libucosii_bsp.a(alt_fstat.o)
 .data          0x000b4bb0        0x0 ../GIGLE10_bsp\libucosii_bsp.a(alt_iic.o)
 .data          0x000b4bb0        0x0 ../GIGLE10_bsp\libucosii_bsp.a(alt_iic_isr_register.o)
 .data          0x000b4bb0        0x0 ../GIGLE10_bsp\libucosii_bsp.a(alt_irq_entry.o)
 .data          0x000b4bb0        0x0 ../GIGLE10_bsp\libucosii_bsp.a(alt_irq_handler.o)
 .data          0x000b4bb0        0x0 ../GIGLE10_bsp\libucosii_bsp.a(alt_irq_vars.o)
 .data          0x000b4bb0        0x0 ../GIGLE10_bsp\libucosii_bsp.a(alt_isatty.o)
 .data          0x000b4bb0        0x0 ../GIGLE10_bsp\libucosii_bsp.a(alt_lseek.o)
 .data          0x000b4bb0        0x0 ../GIGLE10_bsp\libucosii_bsp.a(alt_main.o)
 .data          0x000b4bb0        0x0 ../GIGLE10_bsp\libucosii_bsp.a(alt_read.o)
 .data          0x000b4bb0        0x0 ../GIGLE10_bsp\libucosii_bsp.a(alt_release_fd.o)
 .data          0x000b4bb0        0x0 ../GIGLE10_bsp\libucosii_bsp.a(alt_sbrk.o)
 .data          0x000b4bb0        0x0 ../GIGLE10_bsp\libucosii_bsp.a(alt_tick.o)
 .data          0x000b4bb0        0x0 ../GIGLE10_bsp\libucosii_bsp.a(alt_usleep.o)
 .data          0x000b4bb0        0x0 ../GIGLE10_bsp\libucosii_bsp.a(alt_write.o)
 .data          0x000b4bb0        0x0 ../GIGLE10_bsp\libucosii_bsp.a(alt_env_lock.o)
 .data          0x000b4bb0        0x0 ../GIGLE10_bsp\libucosii_bsp.a(alt_malloc_lock.o)
 .data          0x000b4bb0        0x0 ../GIGLE10_bsp\libucosii_bsp.a(os_core.o)
 .data          0x000b4bb0        0x0 ../GIGLE10_bsp\libucosii_bsp.a(os_dbg.o)
 .data          0x000b4bb0        0x0 ../GIGLE10_bsp\libucosii_bsp.a(os_flag.o)
 .data          0x000b4bb0        0x0 ../GIGLE10_bsp\libucosii_bsp.a(os_mem.o)
 .data          0x000b4bb0        0x0 ../GIGLE10_bsp\libucosii_bsp.a(os_q.o)
 .data          0x000b4bb0        0x0 ../GIGLE10_bsp\libucosii_bsp.a(os_sem.o)
 .data          0x000b4bb0        0x0 ../GIGLE10_bsp\libucosii_bsp.a(os_task.o)
 .data          0x000b4bb0        0x0 ../GIGLE10_bsp\libucosii_bsp.a(os_time.o)
 .data          0x000b4bb0     0x12d0 ../GIGLE10_bsp\libucosii_bsp.a(alt_sys_init.o)
 .data          0x000b5e80        0x0 ../GIGLE10_bsp\libucosii_bsp.a(altera_avalon_epcs_flash_controller.o)
 .data          0x000b5e80        0x0 ../GIGLE10_bsp\libucosii_bsp.a(altera_avalon_jtag_uart_fd.o)
 .data          0x000b5e80        0x0 ../GIGLE10_bsp\libucosii_bsp.a(altera_avalon_jtag_uart_init.o)
 .data          0x000b5e80        0x0 ../GIGLE10_bsp\libucosii_bsp.a(altera_avalon_jtag_uart_ioctl.o)
 .data          0x000b5e80        0x0 ../GIGLE10_bsp\libucosii_bsp.a(altera_avalon_jtag_uart_read.o)
 .data          0x000b5e80        0x0 ../GIGLE10_bsp\libucosii_bsp.a(altera_avalon_jtag_uart_write.o)
 .data          0x000b5e80        0x0 ../GIGLE10_bsp\libucosii_bsp.a(altera_avalon_timer_sc.o)
 .data          0x000b5e80        0x0 ../GIGLE10_bsp\libucosii_bsp.a(altera_avalon_uart_fd.o)
 .data          0x000b5e80        0x0 ../GIGLE10_bsp\libucosii_bsp.a(altera_avalon_uart_init.o)
 .data          0x000b5e80        0x0 ../GIGLE10_bsp\libucosii_bsp.a(altera_avalon_uart_read.o)
 .data          0x000b5e80        0x0 ../GIGLE10_bsp\libucosii_bsp.a(altera_avalon_uart_write.o)
 .data          0x000b5e80        0x0 ../GIGLE10_bsp\libucosii_bsp.a(epcs_commands.o)
 .data          0x000b5e80        0x0 ../GIGLE10_bsp\libucosii_bsp.a(alt_busy_sleep.o)
 .data          0x000b5e80        0x0 ../GIGLE10_bsp\libucosii_bsp.a(alt_dev_llist_insert.o)
 .data          0x000b5e80        0x0 ../GIGLE10_bsp\libucosii_bsp.a(alt_exception_entry.o)
 .data          0x000b5e80        0x0 ../GIGLE10_bsp\libucosii_bsp.a(alt_find_dev.o)
 .data          0x000b5e80        0x0 ../GIGLE10_bsp\libucosii_bsp.a(alt_io_redirect.o)
 .data          0x000b5e80        0x0 ../GIGLE10_bsp\libucosii_bsp.a(alt_open.o)
 .data          0x000b5e80        0x0 ../GIGLE10_bsp\libucosii_bsp.a(altera_nios2_qsys_irq.o)
 .data          0x000b5e80        0x0 ../GIGLE10_bsp\libucosii_bsp.a(os_cpu_a.o)
 .data          0x000b5e80        0x0 ../GIGLE10_bsp\libucosii_bsp.a(os_cpu_c.o)
 .data          0x000b5e80        0x0 ../GIGLE10_bsp\libucosii_bsp.a(altera_avalon_spi.o)
 .data          0x000b5e80        0x0 ../GIGLE10_bsp\libucosii_bsp.a(alt_find_file.o)
 .data          0x000b5e80        0x0 ../GIGLE10_bsp\libucosii_bsp.a(alt_get_fd.o)
 .data          0x000b5e80        0x0 c:/altera/11.1/nios2eds/bin/gnu/h-i686-mingw32/bin/../lib/gcc/nios2-elf/4.1.2/../../../../nios2-elf/lib/mhw-mulx\libc.a(lib_a-exit.o)
 .data          0x000b5e80        0x0 c:/altera/11.1/nios2eds/bin/gnu/h-i686-mingw32/bin/../lib/gcc/nios2-elf/4.1.2/../../../../nios2-elf/lib/mhw-mulx\libc.a(lib_a-memcmp.o)
 .data          0x000b5e80        0x0 c:/altera/11.1/nios2eds/bin/gnu/h-i686-mingw32/bin/../lib/gcc/nios2-elf/4.1.2/../../../../nios2-elf/lib/mhw-mulx\libc.a(lib_a-__call_atexit.o)
 .data          0x000b5e80        0x0 ../GIGLE10_bsp\libucosii_bsp.a(alt_exit.o)
                0x000bde80                _gp = ABSOLUTE ((. + 0x8000))
                0x000bde80                PROVIDE (gp, _gp)
 *(.rwdata .rwdata.*)
 *(.sdata .sdata.* .gnu.linkonce.s.*)
 .sdata         0x000b5e80        0x4 obj/Debug/alt_2_wire.o
                0x000b5e80                alt_2_wireDelay
 .sdata         0x000b5e84        0x8 obj/Debug/c37dot94.o
                0x000b5e84                LOS_WATCHDOG_LIMIT
                0x000b5e88                RCV_CLOCK_WATCHDOG_LIMIT
 .sdata         0x000b5e8c      0x338 obj/Debug/main.o
                0x000b5e8c                GIGE_A
                0x000b5e8d                EMON_TIMEOUT
                0x000b5e8e                Rx_PACKET_ID
                0x000b5e90                PIO3_Content
                0x000b5e94                gen_number_seconds
                0x000b5e98                number_packet_lsb
                0x000b5ea0                MACA_COMMAND_CONFIG
                0x000b5ea4                MACB_COMMAND_CONFIG
                0x000b5ea8                OPTIONS_INSTALLED
                0x000b5ea9                OPTIONS_ENABLED
                0x000b5eaa                PHYA_ETH_SPEED
                0x000b5eab                PHYB_ETH_SPEED
                0x000b5eac                PHYA_COPPER_ENABLE_AN
                0x000b5ead                PHYA_FIBER_ENABLE_AN
                0x000b5eae                PHYA_COPPER_FULLDUPLEX
                0x000b5eaf                PHYA_FIBER_FULLDUPLEX
                0x000b5eb0                PHYB_COPPER_ENABLE_AN
                0x000b5eb1                PHYB_FIBER_ENABLE_AN
                0x000b5eb2                PHYB_COPPER_FULLDUPLEX
                0x000b5eb3                PHYB_FIBER_FULLDUPLEX
                0x000b5eb4                PHYA_CONFIG
                0x000b5eb6                PHYB_CONFIG
                0x000b5eb8                MAC_FRM_LENGTH
                0x000b5eba                traffic_gen_pkt_length
                0x000b5ebc                egen_line_load_rate
                0x000b5ec0                traffic_gen_config
                0x000b5ec4                traffic_gen_config2
                0x000b5ec8                traffic_gen_config3
                0x000b5ecc                traffic_gen_config4
                0x000b5ed0                SET_SWAP_B_TOGGLE
                0x000b5ed2                requestTimer
                0x000b5ed4                loopbackStatPtr
                0x000b5ed5                stream_offset
                0x000b5ed6                size_offset
                0x000b5ed8                num_of_streams
                0x000b5eda                TRAFFIC_GEN_PKT_EMIXUSERSIZE5_ptr
                0x000b5edc                TRAFFIC_GEN_PKT_EMIXUSERSIZE4_ptr
                0x000b5ede                TRAFFIC_MON_STREAM_CNTL3_ptr
                0x000b5ee0                TRAFFIC_MON_STREAM_CNTL2_ptr
                0x000b5ee2                TRAFFIC_MON_STREAM_CNTL1_ptr
                0x000b5ee4                TRAFFIC_MON_STREAM_CNTL0_ptr
                0x000b5ee6                TRAFFIC_RATE_TYPE
                0x000b5ee8                TRAFFIC_RATE3_ptr
                0x000b5eea                TRAFFIC_RATE2_ptr
                0x000b5eec                TRAFFIC_RATE1_ptr
                0x000b5eee                TRAFFIC_RATE0_ptr
                0x000b5ef0                TRAFFIC_GEN_PKTPERCENT11_ptr
                0x000b5ef2                TRAFFIC_GEN_PKTPERCENT10_ptr
                0x000b5ef4                TRAFFIC_GEN_PKTPERCENT03_ptr
                0x000b5ef6                TRAFFIC_GEN_PKTPERCENT02_ptr
                0x000b5ef8                TRAFFIC_GEN_PKTPERCENT01_ptr
                0x000b5efa                TRAFFIC_GEN_PKTPERCENT00_ptr
                0x000b5efc                EGEN_PKT_TYPE_ptr
                0x000b5efe                EGEN_PKT_TYPE_ptr_1
                0x000b5f00                EGEN_PKT_TYPE_ptr_2
                0x000b5f02                TRAFFIC_GEN_CONFIG33_ptr
                0x000b5f04                TRAFFIC_GEN_CONFIG32_ptr
                0x000b5f06                TRAFFIC_GEN_CONFIG31_ptr
                0x000b5f08                TRAFFIC_GEN_CONFIG30_ptr
                0x000b5f0a                TRAFFIC_GEN_CONFIG23_ptr
                0x000b5f0c                TRAFFIC_GEN_CONFIG22_ptr
                0x000b5f0e                TRAFFIC_GEN_CONFIG21_ptr
                0x000b5f10                TRAFFIC_GEN_CONFIG20_ptr
                0x000b5f12                TRAFFIC_GEN_CONFIG13_ptr
                0x000b5f14                TRAFFIC_GEN_CONFIG12_ptr
                0x000b5f16                TRAFFIC_GEN_CONFIG11_ptr
                0x000b5f18                TRAFFIC_GEN_CONFIG10_ptr
                0x000b5f1a                TRAFFIC_GEN_CONFIG03_ptr
                0x000b5f1c                TRAFFIC_GEN_CONFIG02_ptr
                0x000b5f1e                TRAFFIC_GEN_CONFIG01_ptr
                0x000b5f20                TRAFFIC_GEN_CONFIG00_ptr
                0x000b5f24                DEF_EMIX_RANDOM
                0x000b5f2c                DEF_GEN_EMIXSEQ0
                0x000b5f34                DEF_GEN_EMIXSEQ1
                0x000b5f3c                DEF_GEN_EMIXSEQ2
                0x000b5f44                DEF_GEN_EMIXSEQ3
                0x000b5f4c                DEF_GEN_EMIXUSER
                0x000b5f54                DEF_GEN_EMIXUSER1
                0x000b5f5c                TRAFFIC_GEN_PKT_EMIXUSERSIZE3_ptr
                0x000b5f5e                TRAFFIC_GEN_PKT_EMIXUSERSIZE2_ptr
                0x000b5f60                TRAFFIC_GEN_PKT_EMIXUSERSIZE1_ptr
                0x000b5f62                TRAFFIC_GEN_PKT_EMIXUSERSIZE0_ptr
                0x000b5f64                TRAFFIC_GEN_EMIXSEQ33_ptr
                0x000b5f66                TRAFFIC_GEN_EMIXSEQ32_ptr
                0x000b5f68                TRAFFIC_GEN_EMIXSEQ31_ptr
                0x000b5f6a                TRAFFIC_GEN_EMIXSEQ30_ptr
                0x000b5f6c                TRAFFIC_GEN_EMIXSEQ23_ptr
                0x000b5f6e                TRAFFIC_GEN_EMIXSEQ22_ptr
                0x000b5f70                TRAFFIC_GEN_EMIXSEQ21_ptr
                0x000b5f72                TRAFFIC_GEN_EMIXSEQ20_ptr
                0x000b5f74                TRAFFIC_GEN_EMIXSEQ13_ptr
                0x000b5f76                TRAFFIC_GEN_EMIXSEQ12_ptr
                0x000b5f78                TRAFFIC_GEN_EMIXSEQ11_ptr
                0x000b5f7a                TRAFFIC_GEN_EMIXSEQ10_ptr
                0x000b5f7c                TRAFFIC_GEN_EMIXSEQ03_ptr
                0x000b5f7e                TRAFFIC_GEN_EMIXSEQ02_ptr
                0x000b5f80                TRAFFIC_GEN_EMIXSEQ01_ptr