Archive member included because of file (symbol)

c:/altera/11.1/nios2eds/bin/gnu/h-i686-mingw32/bin/../lib/gcc/nios2-elf/4.1.2/../../../../nios2-elf/lib/mhw-mulx\libm.a(lib_a-s_round.o)
                              obj/Debug/packet10g.o (round)
c:/altera/11.1/nios2eds/bin/gnu/h-i686-mingw32/bin/../lib/gcc/nios2-elf/4.1.2/mhw-mulx\libgcc.a(_fixunssfsi.o)
                              obj/Debug/main.o (__fixunssfsi)
c:/altera/11.1/nios2eds/bin/gnu/h-i686-mingw32/bin/../lib/gcc/nios2-elf/4.1.2/mhw-mulx\libgcc.a(_fixunsdfsi.o)
                              obj/Debug/config10g.o (__fixunsdfsi)
c:/altera/11.1/nios2eds/bin/gnu/h-i686-mingw32/bin/../lib/gcc/nios2-elf/4.1.2/mhw-mulx\libgcc.a(_fixunsdfdi.o)
                              obj/Debug/packet10g.o (__fixunsdfdi)
c:/altera/11.1/nios2eds/bin/gnu/h-i686-mingw32/bin/../lib/gcc/nios2-elf/4.1.2/mhw-mulx\libgcc.a(_floatdidf.o)
                              obj/Debug/packet10g.o (__floatdidf)
c:/altera/11.1/nios2eds/bin/gnu/h-i686-mingw32/bin/../lib/gcc/nios2-elf/4.1.2/mhw-mulx\libgcc.a(_floatundidf.o)
                              obj/Debug/c37dot94bert.o (__floatundidf)
c:/altera/11.1/nios2eds/bin/gnu/h-i686-mingw32/bin/../lib/gcc/nios2-elf/4.1.2/mhw-mulx\libgcc.a(_divdi3.o)
                              obj/Debug/packet10g.o (__divdi3)
c:/altera/11.1/nios2eds/bin/gnu/h-i686-mingw32/bin/../lib/gcc/nios2-elf/4.1.2/mhw-mulx\libgcc.a(_addsub_sf.o)
                              c:/altera/11.1/nios2eds/bin/gnu/h-i686-mingw32/bin/../lib/gcc/nios2-elf/4.1.2/mhw-mulx\libgcc.a(_fixunssfsi.o) (__subsf3)
c:/altera/11.1/nios2eds/bin/gnu/h-i686-mingw32/bin/../lib/gcc/nios2-elf/4.1.2/mhw-mulx\libgcc.a(_mul_sf.o)
                              obj/Debug/packet10g.o (__mulsf3)
c:/altera/11.1/nios2eds/bin/gnu/h-i686-mingw32/bin/../lib/gcc/nios2-elf/4.1.2/mhw-mulx\libgcc.a(_eq_sf.o)
                              obj/Debug/packet10g.o (__eqsf2)
c:/altera/11.1/nios2eds/bin/gnu/h-i686-mingw32/bin/../lib/gcc/nios2-elf/4.1.2/mhw-mulx\libgcc.a(_ge_sf.o)
                              c:/altera/11.1/nios2eds/bin/gnu/h-i686-mingw32/bin/../lib/gcc/nios2-elf/4.1.2/mhw-mulx\libgcc.a(_fixunssfsi.o) (__gesf2)
c:/altera/11.1/nios2eds/bin/gnu/h-i686-mingw32/bin/../lib/gcc/nios2-elf/4.1.2/mhw-mulx\libgcc.a(_sf_to_si.o)
                              obj/Debug/packet10g.o (__fixsfsi)
c:/altera/11.1/nios2eds/bin/gnu/h-i686-mingw32/bin/../lib/gcc/nios2-elf/4.1.2/mhw-mulx\libgcc.a(_sf_to_df.o)
                              obj/Debug/config10g.o (__extendsfdf2)
c:/altera/11.1/nios2eds/bin/gnu/h-i686-mingw32/bin/../lib/gcc/nios2-elf/4.1.2/mhw-mulx\libgcc.a(_thenan_sf.o)
                              c:/altera/11.1/nios2eds/bin/gnu/h-i686-mingw32/bin/../lib/gcc/nios2-elf/4.1.2/mhw-mulx\libgcc.a(_addsub_sf.o) (__thenan_sf)
c:/altera/11.1/nios2eds/bin/gnu/h-i686-mingw32/bin/../lib/gcc/nios2-elf/4.1.2/mhw-mulx\libgcc.a(_usi_to_sf.o)
                              obj/Debug/config10g.o (__floatunsisf)
c:/altera/11.1/nios2eds/bin/gnu/h-i686-mingw32/bin/../lib/gcc/nios2-elf/4.1.2/mhw-mulx\libgcc.a(_addsub_df.o)
                              c:/altera/11.1/nios2eds/bin/gnu/h-i686-mingw32/bin/../lib/gcc/nios2-elf/4.1.2/mhw-mulx\libgcc.a(_fixunsdfsi.o) (__subdf3)
c:/altera/11.1/nios2eds/bin/gnu/h-i686-mingw32/bin/../lib/gcc/nios2-elf/4.1.2/mhw-mulx\libgcc.a(_mul_df.o)
                              obj/Debug/config10g.o (__muldf3)
c:/altera/11.1/nios2eds/bin/gnu/h-i686-mingw32/bin/../lib/gcc/nios2-elf/4.1.2/mhw-mulx\libgcc.a(_div_df.o)
                              obj/Debug/c37dot94bert.o (__divdf3)
c:/altera/11.1/nios2eds/bin/gnu/h-i686-mingw32/bin/../lib/gcc/nios2-elf/4.1.2/mhw-mulx\libgcc.a(_gt_df.o)
                              obj/Debug/packet10g.o (__gtdf2)
c:/altera/11.1/nios2eds/bin/gnu/h-i686-mingw32/bin/../lib/gcc/nios2-elf/4.1.2/mhw-mulx\libgcc.a(_ge_df.o)
                              c:/altera/11.1/nios2eds/bin/gnu/h-i686-mingw32/bin/../lib/gcc/nios2-elf/4.1.2/mhw-mulx\libgcc.a(_fixunsdfsi.o) (__gedf2)
c:/altera/11.1/nios2eds/bin/gnu/h-i686-mingw32/bin/../lib/gcc/nios2-elf/4.1.2/mhw-mulx\libgcc.a(_si_to_df.o)
                              obj/Debug/main.o (__floatsidf)
c:/altera/11.1/nios2eds/bin/gnu/h-i686-mingw32/bin/../lib/gcc/nios2-elf/4.1.2/mhw-mulx\libgcc.a(_df_to_si.o)
                              obj/Debug/packet10g.o (__fixdfsi)
c:/altera/11.1/nios2eds/bin/gnu/h-i686-mingw32/bin/../lib/gcc/nios2-elf/4.1.2/mhw-mulx\libgcc.a(_make_df.o)
                              c:/altera/11.1/nios2eds/bin/gnu/h-i686-mingw32/bin/../lib/gcc/nios2-elf/4.1.2/mhw-mulx\libgcc.a(_sf_to_df.o) (__make_dp)
c:/altera/11.1/nios2eds/bin/gnu/h-i686-mingw32/bin/../lib/gcc/nios2-elf/4.1.2/mhw-mulx\libgcc.a(_df_to_sf.o)
                              obj/Debug/packet10g.o (__truncdfsf2)
c:/altera/11.1/nios2eds/bin/gnu/h-i686-mingw32/bin/../lib/gcc/nios2-elf/4.1.2/mhw-mulx\libgcc.a(_thenan_df.o)
[...]
Memory Configuration

Name             Origin             Length             Attributes
reset            0x00000000         0x00000020
epcs_flash_controller_0 0x00000020         0x000007e0
onchip_mem_BEFORE_EXCEPTION 0x00080000         0x00000020
onchip_mem       0x00080020         0x00049fe0
*default*        0x00000000         0xffffffff

Linker script and memory map

LOAD ../GIGLE10_bsp/obj/HAL/src/crt0.o
LOAD obj/Debug/alt_2_wire.o
LOAD obj/Debug/c37dot94.o
LOAD obj/Debug/c37dot94_task.o
LOAD obj/Debug/c37dot94bert.o
LOAD obj/Debug/cfg10_hw.o
LOAD obj/Debug/cfg_c37.o
LOAD obj/Debug/cfg_frame.o
LOAD obj/Debug/cfg_hw.o
LOAD obj/Debug/config.o
LOAD obj/Debug/config10g.o
LOAD obj/Debug/config_multistream.o
LOAD obj/Debug/flash.o
LOAD obj/Debug/functions.o
LOAD obj/Debug/gui_link.o
LOAD obj/Debug/helpers.o
LOAD obj/Debug/init.o
LOAD obj/Debug/intr.o
LOAD obj/Debug/link_task.o
LOAD obj/Debug/loopback.o
LOAD obj/Debug/main.o
LOAD obj/Debug/onesec_alrm.o
LOAD obj/Debug/packet10g.o
LOAD obj/Debug/results.o
LOAD obj/Debug/sfp.o
LOAD obj/Debug/status.o
LOAD obj/Debug/update_headers.o
LOAD c:/altera/11.1/nios2eds/bin/gnu/h-i686-mingw32/bin/../lib/gcc/nios2-elf/4.1.2/../../../../nios2-elf/lib/mhw-mulx\libstdc++.a
LOAD c:/altera/11.1/nios2eds/bin/gnu/h-i686-mingw32/bin/../lib/gcc/nios2-elf/4.1.2/../../../../nios2-elf/lib/mhw-mulx\libm.a
LOAD c:/altera/11.1/nios2eds/bin/gnu/h-i686-mingw32/bin/../lib/gcc/nios2-elf/4.1.2/mhw-mulx\libgcc.a
START GROUP
LOAD c:/altera/11.1/nios2eds/bin/gnu/h-i686-mingw32/bin/../lib/gcc/nios2-elf/4.1.2/../../../../nios2-elf/lib/mhw-mulx\libc.a
LOAD c:/altera/11.1/nios2eds/bin/gnu/h-i686-mingw32/bin/../lib/gcc/nios2-elf/4.1.2/mhw-mulx\libgcc.a
LOAD ../GIGLE10_bsp\libucosii_bsp.a
END GROUP
LOAD c:/altera/11.1/nios2eds/bin/gnu/h-i686-mingw32/bin/../lib/gcc/nios2-elf/4.1.2/mhw-mulx\libgcc.a
                0x00000000                __alt_mem_epcs_flash_controller_0 = 0x0
                0x00080000                __alt_mem_onchip_mem = 0x80000

.entry          0x00000000        0x0
 *(.entry)
 .entry         0x00000000        0x0 ../GIGLE10_bsp/obj/HAL/src/crt0.o
                0x00000000                __reset

.exceptions     0x00080020      0x168
                0x00080020                PROVIDE (__ram_exceptions_start, ABSOLUTE (.))
                0x00080020                . = ALIGN (0x20)
 *(.irq)
 *(.exceptions.entry.label)
 .exceptions.entry.label
                0x00080020        0x0 ../GIGLE10_bsp\libucosii_bsp.a(alt_irq_entry.o)
                0x00080020                alt_irq_entry
 .exceptions.entry.label
                0x00080020        0x0 ../GIGLE10_bsp\libucosii_bsp.a(alt_exception_entry.o)
                0x00080020                alt_exception
 *(.exceptions.entry.user)
 *(.exceptions.entry)
 .exceptions.entry
                0x00080020       0x54 ../GIGLE10_bsp\libucosii_bsp.a(alt_exception_entry.o)
 *(.exceptions.irqtest.user)
 *(.exceptions.irqtest)
 .exceptions.irqtest
                0x00080074       0x10 ../GIGLE10_bsp\libucosii_bsp.a(alt_irq_entry.o)
 *(.exceptions.irqhandler.user)
 *(.exceptions.irqhandler)
 .exceptions.irqhandler
                0x00080084        0x4 ../GIGLE10_bsp\libucosii_bsp.a(alt_irq_entry.o)
 *(.exceptions.irqreturn.user)
 *(.exceptions.irqreturn)
 .exceptions.irqreturn
                0x00080088        0x4 ../GIGLE10_bsp\libucosii_bsp.a(alt_irq_entry.o)
 *(.exceptions.notirq.label)
 .exceptions.notirq.label
                0x0008008c        0x0 ../GIGLE10_bsp\libucosii_bsp.a(alt_irq_entry.o)
 *(.exceptions.notirq.user)
 *(.exceptions.notirq)
 .exceptions.notirq
                0x0008008c        0x8 ../GIGLE10_bsp\libucosii_bsp.a(alt_exception_entry.o)
 *(.exceptions.soft.user)
 *(.exceptions.soft)
 *(.exceptions.unknown.user)
 *(.exceptions.unknown)
 .exceptions.unknown
                0x00080094        0x4 ../GIGLE10_bsp\libucosii_bsp.a(alt_exception_entry.o)
 *(.exceptions.exit.label)
 .exceptions.exit.label
                0x00080098        0x0 ../GIGLE10_bsp\libucosii_bsp.a(alt_irq_entry.o)
 .exceptions.exit.label
                0x00080098        0x0 ../GIGLE10_bsp\libucosii_bsp.a(alt_exception_entry.o)
 *(.exceptions.exit.user)
 *(.exceptions.exit)
 .exceptions.exit
                0x00080098       0x54 ../GIGLE10_bsp\libucosii_bsp.a(alt_exception_entry.o)
 *(.exceptions)
 .exceptions    0x000800ec       0x9c ../GIGLE10_bsp\libucosii_bsp.a(alt_irq_handler.o)
                0x000800ec                alt_irq_handler
                0x00080188                PROVIDE (__ram_exceptions_end, ABSOLUTE (.))
                0x00080020                PROVIDE (__flash_exceptions_start, LOADADDR (.exceptions))

.text           0x00080188    0x2b800
                0x00080188                PROVIDE (stext, ABSOLUTE (.))
 *(.interp)
 *(.hash)
 *(.dynsym)
 *(.dynstr)
 *(.gnu.version)
 *(.gnu.version_d)
 *(.gnu.version_r)
 *(.rel.init)
 *(.rela.init)
 *(.rel.text .rel.text.* .rel.gnu.linkonce.t.*)
 *(.rela.text .rela.text.* .rela.gnu.linkonce.t.*)
 *(.rel.fini)
 *(.rela.fini)
 *(.rel.rodata .rel.rodata.* .rel.gnu.linkonce.r.*)
 *(.rela.rodata .rela.rodata.* .rela.gnu.linkonce.r.*)
 *(.rel.data .rel.data.* .rel.gnu.linkonce.d.*)
 *(.rela.data .rela.data.* .rela.gnu.linkonce.d.*)
 *(.rel.tdata .rel.tdata.* .rel.gnu.linkonce.td.*)
 *(.rela.tdata .rela.tdata.* .rela.gnu.linkonce.td.*)
 *(.rel.tbss .rel.tbss.* .rel.gnu.linkonce.tb.*)
 *(.rela.tbss .rela.tbss.* .rela.gnu.linkonce.tb.*)
 *(.rel.ctors)
 *(.rela.ctors)
 *(.rel.dtors)
 *(.rela.dtors)
 *(.rel.got)
 *(.rela.got)
 *(.rel.sdata .rel.sdata.* .rel.gnu.linkonce.s.*)
 *(.rela.sdata .rela.sdata.* .rela.gnu.linkonce.s.*)
 *(.rel.sbss .rel.sbss.* .rel.gnu.linkonce.sb.*)
 *(.rela.sbss .rela.sbss.* .rela.gnu.linkonce.sb.*)
 *(.rel.sdata2 .rel.sdata2.* .rel.gnu.linkonce.s2.*)
 *(.rela.sdata2 .rela.sdata2.* .rela.gnu.linkonce.s2.*)
 *(.rel.sbss2 .rel.sbss2.* .rel.gnu.linkonce.sb2.*)
 *(.rela.sbss2 .rela.sbss2.* .rela.gnu.linkonce.sb2.*)
 *(.rel.bss .rel.bss.* .rel.gnu.linkonce.b.*)
 *(.rela.bss .rela.bss.* .rela.gnu.linkonce.b.*)
 *(.rel.plt)
 *(.rela.plt)
 *(.rel.dyn)
 *(.init)
 *(.plt)
 *(.text .stub .text.* .gnu.linkonce.t.*)
 .text          0x00080188       0x38 ../GIGLE10_bsp/obj/HAL/src/crt0.o
                0x00080188                _start
 .text          0x000801c0      0x5d0 obj/Debug/alt_2_wire.o
                0x000801cc                alt_2_wireInit_B
                0x000801d0                alt_2_wireInit_A
                0x00080280                alt_2_wireStop_B
                0x000802cc                alt_2_wireReadByte_B
                0x000803c4                alt_2_wireTransmitByte_B
                0x00080444                alt_2_wireSendByte_B
                0x000804d0                alt_2_wireStart_B
                0x0008051c                alt_2_wireStop_A
                0x00080568                alt_2_wireReadByte_A
                0x00080660                alt_2_wireTransmitByte_A
                0x000806e0                alt_2_wireSendByte_A
                0x0008076c                alt_2_wireStart_A
 .text          0x00080790      0x46c obj/Debug/c37dot94.o
                0x00080790                dump_C3794_status
                0x00080818                verify_register
                0x0008084c                wait_for_C3794_clk
                0x00080940                wait_for_rcv_clock_locked
                0x000809c4                wait_for_LOS_GOOD
                0x00080a48                gate_C3794_blocks
                0x00080a68                reset_C3794_blocks
                0x00080a98                set_RCV_N_CHANNELS
                0x00080aa8                set_N_CHANNELS
                0x00080ab8                set_IDLE_code
                0x00080ac8                clear_register_bit
                0x00080ae0                set_register_bit
                0x00080af4                set_far_end_loopback
                0x00080b00                set_internal_loopback
                0x00080b0c                transition_register_bit
                0x00080b2c                write_ppm_offset
 .text          0x00080bfc      0x1b8 obj/Debug/c37dot94_task.o
                0x00080bfc                init_c37dot94
                0x00080c88                init_debug_test
                0x00080cdc                c37dot94_task
 .text          0x00080db4      0x6f0 obj/Debug/c37dot94bert.o
                0x00080db4                stop_BERT_test
                0x00080dc0                start_BERT_test
                0x00080dcc                load_test_pattern
                0x00080dd8                Insert_BERT_biterror
                0x00080de4                read_C3794_BERT_counts
                0x00080ebc                restart_bert
                0x00080f30                process_bert_sync
                0x00081020                set_C3794_BER
                0x00081044                Invert_BERT_pattern
                0x00081094                set_test_pattern
                0x00081164                run_C3794_BERT_test3
                0x00081254                run_C3794_BERT_test2
                0x0008131c                run_C3794_BERT_test1
 .text          0x000814a4     0x160c obj/Debug/cfg10_hw.o
                0x000814a4                config_hardware10G
 .text          0x00082ab0      0x248 obj/Debug/cfg_c37.o
                0x00082ab0                config_c37_hw
 .text          0x00082cf8        0x4 obj/Debug/cfg_frame.o
                0x00082cf8                config_frame_structure
 .text          0x00082cfc     0x24d0 obj/Debug/cfg_hw.o
                0x00082cfc                config_hardware
 .text          0x000851cc     0x14dc obj/Debug/config.o
                0x000851cc                set_TxClkB_speed
                0x000851f8                set_TxClkA_speed
                0x00085224                tseMacReset
                0x00085240                wait_for_tseMacReset
                0x00085254                tseMacWriteCommandConfigAndReset
                0x00085320                configure_tse_mac
                0x0008575c                configure_TxClkB_speed
                0x000857e4                configure_TxClkA_speed
                0x0008586c                configure_phyb_fiber
                0x00085a20                configure_phya_fiber
                0x00085bac                exit_100FX_operation
                0x00085bc8                configure_100FX_operation
                0x00085cbc                configure_tse1_to_phyb
                0x00085d34                configure_tse0_to_phya
                0x00085dac                configure_phy_rx_aligned_timing
                0x00085de0                configure_phyb_copper
                0x00086164                configure_phya_copper
                0x000864e8                configure_phy_rx_delay_timing
                0x0008651c                restart_fiber_auto_negotiation
                0x00086540                restart_copper_auto_negotiation
                0x00086564                copper_power_down
                0x00086584                fiber_power_down
                0x000865a4                select_copper_operation
                0x0008661c                select_fiber_operation
                0x00086694                set_10G_clock_source
 .text          0x000866a8     0x1c18 obj/Debug/config10g.o
                0x000866a8                sfp_B_read_10G_block_into_Array
                0x000866ac                read_10GMAC_64bit_stats
                0x0008672c                clear_reset_10GMAC_FIFOS
                0x0008674c                set_reset_10GMAC_FIFOS
                0x00086770                set_10G_MAC_line_loopback
                0x0008679c                enable_PHY_clock
                0x000867e4                set_10G_PHY_reset
                0x0008682c                read_ext_10G_phy
                0x00086858                sfp_A_read_10G_block_into_Array
                0x0008696c                read_10G_sfp_power
                0x00086a40                write_ext_10G_phy
                0x00086a6c                issue_10G_phy_I2C_stop_seq
                0x00086afc                reset_10G_MAC_FIFOS
                0x00086b54                set_10G_MAC_self_loopback
                0x00086b90                read_10G_sfp_info
                0x00086c0c                CLR_10G_MAC_STATS
                0x00086c54                dump_MAC_settings
                0x00086e30                SET_10G_MAC_TX_ADDR
                0x00086e5c                SET_10G_MAC_RX_ADDR
                0x00086e88                init_10G_SC_FIFO
                0x00086ef4                XAUI_SERIAL_SELFLPBK
                0x00086f78                init_10G_xaui
                0x00087190                loopback_pma_sys_10G_external_phy
                0x00087228                loopback_xgxs_sys_10G_external_phy
                0x000872c0                sfp10G_transmit_laser
                0x0008736c                config_10G_external_phy
                0x00087488                read_10G_MAC_Stats
                0x00087c5c                init_10G_MAC
                0x00087ee0                init_10G_external_phy
 .text          0x000882c0       0x98 obj/Debug/config_multistream.o
                0x000882c0                config_multistream
 .text          0x00088358      0xc08 obj/Debug/flash.o
                0x00088358                save_systemvars_to_flashparameters
                0x00088458                load_flashparameters_into_systemvars
                0x000885ec                read_flash_qtx_block_and_write_phy
                0x00088844                write_flash_parameter_block
                0x00088a04                read_flash_parameters
                0x00088b84                read_flash_qtx_block
                0x00088d20                erase_flash_block
 .text          0x00088f60      0x1b8 obj/Debug/functions.o
                0x00088f60                BytesToLong
                0x00088f94                BytesToInt
                0x00088fb4                SaveBytesLong
                0x00088fdc                SaveBytesInt
                0x00088ff4                CalcChecksum
                0x00089030                read_traffic_reg
                0x00089058                _putchar
                0x000890f0                write_traffic_reg
 .text          0x00089118     0x1384 obj/Debug/gui_link.o
                0x00089118                config_gui_link
 .text          0x0008a49c      0x38c obj/Debug/helpers.o
                0x0008a49c                littleEndianizeWord
                0x0008a4c8                bigEndianizeWord
                0x0008a4f4                convertHexToString
                0x0008a5d4                stripLeadingHex
                0x0008a620                validateHexString
                0x0008a6c4                convertStringToHex
 .text          0x0008a828      0x6d8 obj/Debug/init.o
                0x0008a828                init_gige
 .text          0x0008af00     0x1d40 obj/Debug/intr.o
                0x0008af00                handle_sfp_ISR
                0x0008b028                timer1_ISR
                0x0008b0d4                serial_ISR
                0x0008b418                handle_aggr_ISR
 .text          0x0008cc40       0xa0 obj/Debug/link_task.o
                0x0008cc40                link_task
 .text          0x0008cce0     0x14c4 obj/Debug/loopback.o
                0x0008cce0                EXIT_LOOPBACK
                0x0008d0a8                ENTER_LOOPBACK
                0x0008d45c                loopback_event_processing
                0x0008d64c                SEND_HELLO_PACKET
                0x0008db3c                SEND_LOOPBACK_PACKET
 .text          0x0008e1a4     0x1634 obj/Debug/main.o
                0x0008e1a4                main
                0x0008e280                GET_EMIX_AVG_PKTLEN
                0x0008e6d0                SET_LINE_LOAD_RATE
                0x0008e8f0                SET_GEN_PACKET_LENGTH
                0x0008e9d0                SET_TEST_PARAMS
                0x0008eadc                CONFIGURE_TEST_STREAMS
                0x0008ebe8                main_task
 .text          0x0008f7d8      0x4e8 obj/Debug/onesec_alrm.o
                0x0008f7d8                update_history
                0x0008f83c                process_alarms_events
                0x0008f950                process_bert_errors
                0x0008faa4                handle_one_sec_alarm
 .text          0x0008fcc0     0x5394 obj/Debug/packet10g.o
                0x0008fcc0                clearTotalResults
                0x0008fdec                set_num_test_packets_by_secs_precision
                0x0008ffd4                StartTest
                0x000900d0                set_num_test_packets_by_secs
                0x0009039c                Write_Mon_Mask
                0x000904f4                DISABLE_MON_MASK
                0x00090504                SET_MON_IP_ADDR_BY_STREAM
                0x000907e4                DEBUG_MON_ERRMSG
                0x000908b4                DUMP_GEN_HDRS_BY_STREAM
                0x00090a90                DUMP_MON_MASK_BY_STREAM
                0x00090c78                DUMP_MON_HDRS_BY_STREAM
                0x00090ea4                DUMP_GEN_CONFIGS
                0x00090f40                SET_EMIX_OFFSET
                0x00090fcc                SETMON_MAC_SOURCE_DEST_ADDR
                0x00091074                SET_TRAFFIC_GEN_GBLCONFIG
                0x000910fc                DBG_MON_STATS
                0x000914ec                SET_GEN_EMIX_BY_STREAM
                0x00091a0c                CLR_MON_HEADER_BY_STREAM
                0x00091a28                CLR_GEN_HEADER_BY_STREAM
                0x00091a44                CLR_GEN_MON_HDRS_BY_STREAM
                0x00091a6c                CLR_MON_MASK_BY_STREAM
                0x00091a88                SET_MON_BY_STREAM
                0x00091af8                SETMON_CLEAR_CNTS_AND_START
                0x00091b34                SETMON_START
                0x00091b70                SETMON_STOP
                0x00091ba0                SETMON_TOTALNUMPKTS
                0x00091bf4                SETGEN_TSEMAC_SOURCE_ADDR
                0x00091c70                SETGEN_TSEMAC_DEST_ADDR
                0x00091cec                SETMON_MAC_DEST_ADDR
                0x00091d68                SETMON_TSEMAC_SOURCE_ADDR
                0x00091de4                SETMONHDR_10GMAC_DEST_ADDR
                0x00091e8c                SETGENMONHDR_10GMAC_SOURCE_ADDR
                0x00091f38                SETGENMONHDR_10GMAC_DEST_ADDR
                0x00091fac                SET_GENMON_MAC_ADDR_BY_STREAM
                0x00092050                Write_Gen_Traffic
                0x000921d0                SETMON_L2_HEADER_MASK_MACFRAME
                0x00092218                SET_GEN_MON_TO_STREAM
                0x00092234                DEBUG_MON_STAT_BY_STREAM
                0x000922bc                DEBUG_GEN_MSG
                0x00092328                CLRGEN_STOP
                0x00092338                SETGEN_STOP
                0x0009234c                SETGEN_START
                0x0009237c                SETGEN_STREAM_NUMPKTS
                0x000923a4                SET_NUMPKTS_BY_STREAM
                0x00092454                SETGEN_TRAFFIC_GENMON_RNDSEED_BY_STREAM
                0x000924b8                SET_GEN_MON_TEST_BY_STREAM
                0x00092c2c                SETGEN_TRAFFIC_GEN_PKTPERCENT
                0x00092cf8                set_generator_tse_load
                0x00093008                SET_FPSLOAD_BY_STREAM
                0x00093010                GetTotalResults
                0x000935a0                read_mon_status
                0x00094460                test_complete
                0x00094690                wait_for_packets
                0x00094ea0                collect_TSE_MAC_test_stats
                0x00094ebc                collect_10G_MAC_test_stats
                0x00094ed4                run_packet_test
 .text          0x00095054      0xe94 obj/Debug/results.o
                0x00095054                getEtherStatsOctets_64
                0x000950dc                getOctetsReceivedOK_64
                0x00095164                getOctetsTransmittedOK_64
                0x000951ec                read_tse_stat_counters_debug
                0x000955ec                read_tse_stat_counters
                0x00095e68                snap_tse_a_frame_counters
 .text          0x00095ee8      0x864 obj/Debug/sfp.o
                0x00095ee8                sfp_B_read_block_into_Array
                0x00095fc0                sfp_read_field_B
                0x00096060                sfp_A_read_block_into_Array
                0x00096138                read_sfp_info
                0x000961e8                read_sfp_name
                0x000962b8                sfp_read_field_A
                0x00096358                sfp_reg_read_one_byte
                0x00096408                read_sfp_power
                0x000965a4                sfp_reg_write_diag_word
                0x00096634                sfp_reg_write_diag_byte
                0x000966b4                sfp_transmit_laser
 .text          0x0009674c      0x838 obj/Debug/status.o
                0x0009674c                set_PortB_LED
                0x00096784                set_PortA_LED
                0x000967bc                update_link_actv_leds
                0x00096828                read_phy_operating_mode
                0x000969e0                read_phy_operating_mode_printf
                0x00096ee0                read_10G_phy_operating_mode
 .text          0x00096f84     0x1f58 obj/Debug/update_headers.o
                0x00096f84                update_headers
 .text          0x00098edc      0x10c c:/altera/11.1/nios2eds/bin/gnu/h-i686-mingw32/bin/../lib/gcc/nios2-elf/4.1.2/../../../../nios2-elf/lib/mhw-mulx\libm.a(lib_a-s_round.o)
                0x00098edc                round
 .text          0x00098fe8       0x70 c:/altera/11.1/nios2eds/bin/gnu/h-i686-mingw32/bin/../lib/gcc/nios2-elf/4.1.2/mhw-mulx\libgcc.a(_fixunssfsi.o)
                0x00098fe8                __fixunssfsi
 .text          0x00099058       0xa4 c:/altera/11.1/nios2eds/bin/gnu/h-i686-mingw32/bin/../lib/gcc/nios2-elf/4.1.2/mhw-mulx\libgcc.a(_fixunsdfsi.o)
                0x00099058                __fixunsdfsi
 .text          0x000990fc       0xbc c:/altera/11.1/nios2eds/bin/gnu/h-i686-mingw32/bin/../lib/gcc/nios2-elf/4.1.2/mhw-mulx\libgcc.a(_fixunsdfdi.o)
                0x000990fc                __fixunsdfdi
 .text          0x000991b8       0x88 c:/altera/11.1/nios2eds/bin/gnu/h-i686-mingw32/bin/../lib/gcc/nios2-elf/4.1.2/mhw-mulx\libgcc.a(_floatdidf.o)
                0x000991b8                __floatdidf
 .text          0x00099240       0x88 c:/altera/11.1/nios2eds/bin/gnu/h-i686-mingw32/bin/../lib/gcc/nios2-elf/4.1.2/mhw-mulx\libgcc.a(_floatundidf.o)
                0x00099240                __floatundidf
 .text          0x000992c8      0x680 c:/altera/11.1/nios2eds/bin/gnu/h-i686-mingw32/bin/../lib/gcc/nios2-elf/4.1.2/mhw-mulx\libgcc.a(_divdi3.o)
                0x000992c8                __divdi3
 .text          0x00099948      0x2b8 c:/altera/11.1/nios2eds/bin/gnu/h-i686-mingw32/bin/../lib/gcc/nios2-elf/4.1.2/mhw-mulx\libgcc.a(_addsub_sf.o)
                0x00099b2c                __subsf3
                0x00099b9c                __addsf3
 .text          0x00099c00      0x1c8 c:/altera/11.1/nios2eds/bin/gnu/h-i686-mingw32/bin/../lib/gcc/nios2-elf/4.1.2/mhw-mulx\libgcc.a(_mul_sf.o)
                0x00099c00                __mulsf3
 .text          0x00099dc8       0x78 c:/altera/11.1/nios2eds/bin/gnu/h-i686-mingw32/bin/../lib/gcc/nios2-elf/4.1.2/mhw-mulx\libgcc.a(_eq_sf.o)
                0x00099dc8                __eqsf2
 .text          0x00099e40       0x78 c:/altera/11.1/nios2eds/bin/gnu/h-i686-mingw32/bin/../lib/gcc/nios2-elf/4.1.2/mhw-mulx\libgcc.a(_ge_sf.o)
                0x00099e40                __gesf2
 .text          0x00099eb8       0x94 c:/altera/11.1/nios2eds/bin/gnu/h-i686-mingw32/bin/../lib/gcc/nios2-elf/4.1.2/mhw-mulx\libgcc.a(_sf_to_si.o)
                0x00099eb8                __fixsfsi
 .text          0x00099f4c       0x54 c:/altera/11.1/nios2eds/bin/gnu/h-i686-mingw32/bin/../lib/gcc/nios2-elf/4.1.2/mhw-mulx\libgcc.a(_sf_to_df.o)
                0x00099f4c                __extendsfdf2
 .text          0x00099fa0        0x0 c:/altera/11.1/nios2eds/bin/gnu/h-i686-mingw32/bin/../lib/gcc/nios2-elf/4.1.2/mhw-mulx\libgcc.a(_thenan_sf.o)
 .text          0x00099fa0       0xc0 c:/altera/11.1/nios2eds/bin/gnu/h-i686-mingw32/bin/../lib/gcc/nios2-elf/4.1.2/mhw-mulx\libgcc.a(_usi_to_sf.o)
                0x00099fa0                __floatunsisf
 .text          0x0009a060      0x504 c:/altera/11.1/nios2eds/bin/gnu/h-i686-mingw32/bin/../lib/gcc/nios2-elf/4.1.2/mhw-mulx\libgcc.a(_addsub_df.o)
                0x0009a470                __subdf3
                0x0009a4f0                __adddf3
 .text          0x0009a564      0x3b4 c:/altera/11.1/nios2eds/bin/gnu/h-i686-mingw32/bin/../lib/gcc/nios2-elf/4.1.2/mhw-mulx\libgcc.a(_mul_df.o)
                0x0009a564                __muldf3
 .text          0x0009a918      0x258 c:/altera/11.1/nios2eds/bin/gnu/h-i686-mingw32/bin/../lib/gcc/nios2-elf/4.1.2/mhw-mulx\libgcc.a(_div_df.o)
                0x0009a918                __divdf3
 .text          0x0009ab70       0x88 c:/altera/11.1/nios2eds/bin/gnu/h-i686-mingw32/bin/../lib/gcc/nios2-elf/4.1.2/mhw-mulx\libgcc.a(_gt_df.o)
                0x0009ab70                __gtdf2
 .text          0x0009abf8       0x88 c:/altera/11.1/nios2eds/bin/gnu/h-i686-mingw32/bin/../lib/gcc/nios2-elf/4.1.2/mhw-mulx\libgcc.a(_ge_df.o)
                0x0009abf8                __gedf2
 .text          0x0009ac80       0xf8 c:/altera/11.1/nios2eds/bin/gnu/h-i686-mingw32/bin/../lib/gcc/nios2-elf/4.1.2/mhw-mulx\libgcc.a(_si_to_df.o)
                0x0009ac80                __floatsidf
 .text          0x0009ad78       0xd8 c:/altera/11.1/nios2eds/bin/gnu/h-i686-mingw32/bin/../lib/gcc/nios2-elf/4.1.2/mhw-mulx\libgcc.a(_df_to_si.o)
                0x0009ad78                __fixdfsi
 .text          0x0009ae50       0x38 c:/altera/11.1/nios2eds/bin/gnu/h-i686-mingw32/bin/../lib/gcc/nios2-elf/4.1.2/mhw-mulx\libgcc.a(_make_df.o)
                0x0009ae50                __make_dp
 .text          0x0009ae88       0x74 c:/altera/11.1/nios2eds/bin/gnu/h-i686-mingw32/bin/../lib/gcc/nios2-elf/4.1.2/mhw-mulx\libgcc.a(_df_to_sf.o)
                0x0009ae88                __truncdfsf2
 .text          0x0009aefc        0x0 c:/altera/11.1/nios2eds/bin/gnu/h-i686-mingw32/bin/../lib/gcc/nios2-elf/4.1.2/mhw-mulx\libgcc.a(_thenan_df.o)
 .text          0x0009aefc      0x194 c:/altera/11.1/nios2eds/bin/gnu/h-i686-mingw32/bin/../lib/gcc/nios2-elf/4.1.2/mhw-mulx\libgcc.a(_usi_to_df.o)
                0x0009aefc                __floatunsidf
 .text          0x0009b090      0x14c c:/altera/11.1/nios2eds/bin/gnu/h-i686-mingw32/bin/../lib/gcc/nios2-elf/4.1.2/mhw-mulx\libgcc.a(lib2-divmod.o)
                0x0009b10c                __divsi3
                0x0009b16c                __modsi3
                0x0009b1cc                __udivsi3
                0x0009b1d4                __umodsi3
 .text          0x0009b1dc        0x0 c:/altera/11.1/nios2eds/bin/gnu/h-i686-mingw32/bin/../lib/gcc/nios2-elf/4.1.2/mhw-mulx\libgcc.a(_clz.o)
 .text          0x0009b1dc       0x80 c:/altera/11.1/nios2eds/bin/gnu/h-i686-mingw32/bin/../lib/gcc/nios2-elf/4.1.2/mhw-mulx\libgcc.a(_clzsi2.o)
                0x0009b1dc                __clzsi2
 .text          0x0009b25c      0x160 c:/altera/11.1/nios2eds/bin/gnu/h-i686-mingw32/bin/../lib/gcc/nios2-elf/4.1.2/mhw-mulx\libgcc.a(_pack_sf.o)
                0x0009b25c                __pack_f
 .text          0x0009b3bc       0xc8 c:/altera/11.1/nios2eds/bin/gnu/h-i686-mingw32/bin/../lib/gcc/nios2-elf/4.1.2/mhw-mulx\libgcc.a(_unpack_sf.o)
                0x0009b3bc                __unpack_f
 .text          0x0009b484       0xa8 c:/altera/11.1/nios2eds/bin/gnu/h-i686-mingw32/bin/../lib/gcc/nios2-elf/4.1.2/mhw-mulx\libgcc.a(_fpcmp_parts_sf.o)
                0x0009b484                __fpcmp_parts_f
 .text          0x0009b52c       0x2c c:/altera/11.1/nios2eds/bin/gnu/h-i686-mingw32/bin/../lib/gcc/nios2-elf/4.1.2/mhw-mulx\libgcc.a(_make_sf.o)
                0x0009b52c                __make_fp
 .text          0x0009b558      0x314 c:/altera/11.1/nios2eds/bin/gnu/h-i686-mingw32/bin/../lib/gcc/nios2-elf/4.1.2/mhw-mulx\libgcc.a(_pack_df.o)
                0x0009b558                __pack_d
 .text          0x0009b86c      0x138 c:/altera/11.1/nios2eds/bin/gnu/h-i686-mingw32/bin/../lib/gcc/nios2-elf/4.1.2/mhw-mulx\libgcc.a(_unpack_df.o)
                0x0009b86c                __unpack_d
 .text          0x0009b9a4       0xc8 c:/altera/11.1/nios2eds/bin/gnu/h-i686-mingw32/bin/../lib/gcc/nios2-elf/4.1.2/mhw-mulx\libgcc.a(_fpcmp_parts_df.o)
                0x0009b9a4                __fpcmp_parts_d
 .text          0x0009ba6c       0x78 c:/altera/11.1/nios2eds/bin/gnu/h-i686-mingw32/bin/../lib/gcc/nios2-elf/4.1.2/../../../../nios2-elf/lib/mhw-mulx\libc.a(lib_a-printf.o)
                0x0009ba6c                printf
                0x0009bab0                _printf_r
 .text          0x0009bae4       0x24 c:/altera/11.1/nios2eds/bin/gnu/h-i686-mingw32/bin/../lib/gcc/nios2-elf/4.1.2/../../../../nios2-elf/lib/mhw-mulx\libc.a(lib_a-putchar.o)
                0x0009bae4                putchar
                0x0009bb00                _putchar_r
 .text          0x0009bb08       0xb4 c:/altera/11.1/nios2eds/bin/gnu/h-i686-mingw32/bin/../lib/gcc/nios2-elf/4.1.2/../../../../nios2-elf/lib/mhw-mulx\libc.a(lib_a-puts.o)
                0x0009bb08                _puts_r
                0x0009bba8                puts
 .text          0x0009bbbc       0x74 c:/altera/11.1/nios2eds/bin/gnu/h-i686-mingw32/bin/../lib/gcc/nios2-elf/4.1.2/../../../../nios2-elf/lib/mhw-mulx\libc.a(lib_a-strlen.o)
                0x0009bbbc                strlen
 .text          0x0009bc30       0xf0 c:/altera/11.1/nios2eds/bin/gnu/h-i686-mingw32/bin/../lib/gcc/nios2-elf/4.1.2/../../../../nios2-elf/lib/mhw-mulx\libc.a(lib_a-strncmp.o)
                0x0009bc30                strncmp
 .text          0x0009bd20     0x1f28 c:/altera/11.1/nios2eds/bin/gnu/h-i686-mingw32/bin/../lib/gcc/nios2-elf/4.1.2/../../../../nios2-elf/lib/mhw-mulx\libc.a(lib_a-vfprintf.o)
                0x0009bd78                ___vfprintf_internal_r
                0x0009dc24                __vfprintf_internal
 .text          0x0009dc48      0x13c c:/altera/11.1/nios2eds/bin/gnu/h-i686-mingw32/bin/../lib/gcc/nios2-elf/4.1.2/../../../../nios2-elf/lib/mhw-mulx\libc.a(lib_a-wsetup.o)
                0x0009dc48                __swsetup_r
 .text          0x0009dd84     0x17cc c:/altera/11.1/nios2eds/bin/gnu/h-i686-mingw32/bin/../lib/gcc/nios2-elf/4.1.2/../../../../nios2-elf/lib/mhw-mulx\libc.a(lib_a-dtoa.o)
                0x0009df9c                _dtoa_r
 .text          0x0009f550      0x230 c:/altera/11.1/nios2eds/bin/gnu/h-i686-mingw32/bin/../lib/gcc/nios2-elf/4.1.2/../../../../nios2-elf/lib/mhw-mulx\libc.a(lib_a-fflush.o)
                0x0009f550                _fflush_r
                0x0009f74c                fflush
 .text          0x0009f780      0x2c0 c:/altera/11.1/nios2eds/bin/gnu/h-i686-mingw32/bin/../lib/gcc/nios2-elf/4.1.2/../../../../nios2-elf/lib/mhw-mulx\libc.a(lib_a-findfp.o)
                0x0009f7d8                __sfp_lock_acquire
                0x0009f7dc                __sfp_lock_release
                0x0009f7e0                __sinit_lock_acquire
                0x0009f7e4                __sinit_lock_release
                0x0009f7e8                __sinit
                0x0009f89c                __fp_unlock_all
                0x0009f8b4                __fp_lock_all
                0x0009f8cc                _cleanup_r
                0x0009f8d8                _cleanup
                0x0009f8e8                __sfmoreglue
                0x0009f950                __sfp
 .text          0x0009fa40      0x440 c:/altera/11.1/nios2eds/bin/gnu/h-i686-mingw32/bin/../lib/gcc/nios2-elf/4.1.2/../../../../nios2-elf/lib/mhw-mulx\libc.a(lib_a-freer.o)
                0x0009fa40                _malloc_trim_r
                0x0009fb6c                _free_r
 .text          0x0009fe80      0x49c c:/altera/11.1/nios2eds/bin/gnu/h-i686-mingw32/bin/../lib/gcc/nios2-elf/4.1.2/../../../../nios2-elf/lib/mhw-mulx\libc.a(lib_a-fvwrite.o)
                0x0009fe80                __sfvwrite_r
 .text          0x000a031c      0x180 c:/altera/11.1/nios2eds/bin/gnu/h-i686-mingw32/bin/../lib/gcc/nios2-elf/4.1.2/../../../../nios2-elf/lib/mhw-mulx\libc.a(lib_a-fwalk.o)
                0x000a031c                _fwalk_reent
                0x000a03e4                _fwalk
 .text          0x000a049c        0x0 c:/altera/11.1/nios2eds/bin/gnu/h-i686-mingw32/bin/../lib/gcc/nios2-elf/4.1.2/../../../../nios2-elf/lib/mhw-mulx\libc.a(lib_a-impure.o)
 .text          0x000a049c       0xc4 c:/altera/11.1/nios2eds/bin/gnu/h-i686-mingw32/bin/../lib/gcc/nios2-elf/4.1.2/../../../../nios2-elf/lib/mhw-mulx\libc.a(lib_a-locale.o)
                0x000a049c                __locale_charset
                0x000a04a4                _localeconv_r
                0x000a04b0                localeconv
                0x000a04c0                _setlocale_r
                0x000a0544                setlocale
 .text          0x000a0560      0x194 c:/altera/11.1/nios2eds/bin/gnu/h-i686-mingw32/bin/../lib/gcc/nios2-elf/4.1.2/../../../../nios2-elf/lib/mhw-mulx\libc.a(lib_a-makebuf.o)
                0x000a0560                __smakebuf_r
 .text          0x000a06f4      0x740 c:/altera/11.1/nios2eds/bin/gnu/h-i686-mingw32/bin/../lib/gcc/nios2-elf/4.1.2/../../../../nios2-elf/lib/mhw-mulx\libc.a(lib_a-mallocr.o)
                0x000a06f4                _malloc_r
 .text          0x000a0e34       0xe4 c:/altera/11.1/nios2eds/bin/gnu/h-i686-mingw32/bin/../lib/gcc/nios2-elf/4.1.2/../../../../nios2-elf/lib/mhw-mulx\libc.a(lib_a-memchr.o)
                0x000a0e34                memchr
 .text          0x000a0f18       0xa0 c:/altera/11.1/nios2eds/bin/gnu/h-i686-mingw32/bin/../lib/gcc/nios2-elf/4.1.2/../../../../nios2-elf/lib/mhw-mulx\libc.a(lib_a-memcpy.o)
                0x000a0f18                memcpy
 .text          0x000a0fb8       0xe0 c:/altera/11.1/nios2eds/bin/gnu/h-i686-mingw32/bin/../lib/gcc/nios2-elf/4.1.2/../../../../nios2-elf/lib/mhw-mulx\libc.a(lib_a-memmove.o)
                0x000a0fb8                memmove
 .text          0x000a1098       0x98 c:/altera/11.1/nios2eds/bin/gnu/h-i686-mingw32/bin/../lib/gcc/nios2-elf/4.1.2/../../../../nios2-elf/lib/mhw-mulx\libc.a(lib_a-memset.o)
                0x000a1098                memset
 .text          0x000a1130      0xff4 c:/altera/11.1/nios2eds/bin/gnu/h-i686-mingw32/bin/../lib/gcc/nios2-elf/4.1.2/../../../../nios2-elf/lib/mhw-mulx\libc.a(lib_a-mprec.o)
                0x000a1130                _Bfree
                0x000a1158                __hi0bits
                0x000a11c8                __lo0bits
                0x000a128c                __mcmp
                0x000a12ec                __ulp
                0x000a136c                __b2d
                0x000a148c                __ratio
                0x000a153c                _mprec_log10
                0x000a15d0                __copybits
                0x000a1628                __any_on
                0x000a16b0                _Balloc
                0x000a176c                __d2b
                0x000a18e8                __mdiff
                0x000a1a74                __lshift
                0x000a1bc0                __multiply
                0x000a1da8                __i2b
                0x000a1de4                __multadd
                0x000a1ee4                __pow5mult
                0x000a2004                __s2b
 .text          0x000a2124      0x1ec c:/altera/11.1/nios2eds/bin/gnu/h-i686-mingw32/bin/../lib/gcc/nios2-elf/4.1.2/../../../../nios2-elf/lib/mhw-mulx\libc.a(lib_a-putc.o)
                0x000a2124                putc
                0x000a2228                _putc_r
 .text          0x000a2310      0x5f4 c:/altera/11.1/nios2eds/bin/gnu/h-i686-mingw32/bin/../lib/gcc/nios2-elf/4.1.2/../../../../nios2-elf/lib/mhw-mulx\libc.a(lib_a-reallocr.o)
                0x000a2310                _realloc_r
 .text          0x000a2904       0x40 c:/altera/11.1/nios2eds/bin/gnu/h-i686-mingw32/bin/../lib/gcc/nios2-elf/4.1.2/../../../../nios2-elf/lib/mhw-mulx\libc.a(lib_a-s_isinfd.o)
                0x000a2904                __isinfd
 .text          0x000a2944       0x30 c:/altera/11.1/nios2eds/bin/gnu/h-i686-mingw32/bin/../lib/gcc/nios2-elf/4.1.2/../../../../nios2-elf/lib/mhw-mulx\libc.a(lib_a-s_isnand.o)
                0x000a2944                __isnand
 .text          0x000a2974       0x70 c:/altera/11.1/nios2eds/bin/gnu/h-i686-mingw32/bin/../lib/gcc/nios2-elf/4.1.2/../../../../nios2-elf/lib/mhw-mulx\libc.a(lib_a-sbrkr.o)
                0x000a2974                _sbrk_r
 .text          0x000a29e4      0x14c c:/altera/11.1/nios2eds/bin/gnu/h-i686-mingw32/bin/../lib/gcc/nios2-elf/4.1.2/../../../../nios2-elf/lib/mhw-mulx\libc.a(lib_a-stdio.o)
                0x000a29e4                __sclose
                0x000a29ec                __sseek
                0x000a2a54                __swrite
                0x000a2ad0                __sread
 .text          0x000a2b30       0xbc c:/altera/11.1/nios2eds/bin/gnu/h-i686-mingw32/bin/../lib/gcc/nios2-elf/4.1.2/../../../../nios2-elf/lib/mhw-mulx\libc.a(lib_a-strcmp.o)
                0x000a2b30                strcmp
 .text          0x000a2bec      0x14c c:/altera/11.1/nios2eds/bin/gnu/h-i686-mingw32/bin/../lib/gcc/nios2-elf/4.1.2/../../../../nios2-elf/lib/mhw-mulx\libc.a(lib_a-wbuf.o)
                0x000a2bec                __swbuf_r
                0x000a2d1c                __swbuf
 .text          0x000a2d38       0x78 c:/altera/11.1/nios2eds/bin/gnu/h-i686-mingw32/bin/../lib/gcc/nios2-elf/4.1.2/../../../../nios2-elf/lib/mhw-mulx\libc.a(lib_a-writer.o)
                0x000a2d38                _write_r
 .text          0x000a2db0       0xb4 c:/altera/11.1/nios2eds/bin/gnu/h-i686-mingw32/bin/../lib/gcc/nios2-elf/4.1.2/../../../../nios2-elf/lib/mhw-mulx\libc.a(lib_a-callocr.o)
                0x000a2db0                _calloc_r
 .text          0x000a2e64       0x70 c:/altera/11.1/nios2eds/bin/gnu/h-i686-mingw32/bin/../lib/gcc/nios2-elf/4.1.2/../../../../nios2-elf/lib/mhw-mulx\libc.a(lib_a-closer.o)
                0x000a2e64                _close_r
 .text          0x000a2ed4      0x124 c:/altera/11.1/nios2eds/bin/gnu/h-i686-mingw32/bin/../lib/gcc/nios2-elf/4.1.2/../../../../nios2-elf/lib/mhw-mulx\libc.a(lib_a-fclose.o)
                0x000a2ed4                _fclose_r
                0x000a2fe4                fclose
 .text          0x000a2ff8       0x74 c:/altera/11.1/nios2eds/bin/gnu/h-i686-mingw32/bin/../lib/gcc/nios2-elf/4.1.2/../../../../nios2-elf/lib/mhw-mulx\libc.a(lib_a-fstatr.o)
                0x000a2ff8                _fstat_r
 .text          0x000a306c        0x0 c:/altera/11.1/nios2eds/bin/gnu/h-i686-mingw32/bin/../lib/gcc/nios2-elf/4.1.2/../../../../nios2-elf/lib/mhw-mulx\libc.a(lib_a-int_errno.o)
 .text          0x000a306c       0x70 c:/altera/11.1/nios2eds/bin/gnu/h-i686-mingw32/bin/../lib/gcc/nios2-elf/4.1.2/../../../../nios2-elf/lib/mhw-mulx\libc.a(lib_a-isattyr.o)
                0x000a306c                _isatty_r
 .text          0x000a30dc       0x78 c:/altera/11.1/nios2eds/bin/gnu/h-i686-mingw32/bin/../lib/gcc/nios2-elf/4.1.2/../../../../nios2-elf/lib/mhw-mulx\libc.a(lib_a-lseekr.o)
                0x000a30dc                _lseek_r
 .text          0x000a3154       0x78 c:/altera/11.1/nios2eds/bin/gnu/h-i686-mingw32/bin/../lib/gcc/nios2-elf/4.1.2/../../../../nios2-elf/lib/mhw-mulx\libc.a(lib_a-readr.o)
                0x000a3154                _read_r
 .text          0x000a31cc      0x5dc c:/altera/11.1/nios2eds/bin/gnu/h-i686-mingw32/bin/../lib/gcc/nios2-elf/4.1.2/mhw-mulx\libgcc.a(_udivdi3.o)
                0x000a31cc                __udivdi3
 .text          0x000a37a8      0x5b0 c:/altera/11.1/nios2eds/bin/gnu/h-i686-mingw32/bin/../lib/gcc/nios2-elf/4.1.2/mhw-mulx\libgcc.a(_umoddi3.o)
                0x000a37a8                __umoddi3
 .text          0x000a3d58       0x88 c:/altera/11.1/nios2eds/bin/gnu/h-i686-mingw32/bin/../lib/gcc/nios2-elf/4.1.2/mhw-mulx\libgcc.a(_eq_df.o)
                0x000a3d58                __eqdf2
 .text          0x000a3de0       0x88 c:/altera/11.1/nios2eds/bin/gnu/h-i686-mingw32/bin/../lib/gcc/nios2-elf/4.1.2/mhw-mulx\libgcc.a(_ne_df.o)
                0x000a3de0                __nedf2
 .text          0x000a3e68       0x88 c:/altera/11.1/nios2eds/bin/gnu/h-i686-mingw32/bin/../lib/gcc/nios2-elf/4.1.2/mhw-mulx\libgcc.a(_lt_df.o)
                0x000a3e68                __ltdf2
 .text          0x000a3ef0       0x94 ../GIGLE10_bsp\libucosii_bsp.a(alt_alarm_start.o)
                0x000a3ef0                alt_alarm_start
 .text          0x000a3f84       0xf0 ../GIGLE10_bsp\libucosii_bsp.a(alt_close.o)
                0x000a3f84                close
 .text          0x000a4074        0x4 ../GIGLE10_bsp\libucosii_bsp.a(alt_dcache_flush.o)
                0x000a4074                alt_dcache_flush
 .text          0x000a4078        0x8 ../GIGLE10_bsp\libucosii_bsp.a(alt_dev.o)
 .text          0x000a4080        0x0 ../GIGLE10_bsp\libucosii_bsp.a(alt_errno.o)
 .text          0x000a4080       0x60 ../GIGLE10_bsp\libucosii_bsp.a(alt_flash_dev.o)
                0x000a4080                alt_flash_close_dev
                0x000a4094                alt_flash_open_dev
 .text          0x000a40e0       0x90 ../GIGLE10_bsp\libucosii_bsp.a(alt_fstat.o)
                0x000a40e0                fstat
 .text          0x000a4170       0x9c ../GIGLE10_bsp\libucosii_bsp.a(alt_iic.o)
                0x000a4170                alt_ic_irq_enabled
                0x000a4188                alt_ic_irq_enable
                0x000a41c8                alt_ic_irq_disable
                0x000a4208                alt_ic_isr_register
 .text          0x000a420c       0x88 ../GIGLE10_bsp\libucosii_bsp.a(alt_iic_isr_register.o)
                0x000a420c                alt_iic_isr_register
 .text          0x000a4294        0x0 ../GIGLE10_bsp\libucosii_bsp.a(alt_irq_entry.o)
 .text          0x000a4294        0x0 ../GIGLE10_bsp\libucosii_bsp.a(alt_irq_handler.o)
 .text          0x000a4294        0x0 ../GIGLE10_bsp\libucosii_bsp.a(alt_irq_vars.o)
 .text          0x000a4294       0x84 ../GIGLE10_bsp\libucosii_bsp.a(alt_isatty.o)
                0x000a4294                isatty
 .text          0x000a4318       0x9c ../GIGLE10_bsp\libucosii_bsp.a(alt_lseek.o)
                0x000a4318                lseek
 .text          0x000a43b4       0x98 ../GIGLE10_bsp\libucosii_bsp.a(alt_main.o)
                0x000a43b4                alt_main
 .text          0x000a444c      0x11c ../GIGLE10_bsp\libucosii_bsp.a(alt_read.o)
                0x000a444c                read
 .text          0x000a4568       0x24 ../GIGLE10_bsp\libucosii_bsp.a(alt_release_fd.o)
                0x000a4568                alt_release_fd
 .text          0x000a458c       0x54 ../GIGLE10_bsp\libucosii_bsp.a(alt_sbrk.o)
                0x000a458c                sbrk
 .text          0x000a45e0       0xf4 ../GIGLE10_bsp\libucosii_bsp.a(alt_tick.o)
                0x000a45e0                alt_alarm_stop
                0x000a4614                alt_tick
 .text          0x000a46d4      0x168 ../GIGLE10_bsp\libucosii_bsp.a(alt_usleep.o)
                0x000a46d4                usleep
 .text          0x000a483c      0x118 ../GIGLE10_bsp\libucosii_bsp.a(alt_write.o)
                0x000a483c                write
 .text          0x000a4954       0xb8 ../GIGLE10_bsp\libucosii_bsp.a(alt_env_lock.o)
                0x000a4954                __env_unlock
                0x000a497c                __env_lock
 .text          0x000a4a0c      0x128 ../GIGLE10_bsp\libucosii_bsp.a(alt_malloc_lock.o)
                0x000a4a0c                __malloc_unlock
                0x000a4a6c                __malloc_lock
 .text          0x000a4b34     0x12b4 ../GIGLE10_bsp\libucosii_bsp.a(os_core.o)
                0x000a4b34                OSVersion
                0x000a4b3c                OS_Dummy
                0x000a4b40                OS_EventTaskWait
                0x000a4bc4                OS_EventTaskWaitMulti
                0x000a4c6c                OS_EventTaskRemove
                0x000a4cbc                OS_EventTaskRemoveMulti
                0x000a4d1c                OS_EventTaskRdy
                0x000a4e10                OS_EventWaitListInit
                0x000a4e2c                OS_MemClr
                0x000a4e4c                OS_MemCopy
                0x000a4eac                OS_StrCopy
                0x000a4ee0                OS_StrLen
                0x000a4f04                OS_TaskStatStkChk
                0x000a4f98                OS_Sched
                0x000a5034                OSStart
                0x000a5088                OSInit
                0x000a5264                OSEventNameGet
                0x000a538c                OSEventNameSet
                0x000a54c8                OSEventPendMulti
                0x000a5854                OSIntEnter
                0x000a5894                OSIntExit
                0x000a5964                OSSchedLock
                0x000a59ac                OSSchedUnlock
                0x000a5a04                OSStatInit
                0x000a5a68                OSTimeTick
                0x000a5b7c                OS_TaskIdle
                0x000a5bb0                OS_TaskStat
                0x000a5c4c                OS_TCBInit
 .text          0x000a5de8        0x4 ../GIGLE10_bsp\libucosii_bsp.a(os_dbg.o)
                0x000a5de8                OSDebugInit
 .text          0x000a5dec      0xe18 ../GIGLE10_bsp\libucosii_bsp.a(os_flag.o)
                0x000a5ea0                OS_FlagUnlink
                0x000a5f70                OS_FlagInit
                0x000a5fe0                OSFlagQuery
                0x000a6048                OSFlagAccept
                0x000a61ec                OSFlagCreate
                0x000a627c                OSFlagDel
                0x000a6430                OSFlagNameGet
                0x000a654c                OSFlagNameSet
                0x000a6678                OSFlagPend
                0x000a69b8                OSFlagPendGetFlagsRdy
                0x000a69e4                OSFlagPost
 .text          0x000a6c04      0x440 ../GIGLE10_bsp\libucosii_bsp.a(os_mem.o)
                0x000a6c04                OS_MemInit
                0x000a6c6c                OSMemQuery
                0x000a6cd0                OSMemCreate
                0x000a6db4                OSMemGet
                0x000a6e20                OSMemNameGet
                0x000a6ef4                OSMemNameSet
                0x000a6fec                OSMemPut
 .text          0x000a7044      0xb24 ../GIGLE10_bsp\libucosii_bsp.a(os_q.o)
                0x000a7044                OS_QInit
                0x000a7094                OSQQuery
                0x000a7144                OSQAccept
                0x000a71f4                OSQCreate
                0x000a72fc                OSQDel
                0x000a74e8                OSQFlush
                0x000a7540                OSQPend
                0x000a7704                OSQPendAbort
                0x000a782c                OSQPost
                0x000a7908                OSQPostFront
                0x000a79e8                OSQPostOpt
 .text          0x000a7b68      0x6f8 ../GIGLE10_bsp\libucosii_bsp.a(os_sem.o)
                0x000a7b68                OSSemSet
                0x000a7bd4                OSSemAccept
                0x000a7c20                OSSemCreate
                0x000a7cc0                OSSemDel
                0x000a7e64                OSSemPend
                0x000a800c                OSSemPendAbort
                0x000a8138                OSSemPost
                0x000a81ec                OSSemQuery
 .text          0x000a8260     0x100c ../GIGLE10_bsp\libucosii_bsp.a(os_task.o)
                0x000a8260                OS_TaskStkClr
                0x000a8290                OSTaskQuery
                0x000a8394                OSTaskChangePrio
                0x000a866c                OSTaskCreate
                0x000a8794                OSTaskCreateExt
                0x000a8910                OSTaskDel
                0x000a8b90                OSTaskDelReq
                0x000a8c48                OSTaskNameGet
                0x000a8d94                OSTaskNameSet
                0x000a8ee4                OSTaskResume
                0x000a8ffc                OSTaskStkChk
                0x000a9118                OSTaskSuspend
 .text          0x000a926c      0x314 ../GIGLE10_bsp\libucosii_bsp.a(os_time.o)
                0x000a926c                OSTimeSet
                0x000a9290                OSTimeDly
                0x000a9334                OSTimeDlyHMSM
                0x000a9458                OSTimeDlyResume
                0x000a955c                OSTimeGet
 .text          0x000a9580       0xd4 ../GIGLE10_bsp\libucosii_bsp.a(alt_sys_init.o)
                0x000a9580                alt_irq_init
                0x000a95a0                alt_sys_init
 .text          0x000a9654      0x52c ../GIGLE10_bsp\libucosii_bsp.a(altera_avalon_epcs_flash_controller.o)
                0x000a9654                alt_epcs_flash_get_info
                0x000a968c                alt_epcs_flash_read
                0x000a9704                alt_epcs_flash_write_block
                0x000a97d4                alt_epcs_flash_write
                0x000a99a4                alt_epcs_flash_init
                0x000a9b10                alt_epcs_flash_erase_block
 .text          0x000a9b80       0x3c ../GIGLE10_bsp\libucosii_bsp.a(altera_avalon_jtag_uart_fd.o)
                0x000a9b80                altera_avalon_jtag_uart_ioctl_fd
                0x000a9b8c                altera_avalon_jtag_uart_close_fd
                0x000a9b9c                altera_avalon_jtag_uart_write_fd
                0x000a9bac                altera_avalon_jtag_uart_read_fd
 .text          0x000a9bbc      0x350 ../GIGLE10_bsp\libucosii_bsp.a(altera_avalon_jtag_uart_init.o)
                0x000a9bbc                altera_avalon_jtag_uart_close
                0x000a9ca4                altera_avalon_jtag_uart_init
 .text          0x000a9f0c       0x88 ../GIGLE10_bsp\libucosii_bsp.a(altera_avalon_jtag_uart_ioctl.o)
                0x000a9f0c                altera_avalon_jtag_uart_ioctl
 .text          0x000a9f94      0x1c8 ../GIGLE10_bsp\libucosii_bsp.a(altera_avalon_jtag_uart_read.o)
                0x000a9f94                altera_avalon_jtag_uart_read
 .text          0x000aa15c      0x1d8 ../GIGLE10_bsp\libucosii_bsp.a(altera_avalon_jtag_uart_write.o)
                0x000aa15c                altera_avalon_jtag_uart_write
 .text          0x000aa334       0x8c ../GIGLE10_bsp\libucosii_bsp.a(altera_avalon_timer_sc.o)
                0x000aa334                alt_avalon_timer_sc_init
 .text          0x000aa3c0       0x30 ../GIGLE10_bsp\libucosii_bsp.a(altera_avalon_uart_fd.o)
                0x000aa3c0                altera_avalon_uart_close_fd
                0x000aa3d0                altera_avalon_uart_write_fd
                0x000aa3e0                altera_avalon_uart_read_fd
 .text          0x000aa3f0      0x2b0 ../GIGLE10_bsp\libucosii_bsp.a(altera_avalon_uart_init.o)
                0x000aa3f0                altera_avalon_uart_close
                0x000aa5e0                altera_avalon_uart_init
 .text          0x000aa6a0      0x18c ../GIGLE10_bsp\libucosii_bsp.a(altera_avalon_uart_read.o)
                0x000aa6a0                altera_avalon_uart_read
 .text          0x000aa82c      0x1ac ../GIGLE10_bsp\libucosii_bsp.a(altera_avalon_uart_write.o)
                0x000aa82c                altera_avalon_uart_write
 .text          0x000aa9d8      0x320 ../GIGLE10_bsp\libucosii_bsp.a(epcs_commands.o)
                0x000aa9d8                epcs_read_device_id
                0x000aaa28                epcs_read_electronic_signature
                0x000aaa7c                epcs_write_enable
                0x000aaab4                epcs_read_status_register
                0x000aaafc                epcs_sector_erase
                0x000aab68                epcs_write_buffer
                0x000aac18                epcs_read_buffer
                0x000aaca0                epcs_write_status_register
 .text          0x000aacf8       0x6c ../GIGLE10_bsp\libucosii_bsp.a(alt_busy_sleep.o)
                0x000aacf8                alt_busy_sleep
 .text          0x000aad64       0x7c ../GIGLE10_bsp\libucosii_bsp.a(alt_dev_llist_insert.o)
                0x000aad64                alt_dev_llist_insert
 .text          0x000aade0        0x0 ../GIGLE10_bsp\libucosii_bsp.a(alt_exception_entry.o)
 .text          0x000aade0       0x94 ../GIGLE10_bsp\libucosii_bsp.a(alt_find_dev.o)
                0x000aade0                alt_find_dev
 .text          0x000aae74       0xfc ../GIGLE10_bsp\libucosii_bsp.a(alt_io_redirect.o)
                0x000aaee4                alt_io_redirect
 .text          0x000aaf70      0x180 ../GIGLE10_bsp\libucosii_bsp.a(alt_open.o)
                0x000aaf70                open
 .text          0x000ab0f0        0x8 ../GIGLE10_bsp\libucosii_bsp.a(altera_nios2_qsys_irq.o)
                0x000ab0f0                altera_nios2_qsys_irq_init
 .text          0x000ab0f8       0xd0 ../GIGLE10_bsp\libucosii_bsp.a(os_cpu_a.o)
                0x000ab0f8                OSCtxSw
                0x000ab0f8                OSIntCtxSw
                0x000ab184                OSStartHighRdy
                0x000ab1a4                OSStartTsk
 .text          0x000ab1c8      0x1f0 ../GIGLE10_bsp\libucosii_bsp.a(os_cpu_c.o)
                0x000ab1c8                OSTaskCreateHook
                0x000ab1cc                OSTaskDelHook
                0x000ab1d0                OSTaskSwHook
                0x000ab1d4                OSTaskStatHook
                0x000ab1d8                OSTimeTickHook
                0x000ab1dc                OSInitHookBegin
                0x000ab1e0                OSInitHookEnd
                0x000ab1e4                OSTaskIdleHook
                0x000ab1e8                OSTCBInitHook
                0x000ab1ec                OSTaskStkInit
 .text          0x000ab3b8      0x124 ../GIGLE10_bsp\libucosii_bsp.a(altera_avalon_spi.o)
                0x000ab3b8                alt_avalon_spi_command
 .text          0x000ab4dc       0xb0 ../GIGLE10_bsp\libucosii_bsp.a(alt_find_file.o)
                0x000ab4dc                alt_find_file
 .text          0x000ab58c       0xe0 ../GIGLE10_bsp\libucosii_bsp.a(alt_get_fd.o)
                0x000ab58c                alt_get_fd
 .text          0x000ab66c       0x38 c:/altera/11.1/nios2eds/bin/gnu/h-i686-mingw32/bin/../lib/gcc/nios2-elf/4.1.2/../../../../nios2-elf/lib/mhw-mulx\libc.a(lib_a-exit.o)
                0x000ab66c                exit
 .text          0x000ab6a4       0x74 c:/altera/11.1/nios2eds/bin/gnu/h-i686-mingw32/bin/../lib/gcc/nios2-elf/4.1.2/../../../../nios2-elf/lib/mhw-mulx\libc.a(lib_a-memcmp.o)
                0x000ab6a4                memcmp
 .text          0x000ab718      0x1b4 c:/altera/11.1/nios2eds/bin/gnu/h-i686-mingw32/bin/../lib/gcc/nios2-elf/4.1.2/../../../../nios2-elf/lib/mhw-mulx\libc.a(lib_a-__call_atexit.o)
                0x000ab71c                __call_exitprocs
 .text          0x000ab8cc       0x20 ../GIGLE10_bsp\libucosii_bsp.a(alt_exit.o)
                0x000ab8cc                _exit
 *(.gnu.warning.*)
 *(.fini)
                0x000ab8ec                PROVIDE (__etext, ABSOLUTE (.))
                0x000ab8ec                PROVIDE (_etext, ABSOLUTE (.))
                0x000ab8ec                PROVIDE (etext, ABSOLUTE (.))
 *(.eh_frame_hdr)
                0x000ab8ec                . = ALIGN (0x4)
                0x000ab8ec                PROVIDE (__preinit_array_start, ABSOLUTE (.))
 *(.preinit_array)
                0x000ab8ec                PROVIDE (__preinit_array_end, ABSOLUTE (.))
                0x000ab8ec                PROVIDE (__init_array_start, ABSOLUTE (.))
 *(.init_array)
                0x000ab8ec                PROVIDE (__init_array_end, ABSOLUTE (.))
                0x000ab8ec                PROVIDE (__fini_array_start, ABSOLUTE (.))
 *(.fini_array)
                0x000ab8ec                PROVIDE (__fini_array_end, ABSOLUTE (.))
 *(.eh_frame)
 .eh_frame      0x000ab8ec       0x40 c:/altera/11.1/nios2eds/bin/gnu/h-i686-mingw32/bin/../lib/gcc/nios2-elf/4.1.2/mhw-mulx\libgcc.a(_divdi3.o)
 .eh_frame      0x000ab92c       0x2c c:/altera/11.1/nios2eds/bin/gnu/h-i686-mingw32/bin/../lib/gcc/nios2-elf/4.1.2/mhw-mulx\libgcc.a(_udivdi3.o)
                                 0x40 (size before relaxing)
 .eh_frame      0x000ab958       0x2c c:/altera/11.1/nios2eds/bin/gnu/h-i686-mingw32/bin/../lib/gcc/nios2-elf/4.1.2/mhw-mulx\libgcc.a(_umoddi3.o)
                                 0x40 (size before relaxing)
 *(.gcc_except_table)
 *(.dynamic)
                0x000ab984                PROVIDE (__CTOR_LIST__, ABSOLUTE (.))
 *(.ctors)
 *(SORT(.ctors.*))
 .ctors.65535   0x000ab984        0x4 c:/altera/11.1/nios2eds/bin/gnu/h-i686-mingw32/bin/../lib/gcc/nios2-elf/4.1.2/../../../../nios2-elf/lib/mhw-mulx\libc.a(lib_a-__call_atexit.o)
                0x000ab988                PROVIDE (__CTOR_END__, ABSOLUTE (.))
                0x000ab988                PROVIDE (__DTOR_LIST__, ABSOLUTE (.))
 *(.dtors)
 *(SORT(.dtors.*))
                0x000ab988                PROVIDE (__DTOR_END__, ABSOLUTE (.))
 *(.jcr)
                0x000ab988                . = ALIGN (0x4)

.rodata         0x000ab988     0x8008
                0x000ab988                PROVIDE (__ram_rodata_start, ABSOLUTE (.))
                0x000ab988                . = ALIGN (0x4)
 *(.rodata .rodata.* .gnu.linkonce.r.*)
 .rodata.str1.4
                0x000ab988      0x246 obj/Debug/c37dot94.o
                                0x25c (size before relaxing)
 *fill*         0x000abbce        0x2 00
 .rodata.str1.4
                0x000abbd0      0x12f obj/Debug/c37dot94_task.o
                                0x130 (size before relaxing)
 *fill*         0x000abcff        0x1 00
 .rodata.str1.4
                0x000abd00      0x14a obj/Debug/c37dot94bert.o
                                0x1a8 (size before relaxing)
 *fill*         0x000abe4a        0x2 00
 .rodata        0x000abe4c      0x1c0 obj/Debug/c37dot94bert.o
 .rodata.str1.4
                0x000ac00c      0xadc obj/Debug/cfg10_hw.o
                                0xb78 (size before relaxing)
 .rodata.str1.4
                0x000acae8      0xa9c obj/Debug/cfg_hw.o
                                0xf6c (size before relaxing)
 .rodata.str1.4
                0x000ad584     0x1073 obj/Debug/config.o
                               0x1074 (size before relaxing)
 *fill*         0x000ae5f7        0x1 00
 .rodata.str1.4
                0x000ae5f8     0x12e1 obj/Debug/config10g.o
                               0x12f4 (size before relaxing)
 *fill*         0x000af8d9        0x3 00
 .rodata.str1.4
                0x000af8dc       0x41 obj/Debug/config_multistream.o
                                 0x44 (size before relaxing)
 *fill*         0x000af91d        0x3 00
 .rodata.str1.4
                0x000af920      0x6b2 obj/Debug/flash.o
                                0x6b4 (size before relaxing)
 *fill*         0x000affd2        0x2 00
 .rodata.str1.4
                0x000affd4      0x599 obj/Debug/gui_link.o
                                0x5e8 (size before relaxing)
 *fill*         0x000b056d        0x3 00
 .rodata.str1.4
                0x000b0570        0x3 obj/Debug/helpers.o
                                  0x4 (size before relaxing)
 *fill*         0x000b0573        0x1 00
 .rodata.str1.4
                0x000b0574      0x100 obj/Debug/init.o
 .rodata.str1.4
                0x000b0674      0x35c obj/Debug/intr.o
 .rodata.str1.4
                0x000b09d0       0x16 obj/Debug/link_task.o
                                 0x18 (size before relaxing)
 *fill*         0x000b09e6        0x2 00
 .rodata.str1.4
                0x000b09e8      0x339 obj/Debug/loopback.o
                                0x6b0 (size before relaxing)
 *fill*         0x000b0d21        0x3 00
 .rodata.str1.4
                0x000b0d24      0x623 obj/Debug/main.o
                                0x688 (size before relaxing)
 *fill*         0x000b1347        0x1 00
 .rodata.str1.4
                0x000b1348       0x11 obj/Debug/onesec_alrm.o
                                 0x14 (size before relaxing)
 *fill*         0x000b1359        0x3 00
 .rodata.str1.4
                0x000b135c     0x159d obj/Debug/packet10g.o
                               0x15cc (size before relaxing)
 *fill*         0x000b28f9        0x3 00
 .rodata.str1.4
                0x000b28fc      0xa48 obj/Debug/results.o
 .rodata.str1.4
                0x000b3344       0x3e obj/Debug/sfp.o
                                 0x40 (size before relaxing)
 *fill*         0x000b3382        0x2 00
 .rodata.str1.4
                0x000b3384      0x19f obj/Debug/status.o
                                0x1a0 (size before relaxing)
 *fill*         0x000b3523        0x1 00
 .rodata        0x000b3524       0x10 c:/altera/11.1/nios2eds/bin/gnu/h-i686-mingw32/bin/../lib/gcc/nios2-elf/4.1.2/mhw-mulx\libgcc.a(_thenan_sf.o)
                0x000b3524                __thenan_sf
 .rodata        0x000b3534       0x14 c:/altera/11.1/nios2eds/bin/gnu/h-i686-mingw32/bin/../lib/gcc/nios2-elf/4.1.2/mhw-mulx\libgcc.a(_thenan_df.o)
                0x000b3534                __thenan_df
 .rodata        0x000b3548      0x100 c:/altera/11.1/nios2eds/bin/gnu/h-i686-mingw32/bin/../lib/gcc/nios2-elf/4.1.2/mhw-mulx\libgcc.a(_clz.o)
                0x000b3548                __clz_tab
 .rodata.str1.4
                0x00000000      0x19f c:/altera/11.1/nios2eds/bin/gnu/h-i686-mingw32/bin/../lib/gcc/nios2-elf/4.1.2/../../../../nios2-elf/lib/mhw-mulx\libc.a(lib_a-puts.o)
                                  0x4 (size before relaxing)
 .rodata.str1.4
                0x000b3648       0x5e c:/altera/11.1/nios2eds/bin/gnu/h-i686-mingw32/bin/../lib/gcc/nios2-elf/4.1.2/../../../../nios2-elf/lib/mhw-mulx\libc.a(lib_a-vfprintf.o)
                                 0x60 (size before relaxing)
 .rodata        0x000b36a6       0x20 c:/altera/11.1/nios2eds/bin/gnu/h-i686-mingw32/bin/../lib/gcc/nios2-elf/4.1.2/../../../../nios2-elf/lib/mhw-mulx\libc.a(lib_a-vfprintf.o)
 *fill*         0x000b36c6        0x2 00
 .rodata.str1.4
                0x000b36c8       0x10 c:/altera/11.1/nios2eds/bin/gnu/h-i686-mingw32/bin/../lib/gcc/nios2-elf/4.1.2/../../../../nios2-elf/lib/mhw-mulx\libc.a(lib_a-dtoa.o)
                                 0x14 (size before relaxing)
 .rodata.str1.4
                0x00000000       0x10 c:/altera/11.1/nios2eds/bin/gnu/h-i686-mingw32/bin/../lib/gcc/nios2-elf/4.1.2/../../../../nios2-elf/lib/mhw-mulx\libc.a(lib_a-impure.o)
                                  0x4 (size before relaxing)
 .rodata.str1.4
                0x000b36d8        0xb c:/altera/11.1/nios2eds/bin/gnu/h-i686-mingw32/bin/../lib/gcc/nios2-elf/4.1.2/../../../../nios2-elf/lib/mhw-mulx\libc.a(lib_a-locale.o)
                                 0x18 (size before relaxing)
 *fill*         0x000b36e3        0x1 00
 .rodata        0x000b36e4       0x30 c:/altera/11.1/nios2eds/bin/gnu/h-i686-mingw32/bin/../lib/gcc/nios2-elf/4.1.2/../../../../nios2-elf/lib/mhw-mulx\libc.a(lib_a-locale.o)
 .rodata        0x000b3714      0x124 c:/altera/11.1/nios2eds/bin/gnu/h-i686-mingw32/bin/../lib/gcc/nios2-elf/4.1.2/../../../../nios2-elf/lib/mhw-mulx\libc.a(lib_a-mprec.o)
                0x000b3714                __mprec_tens
                0x000b37dc                __mprec_bigtens
                0x000b3804                __mprec_tinytens
 .rodata.str1.4
                0x000b3838        0xa ../GIGLE10_bsp\libucosii_bsp.a(alt_dev.o)
                                  0xc (size before relaxing)
 *fill*         0x000b3842        0x2 00
 .rodata.str1.4
                0x000b3844        0xf ../GIGLE10_bsp\libucosii_bsp.a(alt_main.o)
                                 0x10 (size before relaxing)
 *fill*         0x000b3853        0x1 00
 .rodata.str1.4
                0x000b3854       0x1e ../GIGLE10_bsp\libucosii_bsp.a(os_core.o)
                                 0x20 (size before relaxing)
 .rodata        0x000b3872      0x100 ../GIGLE10_bsp\libucosii_bsp.a(os_core.o)
                0x000b3872                OSUnMapTbl
 *fill*         0x000b3972        0x2 00
 .rodata.str1.4
                0x000b3974       0x1c ../GIGLE10_bsp\libucosii_bsp.a(alt_sys_init.o)
                                 0x4c (size before relaxing)
 .rodata.str1.4
                0x00000000        0x4 ../GIGLE10_bsp\libucosii_bsp.a(os_cpu_c.o)
 *(.rodata1)
                0x000b3990                . = ALIGN (0x4)
                0x000b3990                PROVIDE (__ram_rodata_end, ABSOLUTE (.))
                0x000ab988                PROVIDE (__flash_rodata_start, LOADADDR (.rodata))

.rwdata         0x000b3990     0x2314
                0x000b3990                PROVIDE (__ram_rwdata_start, ABSOLUTE (.))
                0x000b3990                . = ALIGN (0x4)
 *(.got.plt)
 *(.got)
 *(.data1)
 *(.data .data.* .gnu.linkonce.d.*)
 .data          0x000b3990        0x0 ../GIGLE10_bsp/obj/HAL/src/crt0.o
 .data          0x000b3990        0x0 obj/Debug/alt_2_wire.o
 .data          0x000b3990        0x0 obj/Debug/c37dot94.o
 .data          0x000b3990        0x0 obj/Debug/c37dot94_task.o
 .data          0x000b3990        0x0 obj/Debug/c37dot94bert.o
 .data          0x000b3990        0x0 obj/Debug/cfg10_hw.o
 .data          0x000b3990        0x0 obj/Debug/cfg_c37.o
 .data          0x000b3990        0x0 obj/Debug/cfg_frame.o
 .data          0x000b3990        0x0 obj/Debug/cfg_hw.o
 .data          0x000b3990        0x0 obj/Debug/config.o
 .data          0x000b3990        0x0 obj/Debug/config10g.o
 .data          0x000b3990        0x0 obj/Debug/config_multistream.o
 .data          0x000b3990        0x0 obj/Debug/flash.o
 .data          0x000b3990        0x0 obj/Debug/functions.o
 .data          0x000b3990        0x0 obj/Debug/gui_link.o
 .data          0x000b3990        0x0 obj/Debug/helpers.o
 .data          0x000b3990        0x0 obj/Debug/init.o
 .data          0x000b3990        0x0 obj/Debug/intr.o
 .data          0x000b3990        0x0 obj/Debug/link_task.o
 .data          0x000b3990        0x0 obj/Debug/loopback.o
 .data          0x000b3990        0x0 obj/Debug/main.o
 .data          0x000b3990        0x0 obj/Debug/onesec_alrm.o
 .data          0x000b3990      0x280 obj/Debug/packet10g.o
                0x000b3990                TRAFFIC_GEN_HDR
                0x000b3a10                TRAFFIC_MON_MASK
                0x000b3b10                TRAFFIC_MON_HDR
 .data          0x000b3c10        0x0 obj/Debug/results.o
 .data          0x000b3c10        0x0 obj/Debug/sfp.o
 .data          0x000b3c10        0x0 obj/Debug/status.o
 .data          0x000b3c10        0x0 obj/Debug/update_headers.o
 .data          0x000b3c10        0x0 c:/altera/11.1/nios2eds/bin/gnu/h-i686-mingw32/bin/../lib/gcc/nios2-elf/4.1.2/../../../../nios2-elf/lib/mhw-mulx\libm.a(lib_a-s_round.o)
 .data          0x000b3c10        0x0 c:/altera/11.1/nios2eds/bin/gnu/h-i686-mingw32/bin/../lib/gcc/nios2-elf/4.1.2/mhw-mulx\libgcc.a(_fixunssfsi.o)
 .data          0x000b3c10        0x0 c:/altera/11.1/nios2eds/bin/gnu/h-i686-mingw32/bin/../lib/gcc/nios2-elf/4.1.2/mhw-mulx\libgcc.a(_fixunsdfsi.o)
 .data          0x000b3c10        0x0 c:/altera/11.1/nios2eds/bin/gnu/h-i686-mingw32/bin/../lib/gcc/nios2-elf/4.1.2/mhw-mulx\libgcc.a(_fixunsdfdi.o)
 .data          0x000b3c10        0x0 c:/altera/11.1/nios2eds/bin/gnu/h-i686-mingw32/bin/../lib/gcc/nios2-elf/4.1.2/mhw-mulx\libgcc.a(_floatdidf.o)
 .data          0x000b3c10        0x0 c:/altera/11.1/nios2eds/bin/gnu/h-i686-mingw32/bin/../lib/gcc/nios2-elf/4.1.2/mhw-mulx\libgcc.a(_floatundidf.o)
 .data          0x000b3c10        0x0 c:/altera/11.1/nios2eds/bin/gnu/h-i686-mingw32/bin/../lib/gcc/nios2-elf/4.1.2/mhw-mulx\libgcc.a(_divdi3.o)
 .data          0x000b3c10        0x0 c:/altera/11.1/nios2eds/bin/gnu/h-i686-mingw32/bin/../lib/gcc/nios2-elf/4.1.2/mhw-mulx\libgcc.a(_addsub_sf.o)
 .data          0x000b3c10        0x0 c:/altera/11.1/nios2eds/bin/gnu/h-i686-mingw32/bin/../lib/gcc/nios2-elf/4.1.2/mhw-mulx\libgcc.a(_mul_sf.o)
 .data          0x000b3c10        0x0 c:/altera/11.1/nios2eds/bin/gnu/h-i686-mingw32/bin/../lib/gcc/nios2-elf/4.1.2/mhw-mulx\libgcc.a(_eq_sf.o)
 .data          0x000b3c10        0x0 c:/altera/11.1/nios2eds/bin/gnu/h-i686-mingw32/bin/../lib/gcc/nios2-elf/4.1.2/mhw-mulx\libgcc.a(_ge_sf.o)
 .data          0x000b3c10        0x0 c:/altera/11.1/nios2eds/bin/gnu/h-i686-mingw32/bin/../lib/gcc/nios2-elf/4.1.2/mhw-mulx\libgcc.a(_sf_to_si.o)
 .data          0x000b3c10        0x0 c:/altera/11.1/nios2eds/bin/gnu/h-i686-mingw32/bin/../lib/gcc/nios2-elf/4.1.2/mhw-mulx\libgcc.a(_sf_to_df.o)
 .data          0x000b3c10        0x0 c:/altera/11.1/nios2eds/bin/gnu/h-i686-mingw32/bin/../lib/gcc/nios2-elf/4.1.2/mhw-mulx\libgcc.a(_thenan_sf.o)
 .data          0x000b3c10        0x0 c:/altera/11.1/nios2eds/bin/gnu/h-i686-mingw32/bin/../lib/gcc/nios2-elf/4.1.2/mhw-mulx\libgcc.a(_usi_to_sf.o)
 .data          0x000b3c10        0x0 c:/altera/11.1/nios2eds/bin/gnu/h-i686-mingw32/bin/../lib/gcc/nios2-elf/4.1.2/mhw-mulx\libgcc.a(_addsub_df.o)
 .data          0x000b3c10        0x0 c:/altera/11.1/nios2eds/bin/gnu/h-i686-mingw32/bin/../lib/gcc/nios2-elf/4.1.2/mhw-mulx\libgcc.a(_mul_df.o)
 .data          0x000b3c10        0x0 c:/altera/11.1/nios2eds/bin/gnu/h-i686-mingw32/bin/../lib/gcc/nios2-elf/4.1.2/mhw-mulx\libgcc.a(_div_df.o)
 .data          0x000b3c10        0x0 c:/altera/11.1/nios2eds/bin/gnu/h-i686-mingw32/bin/../lib/gcc/nios2-elf/4.1.2/mhw-mulx\libgcc.a(_gt_df.o)
 .data          0x000b3c10        0x0 c:/altera/11.1/nios2eds/bin/gnu/h-i686-mingw32/bin/../lib/gcc/nios2-elf/4.1.2/mhw-mulx\libgcc.a(_ge_df.o)
 .data          0x000b3c10        0x0 c:/altera/11.1/nios2eds/bin/gnu/h-i686-mingw32/bin/../lib/gcc/nios2-elf/4.1.2/mhw-mulx\libgcc.a(_si_to_df.o)
 .data          0x000b3c10        0x0 c:/altera/11.1/nios2eds/bin/gnu/h-i686-mingw32/bin/../lib/gcc/nios2-elf/4.1.2/mhw-mulx\libgcc.a(_df_to_si.o)
 .data          0x000b3c10        0x0 c:/altera/11.1/nios2eds/bin/gnu/h-i686-mingw32/bin/../lib/gcc/nios2-elf/4.1.2/mhw-mulx\libgcc.a(_make_df.o)
 .data          0x000b3c10        0x0 c:/altera/11.1/nios2eds/bin/gnu/h-i686-mingw32/bin/../lib/gcc/nios2-elf/4.1.2/mhw-mulx\libgcc.a(_df_to_sf.o)
 .data          0x000b3c10        0x0 c:/altera/11.1/nios2eds/bin/gnu/h-i686-mingw32/bin/../lib/gcc/nios2-elf/4.1.2/mhw-mulx\libgcc.a(_thenan_df.o)
 .data          0x000b3c10        0x0 c:/altera/11.1/nios2eds/bin/gnu/h-i686-mingw32/bin/../lib/gcc/nios2-elf/4.1.2/mhw-mulx\libgcc.a(_usi_to_df.o)
 .data          0x000b3c10        0x0 c:/altera/11.1/nios2eds/bin/gnu/h-i686-mingw32/bin/../lib/gcc/nios2-elf/4.1.2/mhw-mulx\libgcc.a(lib2-divmod.o)
 .data          0x000b3c10        0x0 c:/altera/11.1/nios2eds/bin/gnu/h-i686-mingw32/bin/../lib/gcc/nios2-elf/4.1.2/mhw-mulx\libgcc.a(_clz.o)
 .data          0x000b3c10        0x0 c:/altera/11.1/nios2eds/bin/gnu/h-i686-mingw32/bin/../lib/gcc/nios2-elf/4.1.2/mhw-mulx\libgcc.a(_clzsi2.o)
 .data          0x000b3c10        0x0 c:/altera/11.1/nios2eds/bin/gnu/h-i686-mingw32/bin/../lib/gcc/nios2-elf/4.1.2/mhw-mulx\libgcc.a(_pack_sf.o)
 .data          0x000b3c10        0x0 c:/altera/11.1/nios2eds/bin/gnu/h-i686-mingw32/bin/../lib/gcc/nios2-elf/4.1.2/mhw-mulx\libgcc.a(_unpack_sf.o)
 .data          0x000b3c10        0x0 c:/altera/11.1/nios2eds/bin/gnu/h-i686-mingw32/bin/../lib/gcc/nios2-elf/4.1.2/mhw-mulx\libgcc.a(_fpcmp_parts_sf.o)
 .data          0x000b3c10        0x0 c:/altera/11.1/nios2eds/bin/gnu/h-i686-mingw32/bin/../lib/gcc/nios2-elf/4.1.2/mhw-mulx\libgcc.a(_make_sf.o)
 .data          0x000b3c10        0x0 c:/altera/11.1/nios2eds/bin/gnu/h-i686-mingw32/bin/../lib/gcc/nios2-elf/4.1.2/mhw-mulx\libgcc.a(_pack_df.o)
 .data          0x000b3c10        0x0 c:/altera/11.1/nios2eds/bin/gnu/h-i686-mingw32/bin/../lib/gcc/nios2-elf/4.1.2/mhw-mulx\libgcc.a(_unpack_df.o)
 .data          0x000b3c10        0x0 c:/altera/11.1/nios2eds/bin/gnu/h-i686-mingw32/bin/../lib/gcc/nios2-elf/4.1.2/mhw-mulx\libgcc.a(_fpcmp_parts_df.o)
 .data          0x000b3c10        0x0 c:/altera/11.1/nios2eds/bin/gnu/h-i686-mingw32/bin/../lib/gcc/nios2-elf/4.1.2/../../../../nios2-elf/lib/mhw-mulx\libc.a(lib_a-printf.o)
 .data          0x000b3c10        0x0 c:/altera/11.1/nios2eds/bin/gnu/h-i686-mingw32/bin/../lib/gcc/nios2-elf/4.1.2/../../../../nios2-elf/lib/mhw-mulx\libc.a(lib_a-putchar.o)
 .data          0x000b3c10        0x0 c:/altera/11.1/nios2eds/bin/gnu/h-i686-mingw32/bin/../lib/gcc/nios2-elf/4.1.2/../../../../nios2-elf/lib/mhw-mulx\libc.a(lib_a-puts.o)
 .data          0x000b3c10        0x0 c:/altera/11.1/nios2eds/bin/gnu/h-i686-mingw32/bin/../lib/gcc/nios2-elf/4.1.2/../../../../nios2-elf/lib/mhw-mulx\libc.a(lib_a-strlen.o)
 .data          0x000b3c10        0x0 c:/altera/11.1/nios2eds/bin/gnu/h-i686-mingw32/bin/../lib/gcc/nios2-elf/4.1.2/../../../../nios2-elf/lib/mhw-mulx\libc.a(lib_a-strncmp.o)
 .data          0x000b3c10        0x0 c:/altera/11.1/nios2eds/bin/gnu/h-i686-mingw32/bin/../lib/gcc/nios2-elf/4.1.2/../../../../nios2-elf/lib/mhw-mulx\libc.a(lib_a-vfprintf.o)
 .data          0x000b3c10        0x0 c:/altera/11.1/nios2eds/bin/gnu/h-i686-mingw32/bin/../lib/gcc/nios2-elf/4.1.2/../../../../nios2-elf/lib/mhw-mulx\libc.a(lib_a-wsetup.o)
 .data          0x000b3c10        0x0 c:/altera/11.1/nios2eds/bin/gnu/h-i686-mingw32/bin/../lib/gcc/nios2-elf/4.1.2/../../../../nios2-elf/lib/mhw-mulx\libc.a(lib_a-dtoa.o)
 .data          0x000b3c10        0x0 c:/altera/11.1/nios2eds/bin/gnu/h-i686-mingw32/bin/../lib/gcc/nios2-elf/4.1.2/../../../../nios2-elf/lib/mhw-mulx\libc.a(lib_a-fflush.o)
 .data          0x000b3c10        0x0 c:/altera/11.1/nios2eds/bin/gnu/h-i686-mingw32/bin/../lib/gcc/nios2-elf/4.1.2/../../../../nios2-elf/lib/mhw-mulx\libc.a(lib_a-findfp.o)
 .data          0x000b3c10        0x0 c:/altera/11.1/nios2eds/bin/gnu/h-i686-mingw32/bin/../lib/gcc/nios2-elf/4.1.2/../../../../nios2-elf/lib/mhw-mulx\libc.a(lib_a-freer.o)
 .data          0x000b3c10        0x0 c:/altera/11.1/nios2eds/bin/gnu/h-i686-mingw32/bin/../lib/gcc/nios2-elf/4.1.2/../../../../nios2-elf/lib/mhw-mulx\libc.a(lib_a-fvwrite.o)
 .data          0x000b3c10        0x0 c:/altera/11.1/nios2eds/bin/gnu/h-i686-mingw32/bin/../lib/gcc/nios2-elf/4.1.2/../../../../nios2-elf/lib/mhw-mulx\libc.a(lib_a-fwalk.o)
 .data          0x000b3c10      0x400 c:/altera/11.1/nios2eds/bin/gnu/h-i686-mingw32/bin/../lib/gcc/nios2-elf/4.1.2/../../../../nios2-elf/lib/mhw-mulx\libc.a(lib_a-impure.o)
 .data          0x000b4010        0xc c:/altera/11.1/nios2eds/bin/gnu/h-i686-mingw32/bin/../lib/gcc/nios2-elf/4.1.2/../../../../nios2-elf/lib/mhw-mulx\libc.a(lib_a-locale.o)
                0x000b4010                __lc_ctype
 .data          0x000b401c        0x0 c:/altera/11.1/nios2eds/bin/gnu/h-i686-mingw32/bin/../lib/gcc/nios2-elf/4.1.2/../../../../nios2-elf/lib/mhw-mulx\libc.a(lib_a-makebuf.o)
 .data          0x000b401c      0x408 c:/altera/11.1/nios2eds/bin/gnu/h-i686-mingw32/bin/../lib/gcc/nios2-elf/4.1.2/../../../../nios2-elf/lib/mhw-mulx\libc.a(lib_a-mallocr.o)
                0x000b401c                __malloc_av_
 .data          0x000b4424        0x0 c:/altera/11.1/nios2eds/bin/gnu/h-i686-mingw32/bin/../lib/gcc/nios2-elf/4.1.2/../../../../nios2-elf/lib/mhw-mulx\libc.a(lib_a-memchr.o)
 .data          0x000b4424        0x0 c:/altera/11.1/nios2eds/bin/gnu/h-i686-mingw32/bin/../lib/gcc/nios2-elf/4.1.2/../../../../nios2-elf/lib/mhw-mulx\libc.a(lib_a-memcpy.o)
 .data          0x000b4424        0x0 c:/altera/11.1/nios2eds/bin/gnu/h-i686-mingw32/bin/../lib/gcc/nios2-elf/4.1.2/../../../../nios2-elf/lib/mhw-mulx\libc.a(lib_a-memmove.o)
 .data          0x000b4424        0x0 c:/altera/11.1/nios2eds/bin/gnu/h-i686-mingw32/bin/../lib/gcc/nios2-elf/4.1.2/../../../../nios2-elf/lib/mhw-mulx\libc.a(lib_a-memset.o)
 .data          0x000b4424        0x0 c:/altera/11.1/nios2eds/bin/gnu/h-i686-mingw32/bin/../lib/gcc/nios2-elf/4.1.2/../../../../nios2-elf/lib/mhw-mulx\libc.a(lib_a-mprec.o)
 .data          0x000b4424        0x0 c:/altera/11.1/nios2eds/bin/gnu/h-i686-mingw32/bin/../lib/gcc/nios2-elf/4.1.2/../../../../nios2-elf/lib/mhw-mulx\libc.a(lib_a-putc.o)
 .data          0x000b4424        0x0 c:/altera/11.1/nios2eds/bin/gnu/h-i686-mingw32/bin/../lib/gcc/nios2-elf/4.1.2/../../../../nios2-elf/lib/mhw-mulx\libc.a(lib_a-reallocr.o)
 .data          0x000b4424        0x0 c:/altera/11.1/nios2eds/bin/gnu/h-i686-mingw32/bin/../lib/gcc/nios2-elf/4.1.2/../../../../nios2-elf/lib/mhw-mulx\libc.a(lib_a-s_isinfd.o)
 .data          0x000b4424        0x0 c:/altera/11.1/nios2eds/bin/gnu/h-i686-mingw32/bin/../lib/gcc/nios2-elf/4.1.2/../../../../nios2-elf/lib/mhw-mulx\libc.a(lib_a-s_isnand.o)
 .data          0x000b4424        0x0 c:/altera/11.1/nios2eds/bin/gnu/h-i686-mingw32/bin/../lib/gcc/nios2-elf/4.1.2/../../../../nios2-elf/lib/mhw-mulx\libc.a(lib_a-sbrkr.o)
 .data          0x000b4424        0x0 c:/altera/11.1/nios2eds/bin/gnu/h-i686-mingw32/bin/../lib/gcc/nios2-elf/4.1.2/../../../../nios2-elf/lib/mhw-mulx\libc.a(lib_a-stdio.o)
 .data          0x000b4424        0x0 c:/altera/11.1/nios2eds/bin/gnu/h-i686-mingw32/bin/../lib/gcc/nios2-elf/4.1.2/../../../../nios2-elf/lib/mhw-mulx\libc.a(lib_a-strcmp.o)
 .data          0x000b4424        0x0 c:/altera/11.1/nios2eds/bin/gnu/h-i686-mingw32/bin/../lib/gcc/nios2-elf/4.1.2/../../../../nios2-elf/lib/mhw-mulx\libc.a(lib_a-wbuf.o)
 .data          0x000b4424        0x0 c:/altera/11.1/nios2eds/bin/gnu/h-i686-mingw32/bin/../lib/gcc/nios2-elf/4.1.2/../../../../nios2-elf/lib/mhw-mulx\libc.a(lib_a-writer.o)
 .data          0x000b4424        0x0 c:/altera/11.1/nios2eds/bin/gnu/h-i686-mingw32/bin/../lib/gcc/nios2-elf/4.1.2/../../../../nios2-elf/lib/mhw-mulx\libc.a(lib_a-callocr.o)
 .data          0x000b4424        0x0 c:/altera/11.1/nios2eds/bin/gnu/h-i686-mingw32/bin/../lib/gcc/nios2-elf/4.1.2/../../../../nios2-elf/lib/mhw-mulx\libc.a(lib_a-closer.o)
 .data          0x000b4424        0x0 c:/altera/11.1/nios2eds/bin/gnu/h-i686-mingw32/bin/../lib/gcc/nios2-elf/4.1.2/../../../../nios2-elf/lib/mhw-mulx\libc.a(lib_a-fclose.o)
 .data          0x000b4424        0x0 c:/altera/11.1/nios2eds/bin/gnu/h-i686-mingw32/bin/../lib/gcc/nios2-elf/4.1.2/../../../../nios2-elf/lib/mhw-mulx\libc.a(lib_a-fstatr.o)
 .data          0x000b4424        0x0 c:/altera/11.1/nios2eds/bin/gnu/h-i686-mingw32/bin/../lib/gcc/nios2-elf/4.1.2/../../../../nios2-elf/lib/mhw-mulx\libc.a(lib_a-int_errno.o)
 .data          0x000b4424        0x0 c:/altera/11.1/nios2eds/bin/gnu/h-i686-mingw32/bin/../lib/gcc/nios2-elf/4.1.2/../../../../nios2-elf/lib/mhw-mulx\libc.a(lib_a-isattyr.o)
 .data          0x000b4424        0x0 c:/altera/11.1/nios2eds/bin/gnu/h-i686-mingw32/bin/../lib/gcc/nios2-elf/4.1.2/../../../../nios2-elf/lib/mhw-mulx\libc.a(lib_a-lseekr.o)
 .data          0x000b4424        0x0 c:/altera/11.1/nios2eds/bin/gnu/h-i686-mingw32/bin/../lib/gcc/nios2-elf/4.1.2/../../../../nios2-elf/lib/mhw-mulx\libc.a(lib_a-readr.o)
 .data          0x000b4424        0x0 c:/altera/11.1/nios2eds/bin/gnu/h-i686-mingw32/bin/../lib/gcc/nios2-elf/4.1.2/mhw-mulx\libgcc.a(_udivdi3.o)
 .data          0x000b4424        0x0 c:/altera/11.1/nios2eds/bin/gnu/h-i686-mingw32/bin/../lib/gcc/nios2-elf/4.1.2/mhw-mulx\libgcc.a(_umoddi3.o)
 .data          0x000b4424        0x0 c:/altera/11.1/nios2eds/bin/gnu/h-i686-mingw32/bin/../lib/gcc/nios2-elf/4.1.2/mhw-mulx\libgcc.a(_eq_df.o)
 .data          0x000b4424        0x0 c:/altera/11.1/nios2eds/bin/gnu/h-i686-mingw32/bin/../lib/gcc/nios2-elf/4.1.2/mhw-mulx\libgcc.a(_ne_df.o)
 .data          0x000b4424        0x0 c:/altera/11.1/nios2eds/bin/gnu/h-i686-mingw32/bin/../lib/gcc/nios2-elf/4.1.2/mhw-mulx\libgcc.a(_lt_df.o)
 .data          0x000b4424        0x0 ../GIGLE10_bsp\libucosii_bsp.a(alt_alarm_start.o)
 .data          0x000b4424        0x0 ../GIGLE10_bsp\libucosii_bsp.a(alt_close.o)
 .data          0x000b4424        0x0 ../GIGLE10_bsp\libucosii_bsp.a(alt_dcache_flush.o)
 .data          0x000b4424      0x1a8 ../GIGLE10_bsp\libucosii_bsp.a(alt_dev.o)
                0x000b4424                alt_dev_null
                0x000b444c                alt_fd_list
 .data          0x000b45cc        0x0 ../GIGLE10_bsp\libucosii_bsp.a(alt_errno.o)
 .data          0x000b45cc        0x0 ../GIGLE10_bsp\libucosii_bsp.a(alt_flash_dev.o)
 .data          0x000b45cc        0x0 ../GIGLE10_bsp\libucosii_bsp.a(alt_fstat.o)
 .data          0x000b45cc        0x0 ../GIGLE10_bsp\libucosii_bsp.a(alt_iic.o)
 .data          0x000b45cc        0x0 ../GIGLE10_bsp\libucosii_bsp.a(alt_iic_isr_register.o)
 .data          0x000b45cc        0x0 ../GIGLE10_bsp\libucosii_bsp.a(alt_irq_entry.o)
 .data          0x000b45cc        0x0 ../GIGLE10_bsp\libucosii_bsp.a(alt_irq_handler.o)
 .data          0x000b45cc        0x0 ../GIGLE10_bsp\libucosii_bsp.a(alt_irq_vars.o)
 .data          0x000b45cc        0x0 ../GIGLE10_bsp\libucosii_bsp.a(alt_isatty.o)
 .data          0x000b45cc        0x0 ../GIGLE10_bsp\libucosii_bsp.a(alt_lseek.o)
 .data          0x000b45cc        0x0 ../GIGLE10_bsp\libucosii_bsp.a(alt_main.o)
 .data          0x000b45cc        0x0 ../GIGLE10_bsp\libucosii_bsp.a(alt_read.o)
 .data          0x000b45cc        0x0 ../GIGLE10_bsp\libucosii_bsp.a(alt_release_fd.o)
 .data          0x000b45cc        0x0 ../GIGLE10_bsp\libucosii_bsp.a(alt_sbrk.o)
 .data          0x000b45cc        0x0 ../GIGLE10_bsp\libucosii_bsp.a(alt_tick.o)
 .data          0x000b45cc        0x0 ../GIGLE10_bsp\libucosii_bsp.a(alt_usleep.o)
 .data          0x000b45cc        0x0 ../GIGLE10_bsp\libucosii_bsp.a(alt_write.o)
 .data          0x000b45cc        0x0 ../GIGLE10_bsp\libucosii_bsp.a(alt_env_lock.o)
 .data          0x000b45cc        0x0 ../GIGLE10_bsp\libucosii_bsp.a(alt_malloc_lock.o)
 .data          0x000b45cc        0x0 ../GIGLE10_bsp\libucosii_bsp.a(os_core.o)
 .data          0x000b45cc        0x0 ../GIGLE10_bsp\libucosii_bsp.a(os_dbg.o)
 .data          0x000b45cc        0x0 ../GIGLE10_bsp\libucosii_bsp.a(os_flag.o)
 .data          0x000b45cc        0x0 ../GIGLE10_bsp\libucosii_bsp.a(os_mem.o)
 .data          0x000b45cc        0x0 ../GIGLE10_bsp\libucosii_bsp.a(os_q.o)
 .data          0x000b45cc        0x0 ../GIGLE10_bsp\libucosii_bsp.a(os_sem.o)
 .data          0x000b45cc        0x0 ../GIGLE10_bsp\libucosii_bsp.a(os_task.o)
 .data          0x000b45cc        0x0 ../GIGLE10_bsp\libucosii_bsp.a(os_time.o)
 .data          0x000b45cc     0x12d0 ../GIGLE10_bsp\libucosii_bsp.a(alt_sys_init.o)
 .data          0x000b589c        0x0 ../GIGLE10_bsp\libucosii_bsp.a(altera_avalon_epcs_flash_controller.o)
 .data          0x000b589c        0x0 ../GIGLE10_bsp\libucosii_bsp.a(altera_avalon_jtag_uart_fd.o)
 .data          0x000b589c        0x0 ../GIGLE10_bsp\libucosii_bsp.a(altera_avalon_jtag_uart_init.o)
 .data          0x000b589c        0x0 ../GIGLE10_bsp\libucosii_bsp.a(altera_avalon_jtag_uart_ioctl.o)
 .data          0x000b589c        0x0 ../GIGLE10_bsp\libucosii_bsp.a(altera_avalon_jtag_uart_read.o)
 .data          0x000b589c        0x0 ../GIGLE10_bsp\libucosii_bsp.a(altera_avalon_jtag_uart_write.o)
 .data          0x000b589c        0x0 ../GIGLE10_bsp\libucosii_bsp.a(altera_avalon_timer_sc.o)
 .data          0x000b589c        0x0 ../GIGLE10_bsp\libucosii_bsp.a(altera_avalon_uart_fd.o)
 .data          0x000b589c        0x0 ../GIGLE10_bsp\libucosii_bsp.a(altera_avalon_uart_init.o)
 .data          0x000b589c        0x0 ../GIGLE10_bsp\libucosii_bsp.a(altera_avalon_uart_read.o)
 .data          0x000b589c        0x0 ../GIGLE10_bsp\libucosii_bsp.a(altera_avalon_uart_write.o)
 .data          0x000b589c        0x0 ../GIGLE10_bsp\libucosii_bsp.a(epcs_commands.o)
 .data          0x000b589c        0x0 ../GIGLE10_bsp\libucosii_bsp.a(alt_busy_sleep.o)
 .data          0x000b589c        0x0 ../GIGLE10_bsp\libucosii_bsp.a(alt_dev_llist_insert.o)
 .data          0x000b589c        0x0 ../GIGLE10_bsp\libucosii_bsp.a(alt_exception_entry.o)
 .data          0x000b589c        0x0 ../GIGLE10_bsp\libucosii_bsp.a(alt_find_dev.o)
 .data          0x000b589c        0x0 ../GIGLE10_bsp\libucosii_bsp.a(alt_io_redirect.o)
 .data          0x000b589c        0x0 ../GIGLE10_bsp\libucosii_bsp.a(alt_open.o)
 .data          0x000b589c        0x0 ../GIGLE10_bsp\libucosii_bsp.a(altera_nios2_qsys_irq.o)
 .data          0x000b589c        0x0 ../GIGLE10_bsp\libucosii_bsp.a(os_cpu_a.o)
 .data          0x000b589c        0x0 ../GIGLE10_bsp\libucosii_bsp.a(os_cpu_c.o)
 .data          0x000b589c        0x0 ../GIGLE10_bsp\libucosii_bsp.a(altera_avalon_spi.o)
 .data          0x000b589c        0x0 ../GIGLE10_bsp\libucosii_bsp.a(alt_find_file.o)
 .data          0x000b589c        0x0 ../GIGLE10_bsp\libucosii_bsp.a(alt_get_fd.o)
 .data          0x000b589c        0x0 c:/altera/11.1/nios2eds/bin/gnu/h-i686-mingw32/bin/../lib/gcc/nios2-elf/4.1.2/../../../../nios2-elf/lib/mhw-mulx\libc.a(lib_a-exit.o)
 .data          0x000b589c        0x0 c:/altera/11.1/nios2eds/bin/gnu/h-i686-mingw32/bin/../lib/gcc/nios2-elf/4.1.2/../../../../nios2-elf/lib/mhw-mulx\libc.a(lib_a-memcmp.o)
 .data          0x000b589c        0x0 c:/altera/11.1/nios2eds/bin/gnu/h-i686-mingw32/bin/../lib/gcc/nios2-elf/4.1.2/../../../../nios2-elf/lib/mhw-mulx\libc.a(lib_a-__call_atexit.o)
 .data          0x000b589c        0x0 ../GIGLE10_bsp\libucosii_bsp.a(alt_exit.o)
                0x000bd89c                _gp = ABSOLUTE ((. + 0x8000))
                0x000bd89c                PROVIDE (gp, _gp)
 *(.rwdata .rwdata.*)
 *(.sdata .sdata.* .gnu.linkonce.s.*)
 .sdata         0x000b589c        0x4 obj/Debug/alt_2_wire.o
                0x000b589c                alt_2_wireDelay
 .sdata         0x000b58a0        0x8 obj/Debug/c37dot94.o
                0x000b58a0                LOS_WATCHDOG_LIMIT
                0x000b58a4                RCV_CLOCK_WATCHDOG_LIMIT
 .sdata         0x000b58a8      0x338 obj/Debug/main.o
                0x000b58a8                GIGE_A
                0x000b58a9                EMON_TIMEOUT
                0x000b58aa                Rx_PACKET_ID
                0x000b58ac                PIO3_Content
                0x000b58b0                gen_number_seconds
                0x000b58b4                number_packet_lsb
                0x000b58bc                MACA_COMMAND_CONFIG
                0x000b58c0                MACB_COMMAND_CONFIG
                0x000b58c4                OPTIONS_INSTALLED
                0x000b58c5                OPTIONS_ENABLED
                0x000b58c6                PHYA_ETH_SPEED
                0x000b58c7                PHYB_ETH_SPEED
                0x000b58c8                PHYA_COPPER_ENABLE_AN
                0x000b58c9                PHYA_FIBER_ENABLE_AN
                0x000b58ca                PHYA_COPPER_FULLDUPLEX
                0x000b58cb                PHYA_FIBER_FULLDUPLEX
                0x000b58cc                PHYB_COPPER_ENABLE_AN
                0x000b58cd                PHYB_FIBER_ENABLE_AN
                0x000b58ce                PHYB_COPPER_FULLDUPLEX
                0x000b58cf                PHYB_FIBER_FULLDUPLEX
                0x000b58d0                PHYA_CONFIG
                0x000b58d2                PHYB_CONFIG
                0x000b58d4                MAC_FRM_LENGTH
                0x000b58d6                traffic_gen_pkt_length
                0x000b58d8                egen_line_load_rate
                0x000b58dc                traffic_gen_config
                0x000b58e0                traffic_gen_config2
                0x000b58e4                traffic_gen_config3
                0x000b58e8                traffic_gen_config4
                0x000b58ec                SET_SWAP_B_TOGGLE
                0x000b58ee                requestTimer
                0x000b58f0                loopbackStatPtr
                0x000b58f1                stream_offset
                0x000b58f2                size_offset
                0x000b58f4                num_of_streams
                0x000b58f6                TRAFFIC_GEN_PKT_EMIXUSERSIZE5_ptr
                0x000b58f8                TRAFFIC_GEN_PKT_EMIXUSERSIZE4_ptr
                0x000b58fa                TRAFFIC_MON_STREAM_CNTL3_ptr
                0x000b58fc                TRAFFIC_MON_STREAM_CNTL2_ptr
                0x000b58fe                TRAFFIC_MON_STREAM_CNTL1_ptr
                0x000b5900                TRAFFIC_MON_STREAM_CNTL0_ptr
                0x000b5902                TRAFFIC_RATE_TYPE
                0x000b5904                TRAFFIC_RATE3_ptr
                0x000b5906                TRAFFIC_RATE2_ptr
                0x000b5908                TRAFFIC_RATE1_ptr
                0x000b590a                TRAFFIC_RATE0_ptr
                0x000b590c                TRAFFIC_GEN_PKTPERCENT11_ptr
                0x000b590e                TRAFFIC_GEN_PKTPERCENT10_ptr
                0x000b5910                TRAFFIC_GEN_PKTPERCENT03_ptr
                0x000b5912                TRAFFIC_GEN_PKTPERCENT02_ptr
                0x000b5914                TRAFFIC_GEN_PKTPERCENT01_ptr
                0x000b5916                TRAFFIC_GEN_PKTPERCENT00_ptr
                0x000b5918                EGEN_PKT_TYPE_ptr
                0x000b591a                EGEN_PKT_TYPE_ptr_1
                0x000b591c                EGEN_PKT_TYPE_ptr_2
                0x000b591e                TRAFFIC_GEN_CONFIG33_ptr
                0x000b5920                TRAFFIC_GEN_CONFIG32_ptr
                0x000b5922                TRAFFIC_GEN_CONFIG31_ptr
                0x000b5924                TRAFFIC_GEN_CONFIG30_ptr
                0x000b5926                TRAFFIC_GEN_CONFIG23_ptr
                0x000b5928                TRAFFIC_GEN_CONFIG22_ptr
                0x000b592a                TRAFFIC_GEN_CONFIG21_ptr
                0x000b592c                TRAFFIC_GEN_CONFIG20_ptr
                0x000b592e                TRAFFIC_GEN_CONFIG13_ptr
                0x000b5930                TRAFFIC_GEN_CONFIG12_ptr
                0x000b5932                TRAFFIC_GEN_CONFIG11_ptr
                0x000b5934                TRAFFIC_GEN_CONFIG10_ptr
                0x000b5936                TRAFFIC_GEN_CONFIG03_ptr
                0x000b5938                TRAFFIC_GEN_CONFIG02_ptr
                0x000b593a                TRAFFIC_GEN_CONFIG01_ptr
                0x000b593c                TRAFFIC_GEN_CONFIG00_ptr
                0x000b5940                DEF_EMIX_RANDOM
                0x000b5948                DEF_GEN_EMIXSEQ0
                0x000b5950                DEF_GEN_EMIXSEQ1
                0x000b5958                DEF_GEN_EMIXSEQ2
                0x000b5960                DEF_GEN_EMIXSEQ3
                0x000b5968                DEF_GEN_EMIXUSER
                0x000b5970                DEF_GEN_EMIXUSER1
                0x000b5978                TRAFFIC_GEN_PKT_EMIXUSERSIZE3_ptr
                0x000b597a                TRAFFIC_GEN_PKT_EMIXUSERSIZE2_ptr
                0x000b597c                TRAFFIC_GEN_PKT_EMIXUSERSIZE1_ptr
                0x000b597e                TRAFFIC_GEN_PKT_EMIXUSERSIZE0_ptr
                0x000b5980                TRAFFIC_GEN_EMIXSEQ33_ptr
                0x000b5982                TRAFFIC_GEN_EMIXSEQ32_ptr
                0x000b5984                TRAFFIC_GEN_EMIXSEQ31_ptr
                0x000b5986                TRAFFIC_GEN_EMIXSEQ30_ptr
                0x000b5988                TRAFFIC_GEN_EMIXSEQ23_ptr
                0x000b598a                TRAFFIC_GEN_EMIXSEQ22_ptr
                0x000b598c                TRAFFIC_GEN_EMIXSEQ21_ptr
                0x000b598e                TRAFFIC_GEN_EMIXSEQ20_ptr
                0x000b5990                TRAFFIC_GEN_EMIXSEQ13_ptr
                0x000b5992                TRAFFIC_GEN_EMIXSEQ12_ptr
                0x000b5994                TRAFFIC_GEN_EMIXSEQ11_ptr
                0x000b5996                TRAFFIC_GEN_EMIXSEQ10_ptr
                0x000b5998                TRAFFIC_GEN_EMIXSEQ03_ptr
                0x000b599a                TRAFFIC_GEN_EMIXSEQ02_ptr
                0x000b599c                TRAFFIC_GEN_EMIXSEQ01_ptr
                0x000b599e                TRAFFIC_GEN_EMIXSEQ00_ptr
                0x000b59a0                Y1564_CIR_3_ptr
                0x000b59a2                Y1564_CIR_2_ptr
                0x000b59a4                Y1564_CIR_1_ptr